[0.046s] Invoking command in '/home/esraamustafa/path_planning/Path_Planning_Shell_AI/build/shell_interfaces': CMAKE_PREFIX_PATH=/opt/ros/humble /usr/bin/cmake /home/esraamustafa/path_planning/Path_Planning_Shell_AI/ros2_sim/src/shell_interfaces -DAMENT_CMAKE_SYMLINK_INSTALL=1 -DCMAKE_INSTALL_PREFIX=/home/esraamustafa/path_planning/Path_Planning_Shell_AI/install/shell_interfaces
[0.670s] -- The C compiler identification is GNU 11.4.0
[2.284s] -- The CXX compiler identification is GNU 11.4.0
[3.833s] -- Detecting C compiler ABI info
[4.325s] -- Detecting C compiler ABI info - done
[4.332s] -- Check for working C compiler: /usr/bin/cc - skipped
[4.332s] -- Detecting C compile features
[4.334s] -- Detecting C compile features - done
[4.339s] -- Detecting CXX compiler ABI info
[4.850s] -- Detecting CXX compiler ABI info - done
[4.855s] -- Check for working CXX compiler: /usr/bin/c++ - skipped
[4.856s] -- Detecting CXX compile features
[4.856s] -- Detecting CXX compile features - done
[4.879s] -- Found ament_cmake: 1.3.12 (/opt/ros/humble/share/ament_cmake/cmake)
[4.995s] -- Found Python3: /usr/bin/python3 (found version "3.10.12") found components: Interpreter 
[5.054s] -- Override CMake install command with custom implementation using symlinks instead of copying resources
[5.089s] -- Found rosidl_default_generators: 1.2.0 (/opt/ros/humble/share/rosidl_default_generators/cmake)
[5.099s] -- Using all available rosidl_typesupport_c: rosidl_typesupport_fastrtps_c;rosidl_typesupport_introspection_c
[5.114s] -- Found rosidl_adapter: 3.1.7 (/opt/ros/humble/share/rosidl_adapter/cmake)
[5.921s] -- Using all available rosidl_typesupport_cpp: rosidl_typesupport_fastrtps_cpp;rosidl_typesupport_introspection_cpp
[5.971s] -- Found std_msgs: 4.9.0 (/opt/ros/humble/share/std_msgs/cmake)
[6.015s] -- Found geometry_msgs: 4.9.0 (/opt/ros/humble/share/geometry_msgs/cmake)
[6.302s] -- Found ament_cmake_ros: 0.10.0 (/opt/ros/humble/share/ament_cmake_ros/cmake)
[6.526s] -- Using all available rosidl_typesupport_c: rosidl_typesupport_fastrtps_c;rosidl_typesupport_introspection_c
[6.772s] -- Using all available rosidl_typesupport_cpp: rosidl_typesupport_fastrtps_cpp;rosidl_typesupport_introspection_cpp
[7.375s] -- Found PythonInterp: /usr/bin/python3 (found suitable version "3.10.12", minimum required is "3.6") 
[7.379s] -- Found python_cmake_module: 0.10.0 (/opt/ros/humble/share/python_cmake_module/cmake)
[8.810s] -- Found PythonLibs: /usr/lib/x86_64-linux-gnu/libpython3.10.so (found suitable version "3.10.12", minimum required is "3.5") 
[8.811s] -- Using PYTHON_EXECUTABLE: /usr/bin/python3
[8.811s] -- Using PYTHON_INCLUDE_DIRS: /usr/include/python3.10
[8.811s] -- Using PYTHON_LIBRARIES: /usr/lib/x86_64-linux-gnu/libpython3.10.so
[8.829s] -- Found PythonExtra: .so  
[9.132s] -- Configuring done
[9.181s] -- Generating done
[9.196s] -- Build files have been written to: /home/esraamustafa/path_planning/Path_Planning_Shell_AI/build/shell_interfaces
[9.205s] Invoked command in '/home/esraamustafa/path_planning/Path_Planning_Shell_AI/build/shell_interfaces' returned '0': CMAKE_PREFIX_PATH=/opt/ros/humble /usr/bin/cmake /home/esraamustafa/path_planning/Path_Planning_Shell_AI/ros2_sim/src/shell_interfaces -DAMENT_CMAKE_SYMLINK_INSTALL=1 -DCMAKE_INSTALL_PREFIX=/home/esraamustafa/path_planning/Path_Planning_Shell_AI/install/shell_interfaces
[9.206s] Invoking command in '/home/esraamustafa/path_planning/Path_Planning_Shell_AI/build/shell_interfaces': CMAKE_PREFIX_PATH=/opt/ros/humble /usr/bin/cmake --build /home/esraamustafa/path_planning/Path_Planning_Shell_AI/build/shell_interfaces -- -j12 -l12
[9.244s] [  1%] [34m[1mGenerating C code for ROS interfaces[0m
[9.251s] [  3%] [34m[1mGenerating C++ code for ROS interfaces[0m
[9.261s] [  3%] Built target ament_cmake_python_symlink_shell_interfaces
[9.513s] running egg_info
[9.514s] creating shell_interfaces.egg-info
[9.514s] writing shell_interfaces.egg-info/PKG-INFO
[9.515s] writing dependency_links to shell_interfaces.egg-info/dependency_links.txt
[9.515s] writing top-level names to shell_interfaces.egg-info/top_level.txt
[9.515s] writing manifest file 'shell_interfaces.egg-info/SOURCES.txt'
[9.517s] reading manifest file 'shell_interfaces.egg-info/SOURCES.txt'
[9.518s] writing manifest file 'shell_interfaces.egg-info/SOURCES.txt'
[9.551s] [  3%] Built target ament_cmake_python_build_shell_interfaces_egg
[9.734s] [  3%] Built target shell_interfaces__cpp
[9.754s] [  4%] [34m[1mGenerating C++ type support for eProsima Fast-RTPS[0m
[9.754s] [  6%] [34m[1mGenerating C++ type support dispatch for ROS interfaces[0m
[9.769s] [  7%] [34m[1mGenerating C++ introspection for ROS interfaces[0m
[9.797s] [  9%] [32mBuilding C object CMakeFiles/shell_interfaces__rosidl_generator_c.dir/rosidl_generator_c/shell_interfaces/msg/detail/boundary__functions.c.o[0m
[9.797s] [ 11%] [32mBuilding C object CMakeFiles/shell_interfaces__rosidl_generator_c.dir/rosidl_generator_c/shell_interfaces/msg/detail/trajectory_point__functions.c.o[0m
[9.799s] [ 12%] [32mBuilding C object CMakeFiles/shell_interfaces__rosidl_generator_c.dir/rosidl_generator_c/shell_interfaces/msg/detail/trajectory__functions.c.o[0m
[9.802s] [ 14%] [32mBuilding C object CMakeFiles/shell_interfaces__rosidl_generator_c.dir/rosidl_generator_c/shell_interfaces/msg/detail/obstacle_array__functions.c.o[0m
[9.802s] [ 15%] [32mBuilding C object CMakeFiles/shell_interfaces__rosidl_generator_c.dir/rosidl_generator_c/shell_interfaces/msg/detail/obstacle__functions.c.o[0m
[9.975s] [ 17%] [32m[1mLinking C shared library libshell_interfaces__rosidl_generator_c.so[0m
[10.303s] [ 19%] [32mBuilding CXX object CMakeFiles/shell_interfaces__rosidl_typesupport_cpp.dir/rosidl_typesupport_cpp/shell_interfaces/msg/obstacle__type_support.cpp.o[0m
[10.307s] [ 22%] [32mBuilding CXX object CMakeFiles/shell_interfaces__rosidl_typesupport_cpp.dir/rosidl_typesupport_cpp/shell_interfaces/msg/boundary__type_support.cpp.o[0m
[10.309s] [ 22%] [32mBuilding CXX object CMakeFiles/shell_interfaces__rosidl_typesupport_cpp.dir/rosidl_typesupport_cpp/shell_interfaces/msg/trajectory__type_support.cpp.o[0m
[10.314s] [ 23%] [32mBuilding CXX object CMakeFiles/shell_interfaces__rosidl_typesupport_cpp.dir/rosidl_typesupport_cpp/shell_interfaces/msg/trajectory_point__type_support.cpp.o[0m
[10.314s] [ 25%] [32mBuilding CXX object CMakeFiles/shell_interfaces__rosidl_typesupport_cpp.dir/rosidl_typesupport_cpp/shell_interfaces/msg/obstacle_array__type_support.cpp.o[0m
[10.426s] [ 26%] [32mBuilding CXX object CMakeFiles/shell_interfaces__rosidl_typesupport_introspection_cpp.dir/rosidl_typesupport_introspection_cpp/shell_interfaces/msg/detail/trajectory__type_support.cpp.o[0m
[10.432s] [ 26%] Built target shell_interfaces__rosidl_generator_c
[10.443s] [ 28%] [32mBuilding CXX object CMakeFiles/shell_interfaces__rosidl_typesupport_introspection_cpp.dir/rosidl_typesupport_introspection_cpp/shell_interfaces/msg/detail/trajectory_point__type_support.cpp.o[0m
[10.449s] [ 30%] [32mBuilding CXX object CMakeFiles/shell_interfaces__rosidl_typesupport_introspection_cpp.dir/rosidl_typesupport_introspection_cpp/shell_interfaces/msg/detail/boundary__type_support.cpp.o[0m
[10.479s] [ 31%] [32mBuilding CXX object CMakeFiles/shell_interfaces__rosidl_typesupport_introspection_cpp.dir/rosidl_typesupport_introspection_cpp/shell_interfaces/msg/detail/obstacle__type_support.cpp.o[0m
[10.482s] [ 33%] [34m[1mGenerating C introspection for ROS interfaces[0m
[10.489s] [ 34%] [34m[1mGenerating C type support for eProsima Fast-RTPS[0m
[10.526s] [ 36%] [32mBuilding CXX object CMakeFiles/shell_interfaces__rosidl_typesupport_fastrtps_cpp.dir/rosidl_typesupport_fastrtps_cpp/shell_interfaces/msg/detail/dds_fastrtps/trajectory__type_support.cpp.o[0m
[12.148s] [ 38%] [32mBuilding CXX object CMakeFiles/shell_interfaces__rosidl_typesupport_introspection_cpp.dir/rosidl_typesupport_introspection_cpp/shell_interfaces/msg/detail/obstacle_array__type_support.cpp.o[0m
[12.148s] [ 39%] [34m[1mGenerating C type support dispatch for ROS interfaces[0m
[12.149s] [ 41%] [32mBuilding CXX object CMakeFiles/shell_interfaces__rosidl_typesupport_fastrtps_cpp.dir/rosidl_typesupport_fastrtps_cpp/shell_interfaces/msg/detail/dds_fastrtps/trajectory_point__type_support.cpp.o[0m
[12.175s] [ 42%] [32m[1mLinking CXX shared library libshell_interfaces__rosidl_typesupport_cpp.so[0m
[12.209s] [ 44%] [32mBuilding CXX object CMakeFiles/shell_interfaces__rosidl_typesupport_fastrtps_cpp.dir/rosidl_typesupport_fastrtps_cpp/shell_interfaces/msg/detail/dds_fastrtps/boundary__type_support.cpp.o[0m
[12.230s] [ 46%] [32mBuilding CXX object CMakeFiles/shell_interfaces__rosidl_typesupport_fastrtps_c.dir/rosidl_typesupport_fastrtps_c/shell_interfaces/msg/detail/trajectory__type_support_c.cpp.o[0m
[12.323s] [ 47%] [32mBuilding C object CMakeFiles/shell_interfaces__rosidl_typesupport_introspection_c.dir/rosidl_typesupport_introspection_c/shell_interfaces/msg/detail/trajectory__type_support.c.o[0m
[12.398s] [ 49%] [32mBuilding C object CMakeFiles/shell_interfaces__rosidl_typesupport_introspection_c.dir/rosidl_typesupport_introspection_c/shell_interfaces/msg/detail/trajectory_point__type_support.c.o[0m
[12.433s] [ 50%] [32mBuilding C object CMakeFiles/shell_interfaces__rosidl_typesupport_introspection_c.dir/rosidl_typesupport_introspection_c/shell_interfaces/msg/detail/boundary__type_support.c.o[0m
[12.445s] [ 52%] [32mBuilding CXX object CMakeFiles/shell_interfaces__rosidl_typesupport_fastrtps_c.dir/rosidl_typesupport_fastrtps_c/shell_interfaces/msg/detail/trajectory_point__type_support_c.cpp.o[0m
[12.476s] [ 53%] [32mBuilding C object CMakeFiles/shell_interfaces__rosidl_typesupport_introspection_c.dir/rosidl_typesupport_introspection_c/shell_interfaces/msg/detail/obstacle__type_support.c.o[0m
[12.513s] [ 55%] [32mBuilding C object CMakeFiles/shell_interfaces__rosidl_typesupport_introspection_c.dir/rosidl_typesupport_introspection_c/shell_interfaces/msg/detail/obstacle_array__type_support.c.o[0m
[12.538s] [ 57%] [32mBuilding CXX object CMakeFiles/shell_interfaces__rosidl_typesupport_fastrtps_c.dir/rosidl_typesupport_fastrtps_c/shell_interfaces/msg/detail/boundary__type_support_c.cpp.o[0m
[12.539s] [ 58%] [32mBuilding CXX object CMakeFiles/shell_interfaces__rosidl_typesupport_fastrtps_c.dir/rosidl_typesupport_fastrtps_c/shell_interfaces/msg/detail/obstacle__type_support_c.cpp.o[0m
[12.543s] [ 60%] [32mBuilding CXX object CMakeFiles/shell_interfaces__rosidl_typesupport_fastrtps_c.dir/rosidl_typesupport_fastrtps_c/shell_interfaces/msg/detail/obstacle_array__type_support_c.cpp.o[0m
[12.551s] [ 60%] Built target shell_interfaces__rosidl_typesupport_cpp
[12.568s] [ 61%] [32mBuilding CXX object CMakeFiles/shell_interfaces__rosidl_typesupport_fastrtps_cpp.dir/rosidl_typesupport_fastrtps_cpp/shell_interfaces/msg/detail/dds_fastrtps/obstacle__type_support.cpp.o[0m
[12.585s] [ 63%] [32m[1mLinking C shared library libshell_interfaces__rosidl_typesupport_introspection_c.so[0m
[12.634s] [ 65%] [32mBuilding CXX object CMakeFiles/shell_interfaces__rosidl_typesupport_fastrtps_cpp.dir/rosidl_typesupport_fastrtps_cpp/shell_interfaces/msg/detail/dds_fastrtps/obstacle_array__type_support.cpp.o[0m
[12.837s] [ 66%] [32mBuilding CXX object CMakeFiles/shell_interfaces__rosidl_typesupport_c.dir/rosidl_typesupport_c/shell_interfaces/msg/trajectory__type_support.cpp.o[0m
[12.897s] [ 68%] [32mBuilding CXX object CMakeFiles/shell_interfaces__rosidl_typesupport_c.dir/rosidl_typesupport_c/shell_interfaces/msg/trajectory_point__type_support.cpp.o[0m
[12.909s] [ 69%] [32mBuilding CXX object CMakeFiles/shell_interfaces__rosidl_typesupport_c.dir/rosidl_typesupport_c/shell_interfaces/msg/boundary__type_support.cpp.o[0m
[12.942s] [ 69%] Built target shell_interfaces__rosidl_typesupport_introspection_c
[12.951s] [ 71%] [32mBuilding CXX object CMakeFiles/shell_interfaces__rosidl_typesupport_c.dir/rosidl_typesupport_c/shell_interfaces/msg/obstacle__type_support.cpp.o[0m
[12.959s] [ 73%] [32mBuilding CXX object CMakeFiles/shell_interfaces__rosidl_typesupport_c.dir/rosidl_typesupport_c/shell_interfaces/msg/obstacle_array__type_support.cpp.o[0m
[13.003s] [ 74%] [32m[1mLinking CXX shared library libshell_interfaces__rosidl_typesupport_c.so[0m
[13.157s] [ 76%] [32m[1mLinking CXX shared library libshell_interfaces__rosidl_typesupport_introspection_cpp.so[0m
[13.298s] [ 77%] [32m[1mLinking CXX shared library libshell_interfaces__rosidl_typesupport_fastrtps_c.so[0m
[13.431s] [ 77%] Built target shell_interfaces__rosidl_typesupport_c
[13.599s] [ 79%] [32m[1mLinking CXX shared library libshell_interfaces__rosidl_typesupport_fastrtps_cpp.so[0m
[13.879s] [ 79%] Built target shell_interfaces__rosidl_typesupport_introspection_cpp
[13.934s] [ 79%] Built target shell_interfaces__rosidl_typesupport_fastrtps_c
[14.304s] [ 79%] Built target shell_interfaces__rosidl_typesupport_fastrtps_cpp
[14.335s] [ 79%] Built target shell_interfaces
[14.377s] [ 80%] [34m[1mGenerating Python code for ROS interfaces[0m
[15.182s] [ 80%] Built target shell_interfaces__py
[15.214s] [ 82%] [32mBuilding C object CMakeFiles/shell_interfaces__rosidl_generator_py.dir/rosidl_generator_py/shell_interfaces/msg/_boundary_s.c.o[0m
[15.216s] [ 84%] [32mBuilding C object CMakeFiles/shell_interfaces__rosidl_generator_py.dir/rosidl_generator_py/shell_interfaces/msg/_trajectory_point_s.c.o[0m
[15.217s] [ 85%] [32mBuilding C object CMakeFiles/shell_interfaces__rosidl_generator_py.dir/rosidl_generator_py/shell_interfaces/msg/_obstacle_s.c.o[0m
[15.217s] [ 87%] [32mBuilding C object CMakeFiles/shell_interfaces__rosidl_generator_py.dir/rosidl_generator_py/shell_interfaces/msg/_trajectory_s.c.o[0m
[15.228s] [ 88%] [32mBuilding C object CMakeFiles/shell_interfaces__rosidl_generator_py.dir/rosidl_generator_py/shell_interfaces/msg/_obstacle_array_s.c.o[0m
[15.480s] [ 90%] [32m[1mLinking C shared library rosidl_generator_py/shell_interfaces/libshell_interfaces__rosidl_generator_py.so[0m
[16.006s] [ 90%] Built target shell_interfaces__rosidl_generator_py
[16.036s] [ 92%] [32mBuilding C object CMakeFiles/shell_interfaces__rosidl_typesupport_introspection_c__pyext.dir/rosidl_generator_py/shell_interfaces/_shell_interfaces_s.ep.rosidl_typesupport_introspection_c.c.o[0m
[16.043s] [ 93%] [32mBuilding C object CMakeFiles/shell_interfaces__rosidl_typesupport_c__pyext.dir/rosidl_generator_py/shell_interfaces/_shell_interfaces_s.ep.rosidl_typesupport_c.c.o[0m
[16.046s] [ 95%] [32mBuilding C object CMakeFiles/shell_interfaces__rosidl_typesupport_fastrtps_c__pyext.dir/rosidl_generator_py/shell_interfaces/_shell_interfaces_s.ep.rosidl_typesupport_fastrtps_c.c.o[0m
[16.199s] [ 98%] [32m[1mLinking C shared library rosidl_generator_py/shell_interfaces/shell_interfaces_s__rosidl_typesupport_introspection_c.cpython-310-x86_64-linux-gnu.so[0m
[16.201s] [ 98%] [32m[1mLinking C shared library rosidl_generator_py/shell_interfaces/shell_interfaces_s__rosidl_typesupport_c.cpython-310-x86_64-linux-gnu.so[0m
[16.233s] [100%] [32m[1mLinking C shared library rosidl_generator_py/shell_interfaces/shell_interfaces_s__rosidl_typesupport_fastrtps_c.cpython-310-x86_64-linux-gnu.so[0m
[16.524s] [100%] Built target shell_interfaces__rosidl_typesupport_c__pyext
[16.530s] [100%] Built target shell_interfaces__rosidl_typesupport_introspection_c__pyext
[16.633s] [100%] Built target shell_interfaces__rosidl_typesupport_fastrtps_c__pyext
[16.654s] Invoked command in '/home/esraamustafa/path_planning/Path_Planning_Shell_AI/build/shell_interfaces' returned '0': CMAKE_PREFIX_PATH=/opt/ros/humble /usr/bin/cmake --build /home/esraamustafa/path_planning/Path_Planning_Shell_AI/build/shell_interfaces -- -j12 -l12
[16.672s] Invoking command in '/home/esraamustafa/path_planning/Path_Planning_Shell_AI/build/shell_interfaces': CMAKE_PREFIX_PATH=/opt/ros/humble /usr/bin/cmake --install /home/esraamustafa/path_planning/Path_Planning_Shell_AI/build/shell_interfaces
[16.687s] -- Install configuration: ""
[16.688s] -- Execute custom install script
[16.690s] -- Symlinking: /home/esraamustafa/path_planning/Path_Planning_Shell_AI/install/shell_interfaces/share/ament_index/resource_index/rosidl_interfaces/shell_interfaces
[16.709s] -- Symlinking: /home/esraamustafa/path_planning/Path_Planning_Shell_AI/install/shell_interfaces/include/shell_interfaces/shell_interfaces/msg/boundary.h
[16.720s] -- Symlinking: /home/esraamustafa/path_planning/Path_Planning_Shell_AI/install/shell_interfaces/include/shell_interfaces/shell_interfaces/msg/detail/boundary__functions.h
[16.732s] -- Symlinking: /home/esraamustafa/path_planning/Path_Planning_Shell_AI/install/shell_interfaces/include/shell_interfaces/shell_interfaces/msg/detail/boundary__struct.h
[16.747s] -- Symlinking: /home/esraamustafa/path_planning/Path_Planning_Shell_AI/install/shell_interfaces/include/shell_interfaces/shell_interfaces/msg/detail/boundary__type_support.h
[16.775s] -- Symlinking: /home/esraamustafa/path_planning/Path_Planning_Shell_AI/install/shell_interfaces/include/shell_interfaces/shell_interfaces/msg/detail/obstacle__functions.h
[16.789s] -- Symlinking: /home/esraamustafa/path_planning/Path_Planning_Shell_AI/install/shell_interfaces/include/shell_interfaces/shell_interfaces/msg/detail/obstacle__struct.h
[16.799s] -- Symlinking: /home/esraamustafa/path_planning/Path_Planning_Shell_AI/install/shell_interfaces/include/shell_interfaces/shell_interfaces/msg/detail/obstacle__type_support.h
[16.813s] -- Symlinking: /home/esraamustafa/path_planning/Path_Planning_Shell_AI/install/shell_interfaces/include/shell_interfaces/shell_interfaces/msg/detail/obstacle_array__functions.h
[16.823s] -- Symlinking: /home/esraamustafa/path_planning/Path_Planning_Shell_AI/install/shell_interfaces/include/shell_interfaces/shell_interfaces/msg/detail/obstacle_array__struct.h
[16.834s] -- Symlinking: /home/esraamustafa/path_planning/Path_Planning_Shell_AI/install/shell_interfaces/include/shell_interfaces/shell_interfaces/msg/detail/obstacle_array__type_support.h
[16.847s] -- Symlinking: /home/esraamustafa/path_planning/Path_Planning_Shell_AI/install/shell_interfaces/include/shell_interfaces/shell_interfaces/msg/detail/trajectory__functions.h
[16.869s] -- Symlinking: /home/esraamustafa/path_planning/Path_Planning_Shell_AI/install/shell_interfaces/include/shell_interfaces/shell_interfaces/msg/detail/trajectory__struct.h
[16.890s] -- Symlinking: /home/esraamustafa/path_planning/Path_Planning_Shell_AI/install/shell_interfaces/include/shell_interfaces/shell_interfaces/msg/detail/trajectory__type_support.h
[16.906s] -- Symlinking: /home/esraamustafa/path_planning/Path_Planning_Shell_AI/install/shell_interfaces/include/shell_interfaces/shell_interfaces/msg/detail/trajectory_point__functions.h
[16.918s] -- Symlinking: /home/esraamustafa/path_planning/Path_Planning_Shell_AI/install/shell_interfaces/include/shell_interfaces/shell_interfaces/msg/detail/trajectory_point__struct.h
[16.939s] -- Symlinking: /home/esraamustafa/path_planning/Path_Planning_Shell_AI/install/shell_interfaces/include/shell_interfaces/shell_interfaces/msg/detail/trajectory_point__type_support.h
[16.952s] -- Symlinking: /home/esraamustafa/path_planning/Path_Planning_Shell_AI/install/shell_interfaces/include/shell_interfaces/shell_interfaces/msg/obstacle.h
[16.975s] -- Symlinking: /home/esraamustafa/path_planning/Path_Planning_Shell_AI/install/shell_interfaces/include/shell_interfaces/shell_interfaces/msg/obstacle_array.h
[16.994s] -- Symlinking: /home/esraamustafa/path_planning/Path_Planning_Shell_AI/install/shell_interfaces/include/shell_interfaces/shell_interfaces/msg/rosidl_generator_c__visibility_control.h
[17.011s] -- Symlinking: /home/esraamustafa/path_planning/Path_Planning_Shell_AI/install/shell_interfaces/include/shell_interfaces/shell_interfaces/msg/trajectory.h
[17.026s] -- Symlinking: /home/esraamustafa/path_planning/Path_Planning_Shell_AI/install/shell_interfaces/include/shell_interfaces/shell_interfaces/msg/trajectory_point.h
[17.040s] -- Symlinking: /home/esraamustafa/path_planning/Path_Planning_Shell_AI/install/shell_interfaces/share/shell_interfaces/environment/library_path.sh
[17.060s] -- Symlinking: /home/esraamustafa/path_planning/Path_Planning_Shell_AI/install/shell_interfaces/share/shell_interfaces/environment/library_path.dsv
[17.083s] -- Symlinking: /home/esraamustafa/path_planning/Path_Planning_Shell_AI/install/shell_interfaces/include/shell_interfaces/shell_interfaces/msg/detail/boundary__rosidl_typesupport_fastrtps_c.h
[17.095s] -- Symlinking: /home/esraamustafa/path_planning/Path_Planning_Shell_AI/install/shell_interfaces/include/shell_interfaces/shell_interfaces/msg/detail/obstacle__rosidl_typesupport_fastrtps_c.h
[17.105s] -- Symlinking: /home/esraamustafa/path_planning/Path_Planning_Shell_AI/install/shell_interfaces/include/shell_interfaces/shell_interfaces/msg/detail/obstacle_array__rosidl_typesupport_fastrtps_c.h
[17.117s] -- Symlinking: /home/esraamustafa/path_planning/Path_Planning_Shell_AI/install/shell_interfaces/include/shell_interfaces/shell_interfaces/msg/detail/trajectory__rosidl_typesupport_fastrtps_c.h
[17.127s] -- Symlinking: /home/esraamustafa/path_planning/Path_Planning_Shell_AI/install/shell_interfaces/include/shell_interfaces/shell_interfaces/msg/detail/trajectory_point__rosidl_typesupport_fastrtps_c.h
[17.140s] -- Symlinking: /home/esraamustafa/path_planning/Path_Planning_Shell_AI/install/shell_interfaces/include/shell_interfaces/shell_interfaces/msg/rosidl_typesupport_fastrtps_c__visibility_control.h
[17.160s] -- Symlinking: /home/esraamustafa/path_planning/Path_Planning_Shell_AI/install/shell_interfaces/include/shell_interfaces/shell_interfaces/msg/detail/boundary__rosidl_typesupport_introspection_c.h
[17.173s] -- Symlinking: /home/esraamustafa/path_planning/Path_Planning_Shell_AI/install/shell_interfaces/include/shell_interfaces/shell_interfaces/msg/detail/obstacle__rosidl_typesupport_introspection_c.h
[17.185s] -- Symlinking: /home/esraamustafa/path_planning/Path_Planning_Shell_AI/install/shell_interfaces/include/shell_interfaces/shell_interfaces/msg/detail/obstacle_array__rosidl_typesupport_introspection_c.h
[17.197s] -- Symlinking: /home/esraamustafa/path_planning/Path_Planning_Shell_AI/install/shell_interfaces/include/shell_interfaces/shell_interfaces/msg/detail/trajectory__rosidl_typesupport_introspection_c.h
[17.216s] -- Symlinking: /home/esraamustafa/path_planning/Path_Planning_Shell_AI/install/shell_interfaces/include/shell_interfaces/shell_interfaces/msg/detail/trajectory_point__rosidl_typesupport_introspection_c.h
[17.228s] -- Symlinking: /home/esraamustafa/path_planning/Path_Planning_Shell_AI/install/shell_interfaces/include/shell_interfaces/shell_interfaces/msg/rosidl_typesupport_introspection_c__visibility_control.h
[17.240s] -- Symlinking: /home/esraamustafa/path_planning/Path_Planning_Shell_AI/install/shell_interfaces/include/shell_interfaces/shell_interfaces/msg/boundary.hpp
[17.251s] -- Symlinking: /home/esraamustafa/path_planning/Path_Planning_Shell_AI/install/shell_interfaces/include/shell_interfaces/shell_interfaces/msg/detail/boundary__builder.hpp
[17.269s] -- Symlinking: /home/esraamustafa/path_planning/Path_Planning_Shell_AI/install/shell_interfaces/include/shell_interfaces/shell_interfaces/msg/detail/boundary__struct.hpp
[17.291s] -- Symlinking: /home/esraamustafa/path_planning/Path_Planning_Shell_AI/install/shell_interfaces/include/shell_interfaces/shell_interfaces/msg/detail/boundary__traits.hpp
[17.310s] -- Symlinking: /home/esraamustafa/path_planning/Path_Planning_Shell_AI/install/shell_interfaces/include/shell_interfaces/shell_interfaces/msg/detail/boundary__type_support.hpp
[17.323s] -- Symlinking: /home/esraamustafa/path_planning/Path_Planning_Shell_AI/install/shell_interfaces/include/shell_interfaces/shell_interfaces/msg/detail/obstacle__builder.hpp
[17.337s] -- Symlinking: /home/esraamustafa/path_planning/Path_Planning_Shell_AI/install/shell_interfaces/include/shell_interfaces/shell_interfaces/msg/detail/obstacle__struct.hpp
[17.349s] -- Symlinking: /home/esraamustafa/path_planning/Path_Planning_Shell_AI/install/shell_interfaces/include/shell_interfaces/shell_interfaces/msg/detail/obstacle__traits.hpp
[17.367s] -- Symlinking: /home/esraamustafa/path_planning/Path_Planning_Shell_AI/install/shell_interfaces/include/shell_interfaces/shell_interfaces/msg/detail/obstacle__type_support.hpp
[17.380s] -- Symlinking: /home/esraamustafa/path_planning/Path_Planning_Shell_AI/install/shell_interfaces/include/shell_interfaces/shell_interfaces/msg/detail/obstacle_array__builder.hpp
[17.391s] -- Symlinking: /home/esraamustafa/path_planning/Path_Planning_Shell_AI/install/shell_interfaces/include/shell_interfaces/shell_interfaces/msg/detail/obstacle_array__struct.hpp
[17.401s] -- Symlinking: /home/esraamustafa/path_planning/Path_Planning_Shell_AI/install/shell_interfaces/include/shell_interfaces/shell_interfaces/msg/detail/obstacle_array__traits.hpp
[17.413s] -- Symlinking: /home/esraamustafa/path_planning/Path_Planning_Shell_AI/install/shell_interfaces/include/shell_interfaces/shell_interfaces/msg/detail/obstacle_array__type_support.hpp
[17.423s] -- Symlinking: /home/esraamustafa/path_planning/Path_Planning_Shell_AI/install/shell_interfaces/include/shell_interfaces/shell_interfaces/msg/detail/trajectory__builder.hpp
[17.434s] -- Symlinking: /home/esraamustafa/path_planning/Path_Planning_Shell_AI/install/shell_interfaces/include/shell_interfaces/shell_interfaces/msg/detail/trajectory__struct.hpp
[17.445s] -- Symlinking: /home/esraamustafa/path_planning/Path_Planning_Shell_AI/install/shell_interfaces/include/shell_interfaces/shell_interfaces/msg/detail/trajectory__traits.hpp
[17.458s] -- Symlinking: /home/esraamustafa/path_planning/Path_Planning_Shell_AI/install/shell_interfaces/include/shell_interfaces/shell_interfaces/msg/detail/trajectory__type_support.hpp
[17.472s] -- Symlinking: /home/esraamustafa/path_planning/Path_Planning_Shell_AI/install/shell_interfaces/include/shell_interfaces/shell_interfaces/msg/detail/trajectory_point__builder.hpp
[17.489s] -- Symlinking: /home/esraamustafa/path_planning/Path_Planning_Shell_AI/install/shell_interfaces/include/shell_interfaces/shell_interfaces/msg/detail/trajectory_point__struct.hpp
[17.504s] -- Symlinking: /home/esraamustafa/path_planning/Path_Planning_Shell_AI/install/shell_interfaces/include/shell_interfaces/shell_interfaces/msg/detail/trajectory_point__traits.hpp
[17.515s] -- Symlinking: /home/esraamustafa/path_planning/Path_Planning_Shell_AI/install/shell_interfaces/include/shell_interfaces/shell_interfaces/msg/detail/trajectory_point__type_support.hpp
[17.527s] -- Symlinking: /home/esraamustafa/path_planning/Path_Planning_Shell_AI/install/shell_interfaces/include/shell_interfaces/shell_interfaces/msg/obstacle.hpp
[17.538s] -- Symlinking: /home/esraamustafa/path_planning/Path_Planning_Shell_AI/install/shell_interfaces/include/shell_interfaces/shell_interfaces/msg/obstacle_array.hpp
[17.559s] -- Symlinking: /home/esraamustafa/path_planning/Path_Planning_Shell_AI/install/shell_interfaces/include/shell_interfaces/shell_interfaces/msg/rosidl_generator_cpp__visibility_control.hpp
[17.577s] -- Symlinking: /home/esraamustafa/path_planning/Path_Planning_Shell_AI/install/shell_interfaces/include/shell_interfaces/shell_interfaces/msg/trajectory.hpp
[17.592s] -- Symlinking: /home/esraamustafa/path_planning/Path_Planning_Shell_AI/install/shell_interfaces/include/shell_interfaces/shell_interfaces/msg/trajectory_point.hpp
[17.605s] -- Symlinking: /home/esraamustafa/path_planning/Path_Planning_Shell_AI/install/shell_interfaces/include/shell_interfaces/shell_interfaces/msg/detail/boundary__rosidl_typesupport_fastrtps_cpp.hpp
[17.620s] -- Symlinking: /home/esraamustafa/path_planning/Path_Planning_Shell_AI/install/shell_interfaces/include/shell_interfaces/shell_interfaces/msg/detail/obstacle__rosidl_typesupport_fastrtps_cpp.hpp
[17.634s] -- Symlinking: /home/esraamustafa/path_planning/Path_Planning_Shell_AI/install/shell_interfaces/include/shell_interfaces/shell_interfaces/msg/detail/obstacle_array__rosidl_typesupport_fastrtps_cpp.hpp
[17.648s] -- Symlinking: /home/esraamustafa/path_planning/Path_Planning_Shell_AI/install/shell_interfaces/include/shell_interfaces/shell_interfaces/msg/detail/trajectory__rosidl_typesupport_fastrtps_cpp.hpp
[17.664s] -- Symlinking: /home/esraamustafa/path_planning/Path_Planning_Shell_AI/install/shell_interfaces/include/shell_interfaces/shell_interfaces/msg/detail/trajectory_point__rosidl_typesupport_fastrtps_cpp.hpp
[17.678s] -- Symlinking: /home/esraamustafa/path_planning/Path_Planning_Shell_AI/install/shell_interfaces/include/shell_interfaces/shell_interfaces/msg/rosidl_typesupport_fastrtps_cpp__visibility_control.h
[17.693s] -- Symlinking: /home/esraamustafa/path_planning/Path_Planning_Shell_AI/install/shell_interfaces/include/shell_interfaces/shell_interfaces/msg/detail/boundary__rosidl_typesupport_introspection_cpp.hpp
[17.704s] -- Symlinking: /home/esraamustafa/path_planning/Path_Planning_Shell_AI/install/shell_interfaces/include/shell_interfaces/shell_interfaces/msg/detail/obstacle__rosidl_typesupport_introspection_cpp.hpp
[17.717s] -- Symlinking: /home/esraamustafa/path_planning/Path_Planning_Shell_AI/install/shell_interfaces/include/shell_interfaces/shell_interfaces/msg/detail/obstacle_array__rosidl_typesupport_introspection_cpp.hpp
[17.731s] -- Symlinking: /home/esraamustafa/path_planning/Path_Planning_Shell_AI/install/shell_interfaces/include/shell_interfaces/shell_interfaces/msg/detail/trajectory__rosidl_typesupport_introspection_cpp.hpp
[17.742s] -- Symlinking: /home/esraamustafa/path_planning/Path_Planning_Shell_AI/install/shell_interfaces/include/shell_interfaces/shell_interfaces/msg/detail/trajectory_point__rosidl_typesupport_introspection_cpp.hpp
[17.755s] -- Symlinking: /home/esraamustafa/path_planning/Path_Planning_Shell_AI/install/shell_interfaces/share/shell_interfaces/environment/pythonpath.sh
[17.768s] -- Symlinking: /home/esraamustafa/path_planning/Path_Planning_Shell_AI/install/shell_interfaces/share/shell_interfaces/environment/pythonpath.dsv
[17.781s] -- Symlinking: /home/esraamustafa/path_planning/Path_Planning_Shell_AI/install/shell_interfaces/local/lib/python3.10/dist-packages/shell_interfaces-0.0.0-py3.10.egg-info/PKG-INFO
[17.795s] -- Symlinking: /home/esraamustafa/path_planning/Path_Planning_Shell_AI/install/shell_interfaces/local/lib/python3.10/dist-packages/shell_interfaces-0.0.0-py3.10.egg-info/SOURCES.txt
[17.810s] -- Symlinking: /home/esraamustafa/path_planning/Path_Planning_Shell_AI/install/shell_interfaces/local/lib/python3.10/dist-packages/shell_interfaces-0.0.0-py3.10.egg-info/dependency_links.txt
[17.821s] -- Symlinking: /home/esraamustafa/path_planning/Path_Planning_Shell_AI/install/shell_interfaces/local/lib/python3.10/dist-packages/shell_interfaces-0.0.0-py3.10.egg-info/top_level.txt
[17.833s] -- Symlinking: /home/esraamustafa/path_planning/Path_Planning_Shell_AI/install/shell_interfaces/local/lib/python3.10/dist-packages/shell_interfaces/__init__.py
[17.844s] -- Symlinking: /home/esraamustafa/path_planning/Path_Planning_Shell_AI/install/shell_interfaces/local/lib/python3.10/dist-packages/shell_interfaces/_shell_interfaces_s.ep.rosidl_typesupport_c.c
[17.856s] -- Symlinking: /home/esraamustafa/path_planning/Path_Planning_Shell_AI/install/shell_interfaces/local/lib/python3.10/dist-packages/shell_interfaces/_shell_interfaces_s.ep.rosidl_typesupport_fastrtps_c.c
[17.868s] -- Symlinking: /home/esraamustafa/path_planning/Path_Planning_Shell_AI/install/shell_interfaces/local/lib/python3.10/dist-packages/shell_interfaces/_shell_interfaces_s.ep.rosidl_typesupport_introspection_c.c
[17.879s] -- Symlinking: /home/esraamustafa/path_planning/Path_Planning_Shell_AI/install/shell_interfaces/local/lib/python3.10/dist-packages/shell_interfaces/libshell_interfaces__rosidl_generator_py.so
[17.892s] -- Symlinking: /home/esraamustafa/path_planning/Path_Planning_Shell_AI/install/shell_interfaces/local/lib/python3.10/dist-packages/shell_interfaces/msg/__init__.py
[17.905s] -- Symlinking: /home/esraamustafa/path_planning/Path_Planning_Shell_AI/install/shell_interfaces/local/lib/python3.10/dist-packages/shell_interfaces/msg/_boundary.py
[17.919s] -- Symlinking: /home/esraamustafa/path_planning/Path_Planning_Shell_AI/install/shell_interfaces/local/lib/python3.10/dist-packages/shell_interfaces/msg/_boundary_s.c
[17.936s] -- Symlinking: /home/esraamustafa/path_planning/Path_Planning_Shell_AI/install/shell_interfaces/local/lib/python3.10/dist-packages/shell_interfaces/msg/_obstacle.py
[17.957s] -- Symlinking: /home/esraamustafa/path_planning/Path_Planning_Shell_AI/install/shell_interfaces/local/lib/python3.10/dist-packages/shell_interfaces/msg/_obstacle_array.py
[17.971s] -- Symlinking: /home/esraamustafa/path_planning/Path_Planning_Shell_AI/install/shell_interfaces/local/lib/python3.10/dist-packages/shell_interfaces/msg/_obstacle_array_s.c
[17.985s] -- Symlinking: /home/esraamustafa/path_planning/Path_Planning_Shell_AI/install/shell_interfaces/local/lib/python3.10/dist-packages/shell_interfaces/msg/_obstacle_s.c
[17.995s] -- Symlinking: /home/esraamustafa/path_planning/Path_Planning_Shell_AI/install/shell_interfaces/local/lib/python3.10/dist-packages/shell_interfaces/msg/_trajectory.py
[18.005s] -- Symlinking: /home/esraamustafa/path_planning/Path_Planning_Shell_AI/install/shell_interfaces/local/lib/python3.10/dist-packages/shell_interfaces/msg/_trajectory_point.py
[18.016s] -- Symlinking: /home/esraamustafa/path_planning/Path_Planning_Shell_AI/install/shell_interfaces/local/lib/python3.10/dist-packages/shell_interfaces/msg/_trajectory_point_s.c
[18.027s] -- Symlinking: /home/esraamustafa/path_planning/Path_Planning_Shell_AI/install/shell_interfaces/local/lib/python3.10/dist-packages/shell_interfaces/msg/_trajectory_s.c
[18.037s] -- Symlinking: /home/esraamustafa/path_planning/Path_Planning_Shell_AI/install/shell_interfaces/local/lib/python3.10/dist-packages/shell_interfaces/shell_interfaces_s__rosidl_typesupport_c.cpython-310-x86_64-linux-gnu.so
[18.047s] -- Symlinking: /home/esraamustafa/path_planning/Path_Planning_Shell_AI/install/shell_interfaces/local/lib/python3.10/dist-packages/shell_interfaces/shell_interfaces_s__rosidl_typesupport_fastrtps_c.cpython-310-x86_64-linux-gnu.so
[18.065s] -- Symlinking: /home/esraamustafa/path_planning/Path_Planning_Shell_AI/install/shell_interfaces/local/lib/python3.10/dist-packages/shell_interfaces/shell_interfaces_s__rosidl_typesupport_introspection_c.cpython-310-x86_64-linux-gnu.so
[18.087s] -- Up-to-date symlink: /home/esraamustafa/path_planning/Path_Planning_Shell_AI/install/shell_interfaces/local/lib/python3.10/dist-packages/shell_interfaces/shell_interfaces_s__rosidl_typesupport_fastrtps_c.cpython-310-x86_64-linux-gnu.so
[18.088s] -- Up-to-date symlink: /home/esraamustafa/path_planning/Path_Planning_Shell_AI/install/shell_interfaces/local/lib/python3.10/dist-packages/shell_interfaces/shell_interfaces_s__rosidl_typesupport_introspection_c.cpython-310-x86_64-linux-gnu.so
[18.089s] -- Up-to-date symlink: /home/esraamustafa/path_planning/Path_Planning_Shell_AI/install/shell_interfaces/local/lib/python3.10/dist-packages/shell_interfaces/shell_interfaces_s__rosidl_typesupport_c.cpython-310-x86_64-linux-gnu.so
[18.090s] -- Symlinking: /home/esraamustafa/path_planning/Path_Planning_Shell_AI/install/shell_interfaces/share/shell_interfaces/msg/Trajectory.idl
[18.103s] -- Symlinking: /home/esraamustafa/path_planning/Path_Planning_Shell_AI/install/shell_interfaces/share/shell_interfaces/msg/TrajectoryPoint.idl
[18.114s] -- Symlinking: /home/esraamustafa/path_planning/Path_Planning_Shell_AI/install/shell_interfaces/share/shell_interfaces/msg/Boundary.idl
[18.123s] -- Symlinking: /home/esraamustafa/path_planning/Path_Planning_Shell_AI/install/shell_interfaces/share/shell_interfaces/msg/Obstacle.idl
[18.134s] -- Symlinking: /home/esraamustafa/path_planning/Path_Planning_Shell_AI/install/shell_interfaces/share/shell_interfaces/msg/ObstacleArray.idl
[18.142s] -- Symlinking: /home/esraamustafa/path_planning/Path_Planning_Shell_AI/install/shell_interfaces/share/shell_interfaces/msg/Trajectory.msg
[18.157s] -- Symlinking: /home/esraamustafa/path_planning/Path_Planning_Shell_AI/install/shell_interfaces/share/shell_interfaces/msg/TrajectoryPoint.msg
[18.176s] -- Symlinking: /home/esraamustafa/path_planning/Path_Planning_Shell_AI/install/shell_interfaces/share/shell_interfaces/msg/Boundary.msg
[18.191s] -- Symlinking: /home/esraamustafa/path_planning/Path_Planning_Shell_AI/install/shell_interfaces/share/shell_interfaces/msg/Obstacle.msg
[18.204s] -- Symlinking: /home/esraamustafa/path_planning/Path_Planning_Shell_AI/install/shell_interfaces/share/shell_interfaces/msg/ObstacleArray.msg
[18.216s] -- Symlinking: /home/esraamustafa/path_planning/Path_Planning_Shell_AI/install/shell_interfaces/share/ament_index/resource_index/package_run_dependencies/shell_interfaces
[18.229s] -- Symlinking: /home/esraamustafa/path_planning/Path_Planning_Shell_AI/install/shell_interfaces/share/ament_index/resource_index/parent_prefix_path/shell_interfaces
[18.240s] -- Symlinking: /home/esraamustafa/path_planning/Path_Planning_Shell_AI/install/shell_interfaces/share/shell_interfaces/environment/ament_prefix_path.sh
[18.253s] -- Symlinking: /home/esraamustafa/path_planning/Path_Planning_Shell_AI/install/shell_interfaces/share/shell_interfaces/environment/ament_prefix_path.dsv
[18.279s] -- Symlinking: /home/esraamustafa/path_planning/Path_Planning_Shell_AI/install/shell_interfaces/share/shell_interfaces/environment/path.sh
[18.293s] -- Symlinking: /home/esraamustafa/path_planning/Path_Planning_Shell_AI/install/shell_interfaces/share/shell_interfaces/environment/path.dsv
[18.306s] -- Symlinking: /home/esraamustafa/path_planning/Path_Planning_Shell_AI/install/shell_interfaces/share/shell_interfaces/local_setup.bash
[18.319s] -- Symlinking: /home/esraamustafa/path_planning/Path_Planning_Shell_AI/install/shell_interfaces/share/shell_interfaces/local_setup.sh
[18.329s] -- Symlinking: /home/esraamustafa/path_planning/Path_Planning_Shell_AI/install/shell_interfaces/share/shell_interfaces/local_setup.zsh
[18.341s] -- Symlinking: /home/esraamustafa/path_planning/Path_Planning_Shell_AI/install/shell_interfaces/share/shell_interfaces/local_setup.dsv
[18.355s] -- Symlinking: /home/esraamustafa/path_planning/Path_Planning_Shell_AI/install/shell_interfaces/share/shell_interfaces/package.dsv
[18.370s] -- Symlinking: /home/esraamustafa/path_planning/Path_Planning_Shell_AI/install/shell_interfaces/share/ament_index/resource_index/packages/shell_interfaces
[18.382s] -- Symlinking: /home/esraamustafa/path_planning/Path_Planning_Shell_AI/install/shell_interfaces/share/shell_interfaces/cmake/rosidl_cmake-extras.cmake
[18.392s] -- Symlinking: /home/esraamustafa/path_planning/Path_Planning_Shell_AI/install/shell_interfaces/share/shell_interfaces/cmake/ament_cmake_export_dependencies-extras.cmake
[18.407s] -- Symlinking: /home/esraamustafa/path_planning/Path_Planning_Shell_AI/install/shell_interfaces/share/shell_interfaces/cmake/ament_cmake_export_include_directories-extras.cmake
[18.417s] -- Symlinking: /home/esraamustafa/path_planning/Path_Planning_Shell_AI/install/shell_interfaces/share/shell_interfaces/cmake/ament_cmake_export_libraries-extras.cmake
[18.429s] -- Symlinking: /home/esraamustafa/path_planning/Path_Planning_Shell_AI/install/shell_interfaces/share/shell_interfaces/cmake/ament_cmake_export_targets-extras.cmake
[18.443s] -- Symlinking: /home/esraamustafa/path_planning/Path_Planning_Shell_AI/install/shell_interfaces/share/shell_interfaces/cmake/rosidl_cmake_export_typesupport_targets-extras.cmake
[18.459s] -- Symlinking: /home/esraamustafa/path_planning/Path_Planning_Shell_AI/install/shell_interfaces/share/shell_interfaces/cmake/rosidl_cmake_export_typesupport_libraries-extras.cmake
[18.474s] -- Symlinking: /home/esraamustafa/path_planning/Path_Planning_Shell_AI/install/shell_interfaces/share/shell_interfaces/cmake/shell_interfacesConfig.cmake
[18.488s] -- Symlinking: /home/esraamustafa/path_planning/Path_Planning_Shell_AI/install/shell_interfaces/share/shell_interfaces/cmake/shell_interfacesConfig-version.cmake
[18.503s] -- Symlinking: /home/esraamustafa/path_planning/Path_Planning_Shell_AI/install/shell_interfaces/share/shell_interfaces/package.xml
[18.516s] -- Installing: /home/esraamustafa/path_planning/Path_Planning_Shell_AI/install/shell_interfaces/lib/libshell_interfaces__rosidl_generator_c.so
[18.518s] -- Set runtime path of "/home/esraamustafa/path_planning/Path_Planning_Shell_AI/install/shell_interfaces/lib/libshell_interfaces__rosidl_generator_c.so" to ""
[18.518s] -- Installing: /home/esraamustafa/path_planning/Path_Planning_Shell_AI/install/shell_interfaces/lib/libshell_interfaces__rosidl_typesupport_fastrtps_c.so
[18.519s] -- Set runtime path of "/home/esraamustafa/path_planning/Path_Planning_Shell_AI/install/shell_interfaces/lib/libshell_interfaces__rosidl_typesupport_fastrtps_c.so" to ""
[18.519s] -- Installing: /home/esraamustafa/path_planning/Path_Planning_Shell_AI/install/shell_interfaces/lib/libshell_interfaces__rosidl_typesupport_introspection_c.so
[18.519s] -- Set runtime path of "/home/esraamustafa/path_planning/Path_Planning_Shell_AI/install/shell_interfaces/lib/libshell_interfaces__rosidl_typesupport_introspection_c.so" to ""
[18.520s] -- Installing: /home/esraamustafa/path_planning/Path_Planning_Shell_AI/install/shell_interfaces/lib/libshell_interfaces__rosidl_typesupport_c.so
[18.520s] -- Set runtime path of "/home/esraamustafa/path_planning/Path_Planning_Shell_AI/install/shell_interfaces/lib/libshell_interfaces__rosidl_typesupport_c.so" to ""
[18.521s] -- Installing: /home/esraamustafa/path_planning/Path_Planning_Shell_AI/install/shell_interfaces/lib/libshell_interfaces__rosidl_typesupport_fastrtps_cpp.so
[18.522s] -- Set runtime path of "/home/esraamustafa/path_planning/Path_Planning_Shell_AI/install/shell_interfaces/lib/libshell_interfaces__rosidl_typesupport_fastrtps_cpp.so" to ""
[18.522s] -- Installing: /home/esraamustafa/path_planning/Path_Planning_Shell_AI/install/shell_interfaces/lib/libshell_interfaces__rosidl_typesupport_introspection_cpp.so
[18.522s] -- Set runtime path of "/home/esraamustafa/path_planning/Path_Planning_Shell_AI/install/shell_interfaces/lib/libshell_interfaces__rosidl_typesupport_introspection_cpp.so" to ""
[18.522s] -- Installing: /home/esraamustafa/path_planning/Path_Planning_Shell_AI/install/shell_interfaces/lib/libshell_interfaces__rosidl_typesupport_cpp.so
[18.522s] -- Set runtime path of "/home/esraamustafa/path_planning/Path_Planning_Shell_AI/install/shell_interfaces/lib/libshell_interfaces__rosidl_typesupport_cpp.so" to ""
[18.595s] Listing '/home/esraamustafa/path_planning/Path_Planning_Shell_AI/install/shell_interfaces/local/lib/python3.10/dist-packages/shell_interfaces'...
[18.595s] Compiling '/home/esraamustafa/path_planning/Path_Planning_Shell_AI/install/shell_interfaces/local/lib/python3.10/dist-packages/shell_interfaces/__init__.py'...
[18.596s] Listing '/home/esraamustafa/path_planning/Path_Planning_Shell_AI/install/shell_interfaces/local/lib/python3.10/dist-packages/shell_interfaces/msg'...
[18.596s] Compiling '/home/esraamustafa/path_planning/Path_Planning_Shell_AI/install/shell_interfaces/local/lib/python3.10/dist-packages/shell_interfaces/msg/__init__.py'...
[18.596s] Compiling '/home/esraamustafa/path_planning/Path_Planning_Shell_AI/install/shell_interfaces/local/lib/python3.10/dist-packages/shell_interfaces/msg/_boundary.py'...
[18.596s] Compiling '/home/esraamustafa/path_planning/Path_Planning_Shell_AI/install/shell_interfaces/local/lib/python3.10/dist-packages/shell_interfaces/msg/_obstacle.py'...
[18.596s] Compiling '/home/esraamustafa/path_planning/Path_Planning_Shell_AI/install/shell_interfaces/local/lib/python3.10/dist-packages/shell_interfaces/msg/_obstacle_array.py'...
[18.596s] Compiling '/home/esraamustafa/path_planning/Path_Planning_Shell_AI/install/shell_interfaces/local/lib/python3.10/dist-packages/shell_interfaces/msg/_trajectory.py'...
[18.596s] Compiling '/home/esraamustafa/path_planning/Path_Planning_Shell_AI/install/shell_interfaces/local/lib/python3.10/dist-packages/shell_interfaces/msg/_trajectory_point.py'...
[18.602s] -- Installing: /home/esraamustafa/path_planning/Path_Planning_Shell_AI/install/shell_interfaces/lib/libshell_interfaces__rosidl_generator_py.so
[18.603s] -- Set runtime path of "/home/esraamustafa/path_planning/Path_Planning_Shell_AI/install/shell_interfaces/lib/libshell_interfaces__rosidl_generator_py.so" to ""
[18.603s] -- Installing: /home/esraamustafa/path_planning/Path_Planning_Shell_AI/install/shell_interfaces/share/shell_interfaces/cmake/export_shell_interfaces__rosidl_generator_cExport.cmake
[18.603s] -- Installing: /home/esraamustafa/path_planning/Path_Planning_Shell_AI/install/shell_interfaces/share/shell_interfaces/cmake/export_shell_interfaces__rosidl_generator_cExport-noconfig.cmake
[18.604s] -- Installing: /home/esraamustafa/path_planning/Path_Planning_Shell_AI/install/shell_interfaces/share/shell_interfaces/cmake/export_shell_interfaces__rosidl_typesupport_fastrtps_cExport.cmake
[18.604s] -- Installing: /home/esraamustafa/path_planning/Path_Planning_Shell_AI/install/shell_interfaces/share/shell_interfaces/cmake/export_shell_interfaces__rosidl_typesupport_fastrtps_cExport-noconfig.cmake
[18.604s] -- Installing: /home/esraamustafa/path_planning/Path_Planning_Shell_AI/install/shell_interfaces/share/shell_interfaces/cmake/shell_interfaces__rosidl_typesupport_introspection_cExport.cmake
[18.604s] -- Installing: /home/esraamustafa/path_planning/Path_Planning_Shell_AI/install/shell_interfaces/share/shell_interfaces/cmake/shell_interfaces__rosidl_typesupport_introspection_cExport-noconfig.cmake
[18.604s] -- Installing: /home/esraamustafa/path_planning/Path_Planning_Shell_AI/install/shell_interfaces/share/shell_interfaces/cmake/shell_interfaces__rosidl_typesupport_cExport.cmake
[18.604s] -- Installing: /home/esraamustafa/path_planning/Path_Planning_Shell_AI/install/shell_interfaces/share/shell_interfaces/cmake/shell_interfaces__rosidl_typesupport_cExport-noconfig.cmake
[18.604s] -- Installing: /home/esraamustafa/path_planning/Path_Planning_Shell_AI/install/shell_interfaces/share/shell_interfaces/cmake/export_shell_interfaces__rosidl_generator_cppExport.cmake
[18.604s] -- Installing: /home/esraamustafa/path_planning/Path_Planning_Shell_AI/install/shell_interfaces/share/shell_interfaces/cmake/export_shell_interfaces__rosidl_typesupport_fastrtps_cppExport.cmake
[18.604s] -- Installing: /home/esraamustafa/path_planning/Path_Planning_Shell_AI/install/shell_interfaces/share/shell_interfaces/cmake/export_shell_interfaces__rosidl_typesupport_fastrtps_cppExport-noconfig.cmake
[18.604s] -- Installing: /home/esraamustafa/path_planning/Path_Planning_Shell_AI/install/shell_interfaces/share/shell_interfaces/cmake/shell_interfaces__rosidl_typesupport_introspection_cppExport.cmake
[18.605s] -- Installing: /home/esraamustafa/path_planning/Path_Planning_Shell_AI/install/shell_interfaces/share/shell_interfaces/cmake/shell_interfaces__rosidl_typesupport_introspection_cppExport-noconfig.cmake
[18.606s] -- Installing: /home/esraamustafa/path_planning/Path_Planning_Shell_AI/install/shell_interfaces/share/shell_interfaces/cmake/shell_interfaces__rosidl_typesupport_cppExport.cmake
[18.606s] -- Installing: /home/esraamustafa/path_planning/Path_Planning_Shell_AI/install/shell_interfaces/share/shell_interfaces/cmake/shell_interfaces__rosidl_typesupport_cppExport-noconfig.cmake
[18.606s] -- Installing: /home/esraamustafa/path_planning/Path_Planning_Shell_AI/install/shell_interfaces/share/shell_interfaces/cmake/export_shell_interfaces__rosidl_generator_pyExport.cmake
[18.606s] -- Installing: /home/esraamustafa/path_planning/Path_Planning_Shell_AI/install/shell_interfaces/share/shell_interfaces/cmake/export_shell_interfaces__rosidl_generator_pyExport-noconfig.cmake
[18.610s] Invoked command in '/home/esraamustafa/path_planning/Path_Planning_Shell_AI/build/shell_interfaces' returned '0': CMAKE_PREFIX_PATH=/opt/ros/humble /usr/bin/cmake --install /home/esraamustafa/path_planning/Path_Planning_Shell_AI/build/shell_interfaces
