[1.382s] Invoking command in '/home/esraamustafa/Path_Planning_Shell_AI/ros2_sim/src/shell_visualization': PYTHONPATH=/home/esraamustafa/Path_Planning_Shell_AI/ros2_sim/build/shell_visualization/prefix_override:/usr/lib/python3/dist-packages/colcon_core/task/python/colcon_distutils_commands:/home/esraamustafa/Path_Planning_Shell_AI/ros2_sim/install/shell_visualization/lib/python3.10/site-packages:${PYTHONPATH} /usr/bin/python3 -W ignore:setup.py install is deprecated -W ignore:easy_install command is deprecated setup.py egg_info --egg-base ../../build/shell_visualization build --build-base /home/esraamustafa/Path_Planning_Shell_AI/ros2_sim/build/shell_visualization/build install --record /home/esraamustafa/Path_Planning_Shell_AI/ros2_sim/build/shell_visualization/install.log --single-version-externally-managed install_data
[1.658s] running egg_info
[1.659s] writing ../../build/shell_visualization/shell_visualization.egg-info/PKG-INFO
[1.659s] writing dependency_links to ../../build/shell_visualization/shell_visualization.egg-info/dependency_links.txt
[1.659s] writing entry points to ../../build/shell_visualization/shell_visualization.egg-info/entry_points.txt
[1.659s] writing requirements to ../../build/shell_visualization/shell_visualization.egg-info/requires.txt
[1.660s] writing top-level names to ../../build/shell_visualization/shell_visualization.egg-info/top_level.txt
[1.661s] reading manifest file '../../build/shell_visualization/shell_visualization.egg-info/SOURCES.txt'
[1.663s] writing manifest file '../../build/shell_visualization/shell_visualization.egg-info/SOURCES.txt'
[1.663s] running build
[1.663s] running build_py
[1.663s] running install
[1.664s] running install_lib
[1.665s] running install_data
[1.666s] running install_egg_info
[1.667s] removing '/home/esraamustafa/Path_Planning_Shell_AI/ros2_sim/install/shell_visualization/lib/python3.10/site-packages/shell_visualization-0.0.0-py3.10.egg-info' (and everything under it)
[1.668s] Copying ../../build/shell_visualization/shell_visualization.egg-info to /home/esraamustafa/Path_Planning_Shell_AI/ros2_sim/install/shell_visualization/lib/python3.10/site-packages/shell_visualization-0.0.0-py3.10.egg-info
[1.669s] running install_scripts
[1.698s] writing list of installed files to '/home/esraamustafa/Path_Planning_Shell_AI/ros2_sim/build/shell_visualization/install.log'
[1.732s] Invoked command in '/home/esraamustafa/Path_Planning_Shell_AI/ros2_sim/src/shell_visualization' returned '0': PYTHONPATH=/home/esraamustafa/Path_Planning_Shell_AI/ros2_sim/build/shell_visualization/prefix_override:/usr/lib/python3/dist-packages/colcon_core/task/python/colcon_distutils_commands:/home/esraamustafa/Path_Planning_Shell_AI/ros2_sim/install/shell_visualization/lib/python3.10/site-packages:${PYTHONPATH} /usr/bin/python3 -W ignore:setup.py install is deprecated -W ignore:easy_install command is deprecated setup.py egg_info --egg-base ../../build/shell_visualization build --build-base /home/esraamustafa/Path_Planning_Shell_AI/ros2_sim/build/shell_visualization/build install --record /home/esraamustafa/Path_Planning_Shell_AI/ros2_sim/build/shell_visualization/install.log --single-version-externally-managed install_data
