[0.379s] DEBUG:colcon:Command line arguments: ['/usr/bin/colcon', 'build', '--symlink-install']
[0.379s] DEBUG:colcon:Parsed command line arguments: Namespace(log_base=None, log_level=None, verb_name='build', build_base='build', install_base='install', merge_install=False, symlink_install=True, test_result_base=None, continue_on_error=False, executor='parallel', parallel_workers=12, event_handlers=None, ignore_user_meta=False, metas=['./colcon.meta'], base_paths=['.'], packages_ignore=None, packages_ignore_regex=None, paths=None, packages_up_to=None, packages_up_to_regex=None, packages_above=None, packages_above_and_dependencies=None, packages_above_depth=None, packages_select_by_dep=None, packages_skip_by_dep=None, packages_skip_up_to=None, packages_select_build_failed=False, packages_skip_build_finished=False, packages_select_test_failures=False, packages_skip_test_passed=False, packages_select=None, packages_skip=None, packages_select_regex=None, packages_skip_regex=None, packages_start=None, packages_end=None, allow_overriding=[], cmake_args=None, cmake_target=None, cmake_target_skip_unavailable=False, cmake_clean_cache=False, cmake_clean_first=False, cmake_force_configure=False, ament_cmake_args=None, catkin_cmake_args=None, catkin_skip_building_tests=False, verb_parser=<colcon_defaults.argument_parser.defaults.DefaultArgumentsDecorator object at 0x701583350e80>, verb_extension=<colcon_core.verb.build.BuildVerb object at 0x701583350970>, main=<bound method BuildVerb.main of <colcon_core.verb.build.BuildVerb object at 0x701583350970>>)
[0.524s] Level 1:colcon.colcon_core.package_discovery:discover_packages(colcon_meta) check parameters
[0.524s] Level 1:colcon.colcon_core.package_discovery:discover_packages(recursive) check parameters
[0.524s] Level 1:colcon.colcon_core.package_discovery:discover_packages(ignore) check parameters
[0.524s] Level 1:colcon.colcon_core.package_discovery:discover_packages(path) check parameters
[0.524s] Level 1:colcon.colcon_core.package_discovery:discover_packages(colcon_meta) discover
[0.524s] Level 1:colcon.colcon_core.package_discovery:discover_packages(recursive) discover
[0.524s] INFO:colcon.colcon_core.package_discovery:Crawling recursively for packages in '/home/esraamustafa/path_planning/Path_Planning_Shell_AI/ros2_sim'
[0.524s] Level 1:colcon.colcon_core.package_identification:_identify(.) by extensions ['ignore', 'ignore_ament_install']
[0.524s] Level 1:colcon.colcon_core.package_identification:_identify(.) by extension 'ignore'
[0.524s] Level 1:colcon.colcon_core.package_identification:_identify(.) by extension 'ignore_ament_install'
[0.524s] Level 1:colcon.colcon_core.package_identification:_identify(.) by extensions ['colcon_pkg']
[0.524s] Level 1:colcon.colcon_core.package_identification:_identify(.) by extension 'colcon_pkg'
[0.524s] Level 1:colcon.colcon_core.package_identification:_identify(.) by extensions ['colcon_meta']
[0.524s] Level 1:colcon.colcon_core.package_identification:_identify(.) by extension 'colcon_meta'
[0.525s] Level 1:colcon.colcon_core.package_identification:_identify(.) by extensions ['ros']
[0.525s] Level 1:colcon.colcon_core.package_identification:_identify(.) by extension 'ros'
[0.535s] Level 1:colcon.colcon_core.package_identification:_identify(.) by extensions ['cmake', 'python']
[0.535s] Level 1:colcon.colcon_core.package_identification:_identify(.) by extension 'cmake'
[0.535s] Level 1:colcon.colcon_core.package_identification:_identify(.) by extension 'python'
[0.535s] Level 1:colcon.colcon_core.package_identification:_identify(.) by extensions ['python_setup_py']
[0.535s] Level 1:colcon.colcon_core.package_identification:_identify(.) by extension 'python_setup_py'
[0.535s] Level 1:colcon.colcon_core.package_identification:_identify(build) by extensions ['ignore', 'ignore_ament_install']
[0.535s] Level 1:colcon.colcon_core.package_identification:_identify(build) by extension 'ignore'
[0.536s] Level 1:colcon.colcon_core.package_identification:_identify(build) ignored
[0.536s] Level 1:colcon.colcon_core.package_identification:_identify(install) by extensions ['ignore', 'ignore_ament_install']
[0.536s] Level 1:colcon.colcon_core.package_identification:_identify(install) by extension 'ignore'
[0.536s] Level 1:colcon.colcon_core.package_identification:_identify(install) ignored
[0.536s] Level 1:colcon.colcon_core.package_identification:_identify(log) by extensions ['ignore', 'ignore_ament_install']
[0.536s] Level 1:colcon.colcon_core.package_identification:_identify(log) by extension 'ignore'
[0.536s] Level 1:colcon.colcon_core.package_identification:_identify(log) ignored
[0.536s] Level 1:colcon.colcon_core.package_identification:_identify(src) by extensions ['ignore', 'ignore_ament_install']
[0.536s] Level 1:colcon.colcon_core.package_identification:_identify(src) by extension 'ignore'
[0.536s] Level 1:colcon.colcon_core.package_identification:_identify(src) by extension 'ignore_ament_install'
[0.536s] Level 1:colcon.colcon_core.package_identification:_identify(src) by extensions ['colcon_pkg']
[0.536s] Level 1:colcon.colcon_core.package_identification:_identify(src) by extension 'colcon_pkg'
[0.536s] Level 1:colcon.colcon_core.package_identification:_identify(src) by extensions ['colcon_meta']
[0.536s] Level 1:colcon.colcon_core.package_identification:_identify(src) by extension 'colcon_meta'
[0.536s] Level 1:colcon.colcon_core.package_identification:_identify(src) by extensions ['ros']
[0.536s] Level 1:colcon.colcon_core.package_identification:_identify(src) by extension 'ros'
[0.536s] Level 1:colcon.colcon_core.package_identification:_identify(src) by extensions ['cmake', 'python']
[0.536s] Level 1:colcon.colcon_core.package_identification:_identify(src) by extension 'cmake'
[0.536s] Level 1:colcon.colcon_core.package_identification:_identify(src) by extension 'python'
[0.536s] Level 1:colcon.colcon_core.package_identification:_identify(src) by extensions ['python_setup_py']
[0.536s] Level 1:colcon.colcon_core.package_identification:_identify(src) by extension 'python_setup_py'
[0.537s] Level 1:colcon.colcon_core.package_identification:_identify(src/shell_interfaces) by extensions ['ignore', 'ignore_ament_install']
[0.537s] Level 1:colcon.colcon_core.package_identification:_identify(src/shell_interfaces) by extension 'ignore'
[0.537s] Level 1:colcon.colcon_core.package_identification:_identify(src/shell_interfaces) by extension 'ignore_ament_install'
[0.537s] Level 1:colcon.colcon_core.package_identification:_identify(src/shell_interfaces) by extensions ['colcon_pkg']
[0.537s] Level 1:colcon.colcon_core.package_identification:_identify(src/shell_interfaces) by extension 'colcon_pkg'
[0.537s] Level 1:colcon.colcon_core.package_identification:_identify(src/shell_interfaces) by extensions ['colcon_meta']
[0.537s] Level 1:colcon.colcon_core.package_identification:_identify(src/shell_interfaces) by extension 'colcon_meta'
[0.537s] Level 1:colcon.colcon_core.package_identification:_identify(src/shell_interfaces) by extensions ['ros']
[0.537s] Level 1:colcon.colcon_core.package_identification:_identify(src/shell_interfaces) by extension 'ros'
[0.540s] DEBUG:colcon.colcon_core.package_identification:Package 'src/shell_interfaces' with type 'ros.ament_cmake' and name 'shell_interfaces'
[0.540s] Level 1:colcon.colcon_core.package_identification:_identify(src/shell_planning) by extensions ['ignore', 'ignore_ament_install']
[0.540s] Level 1:colcon.colcon_core.package_identification:_identify(src/shell_planning) by extension 'ignore'
[0.541s] Level 1:colcon.colcon_core.package_identification:_identify(src/shell_planning) by extension 'ignore_ament_install'
[0.541s] Level 1:colcon.colcon_core.package_identification:_identify(src/shell_planning) by extensions ['colcon_pkg']
[0.541s] Level 1:colcon.colcon_core.package_identification:_identify(src/shell_planning) by extension 'colcon_pkg'
[0.541s] Level 1:colcon.colcon_core.package_identification:_identify(src/shell_planning) by extensions ['colcon_meta']
[0.541s] Level 1:colcon.colcon_core.package_identification:_identify(src/shell_planning) by extension 'colcon_meta'
[0.541s] Level 1:colcon.colcon_core.package_identification:_identify(src/shell_planning) by extensions ['ros']
[0.541s] Level 1:colcon.colcon_core.package_identification:_identify(src/shell_planning) by extension 'ros'
[0.541s] DEBUG:colcon.colcon_core.package_identification:Package 'src/shell_planning' with type 'ros.ament_python' and name 'shell_planning'
[0.542s] Level 1:colcon.colcon_core.package_identification:_identify(src/shell_test_nodes) by extensions ['ignore', 'ignore_ament_install']
[0.542s] Level 1:colcon.colcon_core.package_identification:_identify(src/shell_test_nodes) by extension 'ignore'
[0.542s] Level 1:colcon.colcon_core.package_identification:_identify(src/shell_test_nodes) by extension 'ignore_ament_install'
[0.542s] Level 1:colcon.colcon_core.package_identification:_identify(src/shell_test_nodes) by extensions ['colcon_pkg']
[0.542s] Level 1:colcon.colcon_core.package_identification:_identify(src/shell_test_nodes) by extension 'colcon_pkg'
[0.542s] Level 1:colcon.colcon_core.package_identification:_identify(src/shell_test_nodes) by extensions ['colcon_meta']
[0.542s] Level 1:colcon.colcon_core.package_identification:_identify(src/shell_test_nodes) by extension 'colcon_meta'
[0.542s] Level 1:colcon.colcon_core.package_identification:_identify(src/shell_test_nodes) by extensions ['ros']
[0.542s] Level 1:colcon.colcon_core.package_identification:_identify(src/shell_test_nodes) by extension 'ros'
[0.543s] DEBUG:colcon.colcon_core.package_identification:Package 'src/shell_test_nodes' with type 'ros.ament_python' and name 'shell_test_nodes'
[0.543s] Level 1:colcon.colcon_core.package_identification:_identify(src/shell_visualization) by extensions ['ignore', 'ignore_ament_install']
[0.543s] Level 1:colcon.colcon_core.package_identification:_identify(src/shell_visualization) by extension 'ignore'
[0.543s] Level 1:colcon.colcon_core.package_identification:_identify(src/shell_visualization) by extension 'ignore_ament_install'
[0.543s] Level 1:colcon.colcon_core.package_identification:_identify(src/shell_visualization) by extensions ['colcon_pkg']
[0.543s] Level 1:colcon.colcon_core.package_identification:_identify(src/shell_visualization) by extension 'colcon_pkg'
[0.543s] Level 1:colcon.colcon_core.package_identification:_identify(src/shell_visualization) by extensions ['colcon_meta']
[0.543s] Level 1:colcon.colcon_core.package_identification:_identify(src/shell_visualization) by extension 'colcon_meta'
[0.543s] Level 1:colcon.colcon_core.package_identification:_identify(src/shell_visualization) by extensions ['ros']
[0.543s] Level 1:colcon.colcon_core.package_identification:_identify(src/shell_visualization) by extension 'ros'
[0.544s] DEBUG:colcon.colcon_core.package_identification:Package 'src/shell_visualization' with type 'ros.ament_python' and name 'shell_visualization'
[0.544s] Level 1:colcon.colcon_core.package_discovery:discover_packages(recursive) using defaults
[0.544s] Level 1:colcon.colcon_core.package_discovery:discover_packages(ignore) discover
[0.544s] Level 1:colcon.colcon_core.package_discovery:discover_packages(ignore) using defaults
[0.544s] Level 1:colcon.colcon_core.package_discovery:discover_packages(path) discover
[0.544s] Level 1:colcon.colcon_core.package_discovery:discover_packages(path) using defaults
[0.573s] Level 1:colcon.colcon_core.package_discovery:discover_packages(prefix_path) check parameters
[0.573s] Level 1:colcon.colcon_core.package_discovery:discover_packages(prefix_path) discover
[0.575s] DEBUG:colcon.colcon_installed_package_information.package_discovery:Found 4 installed packages in /home/esraamustafa/path_planning/Path_Planning_Shell_AI/ros2_sim/install
[0.576s] DEBUG:colcon.colcon_installed_package_information.package_discovery:Found 271 installed packages in /opt/ros/humble
[0.577s] Level 1:colcon.colcon_core.package_discovery:discover_packages(prefix_path) using defaults
[0.607s] Level 5:colcon.colcon_core.verb:set package 'shell_interfaces' build argument 'cmake_args' from command line to 'None'
[0.607s] Level 5:colcon.colcon_core.verb:set package 'shell_interfaces' build argument 'cmake_target' from command line to 'None'
[0.607s] Level 5:colcon.colcon_core.verb:set package 'shell_interfaces' build argument 'cmake_target_skip_unavailable' from command line to 'False'
[0.607s] Level 5:colcon.colcon_core.verb:set package 'shell_interfaces' build argument 'cmake_clean_cache' from command line to 'False'
[0.607s] Level 5:colcon.colcon_core.verb:set package 'shell_interfaces' build argument 'cmake_clean_first' from command line to 'False'
[0.607s] Level 5:colcon.colcon_core.verb:set package 'shell_interfaces' build argument 'cmake_force_configure' from command line to 'False'
[0.607s] Level 5:colcon.colcon_core.verb:set package 'shell_interfaces' build argument 'ament_cmake_args' from command line to 'None'
[0.607s] Level 5:colcon.colcon_core.verb:set package 'shell_interfaces' build argument 'catkin_cmake_args' from command line to 'None'
[0.607s] Level 5:colcon.colcon_core.verb:set package 'shell_interfaces' build argument 'catkin_skip_building_tests' from command line to 'False'
[0.607s] DEBUG:colcon.colcon_core.verb:Building package 'shell_interfaces' with the following arguments: {'ament_cmake_args': None, 'build_base': '/home/esraamustafa/path_planning/Path_Planning_Shell_AI/ros2_sim/build/shell_interfaces', 'catkin_cmake_args': None, 'catkin_skip_building_tests': False, 'cmake_args': None, 'cmake_clean_cache': False, 'cmake_clean_first': False, 'cmake_force_configure': False, 'cmake_target': None, 'cmake_target_skip_unavailable': False, 'install_base': '/home/esraamustafa/path_planning/Path_Planning_Shell_AI/ros2_sim/install/shell_interfaces', 'merge_install': False, 'path': '/home/esraamustafa/path_planning/Path_Planning_Shell_AI/ros2_sim/src/shell_interfaces', 'symlink_install': True, 'test_result_base': None}
[0.607s] Level 5:colcon.colcon_core.verb:set package 'shell_planning' build argument 'cmake_args' from command line to 'None'
[0.608s] Level 5:colcon.colcon_core.verb:set package 'shell_planning' build argument 'cmake_target' from command line to 'None'
[0.608s] Level 5:colcon.colcon_core.verb:set package 'shell_planning' build argument 'cmake_target_skip_unavailable' from command line to 'False'
[0.608s] Level 5:colcon.colcon_core.verb:set package 'shell_planning' build argument 'cmake_clean_cache' from command line to 'False'
[0.608s] Level 5:colcon.colcon_core.verb:set package 'shell_planning' build argument 'cmake_clean_first' from command line to 'False'
[0.608s] Level 5:colcon.colcon_core.verb:set package 'shell_planning' build argument 'cmake_force_configure' from command line to 'False'
[0.608s] Level 5:colcon.colcon_core.verb:set package 'shell_planning' build argument 'ament_cmake_args' from command line to 'None'
[0.608s] Level 5:colcon.colcon_core.verb:set package 'shell_planning' build argument 'catkin_cmake_args' from command line to 'None'
[0.608s] Level 5:colcon.colcon_core.verb:set package 'shell_planning' build argument 'catkin_skip_building_tests' from command line to 'False'
[0.608s] DEBUG:colcon.colcon_core.verb:Building package 'shell_planning' with the following arguments: {'ament_cmake_args': None, 'build_base': '/home/esraamustafa/path_planning/Path_Planning_Shell_AI/ros2_sim/build/shell_planning', 'catkin_cmake_args': None, 'catkin_skip_building_tests': False, 'cmake_args': None, 'cmake_clean_cache': False, 'cmake_clean_first': False, 'cmake_force_configure': False, 'cmake_target': None, 'cmake_target_skip_unavailable': False, 'install_base': '/home/esraamustafa/path_planning/Path_Planning_Shell_AI/ros2_sim/install/shell_planning', 'merge_install': False, 'path': '/home/esraamustafa/path_planning/Path_Planning_Shell_AI/ros2_sim/src/shell_planning', 'symlink_install': True, 'test_result_base': None}
[0.608s] Level 5:colcon.colcon_core.verb:set package 'shell_test_nodes' build argument 'cmake_args' from command line to 'None'
[0.608s] Level 5:colcon.colcon_core.verb:set package 'shell_test_nodes' build argument 'cmake_target' from command line to 'None'
[0.608s] Level 5:colcon.colcon_core.verb:set package 'shell_test_nodes' build argument 'cmake_target_skip_unavailable' from command line to 'False'
[0.608s] Level 5:colcon.colcon_core.verb:set package 'shell_test_nodes' build argument 'cmake_clean_cache' from command line to 'False'
[0.608s] Level 5:colcon.colcon_core.verb:set package 'shell_test_nodes' build argument 'cmake_clean_first' from command line to 'False'
[0.608s] Level 5:colcon.colcon_core.verb:set package 'shell_test_nodes' build argument 'cmake_force_configure' from command line to 'False'
[0.608s] Level 5:colcon.colcon_core.verb:set package 'shell_test_nodes' build argument 'ament_cmake_args' from command line to 'None'
[0.608s] Level 5:colcon.colcon_core.verb:set package 'shell_test_nodes' build argument 'catkin_cmake_args' from command line to 'None'
[0.608s] Level 5:colcon.colcon_core.verb:set package 'shell_test_nodes' build argument 'catkin_skip_building_tests' from command line to 'False'
[0.608s] DEBUG:colcon.colcon_core.verb:Building package 'shell_test_nodes' with the following arguments: {'ament_cmake_args': None, 'build_base': '/home/esraamustafa/path_planning/Path_Planning_Shell_AI/ros2_sim/build/shell_test_nodes', 'catkin_cmake_args': None, 'catkin_skip_building_tests': False, 'cmake_args': None, 'cmake_clean_cache': False, 'cmake_clean_first': False, 'cmake_force_configure': False, 'cmake_target': None, 'cmake_target_skip_unavailable': False, 'install_base': '/home/esraamustafa/path_planning/Path_Planning_Shell_AI/ros2_sim/install/shell_test_nodes', 'merge_install': False, 'path': '/home/esraamustafa/path_planning/Path_Planning_Shell_AI/ros2_sim/src/shell_test_nodes', 'symlink_install': True, 'test_result_base': None}
[0.608s] Level 5:colcon.colcon_core.verb:set package 'shell_visualization' build argument 'cmake_args' from command line to 'None'
[0.608s] Level 5:colcon.colcon_core.verb:set package 'shell_visualization' build argument 'cmake_target' from command line to 'None'
[0.608s] Level 5:colcon.colcon_core.verb:set package 'shell_visualization' build argument 'cmake_target_skip_unavailable' from command line to 'False'
[0.608s] Level 5:colcon.colcon_core.verb:set package 'shell_visualization' build argument 'cmake_clean_cache' from command line to 'False'
[0.609s] Level 5:colcon.colcon_core.verb:set package 'shell_visualization' build argument 'cmake_clean_first' from command line to 'False'
[0.609s] Level 5:colcon.colcon_core.verb:set package 'shell_visualization' build argument 'cmake_force_configure' from command line to 'False'
[0.609s] Level 5:colcon.colcon_core.verb:set package 'shell_visualization' build argument 'ament_cmake_args' from command line to 'None'
[0.609s] Level 5:colcon.colcon_core.verb:set package 'shell_visualization' build argument 'catkin_cmake_args' from command line to 'None'
[0.609s] Level 5:colcon.colcon_core.verb:set package 'shell_visualization' build argument 'catkin_skip_building_tests' from command line to 'False'
[0.609s] DEBUG:colcon.colcon_core.verb:Building package 'shell_visualization' with the following arguments: {'ament_cmake_args': None, 'build_base': '/home/esraamustafa/path_planning/Path_Planning_Shell_AI/ros2_sim/build/shell_visualization', 'catkin_cmake_args': None, 'catkin_skip_building_tests': False, 'cmake_args': None, 'cmake_clean_cache': False, 'cmake_clean_first': False, 'cmake_force_configure': False, 'cmake_target': None, 'cmake_target_skip_unavailable': False, 'install_base': '/home/esraamustafa/path_planning/Path_Planning_Shell_AI/ros2_sim/install/shell_visualization', 'merge_install': False, 'path': '/home/esraamustafa/path_planning/Path_Planning_Shell_AI/ros2_sim/src/shell_visualization', 'symlink_install': True, 'test_result_base': None}
[0.609s] INFO:colcon.colcon_core.executor:Executing jobs using 'parallel' executor
[0.610s] DEBUG:colcon.colcon_parallel_executor.executor.parallel:run_until_complete
[0.611s] INFO:colcon.colcon_ros.task.ament_cmake.build:Building ROS package in '/home/esraamustafa/path_planning/Path_Planning_Shell_AI/ros2_sim/src/shell_interfaces' with build type 'ament_cmake'
[0.611s] INFO:colcon.colcon_cmake.task.cmake.build:Building CMake package in '/home/esraamustafa/path_planning/Path_Planning_Shell_AI/ros2_sim/src/shell_interfaces'
[0.614s] INFO:colcon.colcon_core.plugin_system:Skipping extension 'colcon_core.shell.bat': Not used on non-Windows systems
[0.614s] INFO:colcon.colcon_core.shell:Skip shell extension 'powershell' for command environment: Not usable outside of PowerShell
[0.614s] DEBUG:colcon.colcon_core.shell:Skip shell extension 'dsv' for command environment
[0.619s] INFO:colcon.colcon_ros.task.ament_python.build:Building ROS package in '/home/esraamustafa/path_planning/Path_Planning_Shell_AI/ros2_sim/src/shell_planning' with build type 'ament_python'
[0.619s] Level 1:colcon.colcon_core.shell:create_environment_hook('shell_planning', 'ament_prefix_path')
[0.620s] INFO:colcon.colcon_core.shell:Creating environment hook '/home/esraamustafa/path_planning/Path_Planning_Shell_AI/ros2_sim/install/shell_planning/share/shell_planning/hook/ament_prefix_path.ps1'
[0.621s] INFO:colcon.colcon_core.shell:Creating environment descriptor '/home/esraamustafa/path_planning/Path_Planning_Shell_AI/ros2_sim/install/shell_planning/share/shell_planning/hook/ament_prefix_path.dsv'
[0.622s] INFO:colcon.colcon_core.shell:Creating environment hook '/home/esraamustafa/path_planning/Path_Planning_Shell_AI/ros2_sim/install/shell_planning/share/shell_planning/hook/ament_prefix_path.sh'
[0.627s] INFO:colcon.colcon_core.shell:Skip shell extension 'powershell' for command environment: Not usable outside of PowerShell
[0.627s] DEBUG:colcon.colcon_core.shell:Skip shell extension 'dsv' for command environment
[0.636s] DEBUG:colcon.colcon_core.event_handler.log_command:Invoking command in '/home/esraamustafa/path_planning/Path_Planning_Shell_AI/ros2_sim/build/shell_interfaces': CMAKE_PREFIX_PATH=${CMAKE_PREFIX_PATH}:/home/esraamustafa/path_planning/Path_Planning_Shell_AI/ros2_sim/install/shell_visualization:/home/esraamustafa/path_planning/Path_Planning_Shell_AI/ros2_sim/install/shell_test_nodes:/home/esraamustafa/path_planning/Path_Planning_Shell_AI/ros2_sim/install/shell_planning:/opt/ros/humble /usr/bin/cmake --build /home/esraamustafa/path_planning/Path_Planning_Shell_AI/ros2_sim/build/shell_interfaces -- -j12 -l12
[1.164s] INFO:colcon.colcon_core.task.python.build:Building Python package in '/home/esraamustafa/path_planning/Path_Planning_Shell_AI/ros2_sim/src/shell_planning'
[1.165s] INFO:colcon.colcon_core.shell:Skip shell extension 'powershell' for command environment: Not usable outside of PowerShell
[1.165s] DEBUG:colcon.colcon_core.shell:Skip shell extension 'dsv' for command environment
[1.420s] DEBUG:colcon.colcon_core.event_handler.log_command:Invoked command in '/home/esraamustafa/path_planning/Path_Planning_Shell_AI/ros2_sim/build/shell_interfaces' returned '0': CMAKE_PREFIX_PATH=${CMAKE_PREFIX_PATH}:/home/esraamustafa/path_planning/Path_Planning_Shell_AI/ros2_sim/install/shell_visualization:/home/esraamustafa/path_planning/Path_Planning_Shell_AI/ros2_sim/install/shell_test_nodes:/home/esraamustafa/path_planning/Path_Planning_Shell_AI/ros2_sim/install/shell_planning:/opt/ros/humble /usr/bin/cmake --build /home/esraamustafa/path_planning/Path_Planning_Shell_AI/ros2_sim/build/shell_interfaces -- -j12 -l12
[1.459s] DEBUG:colcon.colcon_core.event_handler.log_command:Invoking command in '/home/esraamustafa/path_planning/Path_Planning_Shell_AI/ros2_sim/build/shell_interfaces': CMAKE_PREFIX_PATH=${CMAKE_PREFIX_PATH}:/home/esraamustafa/path_planning/Path_Planning_Shell_AI/ros2_sim/install/shell_visualization:/home/esraamustafa/path_planning/Path_Planning_Shell_AI/ros2_sim/install/shell_test_nodes:/home/esraamustafa/path_planning/Path_Planning_Shell_AI/ros2_sim/install/shell_planning:/opt/ros/humble /usr/bin/cmake --install /home/esraamustafa/path_planning/Path_Planning_Shell_AI/ros2_sim/build/shell_interfaces
[1.689s] Level 1:colcon.colcon_core.environment:create_environment_scripts_only(shell_interfaces)
[1.692s] DEBUG:colcon.colcon_core.event_handler.log_command:Invoked command in '/home/esraamustafa/path_planning/Path_Planning_Shell_AI/ros2_sim/build/shell_interfaces' returned '0': CMAKE_PREFIX_PATH=${CMAKE_PREFIX_PATH}:/home/esraamustafa/path_planning/Path_Planning_Shell_AI/ros2_sim/install/shell_visualization:/home/esraamustafa/path_planning/Path_Planning_Shell_AI/ros2_sim/install/shell_test_nodes:/home/esraamustafa/path_planning/Path_Planning_Shell_AI/ros2_sim/install/shell_planning:/opt/ros/humble /usr/bin/cmake --install /home/esraamustafa/path_planning/Path_Planning_Shell_AI/ros2_sim/build/shell_interfaces
[1.696s] Level 1:colcon.colcon_core.environment:checking '/home/esraamustafa/path_planning/Path_Planning_Shell_AI/ros2_sim/install/shell_interfaces' for CMake module files
[1.697s] Level 1:colcon.colcon_core.environment:checking '/home/esraamustafa/path_planning/Path_Planning_Shell_AI/ros2_sim/install/shell_interfaces' for CMake config files
[1.699s] Level 1:colcon.colcon_core.shell:create_environment_hook('shell_interfaces', 'cmake_prefix_path')
[1.699s] INFO:colcon.colcon_core.shell:Creating environment hook '/home/esraamustafa/path_planning/Path_Planning_Shell_AI/ros2_sim/install/shell_interfaces/share/shell_interfaces/hook/cmake_prefix_path.ps1'
[1.701s] INFO:colcon.colcon_core.shell:Creating environment descriptor '/home/esraamustafa/path_planning/Path_Planning_Shell_AI/ros2_sim/install/shell_interfaces/share/shell_interfaces/hook/cmake_prefix_path.dsv'
[1.703s] INFO:colcon.colcon_core.shell:Creating environment hook '/home/esraamustafa/path_planning/Path_Planning_Shell_AI/ros2_sim/install/shell_interfaces/share/shell_interfaces/hook/cmake_prefix_path.sh'
[1.705s] Level 1:colcon.colcon_core.environment:checking '/home/esraamustafa/path_planning/Path_Planning_Shell_AI/ros2_sim/install/shell_interfaces/lib'
[1.706s] Level 1:colcon.colcon_core.shell:create_environment_hook('shell_interfaces', 'ld_library_path_lib')
[1.707s] INFO:colcon.colcon_core.shell:Creating environment hook '/home/esraamustafa/path_planning/Path_Planning_Shell_AI/ros2_sim/install/shell_interfaces/share/shell_interfaces/hook/ld_library_path_lib.ps1'
[1.708s] INFO:colcon.colcon_core.shell:Creating environment descriptor '/home/esraamustafa/path_planning/Path_Planning_Shell_AI/ros2_sim/install/shell_interfaces/share/shell_interfaces/hook/ld_library_path_lib.dsv'
[1.709s] INFO:colcon.colcon_core.shell:Creating environment hook '/home/esraamustafa/path_planning/Path_Planning_Shell_AI/ros2_sim/install/shell_interfaces/share/shell_interfaces/hook/ld_library_path_lib.sh'
[1.709s] Level 1:colcon.colcon_core.environment:checking '/home/esraamustafa/path_planning/Path_Planning_Shell_AI/ros2_sim/install/shell_interfaces/bin'
[1.710s] Level 1:colcon.colcon_core.environment:checking '/home/esraamustafa/path_planning/Path_Planning_Shell_AI/ros2_sim/install/shell_interfaces/lib/pkgconfig/shell_interfaces.pc'
[1.710s] Level 1:colcon.colcon_core.environment:checking '/home/esraamustafa/path_planning/Path_Planning_Shell_AI/ros2_sim/install/shell_interfaces/lib/python3.10/site-packages'
[1.710s] Level 1:colcon.colcon_core.environment:checking '/home/esraamustafa/path_planning/Path_Planning_Shell_AI/ros2_sim/install/shell_interfaces/bin'
[1.711s] INFO:colcon.colcon_core.shell:Creating package script '/home/esraamustafa/path_planning/Path_Planning_Shell_AI/ros2_sim/install/shell_interfaces/share/shell_interfaces/package.ps1'
[1.712s] INFO:colcon.colcon_core.shell:Creating package descriptor '/home/esraamustafa/path_planning/Path_Planning_Shell_AI/ros2_sim/install/shell_interfaces/share/shell_interfaces/package.dsv'
[1.714s] INFO:colcon.colcon_core.shell:Creating package script '/home/esraamustafa/path_planning/Path_Planning_Shell_AI/ros2_sim/install/shell_interfaces/share/shell_interfaces/package.sh'
[1.716s] INFO:colcon.colcon_core.shell:Creating package script '/home/esraamustafa/path_planning/Path_Planning_Shell_AI/ros2_sim/install/shell_interfaces/share/shell_interfaces/package.bash'
[1.718s] INFO:colcon.colcon_core.shell:Creating package script '/home/esraamustafa/path_planning/Path_Planning_Shell_AI/ros2_sim/install/shell_interfaces/share/shell_interfaces/package.zsh'
[1.719s] Level 1:colcon.colcon_core.environment:create_file_with_runtime_dependencies(/home/esraamustafa/path_planning/Path_Planning_Shell_AI/ros2_sim/install/shell_interfaces/share/colcon-core/packages/shell_interfaces)
[1.721s] Level 1:colcon.colcon_core.environment:create_environment_scripts_only(shell_interfaces)
[1.721s] Level 1:colcon.colcon_core.environment:checking '/home/esraamustafa/path_planning/Path_Planning_Shell_AI/ros2_sim/install/shell_interfaces' for CMake module files
[1.722s] Level 1:colcon.colcon_core.environment:checking '/home/esraamustafa/path_planning/Path_Planning_Shell_AI/ros2_sim/install/shell_interfaces' for CMake config files
[1.724s] Level 1:colcon.colcon_core.shell:create_environment_hook('shell_interfaces', 'cmake_prefix_path')
[1.724s] INFO:colcon.colcon_core.shell:Creating environment hook '/home/esraamustafa/path_planning/Path_Planning_Shell_AI/ros2_sim/install/shell_interfaces/share/shell_interfaces/hook/cmake_prefix_path.ps1'
[1.725s] INFO:colcon.colcon_core.shell:Creating environment descriptor '/home/esraamustafa/path_planning/Path_Planning_Shell_AI/ros2_sim/install/shell_interfaces/share/shell_interfaces/hook/cmake_prefix_path.dsv'
[1.726s] INFO:colcon.colcon_core.shell:Creating environment hook '/home/esraamustafa/path_planning/Path_Planning_Shell_AI/ros2_sim/install/shell_interfaces/share/shell_interfaces/hook/cmake_prefix_path.sh'
[1.727s] Level 1:colcon.colcon_core.environment:checking '/home/esraamustafa/path_planning/Path_Planning_Shell_AI/ros2_sim/install/shell_interfaces/lib'
[1.727s] Level 1:colcon.colcon_core.shell:create_environment_hook('shell_interfaces', 'ld_library_path_lib')
[1.727s] INFO:colcon.colcon_core.shell:Creating environment hook '/home/esraamustafa/path_planning/Path_Planning_Shell_AI/ros2_sim/install/shell_interfaces/share/shell_interfaces/hook/ld_library_path_lib.ps1'
[1.728s] INFO:colcon.colcon_core.shell:Creating environment descriptor '/home/esraamustafa/path_planning/Path_Planning_Shell_AI/ros2_sim/install/shell_interfaces/share/shell_interfaces/hook/ld_library_path_lib.dsv'
[1.729s] INFO:colcon.colcon_core.shell:Creating environment hook '/home/esraamustafa/path_planning/Path_Planning_Shell_AI/ros2_sim/install/shell_interfaces/share/shell_interfaces/hook/ld_library_path_lib.sh'
[1.729s] Level 1:colcon.colcon_core.environment:checking '/home/esraamustafa/path_planning/Path_Planning_Shell_AI/ros2_sim/install/shell_interfaces/bin'
[1.729s] Level 1:colcon.colcon_core.environment:checking '/home/esraamustafa/path_planning/Path_Planning_Shell_AI/ros2_sim/install/shell_interfaces/lib/pkgconfig/shell_interfaces.pc'
[1.730s] Level 1:colcon.colcon_core.environment:checking '/home/esraamustafa/path_planning/Path_Planning_Shell_AI/ros2_sim/install/shell_interfaces/lib/python3.10/site-packages'
[1.731s] Level 1:colcon.colcon_core.environment:checking '/home/esraamustafa/path_planning/Path_Planning_Shell_AI/ros2_sim/install/shell_interfaces/bin'
[1.732s] INFO:colcon.colcon_core.shell:Creating package script '/home/esraamustafa/path_planning/Path_Planning_Shell_AI/ros2_sim/install/shell_interfaces/share/shell_interfaces/package.ps1'
[1.733s] INFO:colcon.colcon_core.shell:Creating package descriptor '/home/esraamustafa/path_planning/Path_Planning_Shell_AI/ros2_sim/install/shell_interfaces/share/shell_interfaces/package.dsv'
[1.741s] INFO:colcon.colcon_core.shell:Creating package script '/home/esraamustafa/path_planning/Path_Planning_Shell_AI/ros2_sim/install/shell_interfaces/share/shell_interfaces/package.sh'
[1.750s] INFO:colcon.colcon_core.shell:Creating package script '/home/esraamustafa/path_planning/Path_Planning_Shell_AI/ros2_sim/install/shell_interfaces/share/shell_interfaces/package.bash'
[1.752s] INFO:colcon.colcon_core.shell:Creating package script '/home/esraamustafa/path_planning/Path_Planning_Shell_AI/ros2_sim/install/shell_interfaces/share/shell_interfaces/package.zsh'
[1.754s] Level 1:colcon.colcon_core.environment:create_file_with_runtime_dependencies(/home/esraamustafa/path_planning/Path_Planning_Shell_AI/ros2_sim/install/shell_interfaces/share/colcon-core/packages/shell_interfaces)
[1.755s] INFO:colcon.colcon_ros.task.ament_python.build:Building ROS package in '/home/esraamustafa/path_planning/Path_Planning_Shell_AI/ros2_sim/src/shell_test_nodes' with build type 'ament_python'
[1.758s] Level 1:colcon.colcon_core.shell:create_environment_hook('shell_test_nodes', 'ament_prefix_path')
[1.760s] INFO:colcon.colcon_core.shell:Creating environment hook '/home/esraamustafa/path_planning/Path_Planning_Shell_AI/ros2_sim/install/shell_test_nodes/share/shell_test_nodes/hook/ament_prefix_path.ps1'
[1.763s] INFO:colcon.colcon_core.shell:Creating environment descriptor '/home/esraamustafa/path_planning/Path_Planning_Shell_AI/ros2_sim/install/shell_test_nodes/share/shell_test_nodes/hook/ament_prefix_path.dsv'
[1.764s] INFO:colcon.colcon_core.shell:Creating environment hook '/home/esraamustafa/path_planning/Path_Planning_Shell_AI/ros2_sim/install/shell_test_nodes/share/shell_test_nodes/hook/ament_prefix_path.sh'
[1.766s] INFO:colcon.colcon_core.shell:Skip shell extension 'powershell' for command environment: Not usable outside of PowerShell
[1.766s] DEBUG:colcon.colcon_core.shell:Skip shell extension 'dsv' for command environment
[1.775s] INFO:colcon.colcon_ros.task.ament_python.build:Building ROS package in '/home/esraamustafa/path_planning/Path_Planning_Shell_AI/ros2_sim/src/shell_visualization' with build type 'ament_python'
[1.776s] Level 1:colcon.colcon_core.shell:create_environment_hook('shell_visualization', 'ament_prefix_path')
[1.777s] INFO:colcon.colcon_core.shell:Creating environment hook '/home/esraamustafa/path_planning/Path_Planning_Shell_AI/ros2_sim/install/shell_visualization/share/shell_visualization/hook/ament_prefix_path.ps1'
[1.781s] INFO:colcon.colcon_core.shell:Creating environment descriptor '/home/esraamustafa/path_planning/Path_Planning_Shell_AI/ros2_sim/install/shell_visualization/share/shell_visualization/hook/ament_prefix_path.dsv'
[1.783s] INFO:colcon.colcon_core.shell:Creating environment hook '/home/esraamustafa/path_planning/Path_Planning_Shell_AI/ros2_sim/install/shell_visualization/share/shell_visualization/hook/ament_prefix_path.sh'
[1.784s] INFO:colcon.colcon_core.shell:Skip shell extension 'powershell' for command environment: Not usable outside of PowerShell
[1.785s] DEBUG:colcon.colcon_core.shell:Skip shell extension 'dsv' for command environment
[2.128s] DEBUG:colcon.colcon_core.event_handler.log_command:Invoking command in '/home/esraamustafa/path_planning/Path_Planning_Shell_AI/ros2_sim/build/shell_planning': PYTHONPATH=/home/esraamustafa/path_planning/Path_Planning_Shell_AI/ros2_sim/build/shell_planning/prefix_override:/usr/lib/python3/dist-packages/colcon_core/task/python/colcon_distutils_commands:/home/esraamustafa/path_planning/Path_Planning_Shell_AI/ros2_sim/install/shell_planning/lib/python3.10/site-packages:${PYTHONPATH} /usr/bin/python3 -W ignore:setup.py install is deprecated -W ignore:easy_install command is deprecated setup.py develop --editable --build-directory /home/esraamustafa/path_planning/Path_Planning_Shell_AI/ros2_sim/build/shell_planning/build --no-deps symlink_data
[5.724s] INFO:colcon.colcon_core.task.python.build:Building Python package in '/home/esraamustafa/path_planning/Path_Planning_Shell_AI/ros2_sim/src/shell_visualization'
[5.724s] INFO:colcon.colcon_core.shell:Skip shell extension 'powershell' for command environment: Not usable outside of PowerShell
[5.724s] DEBUG:colcon.colcon_core.shell:Skip shell extension 'dsv' for command environment
[6.226s] WARNING:colcon.colcon_ros.task.ament_python.build:Package 'shell_test_nodes' doesn't explicitly install a marker in the package index (colcon-ros currently does it implicitly but that fallback will be removed in the future)
[6.227s] WARNING:colcon.colcon_ros.task.ament_python.build:Package 'shell_test_nodes' doesn't explicitly install the 'package.xml' file (colcon-ros currently does it implicitly but that fallback will be removed in the future)
[6.227s] INFO:colcon.colcon_core.task.python.build:Building Python package in '/home/esraamustafa/path_planning/Path_Planning_Shell_AI/ros2_sim/src/shell_test_nodes'
[6.227s] INFO:colcon.colcon_core.shell:Skip shell extension 'powershell' for command environment: Not usable outside of PowerShell
[6.227s] DEBUG:colcon.colcon_core.shell:Skip shell extension 'dsv' for command environment
[6.237s] Level 1:colcon.colcon_core.shell:create_environment_hook('shell_planning', 'pythonpath_develop')
[6.238s] INFO:colcon.colcon_core.shell:Creating environment hook '/home/esraamustafa/path_planning/Path_Planning_Shell_AI/ros2_sim/build/shell_planning/share/shell_planning/hook/pythonpath_develop.ps1'
[6.240s] DEBUG:colcon.colcon_core.event_handler.log_command:Invoked command in '/home/esraamustafa/path_planning/Path_Planning_Shell_AI/ros2_sim/build/shell_planning' returned '0': PYTHONPATH=/home/esraamustafa/path_planning/Path_Planning_Shell_AI/ros2_sim/build/shell_planning/prefix_override:/usr/lib/python3/dist-packages/colcon_core/task/python/colcon_distutils_commands:/home/esraamustafa/path_planning/Path_Planning_Shell_AI/ros2_sim/install/shell_planning/lib/python3.10/site-packages:${PYTHONPATH} /usr/bin/python3 -W ignore:setup.py install is deprecated -W ignore:easy_install command is deprecated setup.py develop --editable --build-directory /home/esraamustafa/path_planning/Path_Planning_Shell_AI/ros2_sim/build/shell_planning/build --no-deps symlink_data
[6.240s] INFO:colcon.colcon_core.shell:Creating environment descriptor '/home/esraamustafa/path_planning/Path_Planning_Shell_AI/ros2_sim/build/shell_planning/share/shell_planning/hook/pythonpath_develop.dsv'
[6.244s] INFO:colcon.colcon_core.shell:Creating environment hook '/home/esraamustafa/path_planning/Path_Planning_Shell_AI/ros2_sim/build/shell_planning/share/shell_planning/hook/pythonpath_develop.sh'
[6.246s] Level 1:colcon.colcon_core.environment:checking '/home/esraamustafa/path_planning/Path_Planning_Shell_AI/ros2_sim/install/shell_planning' for CMake module files
[6.246s] Level 1:colcon.colcon_core.environment:checking '/home/esraamustafa/path_planning/Path_Planning_Shell_AI/ros2_sim/install/shell_planning' for CMake config files
[6.247s] Level 1:colcon.colcon_core.environment:checking '/home/esraamustafa/path_planning/Path_Planning_Shell_AI/ros2_sim/install/shell_planning/lib'
[6.247s] Level 1:colcon.colcon_core.environment:checking '/home/esraamustafa/path_planning/Path_Planning_Shell_AI/ros2_sim/install/shell_planning/bin'
[6.247s] Level 1:colcon.colcon_core.environment:checking '/home/esraamustafa/path_planning/Path_Planning_Shell_AI/ros2_sim/install/shell_planning/lib/pkgconfig/shell_planning.pc'
[6.248s] Level 1:colcon.colcon_core.environment:checking '/home/esraamustafa/path_planning/Path_Planning_Shell_AI/ros2_sim/install/shell_planning/lib/python3.10/site-packages'
[6.248s] Level 1:colcon.colcon_core.shell:create_environment_hook('shell_planning', 'pythonpath')
[6.248s] INFO:colcon.colcon_core.shell:Creating environment hook '/home/esraamustafa/path_planning/Path_Planning_Shell_AI/ros2_sim/install/shell_planning/share/shell_planning/hook/pythonpath.ps1'
[6.249s] INFO:colcon.colcon_core.shell:Creating environment descriptor '/home/esraamustafa/path_planning/Path_Planning_Shell_AI/ros2_sim/install/shell_planning/share/shell_planning/hook/pythonpath.dsv'
[6.258s] INFO:colcon.colcon_core.shell:Creating environment hook '/home/esraamustafa/path_planning/Path_Planning_Shell_AI/ros2_sim/install/shell_planning/share/shell_planning/hook/pythonpath.sh'
[6.260s] Level 1:colcon.colcon_core.environment:checking '/home/esraamustafa/path_planning/Path_Planning_Shell_AI/ros2_sim/install/shell_planning/bin'
[6.260s] Level 1:colcon.colcon_core.environment:create_environment_scripts_only(shell_planning)
[6.262s] INFO:colcon.colcon_core.shell:Creating package script '/home/esraamustafa/path_planning/Path_Planning_Shell_AI/ros2_sim/install/shell_planning/share/shell_planning/package.ps1'
[6.263s] INFO:colcon.colcon_core.shell:Creating package descriptor '/home/esraamustafa/path_planning/Path_Planning_Shell_AI/ros2_sim/install/shell_planning/share/shell_planning/package.dsv'
[6.266s] INFO:colcon.colcon_core.shell:Creating package script '/home/esraamustafa/path_planning/Path_Planning_Shell_AI/ros2_sim/install/shell_planning/share/shell_planning/package.sh'
[6.267s] INFO:colcon.colcon_core.shell:Creating package script '/home/esraamustafa/path_planning/Path_Planning_Shell_AI/ros2_sim/install/shell_planning/share/shell_planning/package.bash'
[6.272s] INFO:colcon.colcon_core.shell:Creating package script '/home/esraamustafa/path_planning/Path_Planning_Shell_AI/ros2_sim/install/shell_planning/share/shell_planning/package.zsh'
[6.275s] Level 1:colcon.colcon_core.environment:create_file_with_runtime_dependencies(/home/esraamustafa/path_planning/Path_Planning_Shell_AI/ros2_sim/install/shell_planning/share/colcon-core/packages/shell_planning)
[7.043s] DEBUG:colcon.colcon_core.event_handler.log_command:Invoking command in '/home/esraamustafa/path_planning/Path_Planning_Shell_AI/ros2_sim/build/shell_visualization': PYTHONPATH=/home/esraamustafa/path_planning/Path_Planning_Shell_AI/ros2_sim/build/shell_visualization/prefix_override:/usr/lib/python3/dist-packages/colcon_core/task/python/colcon_distutils_commands:/home/esraamustafa/path_planning/Path_Planning_Shell_AI/ros2_sim/install/shell_visualization/lib/python3.10/site-packages:${PYTHONPATH} /usr/bin/python3 -W ignore:setup.py install is deprecated -W ignore:easy_install command is deprecated setup.py develop --editable --build-directory /home/esraamustafa/path_planning/Path_Planning_Shell_AI/ros2_sim/build/shell_visualization/build --no-deps symlink_data
[7.522s] DEBUG:colcon.colcon_core.event_handler.log_command:Invoking command in '/home/esraamustafa/path_planning/Path_Planning_Shell_AI/ros2_sim/build/shell_test_nodes': PYTHONPATH=/home/esraamustafa/path_planning/Path_Planning_Shell_AI/ros2_sim/build/shell_test_nodes/prefix_override:/usr/lib/python3/dist-packages/colcon_core/task/python/colcon_distutils_commands:/home/esraamustafa/path_planning/Path_Planning_Shell_AI/ros2_sim/install/shell_test_nodes/lib/python3.10/site-packages:${PYTHONPATH} /usr/bin/python3 -W ignore:setup.py install is deprecated -W ignore:easy_install command is deprecated setup.py develop --editable --build-directory /home/esraamustafa/path_planning/Path_Planning_Shell_AI/ros2_sim/build/shell_test_nodes/build --no-deps
[8.013s] Level 1:colcon.colcon_core.shell:create_environment_hook('shell_visualization', 'pythonpath_develop')
[8.015s] INFO:colcon.colcon_core.shell:Creating environment hook '/home/esraamustafa/path_planning/Path_Planning_Shell_AI/ros2_sim/build/shell_visualization/share/shell_visualization/hook/pythonpath_develop.ps1'
[8.016s] DEBUG:colcon.colcon_core.event_handler.log_command:Invoked command in '/home/esraamustafa/path_planning/Path_Planning_Shell_AI/ros2_sim/build/shell_visualization' returned '0': PYTHONPATH=/home/esraamustafa/path_planning/Path_Planning_Shell_AI/ros2_sim/build/shell_visualization/prefix_override:/usr/lib/python3/dist-packages/colcon_core/task/python/colcon_distutils_commands:/home/esraamustafa/path_planning/Path_Planning_Shell_AI/ros2_sim/install/shell_visualization/lib/python3.10/site-packages:${PYTHONPATH} /usr/bin/python3 -W ignore:setup.py install is deprecated -W ignore:easy_install command is deprecated setup.py develop --editable --build-directory /home/esraamustafa/path_planning/Path_Planning_Shell_AI/ros2_sim/build/shell_visualization/build --no-deps symlink_data
[8.018s] INFO:colcon.colcon_core.shell:Creating environment descriptor '/home/esraamustafa/path_planning/Path_Planning_Shell_AI/ros2_sim/build/shell_visualization/share/shell_visualization/hook/pythonpath_develop.dsv'
[8.018s] INFO:colcon.colcon_core.shell:Creating environment hook '/home/esraamustafa/path_planning/Path_Planning_Shell_AI/ros2_sim/build/shell_visualization/share/shell_visualization/hook/pythonpath_develop.sh'
[8.020s] Level 1:colcon.colcon_core.environment:checking '/home/esraamustafa/path_planning/Path_Planning_Shell_AI/ros2_sim/install/shell_visualization' for CMake module files
[8.021s] Level 1:colcon.colcon_core.environment:checking '/home/esraamustafa/path_planning/Path_Planning_Shell_AI/ros2_sim/install/shell_visualization' for CMake config files
[8.022s] Level 1:colcon.colcon_core.environment:checking '/home/esraamustafa/path_planning/Path_Planning_Shell_AI/ros2_sim/install/shell_visualization/lib'
[8.022s] Level 1:colcon.colcon_core.environment:checking '/home/esraamustafa/path_planning/Path_Planning_Shell_AI/ros2_sim/install/shell_visualization/bin'
[8.022s] Level 1:colcon.colcon_core.environment:checking '/home/esraamustafa/path_planning/Path_Planning_Shell_AI/ros2_sim/install/shell_visualization/lib/pkgconfig/shell_visualization.pc'
[8.022s] Level 1:colcon.colcon_core.environment:checking '/home/esraamustafa/path_planning/Path_Planning_Shell_AI/ros2_sim/install/shell_visualization/lib/python3.10/site-packages'
[8.022s] Level 1:colcon.colcon_core.shell:create_environment_hook('shell_visualization', 'pythonpath')
[8.023s] INFO:colcon.colcon_core.shell:Creating environment hook '/home/esraamustafa/path_planning/Path_Planning_Shell_AI/ros2_sim/install/shell_visualization/share/shell_visualization/hook/pythonpath.ps1'
[8.024s] INFO:colcon.colcon_core.shell:Creating environment descriptor '/home/esraamustafa/path_planning/Path_Planning_Shell_AI/ros2_sim/install/shell_visualization/share/shell_visualization/hook/pythonpath.dsv'
[8.025s] INFO:colcon.colcon_core.shell:Creating environment hook '/home/esraamustafa/path_planning/Path_Planning_Shell_AI/ros2_sim/install/shell_visualization/share/shell_visualization/hook/pythonpath.sh'
[8.027s] Level 1:colcon.colcon_core.environment:checking '/home/esraamustafa/path_planning/Path_Planning_Shell_AI/ros2_sim/install/shell_visualization/bin'
[8.028s] Level 1:colcon.colcon_core.environment:create_environment_scripts_only(shell_visualization)
[8.029s] INFO:colcon.colcon_core.shell:Creating package script '/home/esraamustafa/path_planning/Path_Planning_Shell_AI/ros2_sim/install/shell_visualization/share/shell_visualization/package.ps1'
[8.031s] INFO:colcon.colcon_core.shell:Creating package descriptor '/home/esraamustafa/path_planning/Path_Planning_Shell_AI/ros2_sim/install/shell_visualization/share/shell_visualization/package.dsv'
[8.033s] INFO:colcon.colcon_core.shell:Creating package script '/home/esraamustafa/path_planning/Path_Planning_Shell_AI/ros2_sim/install/shell_visualization/share/shell_visualization/package.sh'
[8.037s] INFO:colcon.colcon_core.shell:Creating package script '/home/esraamustafa/path_planning/Path_Planning_Shell_AI/ros2_sim/install/shell_visualization/share/shell_visualization/package.bash'
[8.037s] INFO:colcon.colcon_core.shell:Creating package script '/home/esraamustafa/path_planning/Path_Planning_Shell_AI/ros2_sim/install/shell_visualization/share/shell_visualization/package.zsh'
[8.038s] Level 1:colcon.colcon_core.environment:create_file_with_runtime_dependencies(/home/esraamustafa/path_planning/Path_Planning_Shell_AI/ros2_sim/install/shell_visualization/share/colcon-core/packages/shell_visualization)
[8.342s] Level 1:colcon.colcon_core.shell:create_environment_hook('shell_test_nodes', 'pythonpath_develop')
[8.343s] INFO:colcon.colcon_core.shell:Creating environment hook '/home/esraamustafa/path_planning/Path_Planning_Shell_AI/ros2_sim/build/shell_test_nodes/share/shell_test_nodes/hook/pythonpath_develop.ps1'
[8.343s] DEBUG:colcon.colcon_core.event_handler.log_command:Invoked command in '/home/esraamustafa/path_planning/Path_Planning_Shell_AI/ros2_sim/build/shell_test_nodes' returned '0': PYTHONPATH=/home/esraamustafa/path_planning/Path_Planning_Shell_AI/ros2_sim/build/shell_test_nodes/prefix_override:/usr/lib/python3/dist-packages/colcon_core/task/python/colcon_distutils_commands:/home/esraamustafa/path_planning/Path_Planning_Shell_AI/ros2_sim/install/shell_test_nodes/lib/python3.10/site-packages:${PYTHONPATH} /usr/bin/python3 -W ignore:setup.py install is deprecated -W ignore:easy_install command is deprecated setup.py develop --editable --build-directory /home/esraamustafa/path_planning/Path_Planning_Shell_AI/ros2_sim/build/shell_test_nodes/build --no-deps
[8.345s] INFO:colcon.colcon_core.shell:Creating environment descriptor '/home/esraamustafa/path_planning/Path_Planning_Shell_AI/ros2_sim/build/shell_test_nodes/share/shell_test_nodes/hook/pythonpath_develop.dsv'
[8.345s] INFO:colcon.colcon_core.shell:Creating environment hook '/home/esraamustafa/path_planning/Path_Planning_Shell_AI/ros2_sim/build/shell_test_nodes/share/shell_test_nodes/hook/pythonpath_develop.sh'
[8.346s] Level 1:colcon.colcon_core.environment:checking '/home/esraamustafa/path_planning/Path_Planning_Shell_AI/ros2_sim/install/shell_test_nodes' for CMake module files
[8.346s] Level 1:colcon.colcon_core.environment:checking '/home/esraamustafa/path_planning/Path_Planning_Shell_AI/ros2_sim/install/shell_test_nodes' for CMake config files
[8.347s] Level 1:colcon.colcon_core.environment:checking '/home/esraamustafa/path_planning/Path_Planning_Shell_AI/ros2_sim/install/shell_test_nodes/lib'
[8.347s] Level 1:colcon.colcon_core.environment:checking '/home/esraamustafa/path_planning/Path_Planning_Shell_AI/ros2_sim/install/shell_test_nodes/bin'
[8.347s] Level 1:colcon.colcon_core.environment:checking '/home/esraamustafa/path_planning/Path_Planning_Shell_AI/ros2_sim/install/shell_test_nodes/lib/pkgconfig/shell_test_nodes.pc'
[8.347s] Level 1:colcon.colcon_core.environment:checking '/home/esraamustafa/path_planning/Path_Planning_Shell_AI/ros2_sim/install/shell_test_nodes/lib/python3.10/site-packages'
[8.347s] Level 1:colcon.colcon_core.shell:create_environment_hook('shell_test_nodes', 'pythonpath')
[8.348s] INFO:colcon.colcon_core.shell:Creating environment hook '/home/esraamustafa/path_planning/Path_Planning_Shell_AI/ros2_sim/install/shell_test_nodes/share/shell_test_nodes/hook/pythonpath.ps1'
[8.348s] INFO:colcon.colcon_core.shell:Creating environment descriptor '/home/esraamustafa/path_planning/Path_Planning_Shell_AI/ros2_sim/install/shell_test_nodes/share/shell_test_nodes/hook/pythonpath.dsv'
[8.349s] INFO:colcon.colcon_core.shell:Creating environment hook '/home/esraamustafa/path_planning/Path_Planning_Shell_AI/ros2_sim/install/shell_test_nodes/share/shell_test_nodes/hook/pythonpath.sh'
[8.350s] Level 1:colcon.colcon_core.environment:checking '/home/esraamustafa/path_planning/Path_Planning_Shell_AI/ros2_sim/install/shell_test_nodes/bin'
[8.350s] Level 1:colcon.colcon_core.environment:create_environment_scripts_only(shell_test_nodes)
[8.350s] INFO:colcon.colcon_core.shell:Creating package script '/home/esraamustafa/path_planning/Path_Planning_Shell_AI/ros2_sim/install/shell_test_nodes/share/shell_test_nodes/package.ps1'
[8.351s] INFO:colcon.colcon_core.shell:Creating package descriptor '/home/esraamustafa/path_planning/Path_Planning_Shell_AI/ros2_sim/install/shell_test_nodes/share/shell_test_nodes/package.dsv'
[8.352s] INFO:colcon.colcon_core.shell:Creating package script '/home/esraamustafa/path_planning/Path_Planning_Shell_AI/ros2_sim/install/shell_test_nodes/share/shell_test_nodes/package.sh'
[8.353s] INFO:colcon.colcon_core.shell:Creating package script '/home/esraamustafa/path_planning/Path_Planning_Shell_AI/ros2_sim/install/shell_test_nodes/share/shell_test_nodes/package.bash'
[8.354s] INFO:colcon.colcon_core.shell:Creating package script '/home/esraamustafa/path_planning/Path_Planning_Shell_AI/ros2_sim/install/shell_test_nodes/share/shell_test_nodes/package.zsh'
[8.355s] Level 1:colcon.colcon_core.environment:create_file_with_runtime_dependencies(/home/esraamustafa/path_planning/Path_Planning_Shell_AI/ros2_sim/install/shell_test_nodes/share/colcon-core/packages/shell_test_nodes)
[8.355s] DEBUG:colcon.colcon_parallel_executor.executor.parallel:closing loop
[8.356s] DEBUG:colcon.colcon_parallel_executor.executor.parallel:loop closed
[8.356s] DEBUG:colcon.colcon_parallel_executor.executor.parallel:run_until_complete finished with '0'
[8.357s] DEBUG:colcon.colcon_core.event_reactor:joining thread
[8.500s] INFO:colcon.colcon_core.plugin_system:Skipping extension 'colcon_notification.desktop_notification.notify_send': Could not find 'notify-send'
[8.500s] INFO:colcon.colcon_core.plugin_system:Skipping extension 'colcon_notification.desktop_notification.terminal_notifier': Not used on non-Darwin systems
[8.500s] INFO:colcon.colcon_core.plugin_system:Skipping extension 'colcon_notification.desktop_notification.win32': Not used on non-Windows systems
[8.500s] INFO:colcon.colcon_notification.desktop_notification:Sending desktop notification using 'notify2'
[8.500s] DEBUG:colcon.colcon_notification.desktop_notification.notify2:Failed to initialize notify2: org.freedesktop.DBus.Error.FileNotFound: Failed to connect to socket /run/user/1000/bus: No such file or directory
[8.501s] DEBUG:colcon.colcon_core.event_reactor:joined thread
[8.501s] INFO:colcon.colcon_core.shell:Creating prefix script '/home/esraamustafa/path_planning/Path_Planning_Shell_AI/ros2_sim/install/local_setup.ps1'
[8.502s] INFO:colcon.colcon_core.shell:Creating prefix util module '/home/esraamustafa/path_planning/Path_Planning_Shell_AI/ros2_sim/install/_local_setup_util_ps1.py'
[8.504s] INFO:colcon.colcon_core.shell:Creating prefix chain script '/home/esraamustafa/path_planning/Path_Planning_Shell_AI/ros2_sim/install/setup.ps1'
[8.505s] INFO:colcon.colcon_core.shell:Creating prefix script '/home/esraamustafa/path_planning/Path_Planning_Shell_AI/ros2_sim/install/local_setup.sh'
[8.505s] INFO:colcon.colcon_core.shell:Creating prefix util module '/home/esraamustafa/path_planning/Path_Planning_Shell_AI/ros2_sim/install/_local_setup_util_sh.py'
[8.506s] INFO:colcon.colcon_core.shell:Creating prefix chain script '/home/esraamustafa/path_planning/Path_Planning_Shell_AI/ros2_sim/install/setup.sh'
[8.508s] INFO:colcon.colcon_core.shell:Creating prefix script '/home/esraamustafa/path_planning/Path_Planning_Shell_AI/ros2_sim/install/local_setup.bash'
[8.508s] INFO:colcon.colcon_core.shell:Creating prefix chain script '/home/esraamustafa/path_planning/Path_Planning_Shell_AI/ros2_sim/install/setup.bash'
[8.509s] INFO:colcon.colcon_core.shell:Creating prefix script '/home/esraamustafa/path_planning/Path_Planning_Shell_AI/ros2_sim/install/local_setup.zsh'
[8.510s] INFO:colcon.colcon_core.shell:Creating prefix chain script '/home/esraamustafa/path_planning/Path_Planning_Shell_AI/ros2_sim/install/setup.zsh'
