[4.491s] Invoking command in '/home/esraamustafa/Path_Planning_Shell_AI/ros2_sim/src/shell_visualization': PYTHONPATH=/home/esraamustafa/Path_Planning_Shell_AI/ros2_sim/build/shell_visualization/prefix_override:/usr/lib/python3/dist-packages/colcon_core/task/python/colcon_distutils_commands:/home/esraamustafa/Path_Planning_Shell_AI/ros2_sim/install/shell_visualization/lib/python3.10/site-packages:${PYTHONPATH} /usr/bin/python3 -W ignore:setup.py install is deprecated -W ignore:easy_install command is deprecated setup.py egg_info --egg-base ../../build/shell_visualization build --build-base /home/esraamustafa/Path_Planning_Shell_AI/ros2_sim/build/shell_visualization/build install --record /home/esraamustafa/Path_Planning_Shell_AI/ros2_sim/build/shell_visualization/install.log --single-version-externally-managed install_data
[5.040s] running egg_info
[5.041s] writing ../../build/shell_visualization/shell_visualization.egg-info/PKG-INFO
[5.042s] writing dependency_links to ../../build/shell_visualization/shell_visualization.egg-info/dependency_links.txt
[5.042s] writing entry points to ../../build/shell_visualization/shell_visualization.egg-info/entry_points.txt
[5.043s] writing requirements to ../../build/shell_visualization/shell_visualization.egg-info/requires.txt
[5.043s] writing top-level names to ../../build/shell_visualization/shell_visualization.egg-info/top_level.txt
[5.045s] reading manifest file '../../build/shell_visualization/shell_visualization.egg-info/SOURCES.txt'
[5.046s] writing manifest file '../../build/shell_visualization/shell_visualization.egg-info/SOURCES.txt'
[5.046s] running build
[5.047s] running build_py
[5.047s] running install
[5.048s] running install_lib
[5.050s] running install_data
[5.050s] running install_egg_info
[5.053s] removing '/home/esraamustafa/Path_Planning_Shell_AI/ros2_sim/install/shell_visualization/lib/python3.10/site-packages/shell_visualization-0.0.0-py3.10.egg-info' (and everything under it)
[5.054s] Copying ../../build/shell_visualization/shell_visualization.egg-info to /home/esraamustafa/Path_Planning_Shell_AI/ros2_sim/install/shell_visualization/lib/python3.10/site-packages/shell_visualization-0.0.0-py3.10.egg-info
[5.055s] running install_scripts
[5.090s] Installing planner_visualizer script to /home/esraamustafa/Path_Planning_Shell_AI/ros2_sim/install/shell_visualization/lib/shell_visualization
[5.090s] writing list of installed files to '/home/esraamustafa/Path_Planning_Shell_AI/ros2_sim/build/shell_visualization/install.log'
[5.132s] Invoked command in '/home/esraamustafa/Path_Planning_Shell_AI/ros2_sim/src/shell_visualization' returned '0': PYTHONPATH=/home/esraamustafa/Path_Planning_Shell_AI/ros2_sim/build/shell_visualization/prefix_override:/usr/lib/python3/dist-packages/colcon_core/task/python/colcon_distutils_commands:/home/esraamustafa/Path_Planning_Shell_AI/ros2_sim/install/shell_visualization/lib/python3.10/site-packages:${PYTHONPATH} /usr/bin/python3 -W ignore:setup.py install is deprecated -W ignore:easy_install command is deprecated setup.py egg_info --egg-base ../../build/shell_visualization build --build-base /home/esraamustafa/Path_Planning_Shell_AI/ros2_sim/build/shell_visualization/build install --record /home/esraamustafa/Path_Planning_Shell_AI/ros2_sim/build/shell_visualization/install.log --single-version-externally-managed install_data
