[0.480s] DEBUG:colcon:Command line arguments: ['/usr/bin/colcon', 'build', '--symlink-install']
[0.480s] DEBUG:colcon:Parsed command line arguments: Namespace(log_base=None, log_level=None, verb_name='build', build_base='build', install_base='install', merge_install=False, symlink_install=True, test_result_base=None, continue_on_error=False, executor='parallel', parallel_workers=12, event_handlers=None, ignore_user_meta=False, metas=['./colcon.meta'], base_paths=['.'], packages_ignore=None, packages_ignore_regex=None, paths=None, packages_up_to=None, packages_up_to_regex=None, packages_above=None, packages_above_and_dependencies=None, packages_above_depth=None, packages_select_by_dep=None, packages_skip_by_dep=None, packages_skip_up_to=None, packages_select_build_failed=False, packages_skip_build_finished=False, packages_select_test_failures=False, packages_skip_test_passed=False, packages_select=None, packages_skip=None, packages_select_regex=None, packages_skip_regex=None, packages_start=None, packages_end=None, allow_overriding=[], cmake_args=None, cmake_target=None, cmake_target_skip_unavailable=False, cmake_clean_cache=False, cmake_clean_first=False, cmake_force_configure=False, ament_cmake_args=None, catkin_cmake_args=None, catkin_skip_building_tests=False, verb_parser=<colcon_defaults.argument_parser.defaults.DefaultArgumentsDecorator object at 0x7c92b48cce80>, verb_extension=<colcon_core.verb.build.BuildVerb object at 0x7c92b48cc970>, main=<bound method BuildVerb.main of <colcon_core.verb.build.BuildVerb object at 0x7c92b48cc970>>)
[0.697s] Level 1:colcon.colcon_core.package_discovery:discover_packages(colcon_meta) check parameters
[0.698s] Level 1:colcon.colcon_core.package_discovery:discover_packages(recursive) check parameters
[0.698s] Level 1:colcon.colcon_core.package_discovery:discover_packages(ignore) check parameters
[0.698s] Level 1:colcon.colcon_core.package_discovery:discover_packages(path) check parameters
[0.698s] Level 1:colcon.colcon_core.package_discovery:discover_packages(colcon_meta) discover
[0.698s] Level 1:colcon.colcon_core.package_discovery:discover_packages(recursive) discover
[0.698s] INFO:colcon.colcon_core.package_discovery:Crawling recursively for packages in '/home/esraamustafa/path_planning/Path_Planning_Shell_AI/ros2_sim'
[0.699s] Level 1:colcon.colcon_core.package_identification:_identify(.) by extensions ['ignore', 'ignore_ament_install']
[0.699s] Level 1:colcon.colcon_core.package_identification:_identify(.) by extension 'ignore'
[0.699s] Level 1:colcon.colcon_core.package_identification:_identify(.) by extension 'ignore_ament_install'
[0.699s] Level 1:colcon.colcon_core.package_identification:_identify(.) by extensions ['colcon_pkg']
[0.699s] Level 1:colcon.colcon_core.package_identification:_identify(.) by extension 'colcon_pkg'
[0.699s] Level 1:colcon.colcon_core.package_identification:_identify(.) by extensions ['colcon_meta']
[0.699s] Level 1:colcon.colcon_core.package_identification:_identify(.) by extension 'colcon_meta'
[0.700s] Level 1:colcon.colcon_core.package_identification:_identify(.) by extensions ['ros']
[0.700s] Level 1:colcon.colcon_core.package_identification:_identify(.) by extension 'ros'
[0.715s] Level 1:colcon.colcon_core.package_identification:_identify(.) by extensions ['cmake', 'python']
[0.715s] Level 1:colcon.colcon_core.package_identification:_identify(.) by extension 'cmake'
[0.715s] Level 1:colcon.colcon_core.package_identification:_identify(.) by extension 'python'
[0.715s] Level 1:colcon.colcon_core.package_identification:_identify(.) by extensions ['python_setup_py']
[0.715s] Level 1:colcon.colcon_core.package_identification:_identify(.) by extension 'python_setup_py'
[0.716s] Level 1:colcon.colcon_core.package_identification:_identify(build) by extensions ['ignore', 'ignore_ament_install']
[0.716s] Level 1:colcon.colcon_core.package_identification:_identify(build) by extension 'ignore'
[0.716s] Level 1:colcon.colcon_core.package_identification:_identify(build) ignored
[0.716s] Level 1:colcon.colcon_core.package_identification:_identify(install) by extensions ['ignore', 'ignore_ament_install']
[0.716s] Level 1:colcon.colcon_core.package_identification:_identify(install) by extension 'ignore'
[0.716s] Level 1:colcon.colcon_core.package_identification:_identify(install) ignored
[0.716s] Level 1:colcon.colcon_core.package_identification:_identify(log) by extensions ['ignore', 'ignore_ament_install']
[0.716s] Level 1:colcon.colcon_core.package_identification:_identify(log) by extension 'ignore'
[0.716s] Level 1:colcon.colcon_core.package_identification:_identify(log) ignored
[0.717s] Level 1:colcon.colcon_core.package_identification:_identify(src) by extensions ['ignore', 'ignore_ament_install']
[0.717s] Level 1:colcon.colcon_core.package_identification:_identify(src) by extension 'ignore'
[0.717s] Level 1:colcon.colcon_core.package_identification:_identify(src) by extension 'ignore_ament_install'
[0.717s] Level 1:colcon.colcon_core.package_identification:_identify(src) by extensions ['colcon_pkg']
[0.717s] Level 1:colcon.colcon_core.package_identification:_identify(src) by extension 'colcon_pkg'
[0.717s] Level 1:colcon.colcon_core.package_identification:_identify(src) by extensions ['colcon_meta']
[0.717s] Level 1:colcon.colcon_core.package_identification:_identify(src) by extension 'colcon_meta'
[0.717s] Level 1:colcon.colcon_core.package_identification:_identify(src) by extensions ['ros']
[0.717s] Level 1:colcon.colcon_core.package_identification:_identify(src) by extension 'ros'
[0.717s] Level 1:colcon.colcon_core.package_identification:_identify(src) by extensions ['cmake', 'python']
[0.717s] Level 1:colcon.colcon_core.package_identification:_identify(src) by extension 'cmake'
[0.717s] Level 1:colcon.colcon_core.package_identification:_identify(src) by extension 'python'
[0.717s] Level 1:colcon.colcon_core.package_identification:_identify(src) by extensions ['python_setup_py']
[0.717s] Level 1:colcon.colcon_core.package_identification:_identify(src) by extension 'python_setup_py'
[0.718s] Level 1:colcon.colcon_core.package_identification:_identify(src/shell_interfaces) by extensions ['ignore', 'ignore_ament_install']
[0.718s] Level 1:colcon.colcon_core.package_identification:_identify(src/shell_interfaces) by extension 'ignore'
[0.718s] Level 1:colcon.colcon_core.package_identification:_identify(src/shell_interfaces) by extension 'ignore_ament_install'
[0.718s] Level 1:colcon.colcon_core.package_identification:_identify(src/shell_interfaces) by extensions ['colcon_pkg']
[0.718s] Level 1:colcon.colcon_core.package_identification:_identify(src/shell_interfaces) by extension 'colcon_pkg'
[0.718s] Level 1:colcon.colcon_core.package_identification:_identify(src/shell_interfaces) by extensions ['colcon_meta']
[0.718s] Level 1:colcon.colcon_core.package_identification:_identify(src/shell_interfaces) by extension 'colcon_meta'
[0.718s] Level 1:colcon.colcon_core.package_identification:_identify(src/shell_interfaces) by extensions ['ros']
[0.718s] Level 1:colcon.colcon_core.package_identification:_identify(src/shell_interfaces) by extension 'ros'
[0.724s] DEBUG:colcon.colcon_core.package_identification:Package 'src/shell_interfaces' with type 'ros.ament_cmake' and name 'shell_interfaces'
[0.724s] Level 1:colcon.colcon_core.package_identification:_identify(src/shell_planning) by extensions ['ignore', 'ignore_ament_install']
[0.724s] Level 1:colcon.colcon_core.package_identification:_identify(src/shell_planning) by extension 'ignore'
[0.724s] Level 1:colcon.colcon_core.package_identification:_identify(src/shell_planning) by extension 'ignore_ament_install'
[0.724s] Level 1:colcon.colcon_core.package_identification:_identify(src/shell_planning) by extensions ['colcon_pkg']
[0.724s] Level 1:colcon.colcon_core.package_identification:_identify(src/shell_planning) by extension 'colcon_pkg'
[0.724s] Level 1:colcon.colcon_core.package_identification:_identify(src/shell_planning) by extensions ['colcon_meta']
[0.724s] Level 1:colcon.colcon_core.package_identification:_identify(src/shell_planning) by extension 'colcon_meta'
[0.725s] Level 1:colcon.colcon_core.package_identification:_identify(src/shell_planning) by extensions ['ros']
[0.725s] Level 1:colcon.colcon_core.package_identification:_identify(src/shell_planning) by extension 'ros'
[0.726s] DEBUG:colcon.colcon_core.package_identification:Package 'src/shell_planning' with type 'ros.ament_python' and name 'shell_planning'
[0.726s] Level 1:colcon.colcon_core.package_identification:_identify(src/shell_test_nodes) by extensions ['ignore', 'ignore_ament_install']
[0.726s] Level 1:colcon.colcon_core.package_identification:_identify(src/shell_test_nodes) by extension 'ignore'
[0.727s] Level 1:colcon.colcon_core.package_identification:_identify(src/shell_test_nodes) by extension 'ignore_ament_install'
[0.727s] Level 1:colcon.colcon_core.package_identification:_identify(src/shell_test_nodes) by extensions ['colcon_pkg']
[0.727s] Level 1:colcon.colcon_core.package_identification:_identify(src/shell_test_nodes) by extension 'colcon_pkg'
[0.727s] Level 1:colcon.colcon_core.package_identification:_identify(src/shell_test_nodes) by extensions ['colcon_meta']
[0.727s] Level 1:colcon.colcon_core.package_identification:_identify(src/shell_test_nodes) by extension 'colcon_meta'
[0.727s] Level 1:colcon.colcon_core.package_identification:_identify(src/shell_test_nodes) by extensions ['ros']
[0.727s] Level 1:colcon.colcon_core.package_identification:_identify(src/shell_test_nodes) by extension 'ros'
[0.729s] DEBUG:colcon.colcon_core.package_identification:Package 'src/shell_test_nodes' with type 'ros.ament_python' and name 'shell_test_nodes'
[0.729s] Level 1:colcon.colcon_core.package_identification:_identify(src/shell_visualization) by extensions ['ignore', 'ignore_ament_install']
[0.730s] Level 1:colcon.colcon_core.package_identification:_identify(src/shell_visualization) by extension 'ignore'
[0.730s] Level 1:colcon.colcon_core.package_identification:_identify(src/shell_visualization) by extension 'ignore_ament_install'
[0.731s] Level 1:colcon.colcon_core.package_identification:_identify(src/shell_visualization) by extensions ['colcon_pkg']
[0.731s] Level 1:colcon.colcon_core.package_identification:_identify(src/shell_visualization) by extension 'colcon_pkg'
[0.732s] Level 1:colcon.colcon_core.package_identification:_identify(src/shell_visualization) by extensions ['colcon_meta']
[0.732s] Level 1:colcon.colcon_core.package_identification:_identify(src/shell_visualization) by extension 'colcon_meta'
[0.732s] Level 1:colcon.colcon_core.package_identification:_identify(src/shell_visualization) by extensions ['ros']
[0.733s] Level 1:colcon.colcon_core.package_identification:_identify(src/shell_visualization) by extension 'ros'
[0.735s] DEBUG:colcon.colcon_core.package_identification:Package 'src/shell_visualization' with type 'ros.ament_python' and name 'shell_visualization'
[0.735s] Level 1:colcon.colcon_core.package_discovery:discover_packages(recursive) using defaults
[0.735s] Level 1:colcon.colcon_core.package_discovery:discover_packages(ignore) discover
[0.735s] Level 1:colcon.colcon_core.package_discovery:discover_packages(ignore) using defaults
[0.735s] Level 1:colcon.colcon_core.package_discovery:discover_packages(path) discover
[0.735s] Level 1:colcon.colcon_core.package_discovery:discover_packages(path) using defaults
[0.785s] Level 1:colcon.colcon_core.package_discovery:discover_packages(prefix_path) check parameters
[0.785s] Level 1:colcon.colcon_core.package_discovery:discover_packages(prefix_path) discover
[0.787s] DEBUG:colcon.colcon_installed_package_information.package_discovery:Found 4 installed packages in /home/esraamustafa/path_planning/Path_Planning_Shell_AI/ros2_sim/install
[0.789s] DEBUG:colcon.colcon_installed_package_information.package_discovery:Found 271 installed packages in /opt/ros/humble
[0.791s] Level 1:colcon.colcon_core.package_discovery:discover_packages(prefix_path) using defaults
[0.836s] Level 5:colcon.colcon_core.verb:set package 'shell_interfaces' build argument 'cmake_args' from command line to 'None'
[0.836s] Level 5:colcon.colcon_core.verb:set package 'shell_interfaces' build argument 'cmake_target' from command line to 'None'
[0.836s] Level 5:colcon.colcon_core.verb:set package 'shell_interfaces' build argument 'cmake_target_skip_unavailable' from command line to 'False'
[0.836s] Level 5:colcon.colcon_core.verb:set package 'shell_interfaces' build argument 'cmake_clean_cache' from command line to 'False'
[0.836s] Level 5:colcon.colcon_core.verb:set package 'shell_interfaces' build argument 'cmake_clean_first' from command line to 'False'
[0.836s] Level 5:colcon.colcon_core.verb:set package 'shell_interfaces' build argument 'cmake_force_configure' from command line to 'False'
[0.836s] Level 5:colcon.colcon_core.verb:set package 'shell_interfaces' build argument 'ament_cmake_args' from command line to 'None'
[0.837s] Level 5:colcon.colcon_core.verb:set package 'shell_interfaces' build argument 'catkin_cmake_args' from command line to 'None'
[0.837s] Level 5:colcon.colcon_core.verb:set package 'shell_interfaces' build argument 'catkin_skip_building_tests' from command line to 'False'
[0.837s] DEBUG:colcon.colcon_core.verb:Building package 'shell_interfaces' with the following arguments: {'ament_cmake_args': None, 'build_base': '/home/esraamustafa/path_planning/Path_Planning_Shell_AI/ros2_sim/build/shell_interfaces', 'catkin_cmake_args': None, 'catkin_skip_building_tests': False, 'cmake_args': None, 'cmake_clean_cache': False, 'cmake_clean_first': False, 'cmake_force_configure': False, 'cmake_target': None, 'cmake_target_skip_unavailable': False, 'install_base': '/home/esraamustafa/path_planning/Path_Planning_Shell_AI/ros2_sim/install/shell_interfaces', 'merge_install': False, 'path': '/home/esraamustafa/path_planning/Path_Planning_Shell_AI/ros2_sim/src/shell_interfaces', 'symlink_install': True, 'test_result_base': None}
[0.837s] Level 5:colcon.colcon_core.verb:set package 'shell_planning' build argument 'cmake_args' from command line to 'None'
[0.837s] Level 5:colcon.colcon_core.verb:set package 'shell_planning' build argument 'cmake_target' from command line to 'None'
[0.837s] Level 5:colcon.colcon_core.verb:set package 'shell_planning' build argument 'cmake_target_skip_unavailable' from command line to 'False'
[0.837s] Level 5:colcon.colcon_core.verb:set package 'shell_planning' build argument 'cmake_clean_cache' from command line to 'False'
[0.837s] Level 5:colcon.colcon_core.verb:set package 'shell_planning' build argument 'cmake_clean_first' from command line to 'False'
[0.837s] Level 5:colcon.colcon_core.verb:set package 'shell_planning' build argument 'cmake_force_configure' from command line to 'False'
[0.837s] Level 5:colcon.colcon_core.verb:set package 'shell_planning' build argument 'ament_cmake_args' from command line to 'None'
[0.837s] Level 5:colcon.colcon_core.verb:set package 'shell_planning' build argument 'catkin_cmake_args' from command line to 'None'
[0.837s] Level 5:colcon.colcon_core.verb:set package 'shell_planning' build argument 'catkin_skip_building_tests' from command line to 'False'
[0.837s] DEBUG:colcon.colcon_core.verb:Building package 'shell_planning' with the following arguments: {'ament_cmake_args': None, 'build_base': '/home/esraamustafa/path_planning/Path_Planning_Shell_AI/ros2_sim/build/shell_planning', 'catkin_cmake_args': None, 'catkin_skip_building_tests': False, 'cmake_args': None, 'cmake_clean_cache': False, 'cmake_clean_first': False, 'cmake_force_configure': False, 'cmake_target': None, 'cmake_target_skip_unavailable': False, 'install_base': '/home/esraamustafa/path_planning/Path_Planning_Shell_AI/ros2_sim/install/shell_planning', 'merge_install': False, 'path': '/home/esraamustafa/path_planning/Path_Planning_Shell_AI/ros2_sim/src/shell_planning', 'symlink_install': True, 'test_result_base': None}
[0.838s] Level 5:colcon.colcon_core.verb:set package 'shell_test_nodes' build argument 'cmake_args' from command line to 'None'
[0.838s] Level 5:colcon.colcon_core.verb:set package 'shell_test_nodes' build argument 'cmake_target' from command line to 'None'
[0.838s] Level 5:colcon.colcon_core.verb:set package 'shell_test_nodes' build argument 'cmake_target_skip_unavailable' from command line to 'False'
[0.838s] Level 5:colcon.colcon_core.verb:set package 'shell_test_nodes' build argument 'cmake_clean_cache' from command line to 'False'
[0.838s] Level 5:colcon.colcon_core.verb:set package 'shell_test_nodes' build argument 'cmake_clean_first' from command line to 'False'
[0.838s] Level 5:colcon.colcon_core.verb:set package 'shell_test_nodes' build argument 'cmake_force_configure' from command line to 'False'
[0.838s] Level 5:colcon.colcon_core.verb:set package 'shell_test_nodes' build argument 'ament_cmake_args' from command line to 'None'
[0.838s] Level 5:colcon.colcon_core.verb:set package 'shell_test_nodes' build argument 'catkin_cmake_args' from command line to 'None'
[0.838s] Level 5:colcon.colcon_core.verb:set package 'shell_test_nodes' build argument 'catkin_skip_building_tests' from command line to 'False'
[0.838s] DEBUG:colcon.colcon_core.verb:Building package 'shell_test_nodes' with the following arguments: {'ament_cmake_args': None, 'build_base': '/home/esraamustafa/path_planning/Path_Planning_Shell_AI/ros2_sim/build/shell_test_nodes', 'catkin_cmake_args': None, 'catkin_skip_building_tests': False, 'cmake_args': None, 'cmake_clean_cache': False, 'cmake_clean_first': False, 'cmake_force_configure': False, 'cmake_target': None, 'cmake_target_skip_unavailable': False, 'install_base': '/home/esraamustafa/path_planning/Path_Planning_Shell_AI/ros2_sim/install/shell_test_nodes', 'merge_install': False, 'path': '/home/esraamustafa/path_planning/Path_Planning_Shell_AI/ros2_sim/src/shell_test_nodes', 'symlink_install': True, 'test_result_base': None}
[0.838s] Level 5:colcon.colcon_core.verb:set package 'shell_visualization' build argument 'cmake_args' from command line to 'None'
[0.838s] Level 5:colcon.colcon_core.verb:set package 'shell_visualization' build argument 'cmake_target' from command line to 'None'
[0.838s] Level 5:colcon.colcon_core.verb:set package 'shell_visualization' build argument 'cmake_target_skip_unavailable' from command line to 'False'
[0.838s] Level 5:colcon.colcon_core.verb:set package 'shell_visualization' build argument 'cmake_clean_cache' from command line to 'False'
[0.838s] Level 5:colcon.colcon_core.verb:set package 'shell_visualization' build argument 'cmake_clean_first' from command line to 'False'
[0.839s] Level 5:colcon.colcon_core.verb:set package 'shell_visualization' build argument 'cmake_force_configure' from command line to 'False'
[0.839s] Level 5:colcon.colcon_core.verb:set package 'shell_visualization' build argument 'ament_cmake_args' from command line to 'None'
[0.839s] Level 5:colcon.colcon_core.verb:set package 'shell_visualization' build argument 'catkin_cmake_args' from command line to 'None'
[0.839s] Level 5:colcon.colcon_core.verb:set package 'shell_visualization' build argument 'catkin_skip_building_tests' from command line to 'False'
[0.839s] DEBUG:colcon.colcon_core.verb:Building package 'shell_visualization' with the following arguments: {'ament_cmake_args': None, 'build_base': '/home/esraamustafa/path_planning/Path_Planning_Shell_AI/ros2_sim/build/shell_visualization', 'catkin_cmake_args': None, 'catkin_skip_building_tests': False, 'cmake_args': None, 'cmake_clean_cache': False, 'cmake_clean_first': False, 'cmake_force_configure': False, 'cmake_target': None, 'cmake_target_skip_unavailable': False, 'install_base': '/home/esraamustafa/path_planning/Path_Planning_Shell_AI/ros2_sim/install/shell_visualization', 'merge_install': False, 'path': '/home/esraamustafa/path_planning/Path_Planning_Shell_AI/ros2_sim/src/shell_visualization', 'symlink_install': True, 'test_result_base': None}
[0.839s] INFO:colcon.colcon_core.executor:Executing jobs using 'parallel' executor
[0.841s] DEBUG:colcon.colcon_parallel_executor.executor.parallel:run_until_complete
[0.841s] INFO:colcon.colcon_ros.task.ament_cmake.build:Building ROS package in '/home/esraamustafa/path_planning/Path_Planning_Shell_AI/ros2_sim/src/shell_interfaces' with build type 'ament_cmake'
[0.842s] INFO:colcon.colcon_cmake.task.cmake.build:Building CMake package in '/home/esraamustafa/path_planning/Path_Planning_Shell_AI/ros2_sim/src/shell_interfaces'
[0.844s] INFO:colcon.colcon_core.plugin_system:Skipping extension 'colcon_core.shell.bat': Not used on non-Windows systems
[0.844s] INFO:colcon.colcon_core.shell:Skip shell extension 'powershell' for command environment: Not usable outside of PowerShell
[0.845s] DEBUG:colcon.colcon_core.shell:Skip shell extension 'dsv' for command environment
[0.850s] INFO:colcon.colcon_ros.task.ament_python.build:Building ROS package in '/home/esraamustafa/path_planning/Path_Planning_Shell_AI/ros2_sim/src/shell_planning' with build type 'ament_python'
[0.850s] Level 1:colcon.colcon_core.shell:create_environment_hook('shell_planning', 'ament_prefix_path')
[0.850s] INFO:colcon.colcon_core.shell:Creating environment hook '/home/esraamustafa/path_planning/Path_Planning_Shell_AI/ros2_sim/install/shell_planning/share/shell_planning/hook/ament_prefix_path.ps1'
[0.852s] INFO:colcon.colcon_core.shell:Creating environment descriptor '/home/esraamustafa/path_planning/Path_Planning_Shell_AI/ros2_sim/install/shell_planning/share/shell_planning/hook/ament_prefix_path.dsv'
[0.853s] INFO:colcon.colcon_core.shell:Creating environment hook '/home/esraamustafa/path_planning/Path_Planning_Shell_AI/ros2_sim/install/shell_planning/share/shell_planning/hook/ament_prefix_path.sh'
[0.854s] INFO:colcon.colcon_core.shell:Skip shell extension 'powershell' for command environment: Not usable outside of PowerShell
[0.854s] DEBUG:colcon.colcon_core.shell:Skip shell extension 'dsv' for command environment
[0.882s] DEBUG:colcon.colcon_core.event_handler.log_command:Invoking command in '/home/esraamustafa/path_planning/Path_Planning_Shell_AI/ros2_sim/build/shell_interfaces': CMAKE_PREFIX_PATH=${CMAKE_PREFIX_PATH}:/home/esraamustafa/path_planning/Path_Planning_Shell_AI/ros2_sim/install/shell_visualization:/home/esraamustafa/path_planning/Path_Planning_Shell_AI/ros2_sim/install/shell_test_nodes:/home/esraamustafa/path_planning/Path_Planning_Shell_AI/ros2_sim/install/shell_planning:/opt/ros/humble /usr/bin/cmake --build /home/esraamustafa/path_planning/Path_Planning_Shell_AI/ros2_sim/build/shell_interfaces -- -j12 -l12
[1.751s] INFO:colcon.colcon_core.task.python.build:Building Python package in '/home/esraamustafa/path_planning/Path_Planning_Shell_AI/ros2_sim/src/shell_planning'
[1.751s] INFO:colcon.colcon_core.shell:Skip shell extension 'powershell' for command environment: Not usable outside of PowerShell
[1.752s] DEBUG:colcon.colcon_core.shell:Skip shell extension 'dsv' for command environment
[1.920s] DEBUG:colcon.colcon_core.event_handler.log_command:Invoked command in '/home/esraamustafa/path_planning/Path_Planning_Shell_AI/ros2_sim/build/shell_interfaces' returned '0': CMAKE_PREFIX_PATH=${CMAKE_PREFIX_PATH}:/home/esraamustafa/path_planning/Path_Planning_Shell_AI/ros2_sim/install/shell_visualization:/home/esraamustafa/path_planning/Path_Planning_Shell_AI/ros2_sim/install/shell_test_nodes:/home/esraamustafa/path_planning/Path_Planning_Shell_AI/ros2_sim/install/shell_planning:/opt/ros/humble /usr/bin/cmake --build /home/esraamustafa/path_planning/Path_Planning_Shell_AI/ros2_sim/build/shell_interfaces -- -j12 -l12
[1.942s] DEBUG:colcon.colcon_core.event_handler.log_command:Invoking command in '/home/esraamustafa/path_planning/Path_Planning_Shell_AI/ros2_sim/build/shell_interfaces': CMAKE_PREFIX_PATH=${CMAKE_PREFIX_PATH}:/home/esraamustafa/path_planning/Path_Planning_Shell_AI/ros2_sim/install/shell_visualization:/home/esraamustafa/path_planning/Path_Planning_Shell_AI/ros2_sim/install/shell_test_nodes:/home/esraamustafa/path_planning/Path_Planning_Shell_AI/ros2_sim/install/shell_planning:/opt/ros/humble /usr/bin/cmake --install /home/esraamustafa/path_planning/Path_Planning_Shell_AI/ros2_sim/build/shell_interfaces
[2.151s] Level 1:colcon.colcon_core.environment:create_environment_scripts_only(shell_interfaces)
[2.153s] DEBUG:colcon.colcon_core.event_handler.log_command:Invoked command in '/home/esraamustafa/path_planning/Path_Planning_Shell_AI/ros2_sim/build/shell_interfaces' returned '0': CMAKE_PREFIX_PATH=${CMAKE_PREFIX_PATH}:/home/esraamustafa/path_planning/Path_Planning_Shell_AI/ros2_sim/install/shell_visualization:/home/esraamustafa/path_planning/Path_Planning_Shell_AI/ros2_sim/install/shell_test_nodes:/home/esraamustafa/path_planning/Path_Planning_Shell_AI/ros2_sim/install/shell_planning:/opt/ros/humble /usr/bin/cmake --install /home/esraamustafa/path_planning/Path_Planning_Shell_AI/ros2_sim/build/shell_interfaces
[2.157s] Level 1:colcon.colcon_core.environment:checking '/home/esraamustafa/path_planning/Path_Planning_Shell_AI/ros2_sim/install/shell_interfaces' for CMake module files
[2.158s] Level 1:colcon.colcon_core.environment:checking '/home/esraamustafa/path_planning/Path_Planning_Shell_AI/ros2_sim/install/shell_interfaces' for CMake config files
[2.162s] Level 1:colcon.colcon_core.shell:create_environment_hook('shell_interfaces', 'cmake_prefix_path')
[2.162s] INFO:colcon.colcon_core.shell:Creating environment hook '/home/esraamustafa/path_planning/Path_Planning_Shell_AI/ros2_sim/install/shell_interfaces/share/shell_interfaces/hook/cmake_prefix_path.ps1'
[2.165s] INFO:colcon.colcon_core.shell:Creating environment descriptor '/home/esraamustafa/path_planning/Path_Planning_Shell_AI/ros2_sim/install/shell_interfaces/share/shell_interfaces/hook/cmake_prefix_path.dsv'
[2.171s] INFO:colcon.colcon_core.shell:Creating environment hook '/home/esraamustafa/path_planning/Path_Planning_Shell_AI/ros2_sim/install/shell_interfaces/share/shell_interfaces/hook/cmake_prefix_path.sh'
[2.173s] Level 1:colcon.colcon_core.environment:checking '/home/esraamustafa/path_planning/Path_Planning_Shell_AI/ros2_sim/install/shell_interfaces/lib'
[2.174s] Level 1:colcon.colcon_core.shell:create_environment_hook('shell_interfaces', 'ld_library_path_lib')
[2.175s] INFO:colcon.colcon_core.shell:Creating environment hook '/home/esraamustafa/path_planning/Path_Planning_Shell_AI/ros2_sim/install/shell_interfaces/share/shell_interfaces/hook/ld_library_path_lib.ps1'
[2.176s] INFO:colcon.colcon_core.shell:Creating environment descriptor '/home/esraamustafa/path_planning/Path_Planning_Shell_AI/ros2_sim/install/shell_interfaces/share/shell_interfaces/hook/ld_library_path_lib.dsv'
[2.177s] INFO:colcon.colcon_core.shell:Creating environment hook '/home/esraamustafa/path_planning/Path_Planning_Shell_AI/ros2_sim/install/shell_interfaces/share/shell_interfaces/hook/ld_library_path_lib.sh'
[2.179s] Level 1:colcon.colcon_core.environment:checking '/home/esraamustafa/path_planning/Path_Planning_Shell_AI/ros2_sim/install/shell_interfaces/bin'
[2.180s] Level 1:colcon.colcon_core.environment:checking '/home/esraamustafa/path_planning/Path_Planning_Shell_AI/ros2_sim/install/shell_interfaces/lib/pkgconfig/shell_interfaces.pc'
[2.181s] Level 1:colcon.colcon_core.environment:checking '/home/esraamustafa/path_planning/Path_Planning_Shell_AI/ros2_sim/install/shell_interfaces/lib/python3.10/site-packages'
[2.182s] Level 1:colcon.colcon_core.environment:checking '/home/esraamustafa/path_planning/Path_Planning_Shell_AI/ros2_sim/install/shell_interfaces/bin'
[2.184s] INFO:colcon.colcon_core.shell:Creating package script '/home/esraamustafa/path_planning/Path_Planning_Shell_AI/ros2_sim/install/shell_interfaces/share/shell_interfaces/package.ps1'
[2.186s] INFO:colcon.colcon_core.shell:Creating package descriptor '/home/esraamustafa/path_planning/Path_Planning_Shell_AI/ros2_sim/install/shell_interfaces/share/shell_interfaces/package.dsv'
[2.188s] INFO:colcon.colcon_core.shell:Creating package script '/home/esraamustafa/path_planning/Path_Planning_Shell_AI/ros2_sim/install/shell_interfaces/share/shell_interfaces/package.sh'
[2.190s] INFO:colcon.colcon_core.shell:Creating package script '/home/esraamustafa/path_planning/Path_Planning_Shell_AI/ros2_sim/install/shell_interfaces/share/shell_interfaces/package.bash'
[2.192s] INFO:colcon.colcon_core.shell:Creating package script '/home/esraamustafa/path_planning/Path_Planning_Shell_AI/ros2_sim/install/shell_interfaces/share/shell_interfaces/package.zsh'
[2.194s] Level 1:colcon.colcon_core.environment:create_file_with_runtime_dependencies(/home/esraamustafa/path_planning/Path_Planning_Shell_AI/ros2_sim/install/shell_interfaces/share/colcon-core/packages/shell_interfaces)
[2.195s] Level 1:colcon.colcon_core.environment:create_environment_scripts_only(shell_interfaces)
[2.196s] Level 1:colcon.colcon_core.environment:checking '/home/esraamustafa/path_planning/Path_Planning_Shell_AI/ros2_sim/install/shell_interfaces' for CMake module files
[2.196s] Level 1:colcon.colcon_core.environment:checking '/home/esraamustafa/path_planning/Path_Planning_Shell_AI/ros2_sim/install/shell_interfaces' for CMake config files
[2.198s] Level 1:colcon.colcon_core.shell:create_environment_hook('shell_interfaces', 'cmake_prefix_path')
[2.199s] INFO:colcon.colcon_core.shell:Creating environment hook '/home/esraamustafa/path_planning/Path_Planning_Shell_AI/ros2_sim/install/shell_interfaces/share/shell_interfaces/hook/cmake_prefix_path.ps1'
[2.201s] INFO:colcon.colcon_core.shell:Creating environment descriptor '/home/esraamustafa/path_planning/Path_Planning_Shell_AI/ros2_sim/install/shell_interfaces/share/shell_interfaces/hook/cmake_prefix_path.dsv'
[2.203s] INFO:colcon.colcon_core.shell:Creating environment hook '/home/esraamustafa/path_planning/Path_Planning_Shell_AI/ros2_sim/install/shell_interfaces/share/shell_interfaces/hook/cmake_prefix_path.sh'
[2.205s] Level 1:colcon.colcon_core.environment:checking '/home/esraamustafa/path_planning/Path_Planning_Shell_AI/ros2_sim/install/shell_interfaces/lib'
[2.205s] Level 1:colcon.colcon_core.shell:create_environment_hook('shell_interfaces', 'ld_library_path_lib')
[2.206s] INFO:colcon.colcon_core.shell:Creating environment hook '/home/esraamustafa/path_planning/Path_Planning_Shell_AI/ros2_sim/install/shell_interfaces/share/shell_interfaces/hook/ld_library_path_lib.ps1'
[2.207s] INFO:colcon.colcon_core.shell:Creating environment descriptor '/home/esraamustafa/path_planning/Path_Planning_Shell_AI/ros2_sim/install/shell_interfaces/share/shell_interfaces/hook/ld_library_path_lib.dsv'
[2.209s] INFO:colcon.colcon_core.shell:Creating environment hook '/home/esraamustafa/path_planning/Path_Planning_Shell_AI/ros2_sim/install/shell_interfaces/share/shell_interfaces/hook/ld_library_path_lib.sh'
[2.210s] Level 1:colcon.colcon_core.environment:checking '/home/esraamustafa/path_planning/Path_Planning_Shell_AI/ros2_sim/install/shell_interfaces/bin'
[2.211s] Level 1:colcon.colcon_core.environment:checking '/home/esraamustafa/path_planning/Path_Planning_Shell_AI/ros2_sim/install/shell_interfaces/lib/pkgconfig/shell_interfaces.pc'
[2.211s] Level 1:colcon.colcon_core.environment:checking '/home/esraamustafa/path_planning/Path_Planning_Shell_AI/ros2_sim/install/shell_interfaces/lib/python3.10/site-packages'
[2.213s] Level 1:colcon.colcon_core.environment:checking '/home/esraamustafa/path_planning/Path_Planning_Shell_AI/ros2_sim/install/shell_interfaces/bin'
[2.217s] INFO:colcon.colcon_core.shell:Creating package script '/home/esraamustafa/path_planning/Path_Planning_Shell_AI/ros2_sim/install/shell_interfaces/share/shell_interfaces/package.ps1'
[2.218s] INFO:colcon.colcon_core.shell:Creating package descriptor '/home/esraamustafa/path_planning/Path_Planning_Shell_AI/ros2_sim/install/shell_interfaces/share/shell_interfaces/package.dsv'
[2.219s] INFO:colcon.colcon_core.shell:Creating package script '/home/esraamustafa/path_planning/Path_Planning_Shell_AI/ros2_sim/install/shell_interfaces/share/shell_interfaces/package.sh'
[2.220s] INFO:colcon.colcon_core.shell:Creating package script '/home/esraamustafa/path_planning/Path_Planning_Shell_AI/ros2_sim/install/shell_interfaces/share/shell_interfaces/package.bash'
[2.220s] INFO:colcon.colcon_core.shell:Creating package script '/home/esraamustafa/path_planning/Path_Planning_Shell_AI/ros2_sim/install/shell_interfaces/share/shell_interfaces/package.zsh'
[2.221s] Level 1:colcon.colcon_core.environment:create_file_with_runtime_dependencies(/home/esraamustafa/path_planning/Path_Planning_Shell_AI/ros2_sim/install/shell_interfaces/share/colcon-core/packages/shell_interfaces)
[2.222s] INFO:colcon.colcon_ros.task.ament_python.build:Building ROS package in '/home/esraamustafa/path_planning/Path_Planning_Shell_AI/ros2_sim/src/shell_test_nodes' with build type 'ament_python'
[2.222s] Level 1:colcon.colcon_core.shell:create_environment_hook('shell_test_nodes', 'ament_prefix_path')
[2.223s] INFO:colcon.colcon_core.shell:Creating environment hook '/home/esraamustafa/path_planning/Path_Planning_Shell_AI/ros2_sim/install/shell_test_nodes/share/shell_test_nodes/hook/ament_prefix_path.ps1'
[2.225s] INFO:colcon.colcon_core.shell:Creating environment descriptor '/home/esraamustafa/path_planning/Path_Planning_Shell_AI/ros2_sim/install/shell_test_nodes/share/shell_test_nodes/hook/ament_prefix_path.dsv'
[2.228s] INFO:colcon.colcon_core.shell:Creating environment hook '/home/esraamustafa/path_planning/Path_Planning_Shell_AI/ros2_sim/install/shell_test_nodes/share/shell_test_nodes/hook/ament_prefix_path.sh'
[2.229s] INFO:colcon.colcon_core.shell:Skip shell extension 'powershell' for command environment: Not usable outside of PowerShell
[2.229s] DEBUG:colcon.colcon_core.shell:Skip shell extension 'dsv' for command environment
[2.235s] INFO:colcon.colcon_ros.task.ament_python.build:Building ROS package in '/home/esraamustafa/path_planning/Path_Planning_Shell_AI/ros2_sim/src/shell_visualization' with build type 'ament_python'
[2.235s] Level 1:colcon.colcon_core.shell:create_environment_hook('shell_visualization', 'ament_prefix_path')
[2.236s] INFO:colcon.colcon_core.shell:Creating environment hook '/home/esraamustafa/path_planning/Path_Planning_Shell_AI/ros2_sim/install/shell_visualization/share/shell_visualization/hook/ament_prefix_path.ps1'
[2.238s] INFO:colcon.colcon_core.shell:Creating environment descriptor '/home/esraamustafa/path_planning/Path_Planning_Shell_AI/ros2_sim/install/shell_visualization/share/shell_visualization/hook/ament_prefix_path.dsv'
[2.240s] INFO:colcon.colcon_core.shell:Creating environment hook '/home/esraamustafa/path_planning/Path_Planning_Shell_AI/ros2_sim/install/shell_visualization/share/shell_visualization/hook/ament_prefix_path.sh'
[2.241s] INFO:colcon.colcon_core.shell:Skip shell extension 'powershell' for command environment: Not usable outside of PowerShell
[2.242s] DEBUG:colcon.colcon_core.shell:Skip shell extension 'dsv' for command environment
[3.115s] WARNING:colcon.colcon_ros.task.ament_python.build:Package 'shell_test_nodes' doesn't explicitly install a marker in the package index (colcon-ros currently does it implicitly but that fallback will be removed in the future)
[3.116s] WARNING:colcon.colcon_ros.task.ament_python.build:Package 'shell_test_nodes' doesn't explicitly install the 'package.xml' file (colcon-ros currently does it implicitly but that fallback will be removed in the future)
[3.116s] INFO:colcon.colcon_core.task.python.build:Building Python package in '/home/esraamustafa/path_planning/Path_Planning_Shell_AI/ros2_sim/src/shell_test_nodes'
[3.116s] INFO:colcon.colcon_core.shell:Skip shell extension 'powershell' for command environment: Not usable outside of PowerShell
[3.116s] DEBUG:colcon.colcon_core.shell:Skip shell extension 'dsv' for command environment
[3.660s] INFO:colcon.colcon_core.task.python.build:Building Python package in '/home/esraamustafa/path_planning/Path_Planning_Shell_AI/ros2_sim/src/shell_visualization'
[3.661s] INFO:colcon.colcon_core.shell:Skip shell extension 'powershell' for command environment: Not usable outside of PowerShell
[3.661s] DEBUG:colcon.colcon_core.shell:Skip shell extension 'dsv' for command environment
[3.674s] DEBUG:colcon.colcon_core.event_handler.log_command:Invoking command in '/home/esraamustafa/path_planning/Path_Planning_Shell_AI/ros2_sim/build/shell_planning': PYTHONPATH=/home/esraamustafa/path_planning/Path_Planning_Shell_AI/ros2_sim/build/shell_planning/prefix_override:/usr/lib/python3/dist-packages/colcon_core/task/python/colcon_distutils_commands:/home/esraamustafa/path_planning/Path_Planning_Shell_AI/ros2_sim/install/shell_planning/lib/python3.10/site-packages:${PYTHONPATH} /usr/bin/python3 -W ignore:setup.py install is deprecated -W ignore:easy_install command is deprecated setup.py develop --editable --build-directory /home/esraamustafa/path_planning/Path_Planning_Shell_AI/ros2_sim/build/shell_planning/build --no-deps symlink_data
[4.644s] DEBUG:colcon.colcon_core.event_handler.log_command:Invoking command in '/home/esraamustafa/path_planning/Path_Planning_Shell_AI/ros2_sim/build/shell_test_nodes': PYTHONPATH=/home/esraamustafa/path_planning/Path_Planning_Shell_AI/ros2_sim/build/shell_test_nodes/prefix_override:/usr/lib/python3/dist-packages/colcon_core/task/python/colcon_distutils_commands:/home/esraamustafa/path_planning/Path_Planning_Shell_AI/ros2_sim/install/shell_test_nodes/lib/python3.10/site-packages:${PYTHONPATH} /usr/bin/python3 -W ignore:setup.py install is deprecated -W ignore:easy_install command is deprecated setup.py develop --editable --build-directory /home/esraamustafa/path_planning/Path_Planning_Shell_AI/ros2_sim/build/shell_test_nodes/build --no-deps
[4.808s] Level 1:colcon.colcon_core.shell:create_environment_hook('shell_planning', 'pythonpath_develop')
[4.809s] INFO:colcon.colcon_core.shell:Creating environment hook '/home/esraamustafa/path_planning/Path_Planning_Shell_AI/ros2_sim/build/shell_planning/share/shell_planning/hook/pythonpath_develop.ps1'
[4.812s] DEBUG:colcon.colcon_core.event_handler.log_command:Invoked command in '/home/esraamustafa/path_planning/Path_Planning_Shell_AI/ros2_sim/build/shell_planning' returned '0': PYTHONPATH=/home/esraamustafa/path_planning/Path_Planning_Shell_AI/ros2_sim/build/shell_planning/prefix_override:/usr/lib/python3/dist-packages/colcon_core/task/python/colcon_distutils_commands:/home/esraamustafa/path_planning/Path_Planning_Shell_AI/ros2_sim/install/shell_planning/lib/python3.10/site-packages:${PYTHONPATH} /usr/bin/python3 -W ignore:setup.py install is deprecated -W ignore:easy_install command is deprecated setup.py develop --editable --build-directory /home/esraamustafa/path_planning/Path_Planning_Shell_AI/ros2_sim/build/shell_planning/build --no-deps symlink_data
[4.813s] INFO:colcon.colcon_core.shell:Creating environment descriptor '/home/esraamustafa/path_planning/Path_Planning_Shell_AI/ros2_sim/build/shell_planning/share/shell_planning/hook/pythonpath_develop.dsv'
[4.814s] INFO:colcon.colcon_core.shell:Creating environment hook '/home/esraamustafa/path_planning/Path_Planning_Shell_AI/ros2_sim/build/shell_planning/share/shell_planning/hook/pythonpath_develop.sh'
[4.816s] Level 1:colcon.colcon_core.environment:checking '/home/esraamustafa/path_planning/Path_Planning_Shell_AI/ros2_sim/install/shell_planning' for CMake module files
[4.818s] Level 1:colcon.colcon_core.environment:checking '/home/esraamustafa/path_planning/Path_Planning_Shell_AI/ros2_sim/install/shell_planning' for CMake config files
[4.820s] Level 1:colcon.colcon_core.environment:checking '/home/esraamustafa/path_planning/Path_Planning_Shell_AI/ros2_sim/install/shell_planning/lib'
[4.821s] Level 1:colcon.colcon_core.environment:checking '/home/esraamustafa/path_planning/Path_Planning_Shell_AI/ros2_sim/install/shell_planning/bin'
[4.821s] Level 1:colcon.colcon_core.environment:checking '/home/esraamustafa/path_planning/Path_Planning_Shell_AI/ros2_sim/install/shell_planning/lib/pkgconfig/shell_planning.pc'
[4.822s] Level 1:colcon.colcon_core.environment:checking '/home/esraamustafa/path_planning/Path_Planning_Shell_AI/ros2_sim/install/shell_planning/lib/python3.10/site-packages'
[4.823s] Level 1:colcon.colcon_core.shell:create_environment_hook('shell_planning', 'pythonpath')
[4.823s] INFO:colcon.colcon_core.shell:Creating environment hook '/home/esraamustafa/path_planning/Path_Planning_Shell_AI/ros2_sim/install/shell_planning/share/shell_planning/hook/pythonpath.ps1'
[4.825s] INFO:colcon.colcon_core.shell:Creating environment descriptor '/home/esraamustafa/path_planning/Path_Planning_Shell_AI/ros2_sim/install/shell_planning/share/shell_planning/hook/pythonpath.dsv'
[4.830s] INFO:colcon.colcon_core.shell:Creating environment hook '/home/esraamustafa/path_planning/Path_Planning_Shell_AI/ros2_sim/install/shell_planning/share/shell_planning/hook/pythonpath.sh'
[4.835s] Level 1:colcon.colcon_core.environment:checking '/home/esraamustafa/path_planning/Path_Planning_Shell_AI/ros2_sim/install/shell_planning/bin'
[4.836s] Level 1:colcon.colcon_core.environment:create_environment_scripts_only(shell_planning)
[4.837s] INFO:colcon.colcon_core.shell:Creating package script '/home/esraamustafa/path_planning/Path_Planning_Shell_AI/ros2_sim/install/shell_planning/share/shell_planning/package.ps1'
[4.838s] INFO:colcon.colcon_core.shell:Creating package descriptor '/home/esraamustafa/path_planning/Path_Planning_Shell_AI/ros2_sim/install/shell_planning/share/shell_planning/package.dsv'
[4.839s] INFO:colcon.colcon_core.shell:Creating package script '/home/esraamustafa/path_planning/Path_Planning_Shell_AI/ros2_sim/install/shell_planning/share/shell_planning/package.sh'
[4.840s] INFO:colcon.colcon_core.shell:Creating package script '/home/esraamustafa/path_planning/Path_Planning_Shell_AI/ros2_sim/install/shell_planning/share/shell_planning/package.bash'
[4.840s] INFO:colcon.colcon_core.shell:Creating package script '/home/esraamustafa/path_planning/Path_Planning_Shell_AI/ros2_sim/install/shell_planning/share/shell_planning/package.zsh'
[4.841s] Level 1:colcon.colcon_core.environment:create_file_with_runtime_dependencies(/home/esraamustafa/path_planning/Path_Planning_Shell_AI/ros2_sim/install/shell_planning/share/colcon-core/packages/shell_planning)
[5.103s] DEBUG:colcon.colcon_core.event_handler.log_command:Invoking command in '/home/esraamustafa/path_planning/Path_Planning_Shell_AI/ros2_sim/build/shell_visualization': PYTHONPATH=/home/esraamustafa/path_planning/Path_Planning_Shell_AI/ros2_sim/build/shell_visualization/prefix_override:/usr/lib/python3/dist-packages/colcon_core/task/python/colcon_distutils_commands:/home/esraamustafa/path_planning/Path_Planning_Shell_AI/ros2_sim/install/shell_visualization/lib/python3.10/site-packages:${PYTHONPATH} /usr/bin/python3 -W ignore:setup.py install is deprecated -W ignore:easy_install command is deprecated setup.py develop --editable --build-directory /home/esraamustafa/path_planning/Path_Planning_Shell_AI/ros2_sim/build/shell_visualization/build --no-deps symlink_data
[5.789s] Level 1:colcon.colcon_core.shell:create_environment_hook('shell_test_nodes', 'pythonpath_develop')
[5.790s] INFO:colcon.colcon_core.shell:Creating environment hook '/home/esraamustafa/path_planning/Path_Planning_Shell_AI/ros2_sim/build/shell_test_nodes/share/shell_test_nodes/hook/pythonpath_develop.ps1'
[5.791s] DEBUG:colcon.colcon_core.event_handler.log_command:Invoked command in '/home/esraamustafa/path_planning/Path_Planning_Shell_AI/ros2_sim/build/shell_test_nodes' returned '0': PYTHONPATH=/home/esraamustafa/path_planning/Path_Planning_Shell_AI/ros2_sim/build/shell_test_nodes/prefix_override:/usr/lib/python3/dist-packages/colcon_core/task/python/colcon_distutils_commands:/home/esraamustafa/path_planning/Path_Planning_Shell_AI/ros2_sim/install/shell_test_nodes/lib/python3.10/site-packages:${PYTHONPATH} /usr/bin/python3 -W ignore:setup.py install is deprecated -W ignore:easy_install command is deprecated setup.py develop --editable --build-directory /home/esraamustafa/path_planning/Path_Planning_Shell_AI/ros2_sim/build/shell_test_nodes/build --no-deps
[5.793s] INFO:colcon.colcon_core.shell:Creating environment descriptor '/home/esraamustafa/path_planning/Path_Planning_Shell_AI/ros2_sim/build/shell_test_nodes/share/shell_test_nodes/hook/pythonpath_develop.dsv'
[5.800s] INFO:colcon.colcon_core.shell:Creating environment hook '/home/esraamustafa/path_planning/Path_Planning_Shell_AI/ros2_sim/build/shell_test_nodes/share/shell_test_nodes/hook/pythonpath_develop.sh'
[5.802s] Level 1:colcon.colcon_core.environment:checking '/home/esraamustafa/path_planning/Path_Planning_Shell_AI/ros2_sim/install/shell_test_nodes' for CMake module files
[5.804s] Level 1:colcon.colcon_core.environment:checking '/home/esraamustafa/path_planning/Path_Planning_Shell_AI/ros2_sim/install/shell_test_nodes' for CMake config files
[5.805s] Level 1:colcon.colcon_core.environment:checking '/home/esraamustafa/path_planning/Path_Planning_Shell_AI/ros2_sim/install/shell_test_nodes/lib'
[5.806s] Level 1:colcon.colcon_core.environment:checking '/home/esraamustafa/path_planning/Path_Planning_Shell_AI/ros2_sim/install/shell_test_nodes/bin'
[5.806s] Level 1:colcon.colcon_core.environment:checking '/home/esraamustafa/path_planning/Path_Planning_Shell_AI/ros2_sim/install/shell_test_nodes/lib/pkgconfig/shell_test_nodes.pc'
[5.807s] Level 1:colcon.colcon_core.environment:checking '/home/esraamustafa/path_planning/Path_Planning_Shell_AI/ros2_sim/install/shell_test_nodes/lib/python3.10/site-packages'
[5.807s] Level 1:colcon.colcon_core.shell:create_environment_hook('shell_test_nodes', 'pythonpath')
[5.807s] INFO:colcon.colcon_core.shell:Creating environment hook '/home/esraamustafa/path_planning/Path_Planning_Shell_AI/ros2_sim/install/shell_test_nodes/share/shell_test_nodes/hook/pythonpath.ps1'
[5.809s] INFO:colcon.colcon_core.shell:Creating environment descriptor '/home/esraamustafa/path_planning/Path_Planning_Shell_AI/ros2_sim/install/shell_test_nodes/share/shell_test_nodes/hook/pythonpath.dsv'
[5.810s] INFO:colcon.colcon_core.shell:Creating environment hook '/home/esraamustafa/path_planning/Path_Planning_Shell_AI/ros2_sim/install/shell_test_nodes/share/shell_test_nodes/hook/pythonpath.sh'
[5.820s] Level 1:colcon.colcon_core.environment:checking '/home/esraamustafa/path_planning/Path_Planning_Shell_AI/ros2_sim/install/shell_test_nodes/bin'
[5.821s] Level 1:colcon.colcon_core.environment:create_environment_scripts_only(shell_test_nodes)
[5.822s] INFO:colcon.colcon_core.shell:Creating package script '/home/esraamustafa/path_planning/Path_Planning_Shell_AI/ros2_sim/install/shell_test_nodes/share/shell_test_nodes/package.ps1'
[5.823s] INFO:colcon.colcon_core.shell:Creating package descriptor '/home/esraamustafa/path_planning/Path_Planning_Shell_AI/ros2_sim/install/shell_test_nodes/share/shell_test_nodes/package.dsv'
[5.824s] INFO:colcon.colcon_core.shell:Creating package script '/home/esraamustafa/path_planning/Path_Planning_Shell_AI/ros2_sim/install/shell_test_nodes/share/shell_test_nodes/package.sh'
[5.825s] INFO:colcon.colcon_core.shell:Creating package script '/home/esraamustafa/path_planning/Path_Planning_Shell_AI/ros2_sim/install/shell_test_nodes/share/shell_test_nodes/package.bash'
[5.826s] INFO:colcon.colcon_core.shell:Creating package script '/home/esraamustafa/path_planning/Path_Planning_Shell_AI/ros2_sim/install/shell_test_nodes/share/shell_test_nodes/package.zsh'
[5.827s] Level 1:colcon.colcon_core.environment:create_file_with_runtime_dependencies(/home/esraamustafa/path_planning/Path_Planning_Shell_AI/ros2_sim/install/shell_test_nodes/share/colcon-core/packages/shell_test_nodes)
[6.095s] Level 1:colcon.colcon_core.shell:create_environment_hook('shell_visualization', 'pythonpath_develop')
[6.096s] INFO:colcon.colcon_core.shell:Creating environment hook '/home/esraamustafa/path_planning/Path_Planning_Shell_AI/ros2_sim/build/shell_visualization/share/shell_visualization/hook/pythonpath_develop.ps1'
[6.099s] DEBUG:colcon.colcon_core.event_handler.log_command:Invoked command in '/home/esraamustafa/path_planning/Path_Planning_Shell_AI/ros2_sim/build/shell_visualization' returned '0': PYTHONPATH=/home/esraamustafa/path_planning/Path_Planning_Shell_AI/ros2_sim/build/shell_visualization/prefix_override:/usr/lib/python3/dist-packages/colcon_core/task/python/colcon_distutils_commands:/home/esraamustafa/path_planning/Path_Planning_Shell_AI/ros2_sim/install/shell_visualization/lib/python3.10/site-packages:${PYTHONPATH} /usr/bin/python3 -W ignore:setup.py install is deprecated -W ignore:easy_install command is deprecated setup.py develop --editable --build-directory /home/esraamustafa/path_planning/Path_Planning_Shell_AI/ros2_sim/build/shell_visualization/build --no-deps symlink_data
[6.100s] INFO:colcon.colcon_core.shell:Creating environment descriptor '/home/esraamustafa/path_planning/Path_Planning_Shell_AI/ros2_sim/build/shell_visualization/share/shell_visualization/hook/pythonpath_develop.dsv'
[6.101s] INFO:colcon.colcon_core.shell:Creating environment hook '/home/esraamustafa/path_planning/Path_Planning_Shell_AI/ros2_sim/build/shell_visualization/share/shell_visualization/hook/pythonpath_develop.sh'
[6.103s] Level 1:colcon.colcon_core.environment:checking '/home/esraamustafa/path_planning/Path_Planning_Shell_AI/ros2_sim/install/shell_visualization' for CMake module files
[6.113s] Level 1:colcon.colcon_core.environment:checking '/home/esraamustafa/path_planning/Path_Planning_Shell_AI/ros2_sim/install/shell_visualization' for CMake config files
[6.115s] Level 1:colcon.colcon_core.environment:checking '/home/esraamustafa/path_planning/Path_Planning_Shell_AI/ros2_sim/install/shell_visualization/lib'
[6.115s] Level 1:colcon.colcon_core.environment:checking '/home/esraamustafa/path_planning/Path_Planning_Shell_AI/ros2_sim/install/shell_visualization/bin'
[6.115s] Level 1:colcon.colcon_core.environment:checking '/home/esraamustafa/path_planning/Path_Planning_Shell_AI/ros2_sim/install/shell_visualization/lib/pkgconfig/shell_visualization.pc'
[6.116s] Level 1:colcon.colcon_core.environment:checking '/home/esraamustafa/path_planning/Path_Planning_Shell_AI/ros2_sim/install/shell_visualization/lib/python3.10/site-packages'
[6.117s] Level 1:colcon.colcon_core.shell:create_environment_hook('shell_visualization', 'pythonpath')
[6.117s] INFO:colcon.colcon_core.shell:Creating environment hook '/home/esraamustafa/path_planning/Path_Planning_Shell_AI/ros2_sim/install/shell_visualization/share/shell_visualization/hook/pythonpath.ps1'
[6.119s] INFO:colcon.colcon_core.shell:Creating environment descriptor '/home/esraamustafa/path_planning/Path_Planning_Shell_AI/ros2_sim/install/shell_visualization/share/shell_visualization/hook/pythonpath.dsv'
[6.120s] INFO:colcon.colcon_core.shell:Creating environment hook '/home/esraamustafa/path_planning/Path_Planning_Shell_AI/ros2_sim/install/shell_visualization/share/shell_visualization/hook/pythonpath.sh'
[6.121s] Level 1:colcon.colcon_core.environment:checking '/home/esraamustafa/path_planning/Path_Planning_Shell_AI/ros2_sim/install/shell_visualization/bin'
[6.122s] Level 1:colcon.colcon_core.environment:create_environment_scripts_only(shell_visualization)
[6.122s] INFO:colcon.colcon_core.shell:Creating package script '/home/esraamustafa/path_planning/Path_Planning_Shell_AI/ros2_sim/install/shell_visualization/share/shell_visualization/package.ps1'
[6.123s] INFO:colcon.colcon_core.shell:Creating package descriptor '/home/esraamustafa/path_planning/Path_Planning_Shell_AI/ros2_sim/install/shell_visualization/share/shell_visualization/package.dsv'
[6.124s] INFO:colcon.colcon_core.shell:Creating package script '/home/esraamustafa/path_planning/Path_Planning_Shell_AI/ros2_sim/install/shell_visualization/share/shell_visualization/package.sh'
[6.126s] INFO:colcon.colcon_core.shell:Creating package script '/home/esraamustafa/path_planning/Path_Planning_Shell_AI/ros2_sim/install/shell_visualization/share/shell_visualization/package.bash'
[6.127s] INFO:colcon.colcon_core.shell:Creating package script '/home/esraamustafa/path_planning/Path_Planning_Shell_AI/ros2_sim/install/shell_visualization/share/shell_visualization/package.zsh'
[6.128s] Level 1:colcon.colcon_core.environment:create_file_with_runtime_dependencies(/home/esraamustafa/path_planning/Path_Planning_Shell_AI/ros2_sim/install/shell_visualization/share/colcon-core/packages/shell_visualization)
[6.129s] DEBUG:colcon.colcon_parallel_executor.executor.parallel:closing loop
[6.129s] DEBUG:colcon.colcon_parallel_executor.executor.parallel:loop closed
[6.130s] DEBUG:colcon.colcon_parallel_executor.executor.parallel:run_until_complete finished with '0'
[6.130s] DEBUG:colcon.colcon_core.event_reactor:joining thread
[6.308s] INFO:colcon.colcon_core.plugin_system:Skipping extension 'colcon_notification.desktop_notification.notify_send': Could not find 'notify-send'
[6.308s] INFO:colcon.colcon_core.plugin_system:Skipping extension 'colcon_notification.desktop_notification.terminal_notifier': Not used on non-Darwin systems
[6.309s] INFO:colcon.colcon_core.plugin_system:Skipping extension 'colcon_notification.desktop_notification.win32': Not used on non-Windows systems
[6.309s] INFO:colcon.colcon_notification.desktop_notification:Sending desktop notification using 'notify2'
[6.309s] DEBUG:colcon.colcon_notification.desktop_notification.notify2:Failed to initialize notify2: org.freedesktop.DBus.Error.FileNotFound: Failed to connect to socket /run/user/1000/bus: No such file or directory
[6.309s] DEBUG:colcon.colcon_core.event_reactor:joined thread
[6.310s] INFO:colcon.colcon_core.shell:Creating prefix script '/home/esraamustafa/path_planning/Path_Planning_Shell_AI/ros2_sim/install/local_setup.ps1'
[6.312s] INFO:colcon.colcon_core.shell:Creating prefix util module '/home/esraamustafa/path_planning/Path_Planning_Shell_AI/ros2_sim/install/_local_setup_util_ps1.py'
[6.314s] INFO:colcon.colcon_core.shell:Creating prefix chain script '/home/esraamustafa/path_planning/Path_Planning_Shell_AI/ros2_sim/install/setup.ps1'
[6.316s] INFO:colcon.colcon_core.shell:Creating prefix script '/home/esraamustafa/path_planning/Path_Planning_Shell_AI/ros2_sim/install/local_setup.sh'
[6.317s] INFO:colcon.colcon_core.shell:Creating prefix util module '/home/esraamustafa/path_planning/Path_Planning_Shell_AI/ros2_sim/install/_local_setup_util_sh.py'
[6.318s] INFO:colcon.colcon_core.shell:Creating prefix chain script '/home/esraamustafa/path_planning/Path_Planning_Shell_AI/ros2_sim/install/setup.sh'
[6.320s] INFO:colcon.colcon_core.shell:Creating prefix script '/home/esraamustafa/path_planning/Path_Planning_Shell_AI/ros2_sim/install/local_setup.bash'
[6.320s] INFO:colcon.colcon_core.shell:Creating prefix chain script '/home/esraamustafa/path_planning/Path_Planning_Shell_AI/ros2_sim/install/setup.bash'
[6.322s] INFO:colcon.colcon_core.shell:Creating prefix script '/home/esraamustafa/path_planning/Path_Planning_Shell_AI/ros2_sim/install/local_setup.zsh'
[6.323s] INFO:colcon.colcon_core.shell:Creating prefix chain script '/home/esraamustafa/path_planning/Path_Planning_Shell_AI/ros2_sim/install/setup.zsh'
