[1.757s] Invoking command in '/home/esraamustafa/path_planning/Path_Planning_Shell_AI/ros2_sim/build/shell_planning': PYTHONPATH=/home/esraamustafa/path_planning/Path_Planning_Shell_AI/ros2_sim/build/shell_planning/prefix_override:/usr/lib/python3/dist-packages/colcon_core/task/python/colcon_distutils_commands:/home/esraamustafa/path_planning/Path_Planning_Shell_AI/ros2_sim/install/shell_planning/lib/python3.10/site-packages:${PYTHONPATH} /usr/bin/python3 -W ignore:setup.py install is deprecated -W ignore:easy_install command is deprecated setup.py develop --editable --build-directory /home/esraamustafa/path_planning/Path_Planning_Shell_AI/ros2_sim/build/shell_planning/build --no-deps symlink_data
[2.278s] running develop
[2.729s] running egg_info
[2.734s] creating shell_planning.egg-info
[2.735s] writing shell_planning.egg-info/PKG-INFO
[2.735s] writing dependency_links to shell_planning.egg-info/dependency_links.txt
[2.735s] writing entry points to shell_planning.egg-info/entry_points.txt
[2.735s] writing requirements to shell_planning.egg-info/requires.txt
[2.736s] writing top-level names to shell_planning.egg-info/top_level.txt
[2.736s] writing manifest file 'shell_planning.egg-info/SOURCES.txt'
[2.737s] reading manifest file 'shell_planning.egg-info/SOURCES.txt'
[2.739s] writing manifest file 'shell_planning.egg-info/SOURCES.txt'
[2.744s] running build_ext
[2.746s] Creating /home/esraamustafa/path_planning/Path_Planning_Shell_AI/ros2_sim/install/shell_planning/lib/python3.10/site-packages/shell-planning.egg-link (link to .)
[2.747s] Installing global_planner script to /home/esraamustafa/path_planning/Path_Planning_Shell_AI/ros2_sim/install/shell_planning/lib/shell_planning
[2.753s] Installing local_planner script to /home/esraamustafa/path_planning/Path_Planning_Shell_AI/ros2_sim/install/shell_planning/lib/shell_planning
[2.754s] 
[2.755s] Installed /home/esraamustafa/path_planning/Path_Planning_Shell_AI/ros2_sim/build/shell_planning
[2.755s] running symlink_data
[2.761s] creating /home/esraamustafa/path_planning/Path_Planning_Shell_AI/ros2_sim/install/shell_planning/share/ament_index
[2.761s] creating /home/esraamustafa/path_planning/Path_Planning_Shell_AI/ros2_sim/install/shell_planning/share/ament_index/resource_index
[2.762s] creating /home/esraamustafa/path_planning/Path_Planning_Shell_AI/ros2_sim/install/shell_planning/share/ament_index/resource_index/packages
[2.762s] symbolically linking /home/esraamustafa/path_planning/Path_Planning_Shell_AI/ros2_sim/build/shell_planning/resource/shell_planning -> /home/esraamustafa/path_planning/Path_Planning_Shell_AI/ros2_sim/install/shell_planning/share/ament_index/resource_index/packages
[2.762s] symbolically linking /home/esraamustafa/path_planning/Path_Planning_Shell_AI/ros2_sim/build/shell_planning/package.xml -> /home/esraamustafa/path_planning/Path_Planning_Shell_AI/ros2_sim/install/shell_planning/share/shell_planning
[2.762s] creating /home/esraamustafa/path_planning/Path_Planning_Shell_AI/ros2_sim/install/shell_planning/share/shell_planning/launch
[2.762s] symbolically linking /home/esraamustafa/path_planning/Path_Planning_Shell_AI/ros2_sim/build/shell_planning/launch/simulation.launch.py -> /home/esraamustafa/path_planning/Path_Planning_Shell_AI/ros2_sim/install/shell_planning/share/shell_planning/launch
[2.841s] Invoked command in '/home/esraamustafa/path_planning/Path_Planning_Shell_AI/ros2_sim/build/shell_planning' returned '0': PYTHONPATH=/home/esraamustafa/path_planning/Path_Planning_Shell_AI/ros2_sim/build/shell_planning/prefix_override:/usr/lib/python3/dist-packages/colcon_core/task/python/colcon_distutils_commands:/home/esraamustafa/path_planning/Path_Planning_Shell_AI/ros2_sim/install/shell_planning/lib/python3.10/site-packages:${PYTHONPATH} /usr/bin/python3 -W ignore:setup.py install is deprecated -W ignore:easy_install command is deprecated setup.py develop --editable --build-directory /home/esraamustafa/path_planning/Path_Planning_Shell_AI/ros2_sim/build/shell_planning/build --no-deps symlink_data
