[1.195s] Invoking command in '/home/esraamustafa/Path_Planning_Shell_AI/ros2_sim/src/shell_visualization': PYTHONPATH=/home/esraamustafa/Path_Planning_Shell_AI/ros2_sim/build/shell_visualization/prefix_override:/usr/lib/python3/dist-packages/colcon_core/task/python/colcon_distutils_commands:/home/esraamustafa/Path_Planning_Shell_AI/ros2_sim/install/shell_visualization/lib/python3.10/site-packages:${PYTHONPATH} /usr/bin/python3 -W ignore:setup.py install is deprecated -W ignore:easy_install command is deprecated setup.py egg_info --egg-base ../../build/shell_visualization build --build-base /home/esraamustafa/Path_Planning_Shell_AI/ros2_sim/build/shell_visualization/build install --record /home/esraamustafa/Path_Planning_Shell_AI/ros2_sim/build/shell_visualization/install.log --single-version-externally-managed install_data
[1.425s] running egg_info
[1.426s] writing ../../build/shell_visualization/shell_visualization.egg-info/PKG-INFO
[1.426s] writing dependency_links to ../../build/shell_visualization/shell_visualization.egg-info/dependency_links.txt
[1.427s] writing entry points to ../../build/shell_visualization/shell_visualization.egg-info/entry_points.txt
[1.427s] writing requirements to ../../build/shell_visualization/shell_visualization.egg-info/requires.txt
[1.427s] writing top-level names to ../../build/shell_visualization/shell_visualization.egg-info/top_level.txt
[1.428s] reading manifest file '../../build/shell_visualization/shell_visualization.egg-info/SOURCES.txt'
[1.429s] writing manifest file '../../build/shell_visualization/shell_visualization.egg-info/SOURCES.txt'
[1.430s] running build
[1.430s] running build_py
[1.430s] running install
[1.431s] running install_lib
[1.432s] running install_data
[1.432s] running install_egg_info
[1.434s] removing '/home/esraamustafa/Path_Planning_Shell_AI/ros2_sim/install/shell_visualization/lib/python3.10/site-packages/shell_visualization-0.0.0-py3.10.egg-info' (and everything under it)
[1.434s] Copying ../../build/shell_visualization/shell_visualization.egg-info to /home/esraamustafa/Path_Planning_Shell_AI/ros2_sim/install/shell_visualization/lib/python3.10/site-packages/shell_visualization-0.0.0-py3.10.egg-info
[1.435s] running install_scripts
[1.459s] Installing planner_visualizer script to /home/esraamustafa/Path_Planning_Shell_AI/ros2_sim/install/shell_visualization/lib/shell_visualization
[1.459s] writing list of installed files to '/home/esraamustafa/Path_Planning_Shell_AI/ros2_sim/build/shell_visualization/install.log'
[1.487s] Invoked command in '/home/esraamustafa/Path_Planning_Shell_AI/ros2_sim/src/shell_visualization' returned '0': PYTHONPATH=/home/esraamustafa/Path_Planning_Shell_AI/ros2_sim/build/shell_visualization/prefix_override:/usr/lib/python3/dist-packages/colcon_core/task/python/colcon_distutils_commands:/home/esraamustafa/Path_Planning_Shell_AI/ros2_sim/install/shell_visualization/lib/python3.10/site-packages:${PYTHONPATH} /usr/bin/python3 -W ignore:setup.py install is deprecated -W ignore:easy_install command is deprecated setup.py egg_info --egg-base ../../build/shell_visualization build --build-base /home/esraamustafa/Path_Planning_Shell_AI/ros2_sim/build/shell_visualization/build install --record /home/esraamustafa/Path_Planning_Shell_AI/ros2_sim/build/shell_visualization/install.log --single-version-externally-managed install_data
