[0.018s] Invoking command in '/home/esraamustafa/Path_Planning_Shell_AI/ros2_sim/build/shell_interfaces': CMAKE_PREFIX_PATH=/opt/ros/humble /usr/bin/cmake /home/esraamustafa/Path_Planning_Shell_AI/ros2_sim/src/shell_interfaces -DAMENT_CMAKE_SYMLINK_INSTALL=1 -DCMAKE_INSTALL_PREFIX=/home/esraamustafa/Path_Planning_Shell_AI/ros2_sim/install/shell_interfaces
[0.025s] -- Found ament_cmake: 1.3.12 (/opt/ros/humble/share/ament_cmake/cmake)
[0.120s] -- Override CMake install command with custom implementation using symlinks instead of copying resources
[0.128s] -- Found rosidl_default_generators: 1.2.0 (/opt/ros/humble/share/rosidl_default_generators/cmake)
[0.129s] -- Using all available rosidl_typesupport_c: rosidl_typesupport_fastrtps_c;rosidl_typesupport_introspection_c
[0.131s] -- Found rosidl_adapter: 3.1.7 (/opt/ros/humble/share/rosidl_adapter/cmake)
[0.550s] -- Using all available rosidl_typesupport_cpp: rosidl_typesupport_fastrtps_cpp;rosidl_typesupport_introspection_cpp
[0.926s] -- Found ament_cmake_ros: 0.10.0 (/opt/ros/humble/share/ament_cmake_ros/cmake)
[1.195s] -- Using all available rosidl_typesupport_c: rosidl_typesupport_fastrtps_c;rosidl_typesupport_introspection_c
[1.489s] -- Using all available rosidl_typesupport_cpp: rosidl_typesupport_fastrtps_cpp;rosidl_typesupport_introspection_cpp
[1.517s] -- Found python_cmake_module: 0.10.0 (/opt/ros/humble/share/python_cmake_module/cmake)
[1.543s] -- Using PYTHON_EXECUTABLE: /usr/bin/python3
[1.543s] -- Using PYTHON_INCLUDE_DIRS: /usr/include/python3.10
[1.543s] -- Using PYTHON_LIBRARIES: /usr/lib/x86_64-linux-gnu/libpython3.10.so
[1.564s] -- Configuring done
[1.600s] -- Generating done
[1.613s] -- Build files have been written to: /home/esraamustafa/Path_Planning_Shell_AI/ros2_sim/build/shell_interfaces
[1.621s] Invoked command in '/home/esraamustafa/Path_Planning_Shell_AI/ros2_sim/build/shell_interfaces' returned '0': CMAKE_PREFIX_PATH=/opt/ros/humble /usr/bin/cmake /home/esraamustafa/Path_Planning_Shell_AI/ros2_sim/src/shell_interfaces -DAMENT_CMAKE_SYMLINK_INSTALL=1 -DCMAKE_INSTALL_PREFIX=/home/esraamustafa/Path_Planning_Shell_AI/ros2_sim/install/shell_interfaces
[1.626s] Invoking command in '/home/esraamustafa/Path_Planning_Shell_AI/ros2_sim/build/shell_interfaces': CMAKE_PREFIX_PATH=/opt/ros/humble /usr/bin/cmake --build /home/esraamustafa/Path_Planning_Shell_AI/ros2_sim/build/shell_interfaces -- -j12 -l12
[1.674s] [35m[1mConsolidate compiler generated dependencies of target shell_interfaces__rosidl_generator_c[0m
[1.685s] failed to create symbolic link '/home/esraamustafa/Path_Planning_Shell_AI/ros2_sim/build/shell_interfaces/ament_cmake_python/shell_interfaces/shell_interfaces' because existing path cannot be removed: Is a directory
[1.686s] gmake[2]: *** [CMakeFiles/ament_cmake_python_symlink_shell_interfaces.dir/build.make:70: CMakeFiles/ament_cmake_python_symlink_shell_interfaces] Error 1
[1.687s] gmake[1]: *** [CMakeFiles/Makefile2:421: CMakeFiles/ament_cmake_python_symlink_shell_interfaces.dir/all] Error 2
[1.687s] gmake[1]: *** Waiting for unfinished jobs....
[1.690s] [ 10%] Built target shell_interfaces__rosidl_generator_c
[1.692s] [ 12%] Built target shell_interfaces__cpp
[1.693s] gmake: *** [Makefile:146: all] Error 2
[1.696s] Invoked command in '/home/esraamustafa/Path_Planning_Shell_AI/ros2_sim/build/shell_interfaces' returned '2': CMAKE_PREFIX_PATH=/opt/ros/humble /usr/bin/cmake --build /home/esraamustafa/Path_Planning_Shell_AI/ros2_sim/build/shell_interfaces -- -j12 -l12
