running egg_info
writing ../../build/shell_visualization/shell_visualization.egg-info/PKG-INFO
writing dependency_links to ../../build/shell_visualization/shell_visualization.egg-info/dependency_links.txt
writing entry points to ../../build/shell_visualization/shell_visualization.egg-info/entry_points.txt
writing requirements to ../../build/shell_visualization/shell_visualization.egg-info/requires.txt
writing top-level names to ../../build/shell_visualization/shell_visualization.egg-info/top_level.txt
reading manifest file '../../build/shell_visualization/shell_visualization.egg-info/SOURCES.txt'
writing manifest file '../../build/shell_visualization/shell_visualization.egg-info/SOURCES.txt'
running build
running build_py
copying shell_visualization/planner_visualizer.py -> /home/esraamustafa/Path_Planning_Shell_AI/ros2_sim/build/shell_visualization/build/lib/shell_visualization
running install
running install_lib
copying /home/esraamustafa/Path_Planning_Shell_AI/ros2_sim/build/shell_visualization/build/lib/shell_visualization/planner_visualizer.py -> /home/esraamustafa/Path_Planning_Shell_AI/ros2_sim/install/shell_visualization/lib/python3.10/site-packages/shell_visualization
byte-compiling /home/esraamustafa/Path_Planning_Shell_AI/ros2_sim/install/shell_visualization/lib/python3.10/site-packages/shell_visualization/planner_visualizer.py to planner_visualizer.cpython-310.pyc
running install_data
running install_egg_info
removing '/home/esraamustafa/Path_Planning_Shell_AI/ros2_sim/install/shell_visualization/lib/python3.10/site-packages/shell_visualization-0.0.0-py3.10.egg-info' (and everything under it)
Copying ../../build/shell_visualization/shell_visualization.egg-info to /home/esraamustafa/Path_Planning_Shell_AI/ros2_sim/install/shell_visualization/lib/python3.10/site-packages/shell_visualization-0.0.0-py3.10.egg-info
running install_scripts
Installing planner_visualizer script to /home/esraamustafa/Path_Planning_Shell_AI/ros2_sim/install/shell_visualization/lib/shell_visualization
writing list of installed files to '/home/esraamustafa/Path_Planning_Shell_AI/ros2_sim/build/shell_visualization/install.log'
