[1.941s] Invoking command in '/home/esraamustafa/Path_Planning_Shell_AI/ros2_sim/src/shell_visualization': PYTHONPATH=/home/esraamustafa/Path_Planning_Shell_AI/ros2_sim/build/shell_visualization/prefix_override:/usr/lib/python3/dist-packages/colcon_core/task/python/colcon_distutils_commands:/home/esraamustafa/Path_Planning_Shell_AI/ros2_sim/install/shell_visualization/lib/python3.10/site-packages:${PYTHONPATH} /usr/bin/python3 -W ignore:setup.py install is deprecated -W ignore:easy_install command is deprecated setup.py egg_info --egg-base ../../build/shell_visualization build --build-base /home/esraamustafa/Path_Planning_Shell_AI/ros2_sim/build/shell_visualization/build install --record /home/esraamustafa/Path_Planning_Shell_AI/ros2_sim/build/shell_visualization/install.log --single-version-externally-managed install_data
[2.459s] running egg_info
[2.460s] writing ../../build/shell_visualization/shell_visualization.egg-info/PKG-INFO
[2.461s] writing dependency_links to ../../build/shell_visualization/shell_visualization.egg-info/dependency_links.txt
[2.462s] writing entry points to ../../build/shell_visualization/shell_visualization.egg-info/entry_points.txt
[2.462s] writing requirements to ../../build/shell_visualization/shell_visualization.egg-info/requires.txt
[2.462s] writing top-level names to ../../build/shell_visualization/shell_visualization.egg-info/top_level.txt
[2.464s] reading manifest file '../../build/shell_visualization/shell_visualization.egg-info/SOURCES.txt'
[2.466s] writing manifest file '../../build/shell_visualization/shell_visualization.egg-info/SOURCES.txt'
[2.466s] running build
[2.466s] running build_py
[2.467s] copying shell_visualization/planner_visualizer.py -> /home/esraamustafa/Path_Planning_Shell_AI/ros2_sim/build/shell_visualization/build/lib/shell_visualization
[2.467s] running install
[2.468s] running install_lib
[2.469s] copying /home/esraamustafa/Path_Planning_Shell_AI/ros2_sim/build/shell_visualization/build/lib/shell_visualization/planner_visualizer.py -> /home/esraamustafa/Path_Planning_Shell_AI/ros2_sim/install/shell_visualization/lib/python3.10/site-packages/shell_visualization
[2.471s] byte-compiling /home/esraamustafa/Path_Planning_Shell_AI/ros2_sim/install/shell_visualization/lib/python3.10/site-packages/shell_visualization/planner_visualizer.py to planner_visualizer.cpython-310.pyc
[2.473s] running install_data
[2.473s] running install_egg_info
[2.476s] removing '/home/esraamustafa/Path_Planning_Shell_AI/ros2_sim/install/shell_visualization/lib/python3.10/site-packages/shell_visualization-0.0.0-py3.10.egg-info' (and everything under it)
[2.477s] Copying ../../build/shell_visualization/shell_visualization.egg-info to /home/esraamustafa/Path_Planning_Shell_AI/ros2_sim/install/shell_visualization/lib/python3.10/site-packages/shell_visualization-0.0.0-py3.10.egg-info
[2.478s] running install_scripts
[2.517s] Installing planner_visualizer script to /home/esraamustafa/Path_Planning_Shell_AI/ros2_sim/install/shell_visualization/lib/shell_visualization
[2.518s] writing list of installed files to '/home/esraamustafa/Path_Planning_Shell_AI/ros2_sim/build/shell_visualization/install.log'
[2.563s] Invoked command in '/home/esraamustafa/Path_Planning_Shell_AI/ros2_sim/src/shell_visualization' returned '0': PYTHONPATH=/home/esraamustafa/Path_Planning_Shell_AI/ros2_sim/build/shell_visualization/prefix_override:/usr/lib/python3/dist-packages/colcon_core/task/python/colcon_distutils_commands:/home/esraamustafa/Path_Planning_Shell_AI/ros2_sim/install/shell_visualization/lib/python3.10/site-packages:${PYTHONPATH} /usr/bin/python3 -W ignore:setup.py install is deprecated -W ignore:easy_install command is deprecated setup.py egg_info --egg-base ../../build/shell_visualization build --build-base /home/esraamustafa/Path_Planning_Shell_AI/ros2_sim/build/shell_visualization/build install --record /home/esraamustafa/Path_Planning_Shell_AI/ros2_sim/build/shell_visualization/install.log --single-version-externally-managed install_data
