[2.436s] Invoking command in '/home/esraamustafa/path_planning/Path_Planning_Shell_AI/build/shell_visualization': AMENT_PREFIX_PATH=/home/esraamustafa/path_planning/Path_Planning_Shell_AI/install/shell_interfaces:${AMENT_PREFIX_PATH} CMAKE_PREFIX_PATH=/home/esraamustafa/path_planning/Path_Planning_Shell_AI/install/shell_interfaces LD_LIBRARY_PATH=/home/esraamustafa/path_planning/Path_Planning_Shell_AI/install/shell_interfaces/lib:${LD_LIBRARY_PATH} PYTHONPATH=/home/esraamustafa/path_planning/Path_Planning_Shell_AI/build/shell_visualization/prefix_override:/usr/lib/python3/dist-packages/colcon_core/task/python/colcon_distutils_commands:/home/esraamustafa/path_planning/Path_Planning_Shell_AI/install/shell_visualization/lib/python3.10/site-packages:/home/esraamustafa/path_planning/Path_Planning_Shell_AI/install/shell_interfaces/local/lib/python3.10/dist-packages:${PYTHONPATH} /usr/bin/python3 -W ignore:setup.py install is deprecated -W ignore:easy_install command is deprecated setup.py develop --editable --build-directory /home/esraamustafa/path_planning/Path_Planning_Shell_AI/build/shell_visualization/build --no-deps symlink_data
[3.025s] running develop
[3.468s] running egg_info
[3.469s] creating shell_visualization.egg-info
[3.469s] writing shell_visualization.egg-info/PKG-INFO
[3.469s] writing dependency_links to shell_visualization.egg-info/dependency_links.txt
[3.470s] writing entry points to shell_visualization.egg-info/entry_points.txt
[3.470s] writing requirements to shell_visualization.egg-info/requires.txt
[3.470s] writing top-level names to shell_visualization.egg-info/top_level.txt
[3.470s] writing manifest file 'shell_visualization.egg-info/SOURCES.txt'
[3.472s] reading manifest file 'shell_visualization.egg-info/SOURCES.txt'
[3.472s] writing manifest file 'shell_visualization.egg-info/SOURCES.txt'
[3.475s] running build_ext
[3.475s] Creating /home/esraamustafa/path_planning/Path_Planning_Shell_AI/install/shell_visualization/lib/python3.10/site-packages/shell-visualization.egg-link (link to .)
[3.476s] Installing planner_visualizer script to /home/esraamustafa/path_planning/Path_Planning_Shell_AI/install/shell_visualization/lib/shell_visualization
[3.477s] 
[3.478s] Installed /home/esraamustafa/path_planning/Path_Planning_Shell_AI/build/shell_visualization
[3.478s] running symlink_data
[3.478s] creating /home/esraamustafa/path_planning/Path_Planning_Shell_AI/install/shell_visualization/share/ament_index
[3.479s] creating /home/esraamustafa/path_planning/Path_Planning_Shell_AI/install/shell_visualization/share/ament_index/resource_index
[3.480s] creating /home/esraamustafa/path_planning/Path_Planning_Shell_AI/install/shell_visualization/share/ament_index/resource_index/packages
[3.480s] symbolically linking /home/esraamustafa/path_planning/Path_Planning_Shell_AI/build/shell_visualization/resource/shell_visualization -> /home/esraamustafa/path_planning/Path_Planning_Shell_AI/install/shell_visualization/share/ament_index/resource_index/packages
[3.480s] symbolically linking /home/esraamustafa/path_planning/Path_Planning_Shell_AI/build/shell_visualization/package.xml -> /home/esraamustafa/path_planning/Path_Planning_Shell_AI/install/shell_visualization/share/shell_visualization
[3.560s] Invoked command in '/home/esraamustafa/path_planning/Path_Planning_Shell_AI/build/shell_visualization' returned '0': AMENT_PREFIX_PATH=/home/esraamustafa/path_planning/Path_Planning_Shell_AI/install/shell_interfaces:${AMENT_PREFIX_PATH} CMAKE_PREFIX_PATH=/home/esraamustafa/path_planning/Path_Planning_Shell_AI/install/shell_interfaces LD_LIBRARY_PATH=/home/esraamustafa/path_planning/Path_Planning_Shell_AI/install/shell_interfaces/lib:${LD_LIBRARY_PATH} PYTHONPATH=/home/esraamustafa/path_planning/Path_Planning_Shell_AI/build/shell_visualization/prefix_override:/usr/lib/python3/dist-packages/colcon_core/task/python/colcon_distutils_commands:/home/esraamustafa/path_planning/Path_Planning_Shell_AI/install/shell_visualization/lib/python3.10/site-packages:/home/esraamustafa/path_planning/Path_Planning_Shell_AI/install/shell_interfaces/local/lib/python3.10/dist-packages:${PYTHONPATH} /usr/bin/python3 -W ignore:setup.py install is deprecated -W ignore:easy_install command is deprecated setup.py develop --editable --build-directory /home/esraamustafa/path_planning/Path_Planning_Shell_AI/build/shell_visualization/build --no-deps symlink_data
