[0.452s] DEBUG:colcon:Command line arguments: ['/usr/bin/colcon', 'build', '--symlink-install']
[0.453s] DEBUG:colcon:Parsed command line arguments: Namespace(log_base=None, log_level=None, verb_name='build', build_base='build', install_base='install', merge_install=False, symlink_install=True, test_result_base=None, continue_on_error=False, executor='parallel', parallel_workers=12, event_handlers=None, ignore_user_meta=False, metas=['./colcon.meta'], base_paths=['.'], packages_ignore=None, packages_ignore_regex=None, paths=None, packages_up_to=None, packages_up_to_regex=None, packages_above=None, packages_above_and_dependencies=None, packages_above_depth=None, packages_select_by_dep=None, packages_skip_by_dep=None, packages_skip_up_to=None, packages_select_build_failed=False, packages_skip_build_finished=False, packages_select_test_failures=False, packages_skip_test_passed=False, packages_select=None, packages_skip=None, packages_select_regex=None, packages_skip_regex=None, packages_start=None, packages_end=None, allow_overriding=[], cmake_args=None, cmake_target=None, cmake_target_skip_unavailable=False, cmake_clean_cache=False, cmake_clean_first=False, cmake_force_configure=False, ament_cmake_args=None, catkin_cmake_args=None, catkin_skip_building_tests=False, verb_parser=<colcon_defaults.argument_parser.defaults.DefaultArgumentsDecorator object at 0x7cbfafdcf4c0>, verb_extension=<colcon_core.verb.build.BuildVerb object at 0x7cbfafdcefb0>, main=<bound method BuildVerb.main of <colcon_core.verb.build.BuildVerb object at 0x7cbfafdcefb0>>)
[0.626s] Level 1:colcon.colcon_core.package_discovery:discover_packages(colcon_meta) check parameters
[0.626s] Level 1:colcon.colcon_core.package_discovery:discover_packages(recursive) check parameters
[0.626s] Level 1:colcon.colcon_core.package_discovery:discover_packages(ignore) check parameters
[0.626s] Level 1:colcon.colcon_core.package_discovery:discover_packages(path) check parameters
[0.627s] Level 1:colcon.colcon_core.package_discovery:discover_packages(colcon_meta) discover
[0.627s] Level 1:colcon.colcon_core.package_discovery:discover_packages(recursive) discover
[0.627s] INFO:colcon.colcon_core.package_discovery:Crawling recursively for packages in '/home/esraamustafa/path_planning/Path_Planning_Shell_AI'
[0.627s] Level 1:colcon.colcon_core.package_identification:_identify(.) by extensions ['ignore', 'ignore_ament_install']
[0.627s] Level 1:colcon.colcon_core.package_identification:_identify(.) by extension 'ignore'
[0.627s] Level 1:colcon.colcon_core.package_identification:_identify(.) by extension 'ignore_ament_install'
[0.627s] Level 1:colcon.colcon_core.package_identification:_identify(.) by extensions ['colcon_pkg']
[0.627s] Level 1:colcon.colcon_core.package_identification:_identify(.) by extension 'colcon_pkg'
[0.627s] Level 1:colcon.colcon_core.package_identification:_identify(.) by extensions ['colcon_meta']
[0.627s] Level 1:colcon.colcon_core.package_identification:_identify(.) by extension 'colcon_meta'
[0.627s] Level 1:colcon.colcon_core.package_identification:_identify(.) by extensions ['ros']
[0.627s] Level 1:colcon.colcon_core.package_identification:_identify(.) by extension 'ros'
[0.639s] Level 1:colcon.colcon_core.package_identification:_identify(.) by extensions ['cmake', 'python']
[0.639s] Level 1:colcon.colcon_core.package_identification:_identify(.) by extension 'cmake'
[0.639s] Level 1:colcon.colcon_core.package_identification:_identify(.) by extension 'python'
[0.639s] Level 1:colcon.colcon_core.package_identification:_identify(.) by extensions ['python_setup_py']
[0.639s] Level 1:colcon.colcon_core.package_identification:_identify(.) by extension 'python_setup_py'
[0.639s] Level 1:colcon.colcon_core.package_identification:_identify(build) by extensions ['ignore', 'ignore_ament_install']
[0.639s] Level 1:colcon.colcon_core.package_identification:_identify(build) by extension 'ignore'
[0.639s] Level 1:colcon.colcon_core.package_identification:_identify(build) ignored
[0.640s] Level 1:colcon.colcon_core.package_identification:_identify(install) by extensions ['ignore', 'ignore_ament_install']
[0.640s] Level 1:colcon.colcon_core.package_identification:_identify(install) by extension 'ignore'
[0.640s] Level 1:colcon.colcon_core.package_identification:_identify(install) ignored
[0.640s] Level 1:colcon.colcon_core.package_identification:_identify(log) by extensions ['ignore', 'ignore_ament_install']
[0.640s] Level 1:colcon.colcon_core.package_identification:_identify(log) by extension 'ignore'
[0.640s] Level 1:colcon.colcon_core.package_identification:_identify(log) ignored
[0.640s] Level 1:colcon.colcon_core.package_identification:_identify(ros2_sim) by extensions ['ignore', 'ignore_ament_install']
[0.640s] Level 1:colcon.colcon_core.package_identification:_identify(ros2_sim) by extension 'ignore'
[0.640s] Level 1:colcon.colcon_core.package_identification:_identify(ros2_sim) by extension 'ignore_ament_install'
[0.640s] Level 1:colcon.colcon_core.package_identification:_identify(ros2_sim) by extensions ['colcon_pkg']
[0.640s] Level 1:colcon.colcon_core.package_identification:_identify(ros2_sim) by extension 'colcon_pkg'
[0.640s] Level 1:colcon.colcon_core.package_identification:_identify(ros2_sim) by extensions ['colcon_meta']
[0.640s] Level 1:colcon.colcon_core.package_identification:_identify(ros2_sim) by extension 'colcon_meta'
[0.640s] Level 1:colcon.colcon_core.package_identification:_identify(ros2_sim) by extensions ['ros']
[0.640s] Level 1:colcon.colcon_core.package_identification:_identify(ros2_sim) by extension 'ros'
[0.640s] Level 1:colcon.colcon_core.package_identification:_identify(ros2_sim) by extensions ['cmake', 'python']
[0.640s] Level 1:colcon.colcon_core.package_identification:_identify(ros2_sim) by extension 'cmake'
[0.641s] Level 1:colcon.colcon_core.package_identification:_identify(ros2_sim) by extension 'python'
[0.641s] Level 1:colcon.colcon_core.package_identification:_identify(ros2_sim) by extensions ['python_setup_py']
[0.641s] Level 1:colcon.colcon_core.package_identification:_identify(ros2_sim) by extension 'python_setup_py'
[0.641s] Level 1:colcon.colcon_core.package_identification:_identify(ros2_sim/build) by extensions ['ignore', 'ignore_ament_install']
[0.641s] Level 1:colcon.colcon_core.package_identification:_identify(ros2_sim/build) by extension 'ignore'
[0.641s] Level 1:colcon.colcon_core.package_identification:_identify(ros2_sim/build) ignored
[0.641s] Level 1:colcon.colcon_core.package_identification:_identify(ros2_sim/install) by extensions ['ignore', 'ignore_ament_install']
[0.641s] Level 1:colcon.colcon_core.package_identification:_identify(ros2_sim/install) by extension 'ignore'
[0.641s] Level 1:colcon.colcon_core.package_identification:_identify(ros2_sim/install) ignored
[0.641s] Level 1:colcon.colcon_core.package_identification:_identify(ros2_sim/log) by extensions ['ignore', 'ignore_ament_install']
[0.641s] Level 1:colcon.colcon_core.package_identification:_identify(ros2_sim/log) by extension 'ignore'
[0.641s] Level 1:colcon.colcon_core.package_identification:_identify(ros2_sim/log) ignored
[0.641s] Level 1:colcon.colcon_core.package_identification:_identify(ros2_sim/src) by extensions ['ignore', 'ignore_ament_install']
[0.641s] Level 1:colcon.colcon_core.package_identification:_identify(ros2_sim/src) by extension 'ignore'
[0.641s] Level 1:colcon.colcon_core.package_identification:_identify(ros2_sim/src) by extension 'ignore_ament_install'
[0.641s] Level 1:colcon.colcon_core.package_identification:_identify(ros2_sim/src) by extensions ['colcon_pkg']
[0.641s] Level 1:colcon.colcon_core.package_identification:_identify(ros2_sim/src) by extension 'colcon_pkg'
[0.641s] Level 1:colcon.colcon_core.package_identification:_identify(ros2_sim/src) by extensions ['colcon_meta']
[0.641s] Level 1:colcon.colcon_core.package_identification:_identify(ros2_sim/src) by extension 'colcon_meta'
[0.641s] Level 1:colcon.colcon_core.package_identification:_identify(ros2_sim/src) by extensions ['ros']
[0.641s] Level 1:colcon.colcon_core.package_identification:_identify(ros2_sim/src) by extension 'ros'
[0.642s] Level 1:colcon.colcon_core.package_identification:_identify(ros2_sim/src) by extensions ['cmake', 'python']
[0.642s] Level 1:colcon.colcon_core.package_identification:_identify(ros2_sim/src) by extension 'cmake'
[0.642s] Level 1:colcon.colcon_core.package_identification:_identify(ros2_sim/src) by extension 'python'
[0.642s] Level 1:colcon.colcon_core.package_identification:_identify(ros2_sim/src) by extensions ['python_setup_py']
[0.642s] Level 1:colcon.colcon_core.package_identification:_identify(ros2_sim/src) by extension 'python_setup_py'
[0.642s] Level 1:colcon.colcon_core.package_identification:_identify(ros2_sim/src/shell_interfaces) by extensions ['ignore', 'ignore_ament_install']
[0.642s] Level 1:colcon.colcon_core.package_identification:_identify(ros2_sim/src/shell_interfaces) by extension 'ignore'
[0.642s] Level 1:colcon.colcon_core.package_identification:_identify(ros2_sim/src/shell_interfaces) by extension 'ignore_ament_install'
[0.642s] Level 1:colcon.colcon_core.package_identification:_identify(ros2_sim/src/shell_interfaces) by extensions ['colcon_pkg']
[0.642s] Level 1:colcon.colcon_core.package_identification:_identify(ros2_sim/src/shell_interfaces) by extension 'colcon_pkg'
[0.642s] Level 1:colcon.colcon_core.package_identification:_identify(ros2_sim/src/shell_interfaces) by extensions ['colcon_meta']
[0.642s] Level 1:colcon.colcon_core.package_identification:_identify(ros2_sim/src/shell_interfaces) by extension 'colcon_meta'
[0.642s] Level 1:colcon.colcon_core.package_identification:_identify(ros2_sim/src/shell_interfaces) by extensions ['ros']
[0.642s] Level 1:colcon.colcon_core.package_identification:_identify(ros2_sim/src/shell_interfaces) by extension 'ros'
[0.645s] DEBUG:colcon.colcon_core.package_identification:Package 'ros2_sim/src/shell_interfaces' with type 'ros.ament_cmake' and name 'shell_interfaces'
[0.646s] Level 1:colcon.colcon_core.package_identification:_identify(ros2_sim/src/shell_planning) by extensions ['ignore', 'ignore_ament_install']
[0.646s] Level 1:colcon.colcon_core.package_identification:_identify(ros2_sim/src/shell_planning) by extension 'ignore'
[0.646s] Level 1:colcon.colcon_core.package_identification:_identify(ros2_sim/src/shell_planning) by extension 'ignore_ament_install'
[0.646s] Level 1:colcon.colcon_core.package_identification:_identify(ros2_sim/src/shell_planning) by extensions ['colcon_pkg']
[0.646s] Level 1:colcon.colcon_core.package_identification:_identify(ros2_sim/src/shell_planning) by extension 'colcon_pkg'
[0.646s] Level 1:colcon.colcon_core.package_identification:_identify(ros2_sim/src/shell_planning) by extensions ['colcon_meta']
[0.646s] Level 1:colcon.colcon_core.package_identification:_identify(ros2_sim/src/shell_planning) by extension 'colcon_meta'
[0.646s] Level 1:colcon.colcon_core.package_identification:_identify(ros2_sim/src/shell_planning) by extensions ['ros']
[0.646s] Level 1:colcon.colcon_core.package_identification:_identify(ros2_sim/src/shell_planning) by extension 'ros'
[0.647s] DEBUG:colcon.colcon_core.package_identification:Package 'ros2_sim/src/shell_planning' with type 'ros.ament_python' and name 'shell_planning'
[0.647s] Level 1:colcon.colcon_core.package_identification:_identify(ros2_sim/src/shell_test_nodes) by extensions ['ignore', 'ignore_ament_install']
[0.647s] Level 1:colcon.colcon_core.package_identification:_identify(ros2_sim/src/shell_test_nodes) by extension 'ignore'
[0.647s] Level 1:colcon.colcon_core.package_identification:_identify(ros2_sim/src/shell_test_nodes) by extension 'ignore_ament_install'
[0.647s] Level 1:colcon.colcon_core.package_identification:_identify(ros2_sim/src/shell_test_nodes) by extensions ['colcon_pkg']
[0.647s] Level 1:colcon.colcon_core.package_identification:_identify(ros2_sim/src/shell_test_nodes) by extension 'colcon_pkg'
[0.647s] Level 1:colcon.colcon_core.package_identification:_identify(ros2_sim/src/shell_test_nodes) by extensions ['colcon_meta']
[0.647s] Level 1:colcon.colcon_core.package_identification:_identify(ros2_sim/src/shell_test_nodes) by extension 'colcon_meta'
[0.647s] Level 1:colcon.colcon_core.package_identification:_identify(ros2_sim/src/shell_test_nodes) by extensions ['ros']
[0.647s] Level 1:colcon.colcon_core.package_identification:_identify(ros2_sim/src/shell_test_nodes) by extension 'ros'
[0.648s] DEBUG:colcon.colcon_core.package_identification:Package 'ros2_sim/src/shell_test_nodes' with type 'ros.ament_python' and name 'shell_test_nodes'
[0.648s] Level 1:colcon.colcon_core.package_identification:_identify(ros2_sim/src/shell_visualization) by extensions ['ignore', 'ignore_ament_install']
[0.648s] Level 1:colcon.colcon_core.package_identification:_identify(ros2_sim/src/shell_visualization) by extension 'ignore'
[0.648s] Level 1:colcon.colcon_core.package_identification:_identify(ros2_sim/src/shell_visualization) by extension 'ignore_ament_install'
[0.648s] Level 1:colcon.colcon_core.package_identification:_identify(ros2_sim/src/shell_visualization) by extensions ['colcon_pkg']
[0.648s] Level 1:colcon.colcon_core.package_identification:_identify(ros2_sim/src/shell_visualization) by extension 'colcon_pkg'
[0.648s] Level 1:colcon.colcon_core.package_identification:_identify(ros2_sim/src/shell_visualization) by extensions ['colcon_meta']
[0.648s] Level 1:colcon.colcon_core.package_identification:_identify(ros2_sim/src/shell_visualization) by extension 'colcon_meta'
[0.648s] Level 1:colcon.colcon_core.package_identification:_identify(ros2_sim/src/shell_visualization) by extensions ['ros']
[0.648s] Level 1:colcon.colcon_core.package_identification:_identify(ros2_sim/src/shell_visualization) by extension 'ros'
[0.650s] DEBUG:colcon.colcon_core.package_identification:Package 'ros2_sim/src/shell_visualization' with type 'ros.ament_python' and name 'shell_visualization'
[0.650s] Level 1:colcon.colcon_core.package_discovery:discover_packages(recursive) using defaults
[0.650s] Level 1:colcon.colcon_core.package_discovery:discover_packages(ignore) discover
[0.650s] Level 1:colcon.colcon_core.package_discovery:discover_packages(ignore) using defaults
[0.650s] Level 1:colcon.colcon_core.package_discovery:discover_packages(path) discover
[0.650s] Level 1:colcon.colcon_core.package_discovery:discover_packages(path) using defaults
[0.685s] Level 1:colcon.colcon_core.package_discovery:discover_packages(prefix_path) check parameters
[0.685s] Level 1:colcon.colcon_core.package_discovery:discover_packages(prefix_path) discover
[0.687s] DEBUG:colcon.colcon_installed_package_information.package_discovery:Found 271 installed packages in /opt/ros/humble
[0.689s] Level 1:colcon.colcon_core.package_discovery:discover_packages(prefix_path) using defaults
[0.724s] Level 5:colcon.colcon_core.verb:set package 'shell_interfaces' build argument 'cmake_args' from command line to 'None'
[0.724s] Level 5:colcon.colcon_core.verb:set package 'shell_interfaces' build argument 'cmake_target' from command line to 'None'
[0.724s] Level 5:colcon.colcon_core.verb:set package 'shell_interfaces' build argument 'cmake_target_skip_unavailable' from command line to 'False'
[0.724s] Level 5:colcon.colcon_core.verb:set package 'shell_interfaces' build argument 'cmake_clean_cache' from command line to 'False'
[0.724s] Level 5:colcon.colcon_core.verb:set package 'shell_interfaces' build argument 'cmake_clean_first' from command line to 'False'
[0.724s] Level 5:colcon.colcon_core.verb:set package 'shell_interfaces' build argument 'cmake_force_configure' from command line to 'False'
[0.724s] Level 5:colcon.colcon_core.verb:set package 'shell_interfaces' build argument 'ament_cmake_args' from command line to 'None'
[0.724s] Level 5:colcon.colcon_core.verb:set package 'shell_interfaces' build argument 'catkin_cmake_args' from command line to 'None'
[0.724s] Level 5:colcon.colcon_core.verb:set package 'shell_interfaces' build argument 'catkin_skip_building_tests' from command line to 'False'
[0.724s] DEBUG:colcon.colcon_core.verb:Building package 'shell_interfaces' with the following arguments: {'ament_cmake_args': None, 'build_base': '/home/esraamustafa/path_planning/Path_Planning_Shell_AI/build/shell_interfaces', 'catkin_cmake_args': None, 'catkin_skip_building_tests': False, 'cmake_args': None, 'cmake_clean_cache': False, 'cmake_clean_first': False, 'cmake_force_configure': False, 'cmake_target': None, 'cmake_target_skip_unavailable': False, 'install_base': '/home/esraamustafa/path_planning/Path_Planning_Shell_AI/install/shell_interfaces', 'merge_install': False, 'path': '/home/esraamustafa/path_planning/Path_Planning_Shell_AI/ros2_sim/src/shell_interfaces', 'symlink_install': True, 'test_result_base': None}
[0.724s] Level 5:colcon.colcon_core.verb:set package 'shell_planning' build argument 'cmake_args' from command line to 'None'
[0.724s] Level 5:colcon.colcon_core.verb:set package 'shell_planning' build argument 'cmake_target' from command line to 'None'
[0.725s] Level 5:colcon.colcon_core.verb:set package 'shell_planning' build argument 'cmake_target_skip_unavailable' from command line to 'False'
[0.725s] Level 5:colcon.colcon_core.verb:set package 'shell_planning' build argument 'cmake_clean_cache' from command line to 'False'
[0.725s] Level 5:colcon.colcon_core.verb:set package 'shell_planning' build argument 'cmake_clean_first' from command line to 'False'
[0.725s] Level 5:colcon.colcon_core.verb:set package 'shell_planning' build argument 'cmake_force_configure' from command line to 'False'
[0.725s] Level 5:colcon.colcon_core.verb:set package 'shell_planning' build argument 'ament_cmake_args' from command line to 'None'
[0.725s] Level 5:colcon.colcon_core.verb:set package 'shell_planning' build argument 'catkin_cmake_args' from command line to 'None'
[0.725s] Level 5:colcon.colcon_core.verb:set package 'shell_planning' build argument 'catkin_skip_building_tests' from command line to 'False'
[0.725s] DEBUG:colcon.colcon_core.verb:Building package 'shell_planning' with the following arguments: {'ament_cmake_args': None, 'build_base': '/home/esraamustafa/path_planning/Path_Planning_Shell_AI/build/shell_planning', 'catkin_cmake_args': None, 'catkin_skip_building_tests': False, 'cmake_args': None, 'cmake_clean_cache': False, 'cmake_clean_first': False, 'cmake_force_configure': False, 'cmake_target': None, 'cmake_target_skip_unavailable': False, 'install_base': '/home/esraamustafa/path_planning/Path_Planning_Shell_AI/install/shell_planning', 'merge_install': False, 'path': '/home/esraamustafa/path_planning/Path_Planning_Shell_AI/ros2_sim/src/shell_planning', 'symlink_install': True, 'test_result_base': None}
[0.725s] Level 5:colcon.colcon_core.verb:set package 'shell_test_nodes' build argument 'cmake_args' from command line to 'None'
[0.725s] Level 5:colcon.colcon_core.verb:set package 'shell_test_nodes' build argument 'cmake_target' from command line to 'None'
[0.725s] Level 5:colcon.colcon_core.verb:set package 'shell_test_nodes' build argument 'cmake_target_skip_unavailable' from command line to 'False'
[0.725s] Level 5:colcon.colcon_core.verb:set package 'shell_test_nodes' build argument 'cmake_clean_cache' from command line to 'False'
[0.725s] Level 5:colcon.colcon_core.verb:set package 'shell_test_nodes' build argument 'cmake_clean_first' from command line to 'False'
[0.725s] Level 5:colcon.colcon_core.verb:set package 'shell_test_nodes' build argument 'cmake_force_configure' from command line to 'False'
[0.725s] Level 5:colcon.colcon_core.verb:set package 'shell_test_nodes' build argument 'ament_cmake_args' from command line to 'None'
[0.725s] Level 5:colcon.colcon_core.verb:set package 'shell_test_nodes' build argument 'catkin_cmake_args' from command line to 'None'
[0.725s] Level 5:colcon.colcon_core.verb:set package 'shell_test_nodes' build argument 'catkin_skip_building_tests' from command line to 'False'
[0.725s] DEBUG:colcon.colcon_core.verb:Building package 'shell_test_nodes' with the following arguments: {'ament_cmake_args': None, 'build_base': '/home/esraamustafa/path_planning/Path_Planning_Shell_AI/build/shell_test_nodes', 'catkin_cmake_args': None, 'catkin_skip_building_tests': False, 'cmake_args': None, 'cmake_clean_cache': False, 'cmake_clean_first': False, 'cmake_force_configure': False, 'cmake_target': None, 'cmake_target_skip_unavailable': False, 'install_base': '/home/esraamustafa/path_planning/Path_Planning_Shell_AI/install/shell_test_nodes', 'merge_install': False, 'path': '/home/esraamustafa/path_planning/Path_Planning_Shell_AI/ros2_sim/src/shell_test_nodes', 'symlink_install': True, 'test_result_base': None}
[0.726s] Level 5:colcon.colcon_core.verb:set package 'shell_visualization' build argument 'cmake_args' from command line to 'None'
[0.726s] Level 5:colcon.colcon_core.verb:set package 'shell_visualization' build argument 'cmake_target' from command line to 'None'
[0.726s] Level 5:colcon.colcon_core.verb:set package 'shell_visualization' build argument 'cmake_target_skip_unavailable' from command line to 'False'
[0.726s] Level 5:colcon.colcon_core.verb:set package 'shell_visualization' build argument 'cmake_clean_cache' from command line to 'False'
[0.726s] Level 5:colcon.colcon_core.verb:set package 'shell_visualization' build argument 'cmake_clean_first' from command line to 'False'
[0.726s] Level 5:colcon.colcon_core.verb:set package 'shell_visualization' build argument 'cmake_force_configure' from command line to 'False'
[0.726s] Level 5:colcon.colcon_core.verb:set package 'shell_visualization' build argument 'ament_cmake_args' from command line to 'None'
[0.726s] Level 5:colcon.colcon_core.verb:set package 'shell_visualization' build argument 'catkin_cmake_args' from command line to 'None'
[0.726s] Level 5:colcon.colcon_core.verb:set package 'shell_visualization' build argument 'catkin_skip_building_tests' from command line to 'False'
[0.726s] DEBUG:colcon.colcon_core.verb:Building package 'shell_visualization' with the following arguments: {'ament_cmake_args': None, 'build_base': '/home/esraamustafa/path_planning/Path_Planning_Shell_AI/build/shell_visualization', 'catkin_cmake_args': None, 'catkin_skip_building_tests': False, 'cmake_args': None, 'cmake_clean_cache': False, 'cmake_clean_first': False, 'cmake_force_configure': False, 'cmake_target': None, 'cmake_target_skip_unavailable': False, 'install_base': '/home/esraamustafa/path_planning/Path_Planning_Shell_AI/install/shell_visualization', 'merge_install': False, 'path': '/home/esraamustafa/path_planning/Path_Planning_Shell_AI/ros2_sim/src/shell_visualization', 'symlink_install': True, 'test_result_base': None}
[0.726s] INFO:colcon.colcon_core.executor:Executing jobs using 'parallel' executor
[0.729s] DEBUG:colcon.colcon_parallel_executor.executor.parallel:run_until_complete
[0.729s] INFO:colcon.colcon_ros.task.ament_cmake.build:Building ROS package in '/home/esraamustafa/path_planning/Path_Planning_Shell_AI/ros2_sim/src/shell_interfaces' with build type 'ament_cmake'
[0.730s] INFO:colcon.colcon_cmake.task.cmake.build:Building CMake package in '/home/esraamustafa/path_planning/Path_Planning_Shell_AI/ros2_sim/src/shell_interfaces'
[0.732s] INFO:colcon.colcon_core.plugin_system:Skipping extension 'colcon_core.shell.bat': Not used on non-Windows systems
[0.732s] INFO:colcon.colcon_core.shell:Skip shell extension 'powershell' for command environment: Not usable outside of PowerShell
[0.732s] DEBUG:colcon.colcon_core.shell:Skip shell extension 'dsv' for command environment
[0.735s] INFO:colcon.colcon_ros.task.ament_python.build:Building ROS package in '/home/esraamustafa/path_planning/Path_Planning_Shell_AI/ros2_sim/src/shell_planning' with build type 'ament_python'
[0.736s] Level 1:colcon.colcon_core.shell:create_environment_hook('shell_planning', 'ament_prefix_path')
[0.737s] INFO:colcon.colcon_core.shell:Creating environment hook '/home/esraamustafa/path_planning/Path_Planning_Shell_AI/install/shell_planning/share/shell_planning/hook/ament_prefix_path.ps1'
[0.738s] INFO:colcon.colcon_core.shell:Creating environment descriptor '/home/esraamustafa/path_planning/Path_Planning_Shell_AI/install/shell_planning/share/shell_planning/hook/ament_prefix_path.dsv'
[0.738s] INFO:colcon.colcon_core.shell:Creating environment hook '/home/esraamustafa/path_planning/Path_Planning_Shell_AI/install/shell_planning/share/shell_planning/hook/ament_prefix_path.sh'
[0.740s] INFO:colcon.colcon_core.shell:Skip shell extension 'powershell' for command environment: Not usable outside of PowerShell
[0.740s] DEBUG:colcon.colcon_core.shell:Skip shell extension 'dsv' for command environment
[0.764s] DEBUG:colcon.colcon_core.event_handler.log_command:Invoking command in '/home/esraamustafa/path_planning/Path_Planning_Shell_AI/build/shell_interfaces': CMAKE_PREFIX_PATH=/opt/ros/humble /usr/bin/cmake --build /home/esraamustafa/path_planning/Path_Planning_Shell_AI/build/shell_interfaces -- -j12 -l12
[1.172s] INFO:colcon.colcon_core.task.python.build:Building Python package in '/home/esraamustafa/path_planning/Path_Planning_Shell_AI/ros2_sim/src/shell_planning'
[1.173s] INFO:colcon.colcon_core.shell:Skip shell extension 'powershell' for command environment: Not usable outside of PowerShell
[1.173s] DEBUG:colcon.colcon_core.shell:Skip shell extension 'dsv' for command environment
[1.250s] DEBUG:colcon.colcon_core.event_handler.log_command:Invoked command in '/home/esraamustafa/path_planning/Path_Planning_Shell_AI/build/shell_interfaces' returned '0': CMAKE_PREFIX_PATH=/opt/ros/humble /usr/bin/cmake --build /home/esraamustafa/path_planning/Path_Planning_Shell_AI/build/shell_interfaces -- -j12 -l12
[1.264s] DEBUG:colcon.colcon_core.event_handler.log_command:Invoking command in '/home/esraamustafa/path_planning/Path_Planning_Shell_AI/build/shell_interfaces': CMAKE_PREFIX_PATH=/opt/ros/humble /usr/bin/cmake --install /home/esraamustafa/path_planning/Path_Planning_Shell_AI/build/shell_interfaces
[1.342s] Level 1:colcon.colcon_core.environment:create_environment_scripts_only(shell_interfaces)
[1.343s] DEBUG:colcon.colcon_core.event_handler.log_command:Invoked command in '/home/esraamustafa/path_planning/Path_Planning_Shell_AI/build/shell_interfaces' returned '0': CMAKE_PREFIX_PATH=/opt/ros/humble /usr/bin/cmake --install /home/esraamustafa/path_planning/Path_Planning_Shell_AI/build/shell_interfaces
[1.347s] Level 1:colcon.colcon_core.environment:checking '/home/esraamustafa/path_planning/Path_Planning_Shell_AI/install/shell_interfaces' for CMake module files
[1.348s] Level 1:colcon.colcon_core.environment:checking '/home/esraamustafa/path_planning/Path_Planning_Shell_AI/install/shell_interfaces' for CMake config files
[1.349s] Level 1:colcon.colcon_core.shell:create_environment_hook('shell_interfaces', 'cmake_prefix_path')
[1.350s] INFO:colcon.colcon_core.shell:Creating environment hook '/home/esraamustafa/path_planning/Path_Planning_Shell_AI/install/shell_interfaces/share/shell_interfaces/hook/cmake_prefix_path.ps1'
[1.350s] INFO:colcon.colcon_core.shell:Creating environment descriptor '/home/esraamustafa/path_planning/Path_Planning_Shell_AI/install/shell_interfaces/share/shell_interfaces/hook/cmake_prefix_path.dsv'
[1.351s] INFO:colcon.colcon_core.shell:Creating environment hook '/home/esraamustafa/path_planning/Path_Planning_Shell_AI/install/shell_interfaces/share/shell_interfaces/hook/cmake_prefix_path.sh'
[1.352s] Level 1:colcon.colcon_core.environment:checking '/home/esraamustafa/path_planning/Path_Planning_Shell_AI/install/shell_interfaces/lib'
[1.352s] Level 1:colcon.colcon_core.shell:create_environment_hook('shell_interfaces', 'ld_library_path_lib')
[1.353s] INFO:colcon.colcon_core.shell:Creating environment hook '/home/esraamustafa/path_planning/Path_Planning_Shell_AI/install/shell_interfaces/share/shell_interfaces/hook/ld_library_path_lib.ps1'
[1.353s] INFO:colcon.colcon_core.shell:Creating environment descriptor '/home/esraamustafa/path_planning/Path_Planning_Shell_AI/install/shell_interfaces/share/shell_interfaces/hook/ld_library_path_lib.dsv'
[1.354s] INFO:colcon.colcon_core.shell:Creating environment hook '/home/esraamustafa/path_planning/Path_Planning_Shell_AI/install/shell_interfaces/share/shell_interfaces/hook/ld_library_path_lib.sh'
[1.354s] Level 1:colcon.colcon_core.environment:checking '/home/esraamustafa/path_planning/Path_Planning_Shell_AI/install/shell_interfaces/bin'
[1.355s] Level 1:colcon.colcon_core.environment:checking '/home/esraamustafa/path_planning/Path_Planning_Shell_AI/install/shell_interfaces/lib/pkgconfig/shell_interfaces.pc'
[1.355s] Level 1:colcon.colcon_core.environment:checking '/home/esraamustafa/path_planning/Path_Planning_Shell_AI/install/shell_interfaces/lib/python3.10/site-packages'
[1.355s] Level 1:colcon.colcon_core.environment:checking '/home/esraamustafa/path_planning/Path_Planning_Shell_AI/install/shell_interfaces/bin'
[1.356s] INFO:colcon.colcon_core.shell:Creating package script '/home/esraamustafa/path_planning/Path_Planning_Shell_AI/install/shell_interfaces/share/shell_interfaces/package.ps1'
[1.357s] INFO:colcon.colcon_core.shell:Creating package descriptor '/home/esraamustafa/path_planning/Path_Planning_Shell_AI/install/shell_interfaces/share/shell_interfaces/package.dsv'
[1.358s] INFO:colcon.colcon_core.shell:Creating package script '/home/esraamustafa/path_planning/Path_Planning_Shell_AI/install/shell_interfaces/share/shell_interfaces/package.sh'
[1.360s] INFO:colcon.colcon_core.shell:Creating package script '/home/esraamustafa/path_planning/Path_Planning_Shell_AI/install/shell_interfaces/share/shell_interfaces/package.bash'
[1.362s] INFO:colcon.colcon_core.shell:Creating package script '/home/esraamustafa/path_planning/Path_Planning_Shell_AI/install/shell_interfaces/share/shell_interfaces/package.zsh'
[1.363s] Level 1:colcon.colcon_core.environment:create_file_with_runtime_dependencies(/home/esraamustafa/path_planning/Path_Planning_Shell_AI/install/shell_interfaces/share/colcon-core/packages/shell_interfaces)
[1.364s] Level 1:colcon.colcon_core.environment:create_environment_scripts_only(shell_interfaces)
[1.364s] Level 1:colcon.colcon_core.environment:checking '/home/esraamustafa/path_planning/Path_Planning_Shell_AI/install/shell_interfaces' for CMake module files
[1.365s] Level 1:colcon.colcon_core.environment:checking '/home/esraamustafa/path_planning/Path_Planning_Shell_AI/install/shell_interfaces' for CMake config files
[1.365s] Level 1:colcon.colcon_core.shell:create_environment_hook('shell_interfaces', 'cmake_prefix_path')
[1.365s] INFO:colcon.colcon_core.shell:Creating environment hook '/home/esraamustafa/path_planning/Path_Planning_Shell_AI/install/shell_interfaces/share/shell_interfaces/hook/cmake_prefix_path.ps1'
[1.366s] INFO:colcon.colcon_core.shell:Creating environment descriptor '/home/esraamustafa/path_planning/Path_Planning_Shell_AI/install/shell_interfaces/share/shell_interfaces/hook/cmake_prefix_path.dsv'
[1.366s] INFO:colcon.colcon_core.shell:Creating environment hook '/home/esraamustafa/path_planning/Path_Planning_Shell_AI/install/shell_interfaces/share/shell_interfaces/hook/cmake_prefix_path.sh'
[1.367s] Level 1:colcon.colcon_core.environment:checking '/home/esraamustafa/path_planning/Path_Planning_Shell_AI/install/shell_interfaces/lib'
[1.367s] Level 1:colcon.colcon_core.shell:create_environment_hook('shell_interfaces', 'ld_library_path_lib')
[1.367s] INFO:colcon.colcon_core.shell:Creating environment hook '/home/esraamustafa/path_planning/Path_Planning_Shell_AI/install/shell_interfaces/share/shell_interfaces/hook/ld_library_path_lib.ps1'
[1.368s] INFO:colcon.colcon_core.shell:Creating environment descriptor '/home/esraamustafa/path_planning/Path_Planning_Shell_AI/install/shell_interfaces/share/shell_interfaces/hook/ld_library_path_lib.dsv'
[1.369s] INFO:colcon.colcon_core.shell:Creating environment hook '/home/esraamustafa/path_planning/Path_Planning_Shell_AI/install/shell_interfaces/share/shell_interfaces/hook/ld_library_path_lib.sh'
[1.369s] Level 1:colcon.colcon_core.environment:checking '/home/esraamustafa/path_planning/Path_Planning_Shell_AI/install/shell_interfaces/bin'
[1.369s] Level 1:colcon.colcon_core.environment:checking '/home/esraamustafa/path_planning/Path_Planning_Shell_AI/install/shell_interfaces/lib/pkgconfig/shell_interfaces.pc'
[1.369s] Level 1:colcon.colcon_core.environment:checking '/home/esraamustafa/path_planning/Path_Planning_Shell_AI/install/shell_interfaces/lib/python3.10/site-packages'
[1.370s] Level 1:colcon.colcon_core.environment:checking '/home/esraamustafa/path_planning/Path_Planning_Shell_AI/install/shell_interfaces/bin'
[1.370s] INFO:colcon.colcon_core.shell:Creating package script '/home/esraamustafa/path_planning/Path_Planning_Shell_AI/install/shell_interfaces/share/shell_interfaces/package.ps1'
[1.370s] INFO:colcon.colcon_core.shell:Creating package descriptor '/home/esraamustafa/path_planning/Path_Planning_Shell_AI/install/shell_interfaces/share/shell_interfaces/package.dsv'
[1.371s] INFO:colcon.colcon_core.shell:Creating package script '/home/esraamustafa/path_planning/Path_Planning_Shell_AI/install/shell_interfaces/share/shell_interfaces/package.sh'
[1.371s] INFO:colcon.colcon_core.shell:Creating package script '/home/esraamustafa/path_planning/Path_Planning_Shell_AI/install/shell_interfaces/share/shell_interfaces/package.bash'
[1.372s] INFO:colcon.colcon_core.shell:Creating package script '/home/esraamustafa/path_planning/Path_Planning_Shell_AI/install/shell_interfaces/share/shell_interfaces/package.zsh'
[1.372s] Level 1:colcon.colcon_core.environment:create_file_with_runtime_dependencies(/home/esraamustafa/path_planning/Path_Planning_Shell_AI/install/shell_interfaces/share/colcon-core/packages/shell_interfaces)
[1.373s] INFO:colcon.colcon_ros.task.ament_python.build:Building ROS package in '/home/esraamustafa/path_planning/Path_Planning_Shell_AI/ros2_sim/src/shell_test_nodes' with build type 'ament_python'
[1.373s] Level 1:colcon.colcon_core.shell:create_environment_hook('shell_test_nodes', 'ament_prefix_path')
[1.373s] INFO:colcon.colcon_core.shell:Creating environment hook '/home/esraamustafa/path_planning/Path_Planning_Shell_AI/install/shell_test_nodes/share/shell_test_nodes/hook/ament_prefix_path.ps1'
[1.374s] INFO:colcon.colcon_core.shell:Creating environment descriptor '/home/esraamustafa/path_planning/Path_Planning_Shell_AI/install/shell_test_nodes/share/shell_test_nodes/hook/ament_prefix_path.dsv'
[1.375s] INFO:colcon.colcon_core.shell:Creating environment hook '/home/esraamustafa/path_planning/Path_Planning_Shell_AI/install/shell_test_nodes/share/shell_test_nodes/hook/ament_prefix_path.sh'
[1.377s] INFO:colcon.colcon_core.shell:Skip shell extension 'powershell' for command environment: Not usable outside of PowerShell
[1.378s] DEBUG:colcon.colcon_core.shell:Skip shell extension 'dsv' for command environment
[1.381s] INFO:colcon.colcon_ros.task.ament_python.build:Building ROS package in '/home/esraamustafa/path_planning/Path_Planning_Shell_AI/ros2_sim/src/shell_visualization' with build type 'ament_python'
[1.382s] Level 1:colcon.colcon_core.shell:create_environment_hook('shell_visualization', 'ament_prefix_path')
[1.382s] INFO:colcon.colcon_core.shell:Creating environment hook '/home/esraamustafa/path_planning/Path_Planning_Shell_AI/install/shell_visualization/share/shell_visualization/hook/ament_prefix_path.ps1'
[1.383s] INFO:colcon.colcon_core.shell:Creating environment descriptor '/home/esraamustafa/path_planning/Path_Planning_Shell_AI/install/shell_visualization/share/shell_visualization/hook/ament_prefix_path.dsv'
[1.384s] INFO:colcon.colcon_core.shell:Creating environment hook '/home/esraamustafa/path_planning/Path_Planning_Shell_AI/install/shell_visualization/share/shell_visualization/hook/ament_prefix_path.sh'
[1.385s] INFO:colcon.colcon_core.shell:Skip shell extension 'powershell' for command environment: Not usable outside of PowerShell
[1.385s] DEBUG:colcon.colcon_core.shell:Skip shell extension 'dsv' for command environment
[1.886s] INFO:colcon.colcon_core.task.python.build:Building Python package in '/home/esraamustafa/path_planning/Path_Planning_Shell_AI/ros2_sim/src/shell_visualization'
[1.886s] INFO:colcon.colcon_core.shell:Skip shell extension 'powershell' for command environment: Not usable outside of PowerShell
[1.886s] DEBUG:colcon.colcon_core.shell:Skip shell extension 'dsv' for command environment
[1.898s] DEBUG:colcon.colcon_core.event_handler.log_command:Invoking command in '/home/esraamustafa/path_planning/Path_Planning_Shell_AI/build/shell_planning': PYTHONPATH=/home/esraamustafa/path_planning/Path_Planning_Shell_AI/build/shell_planning/prefix_override:/usr/lib/python3/dist-packages/colcon_core/task/python/colcon_distutils_commands:/home/esraamustafa/path_planning/Path_Planning_Shell_AI/install/shell_planning/lib/python3.10/site-packages:${PYTHONPATH} /usr/bin/python3 -W ignore:setup.py install is deprecated -W ignore:easy_install command is deprecated setup.py develop --editable --build-directory /home/esraamustafa/path_planning/Path_Planning_Shell_AI/build/shell_planning/build --no-deps symlink_data
[2.358s] WARNING:colcon.colcon_ros.task.ament_python.build:Package 'shell_test_nodes' doesn't explicitly install a marker in the package index (colcon-ros currently does it implicitly but that fallback will be removed in the future)
[2.359s] WARNING:colcon.colcon_ros.task.ament_python.build:Package 'shell_test_nodes' doesn't explicitly install the 'package.xml' file (colcon-ros currently does it implicitly but that fallback will be removed in the future)
[2.359s] INFO:colcon.colcon_core.task.python.build:Building Python package in '/home/esraamustafa/path_planning/Path_Planning_Shell_AI/ros2_sim/src/shell_test_nodes'
[2.360s] INFO:colcon.colcon_core.shell:Skip shell extension 'powershell' for command environment: Not usable outside of PowerShell
[2.360s] DEBUG:colcon.colcon_core.shell:Skip shell extension 'dsv' for command environment
[2.827s] Level 1:colcon.colcon_core.shell:create_environment_hook('shell_planning', 'pythonpath_develop')
[2.827s] INFO:colcon.colcon_core.shell:Creating environment hook '/home/esraamustafa/path_planning/Path_Planning_Shell_AI/build/shell_planning/share/shell_planning/hook/pythonpath_develop.ps1'
[2.828s] DEBUG:colcon.colcon_core.event_handler.log_command:Invoked command in '/home/esraamustafa/path_planning/Path_Planning_Shell_AI/build/shell_planning' returned '0': PYTHONPATH=/home/esraamustafa/path_planning/Path_Planning_Shell_AI/build/shell_planning/prefix_override:/usr/lib/python3/dist-packages/colcon_core/task/python/colcon_distutils_commands:/home/esraamustafa/path_planning/Path_Planning_Shell_AI/install/shell_planning/lib/python3.10/site-packages:${PYTHONPATH} /usr/bin/python3 -W ignore:setup.py install is deprecated -W ignore:easy_install command is deprecated setup.py develop --editable --build-directory /home/esraamustafa/path_planning/Path_Planning_Shell_AI/build/shell_planning/build --no-deps symlink_data
[2.829s] INFO:colcon.colcon_core.shell:Creating environment descriptor '/home/esraamustafa/path_planning/Path_Planning_Shell_AI/build/shell_planning/share/shell_planning/hook/pythonpath_develop.dsv'
[2.830s] INFO:colcon.colcon_core.shell:Creating environment hook '/home/esraamustafa/path_planning/Path_Planning_Shell_AI/build/shell_planning/share/shell_planning/hook/pythonpath_develop.sh'
[2.832s] Level 1:colcon.colcon_core.environment:checking '/home/esraamustafa/path_planning/Path_Planning_Shell_AI/install/shell_planning' for CMake module files
[2.832s] Level 1:colcon.colcon_core.environment:checking '/home/esraamustafa/path_planning/Path_Planning_Shell_AI/install/shell_planning' for CMake config files
[2.833s] Level 1:colcon.colcon_core.environment:checking '/home/esraamustafa/path_planning/Path_Planning_Shell_AI/install/shell_planning/lib'
[2.834s] Level 1:colcon.colcon_core.environment:checking '/home/esraamustafa/path_planning/Path_Planning_Shell_AI/install/shell_planning/bin'
[2.834s] Level 1:colcon.colcon_core.environment:checking '/home/esraamustafa/path_planning/Path_Planning_Shell_AI/install/shell_planning/lib/pkgconfig/shell_planning.pc'
[2.834s] Level 1:colcon.colcon_core.environment:checking '/home/esraamustafa/path_planning/Path_Planning_Shell_AI/install/shell_planning/lib/python3.10/site-packages'
[2.834s] Level 1:colcon.colcon_core.shell:create_environment_hook('shell_planning', 'pythonpath')
[2.835s] INFO:colcon.colcon_core.shell:Creating environment hook '/home/esraamustafa/path_planning/Path_Planning_Shell_AI/install/shell_planning/share/shell_planning/hook/pythonpath.ps1'
[2.836s] INFO:colcon.colcon_core.shell:Creating environment descriptor '/home/esraamustafa/path_planning/Path_Planning_Shell_AI/install/shell_planning/share/shell_planning/hook/pythonpath.dsv'
[2.837s] INFO:colcon.colcon_core.shell:Creating environment hook '/home/esraamustafa/path_planning/Path_Planning_Shell_AI/install/shell_planning/share/shell_planning/hook/pythonpath.sh'
[2.841s] Level 1:colcon.colcon_core.environment:checking '/home/esraamustafa/path_planning/Path_Planning_Shell_AI/install/shell_planning/bin'
[2.841s] Level 1:colcon.colcon_core.environment:create_environment_scripts_only(shell_planning)
[2.842s] INFO:colcon.colcon_core.shell:Creating package script '/home/esraamustafa/path_planning/Path_Planning_Shell_AI/install/shell_planning/share/shell_planning/package.ps1'
[2.845s] INFO:colcon.colcon_core.shell:Creating package descriptor '/home/esraamustafa/path_planning/Path_Planning_Shell_AI/install/shell_planning/share/shell_planning/package.dsv'
[2.846s] INFO:colcon.colcon_core.shell:Creating package script '/home/esraamustafa/path_planning/Path_Planning_Shell_AI/install/shell_planning/share/shell_planning/package.sh'
[2.847s] INFO:colcon.colcon_core.shell:Creating package script '/home/esraamustafa/path_planning/Path_Planning_Shell_AI/install/shell_planning/share/shell_planning/package.bash'
[2.848s] INFO:colcon.colcon_core.shell:Creating package script '/home/esraamustafa/path_planning/Path_Planning_Shell_AI/install/shell_planning/share/shell_planning/package.zsh'
[2.849s] Level 1:colcon.colcon_core.environment:create_file_with_runtime_dependencies(/home/esraamustafa/path_planning/Path_Planning_Shell_AI/install/shell_planning/share/colcon-core/packages/shell_planning)
[3.102s] DEBUG:colcon.colcon_core.event_handler.log_command:Invoking command in '/home/esraamustafa/path_planning/Path_Planning_Shell_AI/build/shell_visualization': AMENT_PREFIX_PATH=/home/esraamustafa/path_planning/Path_Planning_Shell_AI/install/shell_interfaces:${AMENT_PREFIX_PATH} CMAKE_PREFIX_PATH=/home/esraamustafa/path_planning/Path_Planning_Shell_AI/install/shell_interfaces LD_LIBRARY_PATH=/home/esraamustafa/path_planning/Path_Planning_Shell_AI/install/shell_interfaces/lib:${LD_LIBRARY_PATH} PYTHONPATH=/home/esraamustafa/path_planning/Path_Planning_Shell_AI/build/shell_visualization/prefix_override:/usr/lib/python3/dist-packages/colcon_core/task/python/colcon_distutils_commands:/home/esraamustafa/path_planning/Path_Planning_Shell_AI/install/shell_visualization/lib/python3.10/site-packages:/home/esraamustafa/path_planning/Path_Planning_Shell_AI/install/shell_interfaces/local/lib/python3.10/dist-packages:${PYTHONPATH} /usr/bin/python3 -W ignore:setup.py install is deprecated -W ignore:easy_install command is deprecated setup.py develop --editable --build-directory /home/esraamustafa/path_planning/Path_Planning_Shell_AI/build/shell_visualization/build --no-deps symlink_data
[3.391s] DEBUG:colcon.colcon_core.event_handler.log_command:Invoking command in '/home/esraamustafa/path_planning/Path_Planning_Shell_AI/build/shell_test_nodes': AMENT_PREFIX_PATH=/home/esraamustafa/path_planning/Path_Planning_Shell_AI/install/shell_interfaces:${AMENT_PREFIX_PATH} CMAKE_PREFIX_PATH=/home/esraamustafa/path_planning/Path_Planning_Shell_AI/install/shell_interfaces LD_LIBRARY_PATH=/home/esraamustafa/path_planning/Path_Planning_Shell_AI/install/shell_interfaces/lib:${LD_LIBRARY_PATH} PYTHONPATH=/home/esraamustafa/path_planning/Path_Planning_Shell_AI/build/shell_test_nodes/prefix_override:/usr/lib/python3/dist-packages/colcon_core/task/python/colcon_distutils_commands:/home/esraamustafa/path_planning/Path_Planning_Shell_AI/install/shell_test_nodes/lib/python3.10/site-packages:/home/esraamustafa/path_planning/Path_Planning_Shell_AI/install/shell_interfaces/local/lib/python3.10/dist-packages:${PYTHONPATH} /usr/bin/python3 -W ignore:setup.py install is deprecated -W ignore:easy_install command is deprecated setup.py develop --editable --build-directory /home/esraamustafa/path_planning/Path_Planning_Shell_AI/build/shell_test_nodes/build --no-deps
[4.360s] Level 1:colcon.colcon_core.shell:create_environment_hook('shell_visualization', 'pythonpath_develop')
[4.361s] INFO:colcon.colcon_core.shell:Creating environment hook '/home/esraamustafa/path_planning/Path_Planning_Shell_AI/build/shell_visualization/share/shell_visualization/hook/pythonpath_develop.ps1'
[4.363s] DEBUG:colcon.colcon_core.event_handler.log_command:Invoked command in '/home/esraamustafa/path_planning/Path_Planning_Shell_AI/build/shell_visualization' returned '0': AMENT_PREFIX_PATH=/home/esraamustafa/path_planning/Path_Planning_Shell_AI/install/shell_interfaces:${AMENT_PREFIX_PATH} CMAKE_PREFIX_PATH=/home/esraamustafa/path_planning/Path_Planning_Shell_AI/install/shell_interfaces LD_LIBRARY_PATH=/home/esraamustafa/path_planning/Path_Planning_Shell_AI/install/shell_interfaces/lib:${LD_LIBRARY_PATH} PYTHONPATH=/home/esraamustafa/path_planning/Path_Planning_Shell_AI/build/shell_visualization/prefix_override:/usr/lib/python3/dist-packages/colcon_core/task/python/colcon_distutils_commands:/home/esraamustafa/path_planning/Path_Planning_Shell_AI/install/shell_visualization/lib/python3.10/site-packages:/home/esraamustafa/path_planning/Path_Planning_Shell_AI/install/shell_interfaces/local/lib/python3.10/dist-packages:${PYTHONPATH} /usr/bin/python3 -W ignore:setup.py install is deprecated -W ignore:easy_install command is deprecated setup.py develop --editable --build-directory /home/esraamustafa/path_planning/Path_Planning_Shell_AI/build/shell_visualization/build --no-deps symlink_data
[4.368s] INFO:colcon.colcon_core.shell:Creating environment descriptor '/home/esraamustafa/path_planning/Path_Planning_Shell_AI/build/shell_visualization/share/shell_visualization/hook/pythonpath_develop.dsv'
[4.371s] INFO:colcon.colcon_core.shell:Creating environment hook '/home/esraamustafa/path_planning/Path_Planning_Shell_AI/build/shell_visualization/share/shell_visualization/hook/pythonpath_develop.sh'
[4.375s] Level 1:colcon.colcon_core.environment:checking '/home/esraamustafa/path_planning/Path_Planning_Shell_AI/install/shell_visualization' for CMake module files
[4.377s] Level 1:colcon.colcon_core.environment:checking '/home/esraamustafa/path_planning/Path_Planning_Shell_AI/install/shell_visualization' for CMake config files
[4.379s] Level 1:colcon.colcon_core.environment:checking '/home/esraamustafa/path_planning/Path_Planning_Shell_AI/install/shell_visualization/lib'
[4.380s] Level 1:colcon.colcon_core.environment:checking '/home/esraamustafa/path_planning/Path_Planning_Shell_AI/install/shell_visualization/bin'
[4.380s] Level 1:colcon.colcon_core.environment:checking '/home/esraamustafa/path_planning/Path_Planning_Shell_AI/install/shell_visualization/lib/pkgconfig/shell_visualization.pc'
[4.381s] Level 1:colcon.colcon_core.environment:checking '/home/esraamustafa/path_planning/Path_Planning_Shell_AI/install/shell_visualization/lib/python3.10/site-packages'
[4.382s] Level 1:colcon.colcon_core.shell:create_environment_hook('shell_visualization', 'pythonpath')
[4.382s] INFO:colcon.colcon_core.shell:Creating environment hook '/home/esraamustafa/path_planning/Path_Planning_Shell_AI/install/shell_visualization/share/shell_visualization/hook/pythonpath.ps1'
[4.385s] INFO:colcon.colcon_core.shell:Creating environment descriptor '/home/esraamustafa/path_planning/Path_Planning_Shell_AI/install/shell_visualization/share/shell_visualization/hook/pythonpath.dsv'
[4.395s] INFO:colcon.colcon_core.shell:Creating environment hook '/home/esraamustafa/path_planning/Path_Planning_Shell_AI/install/shell_visualization/share/shell_visualization/hook/pythonpath.sh'
[4.397s] Level 1:colcon.colcon_core.environment:checking '/home/esraamustafa/path_planning/Path_Planning_Shell_AI/install/shell_visualization/bin'
[4.397s] Level 1:colcon.colcon_core.environment:create_environment_scripts_only(shell_visualization)
[4.398s] INFO:colcon.colcon_core.shell:Creating package script '/home/esraamustafa/path_planning/Path_Planning_Shell_AI/install/shell_visualization/share/shell_visualization/package.ps1'
[4.400s] INFO:colcon.colcon_core.shell:Creating package descriptor '/home/esraamustafa/path_planning/Path_Planning_Shell_AI/install/shell_visualization/share/shell_visualization/package.dsv'
[4.401s] INFO:colcon.colcon_core.shell:Creating package script '/home/esraamustafa/path_planning/Path_Planning_Shell_AI/install/shell_visualization/share/shell_visualization/package.sh'
[4.402s] INFO:colcon.colcon_core.shell:Creating package script '/home/esraamustafa/path_planning/Path_Planning_Shell_AI/install/shell_visualization/share/shell_visualization/package.bash'
[4.404s] INFO:colcon.colcon_core.shell:Creating package script '/home/esraamustafa/path_planning/Path_Planning_Shell_AI/install/shell_visualization/share/shell_visualization/package.zsh'
[4.412s] Level 1:colcon.colcon_core.environment:create_file_with_runtime_dependencies(/home/esraamustafa/path_planning/Path_Planning_Shell_AI/install/shell_visualization/share/colcon-core/packages/shell_visualization)
[4.725s] Level 1:colcon.colcon_core.shell:create_environment_hook('shell_test_nodes', 'pythonpath_develop')
[4.726s] INFO:colcon.colcon_core.shell:Creating environment hook '/home/esraamustafa/path_planning/Path_Planning_Shell_AI/build/shell_test_nodes/share/shell_test_nodes/hook/pythonpath_develop.ps1'
[4.755s] DEBUG:colcon.colcon_core.event_handler.log_command:Invoked command in '/home/esraamustafa/path_planning/Path_Planning_Shell_AI/build/shell_test_nodes' returned '0': AMENT_PREFIX_PATH=/home/esraamustafa/path_planning/Path_Planning_Shell_AI/install/shell_interfaces:${AMENT_PREFIX_PATH} CMAKE_PREFIX_PATH=/home/esraamustafa/path_planning/Path_Planning_Shell_AI/install/shell_interfaces LD_LIBRARY_PATH=/home/esraamustafa/path_planning/Path_Planning_Shell_AI/install/shell_interfaces/lib:${LD_LIBRARY_PATH} PYTHONPATH=/home/esraamustafa/path_planning/Path_Planning_Shell_AI/build/shell_test_nodes/prefix_override:/usr/lib/python3/dist-packages/colcon_core/task/python/colcon_distutils_commands:/home/esraamustafa/path_planning/Path_Planning_Shell_AI/install/shell_test_nodes/lib/python3.10/site-packages:/home/esraamustafa/path_planning/Path_Planning_Shell_AI/install/shell_interfaces/local/lib/python3.10/dist-packages:${PYTHONPATH} /usr/bin/python3 -W ignore:setup.py install is deprecated -W ignore:easy_install command is deprecated setup.py develop --editable --build-directory /home/esraamustafa/path_planning/Path_Planning_Shell_AI/build/shell_test_nodes/build --no-deps
[4.756s] INFO:colcon.colcon_core.shell:Creating environment descriptor '/home/esraamustafa/path_planning/Path_Planning_Shell_AI/build/shell_test_nodes/share/shell_test_nodes/hook/pythonpath_develop.dsv'
[4.758s] INFO:colcon.colcon_core.shell:Creating environment hook '/home/esraamustafa/path_planning/Path_Planning_Shell_AI/build/shell_test_nodes/share/shell_test_nodes/hook/pythonpath_develop.sh'
[4.760s] Level 1:colcon.colcon_core.environment:checking '/home/esraamustafa/path_planning/Path_Planning_Shell_AI/install/shell_test_nodes' for CMake module files
[4.762s] Level 1:colcon.colcon_core.environment:checking '/home/esraamustafa/path_planning/Path_Planning_Shell_AI/install/shell_test_nodes' for CMake config files
[4.767s] Level 1:colcon.colcon_core.environment:checking '/home/esraamustafa/path_planning/Path_Planning_Shell_AI/install/shell_test_nodes/lib'
[4.769s] Level 1:colcon.colcon_core.environment:checking '/home/esraamustafa/path_planning/Path_Planning_Shell_AI/install/shell_test_nodes/bin'
[4.770s] Level 1:colcon.colcon_core.environment:checking '/home/esraamustafa/path_planning/Path_Planning_Shell_AI/install/shell_test_nodes/lib/pkgconfig/shell_test_nodes.pc'
[4.771s] Level 1:colcon.colcon_core.environment:checking '/home/esraamustafa/path_planning/Path_Planning_Shell_AI/install/shell_test_nodes/lib/python3.10/site-packages'
[4.771s] Level 1:colcon.colcon_core.shell:create_environment_hook('shell_test_nodes', 'pythonpath')
[4.772s] INFO:colcon.colcon_core.shell:Creating environment hook '/home/esraamustafa/path_planning/Path_Planning_Shell_AI/install/shell_test_nodes/share/shell_test_nodes/hook/pythonpath.ps1'
[4.774s] INFO:colcon.colcon_core.shell:Creating environment descriptor '/home/esraamustafa/path_planning/Path_Planning_Shell_AI/install/shell_test_nodes/share/shell_test_nodes/hook/pythonpath.dsv'
[4.775s] INFO:colcon.colcon_core.shell:Creating environment hook '/home/esraamustafa/path_planning/Path_Planning_Shell_AI/install/shell_test_nodes/share/shell_test_nodes/hook/pythonpath.sh'
[4.777s] Level 1:colcon.colcon_core.environment:checking '/home/esraamustafa/path_planning/Path_Planning_Shell_AI/install/shell_test_nodes/bin'
[4.778s] Level 1:colcon.colcon_core.environment:create_environment_scripts_only(shell_test_nodes)
[4.778s] INFO:colcon.colcon_core.shell:Creating package script '/home/esraamustafa/path_planning/Path_Planning_Shell_AI/install/shell_test_nodes/share/shell_test_nodes/package.ps1'
[4.780s] INFO:colcon.colcon_core.shell:Creating package descriptor '/home/esraamustafa/path_planning/Path_Planning_Shell_AI/install/shell_test_nodes/share/shell_test_nodes/package.dsv'
[4.781s] INFO:colcon.colcon_core.shell:Creating package script '/home/esraamustafa/path_planning/Path_Planning_Shell_AI/install/shell_test_nodes/share/shell_test_nodes/package.sh'
[4.787s] INFO:colcon.colcon_core.shell:Creating package script '/home/esraamustafa/path_planning/Path_Planning_Shell_AI/install/shell_test_nodes/share/shell_test_nodes/package.bash'
[4.809s] INFO:colcon.colcon_core.shell:Creating package script '/home/esraamustafa/path_planning/Path_Planning_Shell_AI/install/shell_test_nodes/share/shell_test_nodes/package.zsh'
[4.810s] Level 1:colcon.colcon_core.environment:create_file_with_runtime_dependencies(/home/esraamustafa/path_planning/Path_Planning_Shell_AI/install/shell_test_nodes/share/colcon-core/packages/shell_test_nodes)
[4.812s] DEBUG:colcon.colcon_parallel_executor.executor.parallel:closing loop
[4.813s] DEBUG:colcon.colcon_parallel_executor.executor.parallel:loop closed
[4.814s] DEBUG:colcon.colcon_parallel_executor.executor.parallel:run_until_complete finished with '0'
[4.814s] DEBUG:colcon.colcon_core.event_reactor:joining thread
[5.084s] INFO:colcon.colcon_core.plugin_system:Skipping extension 'colcon_notification.desktop_notification.notify_send': Could not find 'notify-send'
[5.085s] INFO:colcon.colcon_core.plugin_system:Skipping extension 'colcon_notification.desktop_notification.terminal_notifier': Not used on non-Darwin systems
[5.085s] INFO:colcon.colcon_core.plugin_system:Skipping extension 'colcon_notification.desktop_notification.win32': Not used on non-Windows systems
[5.085s] INFO:colcon.colcon_notification.desktop_notification:Sending desktop notification using 'notify2'
[5.085s] DEBUG:colcon.colcon_notification.desktop_notification.notify2:Failed to initialize notify2: org.freedesktop.DBus.Error.FileNotFound: Failed to connect to socket /run/user/1000/bus: No such file or directory
[5.086s] DEBUG:colcon.colcon_core.event_reactor:joined thread
[5.086s] INFO:colcon.colcon_core.shell:Creating prefix script '/home/esraamustafa/path_planning/Path_Planning_Shell_AI/install/local_setup.ps1'
[5.089s] INFO:colcon.colcon_core.shell:Creating prefix util module '/home/esraamustafa/path_planning/Path_Planning_Shell_AI/install/_local_setup_util_ps1.py'
[5.094s] INFO:colcon.colcon_core.shell:Creating prefix chain script '/home/esraamustafa/path_planning/Path_Planning_Shell_AI/install/setup.ps1'
[5.096s] INFO:colcon.colcon_core.shell:Creating prefix script '/home/esraamustafa/path_planning/Path_Planning_Shell_AI/install/local_setup.sh'
[5.098s] INFO:colcon.colcon_core.shell:Creating prefix util module '/home/esraamustafa/path_planning/Path_Planning_Shell_AI/install/_local_setup_util_sh.py'
[5.100s] INFO:colcon.colcon_core.shell:Creating prefix chain script '/home/esraamustafa/path_planning/Path_Planning_Shell_AI/install/setup.sh'
[5.103s] INFO:colcon.colcon_core.shell:Creating prefix script '/home/esraamustafa/path_planning/Path_Planning_Shell_AI/install/local_setup.bash'
[5.105s] INFO:colcon.colcon_core.shell:Creating prefix chain script '/home/esraamustafa/path_planning/Path_Planning_Shell_AI/install/setup.bash'
[5.112s] INFO:colcon.colcon_core.shell:Creating prefix script '/home/esraamustafa/path_planning/Path_Planning_Shell_AI/install/local_setup.zsh'
[5.116s] INFO:colcon.colcon_core.shell:Creating prefix chain script '/home/esraamustafa/path_planning/Path_Planning_Shell_AI/install/setup.zsh'
