[0.016s] Invoking command in '/home/esraamustafa/Path_Planning_Shell_AI/ros2_sim/build/shell_interfaces': CMAKE_PREFIX_PATH=${CMAKE_PREFIX_PATH}:/home/esraamustafa/Path_Planning_Shell_AI/ros2_sim/install/shell_visualization:/home/esraamustafa/Path_Planning_Shell_AI/ros2_sim/install/shell_test_nodes:/home/esraamustafa/Path_Planning_Shell_AI/ros2_sim/install/shell_planning:/opt/ros/humble /usr/bin/cmake --build /home/esraamustafa/Path_Planning_Shell_AI/ros2_sim/build/shell_interfaces -- -j12 -l12
[0.077s] [35m[1mConsolidate compiler generated dependencies of target shell_interfaces__rosidl_generator_c[0m
[0.090s] [ 10%] Built target shell_interfaces__rosidl_generator_c
[0.092s] [ 12%] Built target shell_interfaces__cpp
[0.098s] [ 12%] Built target ament_cmake_python_copy_shell_interfaces
[0.102s] [35m[1mConsolidate compiler generated dependencies of target shell_interfaces__rosidl_typesupport_introspection_c[0m
[0.106s] [35m[1mConsolidate compiler generated dependencies of target shell_interfaces__rosidl_typesupport_cpp[0m
[0.107s] [35m[1mConsolidate compiler generated dependencies of target shell_interfaces__rosidl_typesupport_fastrtps_cpp[0m
[0.107s] [35m[1mConsolidate compiler generated dependencies of target shell_interfaces__rosidl_typesupport_fastrtps_c[0m
[0.108s] [35m[1mConsolidate compiler generated dependencies of target shell_interfaces__rosidl_typesupport_c[0m
[0.112s] [35m[1mConsolidate compiler generated dependencies of target shell_interfaces__rosidl_typesupport_introspection_cpp[0m
[0.126s] [ 23%] Built target shell_interfaces__rosidl_typesupport_introspection_c
[0.126s] [ 33%] Built target shell_interfaces__rosidl_typesupport_cpp
[0.129s] [ 43%] Built target shell_interfaces__rosidl_typesupport_fastrtps_c
[0.130s] [ 53%] Built target shell_interfaces__rosidl_typesupport_c
[0.133s] [ 64%] Built target shell_interfaces__rosidl_typesupport_introspection_cpp
[0.134s] [ 74%] Built target shell_interfaces__rosidl_typesupport_fastrtps_cpp
[0.159s] [ 74%] Built target shell_interfaces
[0.191s] [ 76%] Built target shell_interfaces__py
[0.205s] [35m[1mConsolidate compiler generated dependencies of target shell_interfaces__rosidl_generator_py[0m
[0.226s] [ 84%] Built target shell_interfaces__rosidl_generator_py
[0.244s] [35m[1mConsolidate compiler generated dependencies of target shell_interfaces__rosidl_typesupport_introspection_c__pyext[0m
[0.249s] [35m[1mConsolidate compiler generated dependencies of target shell_interfaces__rosidl_typesupport_c__pyext[0m
[0.251s] [35m[1mConsolidate compiler generated dependencies of target shell_interfaces__rosidl_typesupport_fastrtps_c__pyext[0m
[0.266s] [ 89%] Built target shell_interfaces__rosidl_typesupport_introspection_c__pyext
[0.274s] [ 94%] Built target shell_interfaces__rosidl_typesupport_fastrtps_c__pyext
[0.277s] [100%] Built target shell_interfaces__rosidl_typesupport_c__pyext
[0.433s] running egg_info
[0.435s] writing shell_interfaces.egg-info/PKG-INFO
[0.435s] writing dependency_links to shell_interfaces.egg-info/dependency_links.txt
[0.436s] writing top-level names to shell_interfaces.egg-info/top_level.txt
[0.440s] reading manifest file 'shell_interfaces.egg-info/SOURCES.txt'
[0.442s] writing manifest file 'shell_interfaces.egg-info/SOURCES.txt'
[0.479s] [100%] Built target ament_cmake_python_build_shell_interfaces_egg
[0.495s] Invoked command in '/home/esraamustafa/Path_Planning_Shell_AI/ros2_sim/build/shell_interfaces' returned '0': CMAKE_PREFIX_PATH=${CMAKE_PREFIX_PATH}:/home/esraamustafa/Path_Planning_Shell_AI/ros2_sim/install/shell_visualization:/home/esraamustafa/Path_Planning_Shell_AI/ros2_sim/install/shell_test_nodes:/home/esraamustafa/Path_Planning_Shell_AI/ros2_sim/install/shell_planning:/opt/ros/humble /usr/bin/cmake --build /home/esraamustafa/Path_Planning_Shell_AI/ros2_sim/build/shell_interfaces -- -j12 -l12
[0.514s] Invoking command in '/home/esraamustafa/Path_Planning_Shell_AI/ros2_sim/build/shell_interfaces': CMAKE_PREFIX_PATH=${CMAKE_PREFIX_PATH}:/home/esraamustafa/Path_Planning_Shell_AI/ros2_sim/install/shell_visualization:/home/esraamustafa/Path_Planning_Shell_AI/ros2_sim/install/shell_test_nodes:/home/esraamustafa/Path_Planning_Shell_AI/ros2_sim/install/shell_planning:/opt/ros/humble /usr/bin/cmake --install /home/esraamustafa/Path_Planning_Shell_AI/ros2_sim/build/shell_interfaces
[0.525s] -- Install configuration: ""
[0.525s] -- Up-to-date: /home/esraamustafa/Path_Planning_Shell_AI/ros2_sim/install/shell_interfaces/share/ament_index/resource_index/rosidl_interfaces/shell_interfaces
[0.526s] -- Up-to-date: /home/esraamustafa/Path_Planning_Shell_AI/ros2_sim/install/shell_interfaces/include/shell_interfaces/shell_interfaces
[0.527s] -- Up-to-date: /home/esraamustafa/Path_Planning_Shell_AI/ros2_sim/install/shell_interfaces/include/shell_interfaces/shell_interfaces/msg
[0.527s] -- Up-to-date: /home/esraamustafa/Path_Planning_Shell_AI/ros2_sim/install/shell_interfaces/include/shell_interfaces/shell_interfaces/msg/trajectory.h
[0.528s] -- Up-to-date: /home/esraamustafa/Path_Planning_Shell_AI/ros2_sim/install/shell_interfaces/include/shell_interfaces/shell_interfaces/msg/rosidl_generator_c__visibility_control.h
[0.528s] -- Up-to-date: /home/esraamustafa/Path_Planning_Shell_AI/ros2_sim/install/shell_interfaces/include/shell_interfaces/shell_interfaces/msg/trajectory_point.h
[0.528s] -- Up-to-date: /home/esraamustafa/Path_Planning_Shell_AI/ros2_sim/install/shell_interfaces/include/shell_interfaces/shell_interfaces/msg/detail
[0.529s] -- Up-to-date: /home/esraamustafa/Path_Planning_Shell_AI/ros2_sim/install/shell_interfaces/include/shell_interfaces/shell_interfaces/msg/detail/trajectory_point__type_support.h
[0.529s] -- Up-to-date: /home/esraamustafa/Path_Planning_Shell_AI/ros2_sim/install/shell_interfaces/include/shell_interfaces/shell_interfaces/msg/detail/trajectory_point__struct.h
[0.529s] -- Up-to-date: /home/esraamustafa/Path_Planning_Shell_AI/ros2_sim/install/shell_interfaces/include/shell_interfaces/shell_interfaces/msg/detail/trajectory__struct.h
[0.529s] -- Up-to-date: /home/esraamustafa/Path_Planning_Shell_AI/ros2_sim/install/shell_interfaces/include/shell_interfaces/shell_interfaces/msg/detail/trajectory__functions.c
[0.530s] -- Up-to-date: /home/esraamustafa/Path_Planning_Shell_AI/ros2_sim/install/shell_interfaces/include/shell_interfaces/shell_interfaces/msg/detail/trajectory__functions.h
[0.530s] -- Up-to-date: /home/esraamustafa/Path_Planning_Shell_AI/ros2_sim/install/shell_interfaces/include/shell_interfaces/shell_interfaces/msg/detail/trajectory__type_support.h
[0.530s] -- Up-to-date: /home/esraamustafa/Path_Planning_Shell_AI/ros2_sim/install/shell_interfaces/include/shell_interfaces/shell_interfaces/msg/detail/trajectory_point__functions.c
[0.530s] -- Up-to-date: /home/esraamustafa/Path_Planning_Shell_AI/ros2_sim/install/shell_interfaces/include/shell_interfaces/shell_interfaces/msg/detail/trajectory_point__functions.h
[0.531s] -- Up-to-date: /home/esraamustafa/Path_Planning_Shell_AI/ros2_sim/install/shell_interfaces/share/shell_interfaces/environment/library_path.sh
[0.531s] -- Up-to-date: /home/esraamustafa/Path_Planning_Shell_AI/ros2_sim/install/shell_interfaces/share/shell_interfaces/environment/library_path.dsv
[0.531s] -- Up-to-date: /home/esraamustafa/Path_Planning_Shell_AI/ros2_sim/install/shell_interfaces/lib/libshell_interfaces__rosidl_generator_c.so
[0.531s] -- Up-to-date: /home/esraamustafa/Path_Planning_Shell_AI/ros2_sim/install/shell_interfaces/include/shell_interfaces/shell_interfaces
[0.532s] -- Up-to-date: /home/esraamustafa/Path_Planning_Shell_AI/ros2_sim/install/shell_interfaces/include/shell_interfaces/shell_interfaces/msg
[0.533s] -- Up-to-date: /home/esraamustafa/Path_Planning_Shell_AI/ros2_sim/install/shell_interfaces/include/shell_interfaces/shell_interfaces/msg/rosidl_typesupport_fastrtps_c__visibility_control.h
[0.533s] -- Up-to-date: /home/esraamustafa/Path_Planning_Shell_AI/ros2_sim/install/shell_interfaces/include/shell_interfaces/shell_interfaces/msg/detail
[0.534s] -- Up-to-date: /home/esraamustafa/Path_Planning_Shell_AI/ros2_sim/install/shell_interfaces/include/shell_interfaces/shell_interfaces/msg/detail/trajectory__rosidl_typesupport_fastrtps_c.h
[0.535s] -- Up-to-date: /home/esraamustafa/Path_Planning_Shell_AI/ros2_sim/install/shell_interfaces/include/shell_interfaces/shell_interfaces/msg/detail/trajectory_point__rosidl_typesupport_fastrtps_c.h
[0.535s] -- Up-to-date: /home/esraamustafa/Path_Planning_Shell_AI/ros2_sim/install/shell_interfaces/lib/libshell_interfaces__rosidl_typesupport_fastrtps_c.so
[0.535s] -- Up-to-date: /home/esraamustafa/Path_Planning_Shell_AI/ros2_sim/install/shell_interfaces/include/shell_interfaces/shell_interfaces
[0.535s] -- Up-to-date: /home/esraamustafa/Path_Planning_Shell_AI/ros2_sim/install/shell_interfaces/include/shell_interfaces/shell_interfaces/msg
[0.535s] -- Up-to-date: /home/esraamustafa/Path_Planning_Shell_AI/ros2_sim/install/shell_interfaces/include/shell_interfaces/shell_interfaces/msg/rosidl_typesupport_introspection_c__visibility_control.h
[0.535s] -- Up-to-date: /home/esraamustafa/Path_Planning_Shell_AI/ros2_sim/install/shell_interfaces/include/shell_interfaces/shell_interfaces/msg/detail
[0.535s] -- Up-to-date: /home/esraamustafa/Path_Planning_Shell_AI/ros2_sim/install/shell_interfaces/include/shell_interfaces/shell_interfaces/msg/detail/trajectory_point__type_support.c
[0.536s] -- Up-to-date: /home/esraamustafa/Path_Planning_Shell_AI/ros2_sim/install/shell_interfaces/include/shell_interfaces/shell_interfaces/msg/detail/trajectory__rosidl_typesupport_introspection_c.h
[0.536s] -- Up-to-date: /home/esraamustafa/Path_Planning_Shell_AI/ros2_sim/install/shell_interfaces/include/shell_interfaces/shell_interfaces/msg/detail/trajectory__type_support.c
[0.536s] -- Up-to-date: /home/esraamustafa/Path_Planning_Shell_AI/ros2_sim/install/shell_interfaces/include/shell_interfaces/shell_interfaces/msg/detail/trajectory_point__rosidl_typesupport_introspection_c.h
[0.536s] -- Up-to-date: /home/esraamustafa/Path_Planning_Shell_AI/ros2_sim/install/shell_interfaces/lib/libshell_interfaces__rosidl_typesupport_introspection_c.so
[0.536s] -- Up-to-date: /home/esraamustafa/Path_Planning_Shell_AI/ros2_sim/install/shell_interfaces/lib/libshell_interfaces__rosidl_typesupport_c.so
[0.537s] -- Up-to-date: /home/esraamustafa/Path_Planning_Shell_AI/ros2_sim/install/shell_interfaces/include/shell_interfaces/shell_interfaces
[0.537s] -- Up-to-date: /home/esraamustafa/Path_Planning_Shell_AI/ros2_sim/install/shell_interfaces/include/shell_interfaces/shell_interfaces/msg
[0.537s] -- Up-to-date: /home/esraamustafa/Path_Planning_Shell_AI/ros2_sim/install/shell_interfaces/include/shell_interfaces/shell_interfaces/msg/trajectory.hpp
[0.537s] -- Up-to-date: /home/esraamustafa/Path_Planning_Shell_AI/ros2_sim/install/shell_interfaces/include/shell_interfaces/shell_interfaces/msg/rosidl_generator_cpp__visibility_control.hpp
[0.537s] -- Up-to-date: /home/esraamustafa/Path_Planning_Shell_AI/ros2_sim/install/shell_interfaces/include/shell_interfaces/shell_interfaces/msg/trajectory_point.hpp
[0.537s] -- Up-to-date: /home/esraamustafa/Path_Planning_Shell_AI/ros2_sim/install/shell_interfaces/include/shell_interfaces/shell_interfaces/msg/detail
[0.537s] -- Up-to-date: /home/esraamustafa/Path_Planning_Shell_AI/ros2_sim/install/shell_interfaces/include/shell_interfaces/shell_interfaces/msg/detail/trajectory__type_support.hpp
[0.538s] -- Up-to-date: /home/esraamustafa/Path_Planning_Shell_AI/ros2_sim/install/shell_interfaces/include/shell_interfaces/shell_interfaces/msg/detail/trajectory__traits.hpp
[0.538s] -- Up-to-date: /home/esraamustafa/Path_Planning_Shell_AI/ros2_sim/install/shell_interfaces/include/shell_interfaces/shell_interfaces/msg/detail/trajectory_point__traits.hpp
[0.538s] -- Up-to-date: /home/esraamustafa/Path_Planning_Shell_AI/ros2_sim/install/shell_interfaces/include/shell_interfaces/shell_interfaces/msg/detail/trajectory__struct.hpp
[0.538s] -- Up-to-date: /home/esraamustafa/Path_Planning_Shell_AI/ros2_sim/install/shell_interfaces/include/shell_interfaces/shell_interfaces/msg/detail/trajectory_point__struct.hpp
[0.539s] -- Up-to-date: /home/esraamustafa/Path_Planning_Shell_AI/ros2_sim/install/shell_interfaces/include/shell_interfaces/shell_interfaces/msg/detail/trajectory__builder.hpp
[0.539s] -- Up-to-date: /home/esraamustafa/Path_Planning_Shell_AI/ros2_sim/install/shell_interfaces/include/shell_interfaces/shell_interfaces/msg/detail/trajectory_point__builder.hpp
[0.539s] -- Up-to-date: /home/esraamustafa/Path_Planning_Shell_AI/ros2_sim/install/shell_interfaces/include/shell_interfaces/shell_interfaces/msg/detail/trajectory_point__type_support.hpp
[0.539s] -- Up-to-date: /home/esraamustafa/Path_Planning_Shell_AI/ros2_sim/install/shell_interfaces/include/shell_interfaces/shell_interfaces
[0.539s] -- Up-to-date: /home/esraamustafa/Path_Planning_Shell_AI/ros2_sim/install/shell_interfaces/include/shell_interfaces/shell_interfaces/msg
[0.539s] -- Up-to-date: /home/esraamustafa/Path_Planning_Shell_AI/ros2_sim/install/shell_interfaces/include/shell_interfaces/shell_interfaces/msg/rosidl_typesupport_fastrtps_cpp__visibility_control.h
[0.540s] -- Up-to-date: /home/esraamustafa/Path_Planning_Shell_AI/ros2_sim/install/shell_interfaces/include/shell_interfaces/shell_interfaces/msg/detail
[0.540s] -- Up-to-date: /home/esraamustafa/Path_Planning_Shell_AI/ros2_sim/install/shell_interfaces/include/shell_interfaces/shell_interfaces/msg/detail/trajectory__rosidl_typesupport_fastrtps_cpp.hpp
[0.540s] -- Up-to-date: /home/esraamustafa/Path_Planning_Shell_AI/ros2_sim/install/shell_interfaces/include/shell_interfaces/shell_interfaces/msg/detail/trajectory_point__rosidl_typesupport_fastrtps_cpp.hpp
[0.540s] -- Up-to-date: /home/esraamustafa/Path_Planning_Shell_AI/ros2_sim/install/shell_interfaces/include/shell_interfaces/shell_interfaces/msg/detail/dds_fastrtps
[0.541s] -- Up-to-date: /home/esraamustafa/Path_Planning_Shell_AI/ros2_sim/install/shell_interfaces/lib/libshell_interfaces__rosidl_typesupport_fastrtps_cpp.so
[0.541s] -- Up-to-date: /home/esraamustafa/Path_Planning_Shell_AI/ros2_sim/install/shell_interfaces/include/shell_interfaces/shell_interfaces
[0.541s] -- Up-to-date: /home/esraamustafa/Path_Planning_Shell_AI/ros2_sim/install/shell_interfaces/include/shell_interfaces/shell_interfaces/msg
[0.541s] -- Up-to-date: /home/esraamustafa/Path_Planning_Shell_AI/ros2_sim/install/shell_interfaces/include/shell_interfaces/shell_interfaces/msg/detail
[0.541s] -- Up-to-date: /home/esraamustafa/Path_Planning_Shell_AI/ros2_sim/install/shell_interfaces/include/shell_interfaces/shell_interfaces/msg/detail/trajectory__type_support.cpp
[0.542s] -- Up-to-date: /home/esraamustafa/Path_Planning_Shell_AI/ros2_sim/install/shell_interfaces/include/shell_interfaces/shell_interfaces/msg/detail/trajectory_point__type_support.cpp
[0.542s] -- Up-to-date: /home/esraamustafa/Path_Planning_Shell_AI/ros2_sim/install/shell_interfaces/include/shell_interfaces/shell_interfaces/msg/detail/trajectory_point__rosidl_typesupport_introspection_cpp.hpp
[0.542s] -- Up-to-date: /home/esraamustafa/Path_Planning_Shell_AI/ros2_sim/install/shell_interfaces/include/shell_interfaces/shell_interfaces/msg/detail/trajectory__rosidl_typesupport_introspection_cpp.hpp
[0.542s] -- Up-to-date: /home/esraamustafa/Path_Planning_Shell_AI/ros2_sim/install/shell_interfaces/lib/libshell_interfaces__rosidl_typesupport_introspection_cpp.so
[0.542s] -- Up-to-date: /home/esraamustafa/Path_Planning_Shell_AI/ros2_sim/install/shell_interfaces/lib/libshell_interfaces__rosidl_typesupport_cpp.so
[0.542s] -- Up-to-date: /home/esraamustafa/Path_Planning_Shell_AI/ros2_sim/install/shell_interfaces/share/shell_interfaces/environment/pythonpath.sh
[0.542s] -- Up-to-date: /home/esraamustafa/Path_Planning_Shell_AI/ros2_sim/install/shell_interfaces/share/shell_interfaces/environment/pythonpath.dsv
[0.542s] -- Up-to-date: /home/esraamustafa/Path_Planning_Shell_AI/ros2_sim/install/shell_interfaces/local/lib/python3.10/dist-packages/shell_interfaces-0.0.0-py3.10.egg-info
[0.542s] -- Installing: /home/esraamustafa/Path_Planning_Shell_AI/ros2_sim/install/shell_interfaces/local/lib/python3.10/dist-packages/shell_interfaces-0.0.0-py3.10.egg-info/PKG-INFO
[0.542s] -- Installing: /home/esraamustafa/Path_Planning_Shell_AI/ros2_sim/install/shell_interfaces/local/lib/python3.10/dist-packages/shell_interfaces-0.0.0-py3.10.egg-info/top_level.txt
[0.542s] -- Installing: /home/esraamustafa/Path_Planning_Shell_AI/ros2_sim/install/shell_interfaces/local/lib/python3.10/dist-packages/shell_interfaces-0.0.0-py3.10.egg-info/SOURCES.txt
[0.542s] -- Installing: /home/esraamustafa/Path_Planning_Shell_AI/ros2_sim/install/shell_interfaces/local/lib/python3.10/dist-packages/shell_interfaces-0.0.0-py3.10.egg-info/dependency_links.txt
[0.542s] -- Up-to-date: /home/esraamustafa/Path_Planning_Shell_AI/ros2_sim/install/shell_interfaces/local/lib/python3.10/dist-packages/shell_interfaces
[0.543s] -- Up-to-date: /home/esraamustafa/Path_Planning_Shell_AI/ros2_sim/install/shell_interfaces/local/lib/python3.10/dist-packages/shell_interfaces/libshell_interfaces__rosidl_generator_py.so
[0.543s] -- Up-to-date: /home/esraamustafa/Path_Planning_Shell_AI/ros2_sim/install/shell_interfaces/local/lib/python3.10/dist-packages/shell_interfaces/__init__.py
[0.543s] -- Up-to-date: /home/esraamustafa/Path_Planning_Shell_AI/ros2_sim/install/shell_interfaces/local/lib/python3.10/dist-packages/shell_interfaces/_shell_interfaces_s.ep.rosidl_typesupport_c.c
[0.543s] -- Up-to-date: /home/esraamustafa/Path_Planning_Shell_AI/ros2_sim/install/shell_interfaces/local/lib/python3.10/dist-packages/shell_interfaces/_shell_interfaces_s.ep.rosidl_typesupport_fastrtps_c.c
[0.543s] -- Up-to-date: /home/esraamustafa/Path_Planning_Shell_AI/ros2_sim/install/shell_interfaces/local/lib/python3.10/dist-packages/shell_interfaces/msg
[0.543s] -- Up-to-date: /home/esraamustafa/Path_Planning_Shell_AI/ros2_sim/install/shell_interfaces/local/lib/python3.10/dist-packages/shell_interfaces/msg/_trajectory_point_s.c
[0.543s] -- Up-to-date: /home/esraamustafa/Path_Planning_Shell_AI/ros2_sim/install/shell_interfaces/local/lib/python3.10/dist-packages/shell_interfaces/msg/__init__.py
[0.543s] -- Up-to-date: /home/esraamustafa/Path_Planning_Shell_AI/ros2_sim/install/shell_interfaces/local/lib/python3.10/dist-packages/shell_interfaces/msg/_trajectory_s.c
[0.543s] -- Up-to-date: /home/esraamustafa/Path_Planning_Shell_AI/ros2_sim/install/shell_interfaces/local/lib/python3.10/dist-packages/shell_interfaces/msg/_trajectory.py
[0.543s] -- Up-to-date: /home/esraamustafa/Path_Planning_Shell_AI/ros2_sim/install/shell_interfaces/local/lib/python3.10/dist-packages/shell_interfaces/msg/_trajectory_point.py
[0.543s] -- Up-to-date: /home/esraamustafa/Path_Planning_Shell_AI/ros2_sim/install/shell_interfaces/local/lib/python3.10/dist-packages/shell_interfaces/_shell_interfaces_s.ep.rosidl_typesupport_introspection_c.c
[0.543s] -- Up-to-date: /home/esraamustafa/Path_Planning_Shell_AI/ros2_sim/install/shell_interfaces/local/lib/python3.10/dist-packages/shell_interfaces/shell_interfaces_s__rosidl_typesupport_c.cpython-310-x86_64-linux-gnu.so
[0.543s] -- Up-to-date: /home/esraamustafa/Path_Planning_Shell_AI/ros2_sim/install/shell_interfaces/local/lib/python3.10/dist-packages/shell_interfaces/shell_interfaces_s__rosidl_typesupport_introspection_c.cpython-310-x86_64-linux-gnu.so
[0.543s] -- Up-to-date: /home/esraamustafa/Path_Planning_Shell_AI/ros2_sim/install/shell_interfaces/local/lib/python3.10/dist-packages/shell_interfaces/shell_interfaces_s__rosidl_typesupport_fastrtps_c.cpython-310-x86_64-linux-gnu.so
[0.594s] Listing '/home/esraamustafa/Path_Planning_Shell_AI/ros2_sim/install/shell_interfaces/local/lib/python3.10/dist-packages/shell_interfaces'...
[0.594s] Listing '/home/esraamustafa/Path_Planning_Shell_AI/ros2_sim/install/shell_interfaces/local/lib/python3.10/dist-packages/shell_interfaces/msg'...
[0.601s] -- Up-to-date: /home/esraamustafa/Path_Planning_Shell_AI/ros2_sim/install/shell_interfaces/local/lib/python3.10/dist-packages/shell_interfaces/shell_interfaces_s__rosidl_typesupport_fastrtps_c.cpython-310-x86_64-linux-gnu.so
[0.601s] -- Up-to-date: /home/esraamustafa/Path_Planning_Shell_AI/ros2_sim/install/shell_interfaces/local/lib/python3.10/dist-packages/shell_interfaces/shell_interfaces_s__rosidl_typesupport_introspection_c.cpython-310-x86_64-linux-gnu.so
[0.603s] -- Up-to-date: /home/esraamustafa/Path_Planning_Shell_AI/ros2_sim/install/shell_interfaces/local/lib/python3.10/dist-packages/shell_interfaces/shell_interfaces_s__rosidl_typesupport_c.cpython-310-x86_64-linux-gnu.so
[0.604s] -- Up-to-date: /home/esraamustafa/Path_Planning_Shell_AI/ros2_sim/install/shell_interfaces/lib/libshell_interfaces__rosidl_generator_py.so
[0.604s] -- Up-to-date: /home/esraamustafa/Path_Planning_Shell_AI/ros2_sim/install/shell_interfaces/share/shell_interfaces/msg/TrajectoryPoint.idl
[0.605s] -- Up-to-date: /home/esraamustafa/Path_Planning_Shell_AI/ros2_sim/install/shell_interfaces/share/shell_interfaces/msg/Trajectory.idl
[0.605s] -- Up-to-date: /home/esraamustafa/Path_Planning_Shell_AI/ros2_sim/install/shell_interfaces/share/shell_interfaces/msg/TrajectoryPoint.msg
[0.606s] -- Up-to-date: /home/esraamustafa/Path_Planning_Shell_AI/ros2_sim/install/shell_interfaces/share/shell_interfaces/msg/Trajectory.msg
[0.607s] -- Up-to-date: /home/esraamustafa/Path_Planning_Shell_AI/ros2_sim/install/shell_interfaces/share/ament_index/resource_index/package_run_dependencies/shell_interfaces
[0.607s] -- Up-to-date: /home/esraamustafa/Path_Planning_Shell_AI/ros2_sim/install/shell_interfaces/share/ament_index/resource_index/parent_prefix_path/shell_interfaces
[0.607s] -- Up-to-date: /home/esraamustafa/Path_Planning_Shell_AI/ros2_sim/install/shell_interfaces/share/shell_interfaces/environment/ament_prefix_path.sh
[0.607s] -- Up-to-date: /home/esraamustafa/Path_Planning_Shell_AI/ros2_sim/install/shell_interfaces/share/shell_interfaces/environment/ament_prefix_path.dsv
[0.608s] -- Up-to-date: /home/esraamustafa/Path_Planning_Shell_AI/ros2_sim/install/shell_interfaces/share/shell_interfaces/environment/path.sh
[0.608s] -- Up-to-date: /home/esraamustafa/Path_Planning_Shell_AI/ros2_sim/install/shell_interfaces/share/shell_interfaces/environment/path.dsv
[0.608s] -- Up-to-date: /home/esraamustafa/Path_Planning_Shell_AI/ros2_sim/install/shell_interfaces/share/shell_interfaces/local_setup.bash
[0.608s] -- Up-to-date: /home/esraamustafa/Path_Planning_Shell_AI/ros2_sim/install/shell_interfaces/share/shell_interfaces/local_setup.sh
[0.608s] -- Up-to-date: /home/esraamustafa/Path_Planning_Shell_AI/ros2_sim/install/shell_interfaces/share/shell_interfaces/local_setup.zsh
[0.609s] -- Up-to-date: /home/esraamustafa/Path_Planning_Shell_AI/ros2_sim/install/shell_interfaces/share/shell_interfaces/local_setup.dsv
[0.609s] -- Installing: /home/esraamustafa/Path_Planning_Shell_AI/ros2_sim/install/shell_interfaces/share/shell_interfaces/package.dsv
[0.609s] -- Up-to-date: /home/esraamustafa/Path_Planning_Shell_AI/ros2_sim/install/shell_interfaces/share/ament_index/resource_index/packages/shell_interfaces
[0.609s] -- Up-to-date: /home/esraamustafa/Path_Planning_Shell_AI/ros2_sim/install/shell_interfaces/share/shell_interfaces/cmake/export_shell_interfaces__rosidl_generator_cExport.cmake
[0.609s] -- Up-to-date: /home/esraamustafa/Path_Planning_Shell_AI/ros2_sim/install/shell_interfaces/share/shell_interfaces/cmake/export_shell_interfaces__rosidl_generator_cExport-noconfig.cmake
[0.609s] -- Up-to-date: /home/esraamustafa/Path_Planning_Shell_AI/ros2_sim/install/shell_interfaces/share/shell_interfaces/cmake/export_shell_interfaces__rosidl_typesupport_fastrtps_cExport.cmake
[0.609s] -- Up-to-date: /home/esraamustafa/Path_Planning_Shell_AI/ros2_sim/install/shell_interfaces/share/shell_interfaces/cmake/export_shell_interfaces__rosidl_typesupport_fastrtps_cExport-noconfig.cmake
[0.609s] -- Up-to-date: /home/esraamustafa/Path_Planning_Shell_AI/ros2_sim/install/shell_interfaces/share/shell_interfaces/cmake/shell_interfaces__rosidl_typesupport_introspection_cExport.cmake
[0.609s] -- Up-to-date: /home/esraamustafa/Path_Planning_Shell_AI/ros2_sim/install/shell_interfaces/share/shell_interfaces/cmake/shell_interfaces__rosidl_typesupport_introspection_cExport-noconfig.cmake
[0.609s] -- Up-to-date: /home/esraamustafa/Path_Planning_Shell_AI/ros2_sim/install/shell_interfaces/share/shell_interfaces/cmake/shell_interfaces__rosidl_typesupport_cExport.cmake
[0.609s] -- Up-to-date: /home/esraamustafa/Path_Planning_Shell_AI/ros2_sim/install/shell_interfaces/share/shell_interfaces/cmake/shell_interfaces__rosidl_typesupport_cExport-noconfig.cmake
[0.609s] -- Up-to-date: /home/esraamustafa/Path_Planning_Shell_AI/ros2_sim/install/shell_interfaces/share/shell_interfaces/cmake/export_shell_interfaces__rosidl_generator_cppExport.cmake
[0.609s] -- Up-to-date: /home/esraamustafa/Path_Planning_Shell_AI/ros2_sim/install/shell_interfaces/share/shell_interfaces/cmake/export_shell_interfaces__rosidl_typesupport_fastrtps_cppExport.cmake
[0.609s] -- Up-to-date: /home/esraamustafa/Path_Planning_Shell_AI/ros2_sim/install/shell_interfaces/share/shell_interfaces/cmake/export_shell_interfaces__rosidl_typesupport_fastrtps_cppExport-noconfig.cmake
[0.609s] -- Up-to-date: /home/esraamustafa/Path_Planning_Shell_AI/ros2_sim/install/shell_interfaces/share/shell_interfaces/cmake/shell_interfaces__rosidl_typesupport_introspection_cppExport.cmake
[0.609s] -- Up-to-date: /home/esraamustafa/Path_Planning_Shell_AI/ros2_sim/install/shell_interfaces/share/shell_interfaces/cmake/shell_interfaces__rosidl_typesupport_introspection_cppExport-noconfig.cmake
[0.610s] -- Up-to-date: /home/esraamustafa/Path_Planning_Shell_AI/ros2_sim/install/shell_interfaces/share/shell_interfaces/cmake/shell_interfaces__rosidl_typesupport_cppExport.cmake
[0.610s] -- Up-to-date: /home/esraamustafa/Path_Planning_Shell_AI/ros2_sim/install/shell_interfaces/share/shell_interfaces/cmake/shell_interfaces__rosidl_typesupport_cppExport-noconfig.cmake
[0.610s] -- Up-to-date: /home/esraamustafa/Path_Planning_Shell_AI/ros2_sim/install/shell_interfaces/share/shell_interfaces/cmake/export_shell_interfaces__rosidl_generator_pyExport.cmake
[0.610s] -- Up-to-date: /home/esraamustafa/Path_Planning_Shell_AI/ros2_sim/install/shell_interfaces/share/shell_interfaces/cmake/export_shell_interfaces__rosidl_generator_pyExport-noconfig.cmake
[0.610s] -- Up-to-date: /home/esraamustafa/Path_Planning_Shell_AI/ros2_sim/install/shell_interfaces/share/shell_interfaces/cmake/rosidl_cmake-extras.cmake
[0.610s] -- Up-to-date: /home/esraamustafa/Path_Planning_Shell_AI/ros2_sim/install/shell_interfaces/share/shell_interfaces/cmake/ament_cmake_export_include_directories-extras.cmake
[0.610s] -- Up-to-date: /home/esraamustafa/Path_Planning_Shell_AI/ros2_sim/install/shell_interfaces/share/shell_interfaces/cmake/ament_cmake_export_libraries-extras.cmake
[0.610s] -- Up-to-date: /home/esraamustafa/Path_Planning_Shell_AI/ros2_sim/install/shell_interfaces/share/shell_interfaces/cmake/ament_cmake_export_targets-extras.cmake
[0.610s] -- Up-to-date: /home/esraamustafa/Path_Planning_Shell_AI/ros2_sim/install/shell_interfaces/share/shell_interfaces/cmake/rosidl_cmake_export_typesupport_targets-extras.cmake
[0.610s] -- Up-to-date: /home/esraamustafa/Path_Planning_Shell_AI/ros2_sim/install/shell_interfaces/share/shell_interfaces/cmake/ament_cmake_export_dependencies-extras.cmake
[0.610s] -- Up-to-date: /home/esraamustafa/Path_Planning_Shell_AI/ros2_sim/install/shell_interfaces/share/shell_interfaces/cmake/rosidl_cmake_export_typesupport_libraries-extras.cmake
[0.610s] -- Up-to-date: /home/esraamustafa/Path_Planning_Shell_AI/ros2_sim/install/shell_interfaces/share/shell_interfaces/cmake/shell_interfacesConfig.cmake
[0.610s] -- Up-to-date: /home/esraamustafa/Path_Planning_Shell_AI/ros2_sim/install/shell_interfaces/share/shell_interfaces/cmake/shell_interfacesConfig-version.cmake
[0.611s] -- Up-to-date: /home/esraamustafa/Path_Planning_Shell_AI/ros2_sim/install/shell_interfaces/share/shell_interfaces/package.xml
[0.616s] Invoked command in '/home/esraamustafa/Path_Planning_Shell_AI/ros2_sim/build/shell_interfaces' returned '0': CMAKE_PREFIX_PATH=${CMAKE_PREFIX_PATH}:/home/esraamustafa/Path_Planning_Shell_AI/ros2_sim/install/shell_visualization:/home/esraamustafa/Path_Planning_Shell_AI/ros2_sim/install/shell_test_nodes:/home/esraamustafa/Path_Planning_Shell_AI/ros2_sim/install/shell_planning:/opt/ros/humble /usr/bin/cmake --install /home/esraamustafa/Path_Planning_Shell_AI/ros2_sim/build/shell_interfaces
