[2.314s] Invoking command in '/home/esraamustafa/path_planning/Path_Planning_Shell_AI/ros2_sim/build/shell_visualization': PYTHONPATH=/home/esraamustafa/path_planning/Path_Planning_Shell_AI/ros2_sim/build/shell_visualization/prefix_override:/usr/lib/python3/dist-packages/colcon_core/task/python/colcon_distutils_commands:/home/esraamustafa/path_planning/Path_Planning_Shell_AI/ros2_sim/install/shell_visualization/lib/python3.10/site-packages:${PYTHONPATH} /usr/bin/python3 -W ignore:setup.py install is deprecated -W ignore:easy_install command is deprecated setup.py develop --editable --build-directory /home/esraamustafa/path_planning/Path_Planning_Shell_AI/ros2_sim/build/shell_visualization/build --no-deps symlink_data
[3.074s] running develop
[3.561s] running egg_info
[3.561s] creating shell_visualization.egg-info
[3.562s] writing shell_visualization.egg-info/PKG-INFO
[3.563s] writing dependency_links to shell_visualization.egg-info/dependency_links.txt
[3.563s] writing entry points to shell_visualization.egg-info/entry_points.txt
[3.564s] writing requirements to shell_visualization.egg-info/requires.txt
[3.564s] writing top-level names to shell_visualization.egg-info/top_level.txt
[3.564s] writing manifest file 'shell_visualization.egg-info/SOURCES.txt'
[3.568s] reading manifest file 'shell_visualization.egg-info/SOURCES.txt'
[3.570s] writing manifest file 'shell_visualization.egg-info/SOURCES.txt'
[3.572s] running build_ext
[3.573s] Creating /home/esraamustafa/path_planning/Path_Planning_Shell_AI/ros2_sim/install/shell_visualization/lib/python3.10/site-packages/shell-visualization.egg-link (link to .)
[3.576s] Installing planner_visualizer script to /home/esraamustafa/path_planning/Path_Planning_Shell_AI/ros2_sim/install/shell_visualization/lib/shell_visualization
[3.578s] 
[3.579s] Installed /home/esraamustafa/path_planning/Path_Planning_Shell_AI/ros2_sim/build/shell_visualization
[3.581s] running symlink_data
[3.581s] creating /home/esraamustafa/path_planning/Path_Planning_Shell_AI/ros2_sim/install/shell_visualization/share/ament_index
[3.582s] creating /home/esraamustafa/path_planning/Path_Planning_Shell_AI/ros2_sim/install/shell_visualization/share/ament_index/resource_index
[3.583s] creating /home/esraamustafa/path_planning/Path_Planning_Shell_AI/ros2_sim/install/shell_visualization/share/ament_index/resource_index/packages
[3.584s] symbolically linking /home/esraamustafa/path_planning/Path_Planning_Shell_AI/ros2_sim/build/shell_visualization/resource/shell_visualization -> /home/esraamustafa/path_planning/Path_Planning_Shell_AI/ros2_sim/install/shell_visualization/share/ament_index/resource_index/packages
[3.585s] symbolically linking /home/esraamustafa/path_planning/Path_Planning_Shell_AI/ros2_sim/build/shell_visualization/package.xml -> /home/esraamustafa/path_planning/Path_Planning_Shell_AI/ros2_sim/install/shell_visualization/share/shell_visualization
[3.658s] Invoked command in '/home/esraamustafa/path_planning/Path_Planning_Shell_AI/ros2_sim/build/shell_visualization' returned '0': PYTHONPATH=/home/esraamustafa/path_planning/Path_Planning_Shell_AI/ros2_sim/build/shell_visualization/prefix_override:/usr/lib/python3/dist-packages/colcon_core/task/python/colcon_distutils_commands:/home/esraamustafa/path_planning/Path_Planning_Shell_AI/ros2_sim/install/shell_visualization/lib/python3.10/site-packages:${PYTHONPATH} /usr/bin/python3 -W ignore:setup.py install is deprecated -W ignore:easy_install command is deprecated setup.py develop --editable --build-directory /home/esraamustafa/path_planning/Path_Planning_Shell_AI/ros2_sim/build/shell_visualization/build --no-deps symlink_data
