running egg_info
creating ../../build/shell_planning/shell_planning.egg-info
writing ../../build/shell_planning/shell_planning.egg-info/PKG-INFO
writing dependency_links to ../../build/shell_planning/shell_planning.egg-info/dependency_links.txt
writing entry points to ../../build/shell_planning/shell_planning.egg-info/entry_points.txt
writing requirements to ../../build/shell_planning/shell_planning.egg-info/requires.txt
writing top-level names to ../../build/shell_planning/shell_planning.egg-info/top_level.txt
writing manifest file '../../build/shell_planning/shell_planning.egg-info/SOURCES.txt'
reading manifest file '../../build/shell_planning/shell_planning.egg-info/SOURCES.txt'
writing manifest file '../../build/shell_planning/shell_planning.egg-info/SOURCES.txt'
running build
running build_py
creating /home/esraamustafa/Path_Planning_Shell_AI/ros2_sim/build/shell_planning/build
creating /home/esraamustafa/Path_Planning_Shell_AI/ros2_sim/build/shell_planning/build/lib
creating /home/esraamustafa/Path_Planning_Shell_AI/ros2_sim/build/shell_planning/build/lib/shell_planning
copying shell_planning/__init__.py -> /home/esraamustafa/Path_Planning_Shell_AI/ros2_sim/build/shell_planning/build/lib/shell_planning
copying shell_planning/global_planner_node.py -> /home/esraamustafa/Path_Planning_Shell_AI/ros2_sim/build/shell_planning/build/lib/shell_planning
running install
running install_lib
creating /home/esraamustafa/Path_Planning_Shell_AI/ros2_sim/install/shell_planning/lib/python3.10/site-packages/shell_planning
copying /home/esraamustafa/Path_Planning_Shell_AI/ros2_sim/build/shell_planning/build/lib/shell_planning/__init__.py -> /home/esraamustafa/Path_Planning_Shell_AI/ros2_sim/install/shell_planning/lib/python3.10/site-packages/shell_planning
copying /home/esraamustafa/Path_Planning_Shell_AI/ros2_sim/build/shell_planning/build/lib/shell_planning/global_planner_node.py -> /home/esraamustafa/Path_Planning_Shell_AI/ros2_sim/install/shell_planning/lib/python3.10/site-packages/shell_planning
byte-compiling /home/esraamustafa/Path_Planning_Shell_AI/ros2_sim/install/shell_planning/lib/python3.10/site-packages/shell_planning/__init__.py to __init__.cpython-310.pyc
byte-compiling /home/esraamustafa/Path_Planning_Shell_AI/ros2_sim/install/shell_planning/lib/python3.10/site-packages/shell_planning/global_planner_node.py to global_planner_node.cpython-310.pyc
running install_data
creating /home/esraamustafa/Path_Planning_Shell_AI/ros2_sim/install/shell_planning/share/ament_index
creating /home/esraamustafa/Path_Planning_Shell_AI/ros2_sim/install/shell_planning/share/ament_index/resource_index
creating /home/esraamustafa/Path_Planning_Shell_AI/ros2_sim/install/shell_planning/share/ament_index/resource_index/packages
copying resource/shell_planning -> /home/esraamustafa/Path_Planning_Shell_AI/ros2_sim/install/shell_planning/share/ament_index/resource_index/packages
copying package.xml -> /home/esraamustafa/Path_Planning_Shell_AI/ros2_sim/install/shell_planning/share/shell_planning
running install_egg_info
Copying ../../build/shell_planning/shell_planning.egg-info to /home/esraamustafa/Path_Planning_Shell_AI/ros2_sim/install/shell_planning/lib/python3.10/site-packages/shell_planning-0.0.0-py3.10.egg-info
running install_scripts
Installing global_planner script to /home/esraamustafa/Path_Planning_Shell_AI/ros2_sim/install/shell_planning/lib/shell_planning
writing list of installed files to '/home/esraamustafa/Path_Planning_Shell_AI/ros2_sim/build/shell_planning/install.log'
