[1.207s] Invoking command in '/home/esraamustafa/Path_Planning_Shell_AI/ros2_sim/src/shell_planning': PYTHONPATH=/home/esraamustafa/Path_Planning_Shell_AI/ros2_sim/build/shell_planning/prefix_override:/usr/lib/python3/dist-packages/colcon_core/task/python/colcon_distutils_commands:/home/esraamustafa/Path_Planning_Shell_AI/ros2_sim/install/shell_planning/lib/python3.10/site-packages:${PYTHONPATH} /usr/bin/python3 -W ignore:setup.py install is deprecated -W ignore:easy_install command is deprecated setup.py egg_info --egg-base ../../build/shell_planning build --build-base /home/esraamustafa/Path_Planning_Shell_AI/ros2_sim/build/shell_planning/build install --record /home/esraamustafa/Path_Planning_Shell_AI/ros2_sim/build/shell_planning/install.log --single-version-externally-managed install_data
[1.741s] running egg_info
[1.743s] creating ../../build/shell_planning/shell_planning.egg-info
[1.744s] writing ../../build/shell_planning/shell_planning.egg-info/PKG-INFO
[1.745s] writing dependency_links to ../../build/shell_planning/shell_planning.egg-info/dependency_links.txt
[1.745s] writing entry points to ../../build/shell_planning/shell_planning.egg-info/entry_points.txt
[1.745s] writing requirements to ../../build/shell_planning/shell_planning.egg-info/requires.txt
[1.745s] writing top-level names to ../../build/shell_planning/shell_planning.egg-info/top_level.txt
[1.745s] writing manifest file '../../build/shell_planning/shell_planning.egg-info/SOURCES.txt'
[1.748s] reading manifest file '../../build/shell_planning/shell_planning.egg-info/SOURCES.txt'
[1.750s] writing manifest file '../../build/shell_planning/shell_planning.egg-info/SOURCES.txt'
[1.751s] running build
[1.751s] running build_py
[1.751s] creating /home/esraamustafa/Path_Planning_Shell_AI/ros2_sim/build/shell_planning/build
[1.752s] creating /home/esraamustafa/Path_Planning_Shell_AI/ros2_sim/build/shell_planning/build/lib
[1.753s] creating /home/esraamustafa/Path_Planning_Shell_AI/ros2_sim/build/shell_planning/build/lib/shell_planning
[1.753s] copying shell_planning/__init__.py -> /home/esraamustafa/Path_Planning_Shell_AI/ros2_sim/build/shell_planning/build/lib/shell_planning
[1.754s] copying shell_planning/global_planner_node.py -> /home/esraamustafa/Path_Planning_Shell_AI/ros2_sim/build/shell_planning/build/lib/shell_planning
[1.754s] running install
[1.756s] running install_lib
[1.757s] creating /home/esraamustafa/Path_Planning_Shell_AI/ros2_sim/install/shell_planning/lib/python3.10/site-packages/shell_planning
[1.758s] copying /home/esraamustafa/Path_Planning_Shell_AI/ros2_sim/build/shell_planning/build/lib/shell_planning/__init__.py -> /home/esraamustafa/Path_Planning_Shell_AI/ros2_sim/install/shell_planning/lib/python3.10/site-packages/shell_planning
[1.758s] copying /home/esraamustafa/Path_Planning_Shell_AI/ros2_sim/build/shell_planning/build/lib/shell_planning/global_planner_node.py -> /home/esraamustafa/Path_Planning_Shell_AI/ros2_sim/install/shell_planning/lib/python3.10/site-packages/shell_planning
[1.759s] byte-compiling /home/esraamustafa/Path_Planning_Shell_AI/ros2_sim/install/shell_planning/lib/python3.10/site-packages/shell_planning/__init__.py to __init__.cpython-310.pyc
[1.760s] byte-compiling /home/esraamustafa/Path_Planning_Shell_AI/ros2_sim/install/shell_planning/lib/python3.10/site-packages/shell_planning/global_planner_node.py to global_planner_node.cpython-310.pyc
[1.762s] running install_data
[1.763s] creating /home/esraamustafa/Path_Planning_Shell_AI/ros2_sim/install/shell_planning/share/ament_index
[1.763s] creating /home/esraamustafa/Path_Planning_Shell_AI/ros2_sim/install/shell_planning/share/ament_index/resource_index
[1.763s] creating /home/esraamustafa/Path_Planning_Shell_AI/ros2_sim/install/shell_planning/share/ament_index/resource_index/packages
[1.764s] copying resource/shell_planning -> /home/esraamustafa/Path_Planning_Shell_AI/ros2_sim/install/shell_planning/share/ament_index/resource_index/packages
[1.764s] copying package.xml -> /home/esraamustafa/Path_Planning_Shell_AI/ros2_sim/install/shell_planning/share/shell_planning
[1.764s] running install_egg_info
[1.769s] Copying ../../build/shell_planning/shell_planning.egg-info to /home/esraamustafa/Path_Planning_Shell_AI/ros2_sim/install/shell_planning/lib/python3.10/site-packages/shell_planning-0.0.0-py3.10.egg-info
[1.772s] running install_scripts
[1.818s] Installing global_planner script to /home/esraamustafa/Path_Planning_Shell_AI/ros2_sim/install/shell_planning/lib/shell_planning
[1.820s] writing list of installed files to '/home/esraamustafa/Path_Planning_Shell_AI/ros2_sim/build/shell_planning/install.log'
[1.879s] Invoked command in '/home/esraamustafa/Path_Planning_Shell_AI/ros2_sim/src/shell_planning' returned '0': PYTHONPATH=/home/esraamustafa/Path_Planning_Shell_AI/ros2_sim/build/shell_planning/prefix_override:/usr/lib/python3/dist-packages/colcon_core/task/python/colcon_distutils_commands:/home/esraamustafa/Path_Planning_Shell_AI/ros2_sim/install/shell_planning/lib/python3.10/site-packages:${PYTHONPATH} /usr/bin/python3 -W ignore:setup.py install is deprecated -W ignore:easy_install command is deprecated setup.py egg_info --egg-base ../../build/shell_planning build --build-base /home/esraamustafa/Path_Planning_Shell_AI/ros2_sim/build/shell_planning/build install --record /home/esraamustafa/Path_Planning_Shell_AI/ros2_sim/build/shell_planning/install.log --single-version-externally-managed install_data
