[2.018s] Invoking command in '/home/esraamustafa/path_planning/Path_Planning_Shell_AI/build/shell_visualization': AMENT_PREFIX_PATH=/home/esraamustafa/path_planning/Path_Planning_Shell_AI/install/shell_interfaces:${AMENT_PREFIX_PATH} CMAKE_PREFIX_PATH=/home/esraamustafa/path_planning/Path_Planning_Shell_AI/install/shell_interfaces LD_LIBRARY_PATH=/home/esraamustafa/path_planning/Path_Planning_Shell_AI/install/shell_interfaces/lib:${LD_LIBRARY_PATH} PYTHONPATH=/home/esraamustafa/path_planning/Path_Planning_Shell_AI/build/shell_visualization/prefix_override:/usr/lib/python3/dist-packages/colcon_core/task/python/colcon_distutils_commands:/home/esraamustafa/path_planning/Path_Planning_Shell_AI/install/shell_visualization/lib/python3.10/site-packages:/home/esraamustafa/path_planning/Path_Planning_Shell_AI/install/shell_interfaces/local/lib/python3.10/dist-packages:${PYTHONPATH} /usr/bin/python3 -W ignore:setup.py install is deprecated -W ignore:easy_install command is deprecated setup.py develop --editable --build-directory /home/esraamustafa/path_planning/Path_Planning_Shell_AI/build/shell_visualization/build --no-deps symlink_data
[2.481s] running develop
[2.674s] running egg_info
[2.675s] creating shell_visualization.egg-info
[2.675s] writing shell_visualization.egg-info/PKG-INFO
[2.676s] writing dependency_links to shell_visualization.egg-info/dependency_links.txt
[2.677s] writing entry points to shell_visualization.egg-info/entry_points.txt
[2.677s] writing requirements to shell_visualization.egg-info/requires.txt
[2.678s] writing top-level names to shell_visualization.egg-info/top_level.txt
[2.679s] writing manifest file 'shell_visualization.egg-info/SOURCES.txt'
[2.684s] reading manifest file 'shell_visualization.egg-info/SOURCES.txt'
[2.686s] writing manifest file 'shell_visualization.egg-info/SOURCES.txt'
[2.689s] running build_ext
[2.689s] Creating /home/esraamustafa/path_planning/Path_Planning_Shell_AI/install/shell_visualization/lib/python3.10/site-packages/shell-visualization.egg-link (link to .)
[2.692s] Installing planner_visualizer script to /home/esraamustafa/path_planning/Path_Planning_Shell_AI/install/shell_visualization/lib/shell_visualization
[2.693s] 
[2.693s] Installed /home/esraamustafa/path_planning/Path_Planning_Shell_AI/build/shell_visualization
[2.693s] running symlink_data
[2.693s] creating /home/esraamustafa/path_planning/Path_Planning_Shell_AI/install/shell_visualization/share/ament_index
[2.693s] creating /home/esraamustafa/path_planning/Path_Planning_Shell_AI/install/shell_visualization/share/ament_index/resource_index
[2.695s] creating /home/esraamustafa/path_planning/Path_Planning_Shell_AI/install/shell_visualization/share/ament_index/resource_index/packages
[2.696s] symbolically linking /home/esraamustafa/path_planning/Path_Planning_Shell_AI/build/shell_visualization/resource/shell_visualization -> /home/esraamustafa/path_planning/Path_Planning_Shell_AI/install/shell_visualization/share/ament_index/resource_index/packages
[2.696s] symbolically linking /home/esraamustafa/path_planning/Path_Planning_Shell_AI/build/shell_visualization/package.xml -> /home/esraamustafa/path_planning/Path_Planning_Shell_AI/install/shell_visualization/share/shell_visualization
[2.743s] Invoked command in '/home/esraamustafa/path_planning/Path_Planning_Shell_AI/build/shell_visualization' returned '0': AMENT_PREFIX_PATH=/home/esraamustafa/path_planning/Path_Planning_Shell_AI/install/shell_interfaces:${AMENT_PREFIX_PATH} CMAKE_PREFIX_PATH=/home/esraamustafa/path_planning/Path_Planning_Shell_AI/install/shell_interfaces LD_LIBRARY_PATH=/home/esraamustafa/path_planning/Path_Planning_Shell_AI/install/shell_interfaces/lib:${LD_LIBRARY_PATH} PYTHONPATH=/home/esraamustafa/path_planning/Path_Planning_Shell_AI/build/shell_visualization/prefix_override:/usr/lib/python3/dist-packages/colcon_core/task/python/colcon_distutils_commands:/home/esraamustafa/path_planning/Path_Planning_Shell_AI/install/shell_visualization/lib/python3.10/site-packages:/home/esraamustafa/path_planning/Path_Planning_Shell_AI/install/shell_interfaces/local/lib/python3.10/dist-packages:${PYTHONPATH} /usr/bin/python3 -W ignore:setup.py install is deprecated -W ignore:easy_install command is deprecated setup.py develop --editable --build-directory /home/esraamustafa/path_planning/Path_Planning_Shell_AI/build/shell_visualization/build --no-deps symlink_data
