[0.032s] Invoking command in '/home/esraamustafa/path_planning/Path_Planning_Shell_AI/build/shell_interfaces': CMAKE_PREFIX_PATH=/opt/ros/humble /usr/bin/cmake --build /home/esraamustafa/path_planning/Path_Planning_Shell_AI/build/shell_interfaces -- -j12 -l12
[0.116s] [35m[1mConsolidate compiler generated dependencies of target shell_interfaces__rosidl_generator_c[0m
[0.152s] [ 10%] Built target shell_interfaces__rosidl_generator_c
[0.154s] [ 12%] Built target shell_interfaces__cpp
[0.175s] [ 12%] Built target ament_cmake_python_symlink_shell_interfaces
[0.183s] [35m[1mConsolidate compiler generated dependencies of target shell_interfaces__rosidl_typesupport_introspection_c[0m
[0.184s] [35m[1mConsolidate compiler generated dependencies of target shell_interfaces__rosidl_typesupport_c[0m
[0.184s] [35m[1mConsolidate compiler generated dependencies of target shell_interfaces__rosidl_typesupport_cpp[0m
[0.185s] [35m[1mConsolidate compiler generated dependencies of target shell_interfaces__rosidl_typesupport_fastrtps_cpp[0m
[0.185s] [35m[1mConsolidate compiler generated dependencies of target shell_interfaces__rosidl_typesupport_introspection_cpp[0m
[0.186s] [35m[1mConsolidate compiler generated dependencies of target shell_interfaces__rosidl_typesupport_fastrtps_c[0m
[0.208s] [ 23%] Built target shell_interfaces__rosidl_typesupport_cpp
[0.211s] [ 33%] Built target shell_interfaces__rosidl_typesupport_c
[0.211s] [ 43%] Built target shell_interfaces__rosidl_typesupport_fastrtps_cpp
[0.218s] [ 58%] Built target shell_interfaces__rosidl_typesupport_introspection_c
[0.219s] [ 66%] Built target shell_interfaces__rosidl_typesupport_fastrtps_c
[0.219s] [ 74%] Built target shell_interfaces__rosidl_typesupport_introspection_cpp
[0.256s] [ 74%] Built target shell_interfaces
[0.300s] [ 76%] Built target shell_interfaces__py
[0.322s] [35m[1mConsolidate compiler generated dependencies of target shell_interfaces__rosidl_generator_py[0m
[0.339s] [ 84%] Built target shell_interfaces__rosidl_generator_py
[0.357s] [35m[1mConsolidate compiler generated dependencies of target shell_interfaces__rosidl_typesupport_c__pyext[0m
[0.357s] [35m[1mConsolidate compiler generated dependencies of target shell_interfaces__rosidl_typesupport_fastrtps_c__pyext[0m
[0.357s] [35m[1mConsolidate compiler generated dependencies of target shell_interfaces__rosidl_typesupport_introspection_c__pyext[0m
[0.381s] [ 97%] Built target shell_interfaces__rosidl_typesupport_c__pyext
[0.381s] [ 92%] Built target shell_interfaces__rosidl_typesupport_introspection_c__pyext
[0.381s] [100%] Built target shell_interfaces__rosidl_typesupport_fastrtps_c__pyext
[0.466s] running egg_info
[0.467s] writing shell_interfaces.egg-info/PKG-INFO
[0.468s] writing dependency_links to shell_interfaces.egg-info/dependency_links.txt
[0.468s] writing top-level names to shell_interfaces.egg-info/top_level.txt
[0.472s] reading manifest file 'shell_interfaces.egg-info/SOURCES.txt'
[0.473s] writing manifest file 'shell_interfaces.egg-info/SOURCES.txt'
[0.505s] [100%] Built target ament_cmake_python_build_shell_interfaces_egg
[0.520s] Invoked command in '/home/esraamustafa/path_planning/Path_Planning_Shell_AI/build/shell_interfaces' returned '0': CMAKE_PREFIX_PATH=/opt/ros/humble /usr/bin/cmake --build /home/esraamustafa/path_planning/Path_Planning_Shell_AI/build/shell_interfaces -- -j12 -l12
[0.534s] Invoking command in '/home/esraamustafa/path_planning/Path_Planning_Shell_AI/build/shell_interfaces': CMAKE_PREFIX_PATH=/opt/ros/humble /usr/bin/cmake --install /home/esraamustafa/path_planning/Path_Planning_Shell_AI/build/shell_interfaces
[0.541s] -- Install configuration: ""
[0.542s] -- Execute custom install script
[0.542s] -- Up-to-date symlink: /home/esraamustafa/path_planning/Path_Planning_Shell_AI/install/shell_interfaces/share/ament_index/resource_index/rosidl_interfaces/shell_interfaces
[0.542s] -- Up-to-date symlink: /home/esraamustafa/path_planning/Path_Planning_Shell_AI/install/shell_interfaces/include/shell_interfaces/shell_interfaces/msg/detail/trajectory__functions.h
[0.543s] -- Up-to-date symlink: /home/esraamustafa/path_planning/Path_Planning_Shell_AI/install/shell_interfaces/include/shell_interfaces/shell_interfaces/msg/detail/trajectory__struct.h
[0.543s] -- Up-to-date symlink: /home/esraamustafa/path_planning/Path_Planning_Shell_AI/install/shell_interfaces/include/shell_interfaces/shell_interfaces/msg/detail/trajectory__type_support.h
[0.543s] -- Up-to-date symlink: /home/esraamustafa/path_planning/Path_Planning_Shell_AI/install/shell_interfaces/include/shell_interfaces/shell_interfaces/msg/detail/trajectory_point__functions.h
[0.543s] -- Up-to-date symlink: /home/esraamustafa/path_planning/Path_Planning_Shell_AI/install/shell_interfaces/include/shell_interfaces/shell_interfaces/msg/detail/trajectory_point__struct.h
[0.543s] -- Up-to-date symlink: /home/esraamustafa/path_planning/Path_Planning_Shell_AI/install/shell_interfaces/include/shell_interfaces/shell_interfaces/msg/detail/trajectory_point__type_support.h
[0.544s] -- Up-to-date symlink: /home/esraamustafa/path_planning/Path_Planning_Shell_AI/install/shell_interfaces/include/shell_interfaces/shell_interfaces/msg/rosidl_generator_c__visibility_control.h
[0.544s] -- Up-to-date symlink: /home/esraamustafa/path_planning/Path_Planning_Shell_AI/install/shell_interfaces/include/shell_interfaces/shell_interfaces/msg/trajectory.h
[0.545s] -- Up-to-date symlink: /home/esraamustafa/path_planning/Path_Planning_Shell_AI/install/shell_interfaces/include/shell_interfaces/shell_interfaces/msg/trajectory_point.h
[0.545s] -- Up-to-date symlink: /home/esraamustafa/path_planning/Path_Planning_Shell_AI/install/shell_interfaces/share/shell_interfaces/environment/library_path.sh
[0.545s] -- Up-to-date symlink: /home/esraamustafa/path_planning/Path_Planning_Shell_AI/install/shell_interfaces/share/shell_interfaces/environment/library_path.dsv
[0.545s] -- Up-to-date symlink: /home/esraamustafa/path_planning/Path_Planning_Shell_AI/install/shell_interfaces/include/shell_interfaces/shell_interfaces/msg/detail/trajectory__rosidl_typesupport_fastrtps_c.h
[0.545s] -- Up-to-date symlink: /home/esraamustafa/path_planning/Path_Planning_Shell_AI/install/shell_interfaces/include/shell_interfaces/shell_interfaces/msg/detail/trajectory_point__rosidl_typesupport_fastrtps_c.h
[0.546s] -- Up-to-date symlink: /home/esraamustafa/path_planning/Path_Planning_Shell_AI/install/shell_interfaces/include/shell_interfaces/shell_interfaces/msg/rosidl_typesupport_fastrtps_c__visibility_control.h
[0.546s] -- Up-to-date symlink: /home/esraamustafa/path_planning/Path_Planning_Shell_AI/install/shell_interfaces/include/shell_interfaces/shell_interfaces/msg/detail/trajectory__rosidl_typesupport_introspection_c.h
[0.546s] -- Up-to-date symlink: /home/esraamustafa/path_planning/Path_Planning_Shell_AI/install/shell_interfaces/include/shell_interfaces/shell_interfaces/msg/detail/trajectory_point__rosidl_typesupport_introspection_c.h
[0.546s] -- Up-to-date symlink: /home/esraamustafa/path_planning/Path_Planning_Shell_AI/install/shell_interfaces/include/shell_interfaces/shell_interfaces/msg/rosidl_typesupport_introspection_c__visibility_control.h
[0.547s] -- Up-to-date symlink: /home/esraamustafa/path_planning/Path_Planning_Shell_AI/install/shell_interfaces/include/shell_interfaces/shell_interfaces/msg/detail/trajectory__builder.hpp
[0.547s] -- Up-to-date symlink: /home/esraamustafa/path_planning/Path_Planning_Shell_AI/install/shell_interfaces/include/shell_interfaces/shell_interfaces/msg/detail/trajectory__struct.hpp
[0.547s] -- Up-to-date symlink: /home/esraamustafa/path_planning/Path_Planning_Shell_AI/install/shell_interfaces/include/shell_interfaces/shell_interfaces/msg/detail/trajectory__traits.hpp
[0.548s] -- Up-to-date symlink: /home/esraamustafa/path_planning/Path_Planning_Shell_AI/install/shell_interfaces/include/shell_interfaces/shell_interfaces/msg/detail/trajectory__type_support.hpp
[0.548s] -- Up-to-date symlink: /home/esraamustafa/path_planning/Path_Planning_Shell_AI/install/shell_interfaces/include/shell_interfaces/shell_interfaces/msg/detail/trajectory_point__builder.hpp
[0.549s] -- Up-to-date symlink: /home/esraamustafa/path_planning/Path_Planning_Shell_AI/install/shell_interfaces/include/shell_interfaces/shell_interfaces/msg/detail/trajectory_point__struct.hpp
[0.549s] -- Up-to-date symlink: /home/esraamustafa/path_planning/Path_Planning_Shell_AI/install/shell_interfaces/include/shell_interfaces/shell_interfaces/msg/detail/trajectory_point__traits.hpp
[0.549s] -- Up-to-date symlink: /home/esraamustafa/path_planning/Path_Planning_Shell_AI/install/shell_interfaces/include/shell_interfaces/shell_interfaces/msg/detail/trajectory_point__type_support.hpp
[0.549s] -- Up-to-date symlink: /home/esraamustafa/path_planning/Path_Planning_Shell_AI/install/shell_interfaces/include/shell_interfaces/shell_interfaces/msg/rosidl_generator_cpp__visibility_control.hpp
[0.549s] -- Up-to-date symlink: /home/esraamustafa/path_planning/Path_Planning_Shell_AI/install/shell_interfaces/include/shell_interfaces/shell_interfaces/msg/trajectory.hpp
[0.549s] -- Up-to-date symlink: /home/esraamustafa/path_planning/Path_Planning_Shell_AI/install/shell_interfaces/include/shell_interfaces/shell_interfaces/msg/trajectory_point.hpp
[0.550s] -- Up-to-date symlink: /home/esraamustafa/path_planning/Path_Planning_Shell_AI/install/shell_interfaces/include/shell_interfaces/shell_interfaces/msg/detail/trajectory__rosidl_typesupport_fastrtps_cpp.hpp
[0.550s] -- Up-to-date symlink: /home/esraamustafa/path_planning/Path_Planning_Shell_AI/install/shell_interfaces/include/shell_interfaces/shell_interfaces/msg/detail/trajectory_point__rosidl_typesupport_fastrtps_cpp.hpp
[0.550s] -- Up-to-date symlink: /home/esraamustafa/path_planning/Path_Planning_Shell_AI/install/shell_interfaces/include/shell_interfaces/shell_interfaces/msg/rosidl_typesupport_fastrtps_cpp__visibility_control.h
[0.550s] -- Up-to-date symlink: /home/esraamustafa/path_planning/Path_Planning_Shell_AI/install/shell_interfaces/include/shell_interfaces/shell_interfaces/msg/detail/trajectory__rosidl_typesupport_introspection_cpp.hpp
[0.550s] -- Up-to-date symlink: /home/esraamustafa/path_planning/Path_Planning_Shell_AI/install/shell_interfaces/include/shell_interfaces/shell_interfaces/msg/detail/trajectory_point__rosidl_typesupport_introspection_cpp.hpp
[0.551s] -- Up-to-date symlink: /home/esraamustafa/path_planning/Path_Planning_Shell_AI/install/shell_interfaces/share/shell_interfaces/environment/pythonpath.sh
[0.551s] -- Up-to-date symlink: /home/esraamustafa/path_planning/Path_Planning_Shell_AI/install/shell_interfaces/share/shell_interfaces/environment/pythonpath.dsv
[0.551s] -- Up-to-date symlink: /home/esraamustafa/path_planning/Path_Planning_Shell_AI/install/shell_interfaces/local/lib/python3.10/dist-packages/shell_interfaces-0.0.0-py3.10.egg-info/PKG-INFO
[0.551s] -- Up-to-date symlink: /home/esraamustafa/path_planning/Path_Planning_Shell_AI/install/shell_interfaces/local/lib/python3.10/dist-packages/shell_interfaces-0.0.0-py3.10.egg-info/SOURCES.txt
[0.551s] -- Up-to-date symlink: /home/esraamustafa/path_planning/Path_Planning_Shell_AI/install/shell_interfaces/local/lib/python3.10/dist-packages/shell_interfaces-0.0.0-py3.10.egg-info/dependency_links.txt
[0.551s] -- Up-to-date symlink: /home/esraamustafa/path_planning/Path_Planning_Shell_AI/install/shell_interfaces/local/lib/python3.10/dist-packages/shell_interfaces-0.0.0-py3.10.egg-info/top_level.txt
[0.552s] -- Up-to-date symlink: /home/esraamustafa/path_planning/Path_Planning_Shell_AI/install/shell_interfaces/local/lib/python3.10/dist-packages/shell_interfaces/__init__.py
[0.552s] -- Up-to-date symlink: /home/esraamustafa/path_planning/Path_Planning_Shell_AI/install/shell_interfaces/local/lib/python3.10/dist-packages/shell_interfaces/_shell_interfaces_s.ep.rosidl_typesupport_c.c
[0.552s] -- Up-to-date symlink: /home/esraamustafa/path_planning/Path_Planning_Shell_AI/install/shell_interfaces/local/lib/python3.10/dist-packages/shell_interfaces/_shell_interfaces_s.ep.rosidl_typesupport_fastrtps_c.c
[0.552s] -- Up-to-date symlink: /home/esraamustafa/path_planning/Path_Planning_Shell_AI/install/shell_interfaces/local/lib/python3.10/dist-packages/shell_interfaces/_shell_interfaces_s.ep.rosidl_typesupport_introspection_c.c
[0.552s] -- Up-to-date symlink: /home/esraamustafa/path_planning/Path_Planning_Shell_AI/install/shell_interfaces/local/lib/python3.10/dist-packages/shell_interfaces/libshell_interfaces__rosidl_generator_py.so
[0.553s] -- Up-to-date symlink: /home/esraamustafa/path_planning/Path_Planning_Shell_AI/install/shell_interfaces/local/lib/python3.10/dist-packages/shell_interfaces/msg/__init__.py
[0.553s] -- Up-to-date symlink: /home/esraamustafa/path_planning/Path_Planning_Shell_AI/install/shell_interfaces/local/lib/python3.10/dist-packages/shell_interfaces/msg/_trajectory.py
[0.553s] -- Up-to-date symlink: /home/esraamustafa/path_planning/Path_Planning_Shell_AI/install/shell_interfaces/local/lib/python3.10/dist-packages/shell_interfaces/msg/_trajectory_point.py
[0.553s] -- Up-to-date symlink: /home/esraamustafa/path_planning/Path_Planning_Shell_AI/install/shell_interfaces/local/lib/python3.10/dist-packages/shell_interfaces/msg/_trajectory_point_s.c
[0.553s] -- Up-to-date symlink: /home/esraamustafa/path_planning/Path_Planning_Shell_AI/install/shell_interfaces/local/lib/python3.10/dist-packages/shell_interfaces/msg/_trajectory_s.c
[0.553s] -- Up-to-date symlink: /home/esraamustafa/path_planning/Path_Planning_Shell_AI/install/shell_interfaces/local/lib/python3.10/dist-packages/shell_interfaces/shell_interfaces_s__rosidl_typesupport_c.cpython-310-x86_64-linux-gnu.so
[0.554s] -- Up-to-date symlink: /home/esraamustafa/path_planning/Path_Planning_Shell_AI/install/shell_interfaces/local/lib/python3.10/dist-packages/shell_interfaces/shell_interfaces_s__rosidl_typesupport_fastrtps_c.cpython-310-x86_64-linux-gnu.so
[0.554s] -- Up-to-date symlink: /home/esraamustafa/path_planning/Path_Planning_Shell_AI/install/shell_interfaces/local/lib/python3.10/dist-packages/shell_interfaces/shell_interfaces_s__rosidl_typesupport_introspection_c.cpython-310-x86_64-linux-gnu.so
[0.554s] -- Up-to-date symlink: /home/esraamustafa/path_planning/Path_Planning_Shell_AI/install/shell_interfaces/local/lib/python3.10/dist-packages/shell_interfaces/shell_interfaces_s__rosidl_typesupport_fastrtps_c.cpython-310-x86_64-linux-gnu.so
[0.554s] -- Up-to-date symlink: /home/esraamustafa/path_planning/Path_Planning_Shell_AI/install/shell_interfaces/local/lib/python3.10/dist-packages/shell_interfaces/shell_interfaces_s__rosidl_typesupport_introspection_c.cpython-310-x86_64-linux-gnu.so
[0.554s] -- Up-to-date symlink: /home/esraamustafa/path_planning/Path_Planning_Shell_AI/install/shell_interfaces/local/lib/python3.10/dist-packages/shell_interfaces/shell_interfaces_s__rosidl_typesupport_c.cpython-310-x86_64-linux-gnu.so
[0.554s] -- Up-to-date symlink: /home/esraamustafa/path_planning/Path_Planning_Shell_AI/install/shell_interfaces/share/shell_interfaces/msg/TrajectoryPoint.idl
[0.554s] -- Up-to-date symlink: /home/esraamustafa/path_planning/Path_Planning_Shell_AI/install/shell_interfaces/share/shell_interfaces/msg/Trajectory.idl
[0.554s] -- Up-to-date symlink: /home/esraamustafa/path_planning/Path_Planning_Shell_AI/install/shell_interfaces/share/shell_interfaces/msg/TrajectoryPoint.msg
[0.554s] -- Up-to-date symlink: /home/esraamustafa/path_planning/Path_Planning_Shell_AI/install/shell_interfaces/share/shell_interfaces/msg/Trajectory.msg
[0.554s] -- Up-to-date symlink: /home/esraamustafa/path_planning/Path_Planning_Shell_AI/install/shell_interfaces/share/ament_index/resource_index/package_run_dependencies/shell_interfaces
[0.554s] -- Up-to-date symlink: /home/esraamustafa/path_planning/Path_Planning_Shell_AI/install/shell_interfaces/share/ament_index/resource_index/parent_prefix_path/shell_interfaces
[0.554s] -- Up-to-date symlink: /home/esraamustafa/path_planning/Path_Planning_Shell_AI/install/shell_interfaces/share/shell_interfaces/environment/ament_prefix_path.sh
[0.554s] -- Up-to-date symlink: /home/esraamustafa/path_planning/Path_Planning_Shell_AI/install/shell_interfaces/share/shell_interfaces/environment/ament_prefix_path.dsv
[0.554s] -- Up-to-date symlink: /home/esraamustafa/path_planning/Path_Planning_Shell_AI/install/shell_interfaces/share/shell_interfaces/environment/path.sh
[0.554s] -- Up-to-date symlink: /home/esraamustafa/path_planning/Path_Planning_Shell_AI/install/shell_interfaces/share/shell_interfaces/environment/path.dsv
[0.554s] -- Up-to-date symlink: /home/esraamustafa/path_planning/Path_Planning_Shell_AI/install/shell_interfaces/share/shell_interfaces/local_setup.bash
[0.554s] -- Up-to-date symlink: /home/esraamustafa/path_planning/Path_Planning_Shell_AI/install/shell_interfaces/share/shell_interfaces/local_setup.sh
[0.555s] -- Up-to-date symlink: /home/esraamustafa/path_planning/Path_Planning_Shell_AI/install/shell_interfaces/share/shell_interfaces/local_setup.zsh
[0.555s] -- Up-to-date symlink: /home/esraamustafa/path_planning/Path_Planning_Shell_AI/install/shell_interfaces/share/shell_interfaces/local_setup.dsv
[0.555s] -- Symlinking: /home/esraamustafa/path_planning/Path_Planning_Shell_AI/install/shell_interfaces/share/shell_interfaces/package.dsv
[0.562s] -- Up-to-date symlink: /home/esraamustafa/path_planning/Path_Planning_Shell_AI/install/shell_interfaces/share/ament_index/resource_index/packages/shell_interfaces
[0.562s] -- Up-to-date symlink: /home/esraamustafa/path_planning/Path_Planning_Shell_AI/install/shell_interfaces/share/shell_interfaces/cmake/rosidl_cmake-extras.cmake
[0.562s] -- Up-to-date symlink: /home/esraamustafa/path_planning/Path_Planning_Shell_AI/install/shell_interfaces/share/shell_interfaces/cmake/ament_cmake_export_include_directories-extras.cmake
[0.562s] -- Up-to-date symlink: /home/esraamustafa/path_planning/Path_Planning_Shell_AI/install/shell_interfaces/share/shell_interfaces/cmake/ament_cmake_export_libraries-extras.cmake
[0.563s] -- Up-to-date symlink: /home/esraamustafa/path_planning/Path_Planning_Shell_AI/install/shell_interfaces/share/shell_interfaces/cmake/ament_cmake_export_targets-extras.cmake
[0.563s] -- Up-to-date symlink: /home/esraamustafa/path_planning/Path_Planning_Shell_AI/install/shell_interfaces/share/shell_interfaces/cmake/rosidl_cmake_export_typesupport_targets-extras.cmake
[0.563s] -- Up-to-date symlink: /home/esraamustafa/path_planning/Path_Planning_Shell_AI/install/shell_interfaces/share/shell_interfaces/cmake/ament_cmake_export_dependencies-extras.cmake
[0.564s] -- Up-to-date symlink: /home/esraamustafa/path_planning/Path_Planning_Shell_AI/install/shell_interfaces/share/shell_interfaces/cmake/rosidl_cmake_export_typesupport_libraries-extras.cmake
[0.564s] -- Up-to-date symlink: /home/esraamustafa/path_planning/Path_Planning_Shell_AI/install/shell_interfaces/share/shell_interfaces/cmake/shell_interfacesConfig.cmake
[0.564s] -- Up-to-date symlink: /home/esraamustafa/path_planning/Path_Planning_Shell_AI/install/shell_interfaces/share/shell_interfaces/cmake/shell_interfacesConfig-version.cmake
[0.564s] -- Up-to-date symlink: /home/esraamustafa/path_planning/Path_Planning_Shell_AI/install/shell_interfaces/share/shell_interfaces/package.xml
[0.565s] -- Up-to-date: /home/esraamustafa/path_planning/Path_Planning_Shell_AI/install/shell_interfaces/lib/libshell_interfaces__rosidl_generator_c.so
[0.565s] -- Up-to-date: /home/esraamustafa/path_planning/Path_Planning_Shell_AI/install/shell_interfaces/lib/libshell_interfaces__rosidl_typesupport_fastrtps_c.so
[0.565s] -- Up-to-date: /home/esraamustafa/path_planning/Path_Planning_Shell_AI/install/shell_interfaces/lib/libshell_interfaces__rosidl_typesupport_introspection_c.so
[0.565s] -- Up-to-date: /home/esraamustafa/path_planning/Path_Planning_Shell_AI/install/shell_interfaces/lib/libshell_interfaces__rosidl_typesupport_c.so
[0.566s] -- Up-to-date: /home/esraamustafa/path_planning/Path_Planning_Shell_AI/install/shell_interfaces/lib/libshell_interfaces__rosidl_typesupport_fastrtps_cpp.so
[0.566s] -- Up-to-date: /home/esraamustafa/path_planning/Path_Planning_Shell_AI/install/shell_interfaces/lib/libshell_interfaces__rosidl_typesupport_introspection_cpp.so
[0.566s] -- Up-to-date: /home/esraamustafa/path_planning/Path_Planning_Shell_AI/install/shell_interfaces/lib/libshell_interfaces__rosidl_typesupport_cpp.so
[0.602s] Listing '/home/esraamustafa/path_planning/Path_Planning_Shell_AI/install/shell_interfaces/local/lib/python3.10/dist-packages/shell_interfaces'...
[0.602s] Listing '/home/esraamustafa/path_planning/Path_Planning_Shell_AI/install/shell_interfaces/local/lib/python3.10/dist-packages/shell_interfaces/msg'...
[0.606s] -- Up-to-date: /home/esraamustafa/path_planning/Path_Planning_Shell_AI/install/shell_interfaces/lib/libshell_interfaces__rosidl_generator_py.so
[0.607s] -- Up-to-date: /home/esraamustafa/path_planning/Path_Planning_Shell_AI/install/shell_interfaces/share/shell_interfaces/cmake/export_shell_interfaces__rosidl_generator_cExport.cmake
[0.608s] -- Up-to-date: /home/esraamustafa/path_planning/Path_Planning_Shell_AI/install/shell_interfaces/share/shell_interfaces/cmake/export_shell_interfaces__rosidl_generator_cExport-noconfig.cmake
[0.608s] -- Up-to-date: /home/esraamustafa/path_planning/Path_Planning_Shell_AI/install/shell_interfaces/share/shell_interfaces/cmake/export_shell_interfaces__rosidl_typesupport_fastrtps_cExport.cmake
[0.608s] -- Up-to-date: /home/esraamustafa/path_planning/Path_Planning_Shell_AI/install/shell_interfaces/share/shell_interfaces/cmake/export_shell_interfaces__rosidl_typesupport_fastrtps_cExport-noconfig.cmake
[0.608s] -- Up-to-date: /home/esraamustafa/path_planning/Path_Planning_Shell_AI/install/shell_interfaces/share/shell_interfaces/cmake/shell_interfaces__rosidl_typesupport_introspection_cExport.cmake
[0.609s] -- Up-to-date: /home/esraamustafa/path_planning/Path_Planning_Shell_AI/install/shell_interfaces/share/shell_interfaces/cmake/shell_interfaces__rosidl_typesupport_introspection_cExport-noconfig.cmake
[0.609s] -- Up-to-date: /home/esraamustafa/path_planning/Path_Planning_Shell_AI/install/shell_interfaces/share/shell_interfaces/cmake/shell_interfaces__rosidl_typesupport_cExport.cmake
[0.609s] -- Up-to-date: /home/esraamustafa/path_planning/Path_Planning_Shell_AI/install/shell_interfaces/share/shell_interfaces/cmake/shell_interfaces__rosidl_typesupport_cExport-noconfig.cmake
[0.609s] -- Up-to-date: /home/esraamustafa/path_planning/Path_Planning_Shell_AI/install/shell_interfaces/share/shell_interfaces/cmake/export_shell_interfaces__rosidl_generator_cppExport.cmake
[0.610s] -- Up-to-date: /home/esraamustafa/path_planning/Path_Planning_Shell_AI/install/shell_interfaces/share/shell_interfaces/cmake/export_shell_interfaces__rosidl_typesupport_fastrtps_cppExport.cmake
[0.610s] -- Up-to-date: /home/esraamustafa/path_planning/Path_Planning_Shell_AI/install/shell_interfaces/share/shell_interfaces/cmake/export_shell_interfaces__rosidl_typesupport_fastrtps_cppExport-noconfig.cmake
[0.610s] -- Up-to-date: /home/esraamustafa/path_planning/Path_Planning_Shell_AI/install/shell_interfaces/share/shell_interfaces/cmake/shell_interfaces__rosidl_typesupport_introspection_cppExport.cmake
[0.610s] -- Up-to-date: /home/esraamustafa/path_planning/Path_Planning_Shell_AI/install/shell_interfaces/share/shell_interfaces/cmake/shell_interfaces__rosidl_typesupport_introspection_cppExport-noconfig.cmake
[0.610s] -- Up-to-date: /home/esraamustafa/path_planning/Path_Planning_Shell_AI/install/shell_interfaces/share/shell_interfaces/cmake/shell_interfaces__rosidl_typesupport_cppExport.cmake
[0.610s] -- Up-to-date: /home/esraamustafa/path_planning/Path_Planning_Shell_AI/install/shell_interfaces/share/shell_interfaces/cmake/shell_interfaces__rosidl_typesupport_cppExport-noconfig.cmake
[0.610s] -- Up-to-date: /home/esraamustafa/path_planning/Path_Planning_Shell_AI/install/shell_interfaces/share/shell_interfaces/cmake/export_shell_interfaces__rosidl_generator_pyExport.cmake
[0.610s] -- Up-to-date: /home/esraamustafa/path_planning/Path_Planning_Shell_AI/install/shell_interfaces/share/shell_interfaces/cmake/export_shell_interfaces__rosidl_generator_pyExport-noconfig.cmake
[0.613s] Invoked command in '/home/esraamustafa/path_planning/Path_Planning_Shell_AI/build/shell_interfaces' returned '0': CMAKE_PREFIX_PATH=/opt/ros/humble /usr/bin/cmake --install /home/esraamustafa/path_planning/Path_Planning_Shell_AI/build/shell_interfaces
