running develop
running egg_info
creating shell_visualization.egg-info
writing shell_visualization.egg-info/PKG-INFO
writing dependency_links to shell_visualization.egg-info/dependency_links.txt
writing entry points to shell_visualization.egg-info/entry_points.txt
writing requirements to shell_visualization.egg-info/requires.txt
writing top-level names to shell_visualization.egg-info/top_level.txt
writing manifest file 'shell_visualization.egg-info/SOURCES.txt'
reading manifest file 'shell_visualization.egg-info/SOURCES.txt'
writing manifest file 'shell_visualization.egg-info/SOURCES.txt'
running build_ext
Creating /home/esraamustafa/path_planning/Path_Planning_Shell_AI/ros2_sim/install/shell_visualization/lib/python3.10/site-packages/shell-visualization.egg-link (link to .)
Installing planner_visualizer script to /home/esraamustafa/path_planning/Path_Planning_Shell_AI/ros2_sim/install/shell_visualization/lib/shell_visualization

Installed /home/esraamustafa/path_planning/Path_Planning_Shell_AI/ros2_sim/build/shell_visualization
running symlink_data
creating /home/esraamustafa/path_planning/Path_Planning_Shell_AI/ros2_sim/install/shell_visualization/share/ament_index
creating /home/esraamustafa/path_planning/Path_Planning_Shell_AI/ros2_sim/install/shell_visualization/share/ament_index/resource_index
creating /home/esraamustafa/path_planning/Path_Planning_Shell_AI/ros2_sim/install/shell_visualization/share/ament_index/resource_index/packages
symbolically linking /home/esraamustafa/path_planning/Path_Planning_Shell_AI/ros2_sim/build/shell_visualization/resource/shell_visualization -> /home/esraamustafa/path_planning/Path_Planning_Shell_AI/ros2_sim/install/shell_visualization/share/ament_index/resource_index/packages
symbolically linking /home/esraamustafa/path_planning/Path_Planning_Shell_AI/ros2_sim/build/shell_visualization/package.xml -> /home/esraamustafa/path_planning/Path_Planning_Shell_AI/ros2_sim/install/shell_visualization/share/shell_visualization
