[0.286s] DEBUG:colcon:Command line arguments: ['/usr/bin/colcon', 'build']
[0.286s] DEBUG:colcon:Parsed command line arguments: Namespace(log_base=None, log_level=None, verb_name='build', build_base='build', install_base='install', merge_install=False, symlink_install=False, test_result_base=None, continue_on_error=False, executor='parallel', parallel_workers=12, event_handlers=None, ignore_user_meta=False, metas=['./colcon.meta'], base_paths=['.'], packages_ignore=None, packages_ignore_regex=None, paths=None, packages_up_to=None, packages_up_to_regex=None, packages_above=None, packages_above_and_dependencies=None, packages_above_depth=None, packages_select_by_dep=None, packages_skip_by_dep=None, packages_skip_up_to=None, packages_select_build_failed=False, packages_skip_build_finished=False, packages_select_test_failures=False, packages_skip_test_passed=False, packages_select=None, packages_skip=None, packages_select_regex=None, packages_skip_regex=None, packages_start=None, packages_end=None, allow_overriding=[], cmake_args=None, cmake_target=None, cmake_target_skip_unavailable=False, cmake_clean_cache=False, cmake_clean_first=False, cmake_force_configure=False, ament_cmake_args=None, catkin_cmake_args=None, catkin_skip_building_tests=False, verb_parser=<colcon_defaults.argument_parser.defaults.DefaultArgumentsDecorator object at 0x741528ac8910>, verb_extension=<colcon_core.verb.build.BuildVerb object at 0x741528ac8370>, main=<bound method BuildVerb.main of <colcon_core.verb.build.BuildVerb object at 0x741528ac8370>>)
[0.444s] Level 1:colcon.colcon_core.package_discovery:discover_packages(colcon_meta) check parameters
[0.444s] Level 1:colcon.colcon_core.package_discovery:discover_packages(recursive) check parameters
[0.444s] Level 1:colcon.colcon_core.package_discovery:discover_packages(ignore) check parameters
[0.444s] Level 1:colcon.colcon_core.package_discovery:discover_packages(path) check parameters
[0.444s] Level 1:colcon.colcon_core.package_discovery:discover_packages(colcon_meta) discover
[0.444s] Level 1:colcon.colcon_core.package_discovery:discover_packages(recursive) discover
[0.444s] INFO:colcon.colcon_core.package_discovery:Crawling recursively for packages in '/home/esraamustafa/Path_Planning_Shell_AI/ros2_sim'
[0.445s] Level 1:colcon.colcon_core.package_identification:_identify(.) by extensions ['ignore', 'ignore_ament_install']
[0.445s] Level 1:colcon.colcon_core.package_identification:_identify(.) by extension 'ignore'
[0.445s] Level 1:colcon.colcon_core.package_identification:_identify(.) by extension 'ignore_ament_install'
[0.445s] Level 1:colcon.colcon_core.package_identification:_identify(.) by extensions ['colcon_pkg']
[0.445s] Level 1:colcon.colcon_core.package_identification:_identify(.) by extension 'colcon_pkg'
[0.445s] Level 1:colcon.colcon_core.package_identification:_identify(.) by extensions ['colcon_meta']
[0.445s] Level 1:colcon.colcon_core.package_identification:_identify(.) by extension 'colcon_meta'
[0.445s] Level 1:colcon.colcon_core.package_identification:_identify(.) by extensions ['ros']
[0.445s] Level 1:colcon.colcon_core.package_identification:_identify(.) by extension 'ros'
[0.457s] Level 1:colcon.colcon_core.package_identification:_identify(.) by extensions ['cmake', 'python']
[0.457s] Level 1:colcon.colcon_core.package_identification:_identify(.) by extension 'cmake'
[0.457s] Level 1:colcon.colcon_core.package_identification:_identify(.) by extension 'python'
[0.457s] Level 1:colcon.colcon_core.package_identification:_identify(.) by extensions ['python_setup_py']
[0.457s] Level 1:colcon.colcon_core.package_identification:_identify(.) by extension 'python_setup_py'
[0.457s] Level 1:colcon.colcon_core.package_identification:_identify(build) by extensions ['ignore', 'ignore_ament_install']
[0.457s] Level 1:colcon.colcon_core.package_identification:_identify(build) by extension 'ignore'
[0.457s] Level 1:colcon.colcon_core.package_identification:_identify(build) ignored
[0.458s] Level 1:colcon.colcon_core.package_identification:_identify(install) by extensions ['ignore', 'ignore_ament_install']
[0.458s] Level 1:colcon.colcon_core.package_identification:_identify(install) by extension 'ignore'
[0.458s] Level 1:colcon.colcon_core.package_identification:_identify(install) ignored
[0.458s] Level 1:colcon.colcon_core.package_identification:_identify(log) by extensions ['ignore', 'ignore_ament_install']
[0.458s] Level 1:colcon.colcon_core.package_identification:_identify(log) by extension 'ignore'
[0.458s] Level 1:colcon.colcon_core.package_identification:_identify(log) ignored
[0.458s] Level 1:colcon.colcon_core.package_identification:_identify(src) by extensions ['ignore', 'ignore_ament_install']
[0.458s] Level 1:colcon.colcon_core.package_identification:_identify(src) by extension 'ignore'
[0.458s] Level 1:colcon.colcon_core.package_identification:_identify(src) by extension 'ignore_ament_install'
[0.458s] Level 1:colcon.colcon_core.package_identification:_identify(src) by extensions ['colcon_pkg']
[0.458s] Level 1:colcon.colcon_core.package_identification:_identify(src) by extension 'colcon_pkg'
[0.458s] Level 1:colcon.colcon_core.package_identification:_identify(src) by extensions ['colcon_meta']
[0.458s] Level 1:colcon.colcon_core.package_identification:_identify(src) by extension 'colcon_meta'
[0.458s] Level 1:colcon.colcon_core.package_identification:_identify(src) by extensions ['ros']
[0.458s] Level 1:colcon.colcon_core.package_identification:_identify(src) by extension 'ros'
[0.458s] Level 1:colcon.colcon_core.package_identification:_identify(src) by extensions ['cmake', 'python']
[0.458s] Level 1:colcon.colcon_core.package_identification:_identify(src) by extension 'cmake'
[0.458s] Level 1:colcon.colcon_core.package_identification:_identify(src) by extension 'python'
[0.458s] Level 1:colcon.colcon_core.package_identification:_identify(src) by extensions ['python_setup_py']
[0.458s] Level 1:colcon.colcon_core.package_identification:_identify(src) by extension 'python_setup_py'
[0.459s] Level 1:colcon.colcon_core.package_identification:_identify(src/shell_interfaces) by extensions ['ignore', 'ignore_ament_install']
[0.459s] Level 1:colcon.colcon_core.package_identification:_identify(src/shell_interfaces) by extension 'ignore'
[0.459s] Level 1:colcon.colcon_core.package_identification:_identify(src/shell_interfaces) by extension 'ignore_ament_install'
[0.459s] Level 1:colcon.colcon_core.package_identification:_identify(src/shell_interfaces) by extensions ['colcon_pkg']
[0.459s] Level 1:colcon.colcon_core.package_identification:_identify(src/shell_interfaces) by extension 'colcon_pkg'
[0.459s] Level 1:colcon.colcon_core.package_identification:_identify(src/shell_interfaces) by extensions ['colcon_meta']
[0.459s] Level 1:colcon.colcon_core.package_identification:_identify(src/shell_interfaces) by extension 'colcon_meta'
[0.459s] Level 1:colcon.colcon_core.package_identification:_identify(src/shell_interfaces) by extensions ['ros']
[0.459s] Level 1:colcon.colcon_core.package_identification:_identify(src/shell_interfaces) by extension 'ros'
[0.462s] DEBUG:colcon.colcon_core.package_identification:Package 'src/shell_interfaces' with type 'ros.ament_cmake' and name 'shell_interfaces'
[0.462s] Level 1:colcon.colcon_core.package_identification:_identify(src/shell_planning) by extensions ['ignore', 'ignore_ament_install']
[0.462s] Level 1:colcon.colcon_core.package_identification:_identify(src/shell_planning) by extension 'ignore'
[0.462s] Level 1:colcon.colcon_core.package_identification:_identify(src/shell_planning) by extension 'ignore_ament_install'
[0.462s] Level 1:colcon.colcon_core.package_identification:_identify(src/shell_planning) by extensions ['colcon_pkg']
[0.462s] Level 1:colcon.colcon_core.package_identification:_identify(src/shell_planning) by extension 'colcon_pkg'
[0.462s] Level 1:colcon.colcon_core.package_identification:_identify(src/shell_planning) by extensions ['colcon_meta']
[0.462s] Level 1:colcon.colcon_core.package_identification:_identify(src/shell_planning) by extension 'colcon_meta'
[0.462s] Level 1:colcon.colcon_core.package_identification:_identify(src/shell_planning) by extensions ['ros']
[0.462s] Level 1:colcon.colcon_core.package_identification:_identify(src/shell_planning) by extension 'ros'
[0.463s] DEBUG:colcon.colcon_core.package_identification:Package 'src/shell_planning' with type 'ros.ament_python' and name 'shell_planning'
[0.463s] Level 1:colcon.colcon_core.package_identification:_identify(src/shell_test_nodes) by extensions ['ignore', 'ignore_ament_install']
[0.463s] Level 1:colcon.colcon_core.package_identification:_identify(src/shell_test_nodes) by extension 'ignore'
[0.464s] Level 1:colcon.colcon_core.package_identification:_identify(src/shell_test_nodes) by extension 'ignore_ament_install'
[0.464s] Level 1:colcon.colcon_core.package_identification:_identify(src/shell_test_nodes) by extensions ['colcon_pkg']
[0.464s] Level 1:colcon.colcon_core.package_identification:_identify(src/shell_test_nodes) by extension 'colcon_pkg'
[0.464s] Level 1:colcon.colcon_core.package_identification:_identify(src/shell_test_nodes) by extensions ['colcon_meta']
[0.464s] Level 1:colcon.colcon_core.package_identification:_identify(src/shell_test_nodes) by extension 'colcon_meta'
[0.464s] Level 1:colcon.colcon_core.package_identification:_identify(src/shell_test_nodes) by extensions ['ros']
[0.464s] Level 1:colcon.colcon_core.package_identification:_identify(src/shell_test_nodes) by extension 'ros'
[0.465s] DEBUG:colcon.colcon_core.package_identification:Package 'src/shell_test_nodes' with type 'ros.ament_python' and name 'shell_test_nodes'
[0.465s] Level 1:colcon.colcon_core.package_identification:_identify(src/shell_visualization) by extensions ['ignore', 'ignore_ament_install']
[0.465s] Level 1:colcon.colcon_core.package_identification:_identify(src/shell_visualization) by extension 'ignore'
[0.465s] Level 1:colcon.colcon_core.package_identification:_identify(src/shell_visualization) by extension 'ignore_ament_install'
[0.465s] Level 1:colcon.colcon_core.package_identification:_identify(src/shell_visualization) by extensions ['colcon_pkg']
[0.465s] Level 1:colcon.colcon_core.package_identification:_identify(src/shell_visualization) by extension 'colcon_pkg'
[0.465s] Level 1:colcon.colcon_core.package_identification:_identify(src/shell_visualization) by extensions ['colcon_meta']
[0.465s] Level 1:colcon.colcon_core.package_identification:_identify(src/shell_visualization) by extension 'colcon_meta'
[0.465s] Level 1:colcon.colcon_core.package_identification:_identify(src/shell_visualization) by extensions ['ros']
[0.465s] Level 1:colcon.colcon_core.package_identification:_identify(src/shell_visualization) by extension 'ros'
[0.466s] DEBUG:colcon.colcon_core.package_identification:Package 'src/shell_visualization' with type 'ros.ament_python' and name 'shell_visualization'
[0.466s] Level 1:colcon.colcon_core.package_discovery:discover_packages(recursive) using defaults
[0.467s] Level 1:colcon.colcon_core.package_discovery:discover_packages(ignore) discover
[0.467s] Level 1:colcon.colcon_core.package_discovery:discover_packages(ignore) using defaults
[0.467s] Level 1:colcon.colcon_core.package_discovery:discover_packages(path) discover
[0.467s] Level 1:colcon.colcon_core.package_discovery:discover_packages(path) using defaults
[0.503s] Level 1:colcon.colcon_core.package_discovery:discover_packages(prefix_path) check parameters
[0.503s] Level 1:colcon.colcon_core.package_discovery:discover_packages(prefix_path) discover
[0.504s] WARNING:colcon.colcon_ros.prefix_path.ament:The path '/home/esraamustafa/Path_Planning_Shell_AI/ros2_sim/install/shell_visualization' in the environment variable AMENT_PREFIX_PATH doesn't exist
[0.505s] WARNING:colcon.colcon_ros.prefix_path.ament:The path '/home/esraamustafa/Path_Planning_Shell_AI/ros2_sim/install/shell_test_nodes' in the environment variable AMENT_PREFIX_PATH doesn't exist
[0.505s] WARNING:colcon.colcon_ros.prefix_path.ament:The path '/home/esraamustafa/Path_Planning_Shell_AI/ros2_sim/install/shell_planning' in the environment variable AMENT_PREFIX_PATH doesn't exist
[0.505s] WARNING:colcon.colcon_ros.prefix_path.ament:The path '/home/esraamustafa/Path_Planning_Shell_AI/ros2_sim/install/shell_interfaces' in the environment variable AMENT_PREFIX_PATH doesn't exist
[0.505s] WARNING:colcon.colcon_ros.prefix_path.catkin:The path '/home/esraamustafa/Path_Planning_Shell_AI/ros2_sim/install/shell_interfaces' in the environment variable CMAKE_PREFIX_PATH doesn't exist
[0.505s] DEBUG:colcon.colcon_installed_package_information.package_discovery:Found 0 installed packages in /home/esraamustafa/Path_Planning_Shell_AI/ros2_sim/install
[0.506s] DEBUG:colcon.colcon_installed_package_information.package_discovery:Found 271 installed packages in /opt/ros/humble
[0.508s] Level 1:colcon.colcon_core.package_discovery:discover_packages(prefix_path) using defaults
[0.553s] Level 5:colcon.colcon_core.verb:set package 'shell_interfaces' build argument 'cmake_args' from command line to 'None'
[0.553s] Level 5:colcon.colcon_core.verb:set package 'shell_interfaces' build argument 'cmake_target' from command line to 'None'
[0.554s] Level 5:colcon.colcon_core.verb:set package 'shell_interfaces' build argument 'cmake_target_skip_unavailable' from command line to 'False'
[0.554s] Level 5:colcon.colcon_core.verb:set package 'shell_interfaces' build argument 'cmake_clean_cache' from command line to 'False'
[0.554s] Level 5:colcon.colcon_core.verb:set package 'shell_interfaces' build argument 'cmake_clean_first' from command line to 'False'
[0.554s] Level 5:colcon.colcon_core.verb:set package 'shell_interfaces' build argument 'cmake_force_configure' from command line to 'False'
[0.554s] Level 5:colcon.colcon_core.verb:set package 'shell_interfaces' build argument 'ament_cmake_args' from command line to 'None'
[0.554s] Level 5:colcon.colcon_core.verb:set package 'shell_interfaces' build argument 'catkin_cmake_args' from command line to 'None'
[0.554s] Level 5:colcon.colcon_core.verb:set package 'shell_interfaces' build argument 'catkin_skip_building_tests' from command line to 'False'
[0.554s] DEBUG:colcon.colcon_core.verb:Building package 'shell_interfaces' with the following arguments: {'ament_cmake_args': None, 'build_base': '/home/esraamustafa/Path_Planning_Shell_AI/ros2_sim/build/shell_interfaces', 'catkin_cmake_args': None, 'catkin_skip_building_tests': False, 'cmake_args': None, 'cmake_clean_cache': False, 'cmake_clean_first': False, 'cmake_force_configure': False, 'cmake_target': None, 'cmake_target_skip_unavailable': False, 'install_base': '/home/esraamustafa/Path_Planning_Shell_AI/ros2_sim/install/shell_interfaces', 'merge_install': False, 'path': '/home/esraamustafa/Path_Planning_Shell_AI/ros2_sim/src/shell_interfaces', 'symlink_install': False, 'test_result_base': None}
[0.554s] Level 5:colcon.colcon_core.verb:set package 'shell_planning' build argument 'cmake_args' from command line to 'None'
[0.554s] Level 5:colcon.colcon_core.verb:set package 'shell_planning' build argument 'cmake_target' from command line to 'None'
[0.554s] Level 5:colcon.colcon_core.verb:set package 'shell_planning' build argument 'cmake_target_skip_unavailable' from command line to 'False'
[0.554s] Level 5:colcon.colcon_core.verb:set package 'shell_planning' build argument 'cmake_clean_cache' from command line to 'False'
[0.554s] Level 5:colcon.colcon_core.verb:set package 'shell_planning' build argument 'cmake_clean_first' from command line to 'False'
[0.554s] Level 5:colcon.colcon_core.verb:set package 'shell_planning' build argument 'cmake_force_configure' from command line to 'False'
[0.554s] Level 5:colcon.colcon_core.verb:set package 'shell_planning' build argument 'ament_cmake_args' from command line to 'None'
[0.554s] Level 5:colcon.colcon_core.verb:set package 'shell_planning' build argument 'catkin_cmake_args' from command line to 'None'
[0.554s] Level 5:colcon.colcon_core.verb:set package 'shell_planning' build argument 'catkin_skip_building_tests' from command line to 'False'
[0.554s] DEBUG:colcon.colcon_core.verb:Building package 'shell_planning' with the following arguments: {'ament_cmake_args': None, 'build_base': '/home/esraamustafa/Path_Planning_Shell_AI/ros2_sim/build/shell_planning', 'catkin_cmake_args': None, 'catkin_skip_building_tests': False, 'cmake_args': None, 'cmake_clean_cache': False, 'cmake_clean_first': False, 'cmake_force_configure': False, 'cmake_target': None, 'cmake_target_skip_unavailable': False, 'install_base': '/home/esraamustafa/Path_Planning_Shell_AI/ros2_sim/install/shell_planning', 'merge_install': False, 'path': '/home/esraamustafa/Path_Planning_Shell_AI/ros2_sim/src/shell_planning', 'symlink_install': False, 'test_result_base': None}
[0.555s] Level 5:colcon.colcon_core.verb:set package 'shell_test_nodes' build argument 'cmake_args' from command line to 'None'
[0.555s] Level 5:colcon.colcon_core.verb:set package 'shell_test_nodes' build argument 'cmake_target' from command line to 'None'
[0.555s] Level 5:colcon.colcon_core.verb:set package 'shell_test_nodes' build argument 'cmake_target_skip_unavailable' from command line to 'False'
[0.555s] Level 5:colcon.colcon_core.verb:set package 'shell_test_nodes' build argument 'cmake_clean_cache' from command line to 'False'
[0.555s] Level 5:colcon.colcon_core.verb:set package 'shell_test_nodes' build argument 'cmake_clean_first' from command line to 'False'
[0.555s] Level 5:colcon.colcon_core.verb:set package 'shell_test_nodes' build argument 'cmake_force_configure' from command line to 'False'
[0.555s] Level 5:colcon.colcon_core.verb:set package 'shell_test_nodes' build argument 'ament_cmake_args' from command line to 'None'
[0.555s] Level 5:colcon.colcon_core.verb:set package 'shell_test_nodes' build argument 'catkin_cmake_args' from command line to 'None'
[0.555s] Level 5:colcon.colcon_core.verb:set package 'shell_test_nodes' build argument 'catkin_skip_building_tests' from command line to 'False'
[0.555s] DEBUG:colcon.colcon_core.verb:Building package 'shell_test_nodes' with the following arguments: {'ament_cmake_args': None, 'build_base': '/home/esraamustafa/Path_Planning_Shell_AI/ros2_sim/build/shell_test_nodes', 'catkin_cmake_args': None, 'catkin_skip_building_tests': False, 'cmake_args': None, 'cmake_clean_cache': False, 'cmake_clean_first': False, 'cmake_force_configure': False, 'cmake_target': None, 'cmake_target_skip_unavailable': False, 'install_base': '/home/esraamustafa/Path_Planning_Shell_AI/ros2_sim/install/shell_test_nodes', 'merge_install': False, 'path': '/home/esraamustafa/Path_Planning_Shell_AI/ros2_sim/src/shell_test_nodes', 'symlink_install': False, 'test_result_base': None}
[0.555s] Level 5:colcon.colcon_core.verb:set package 'shell_visualization' build argument 'cmake_args' from command line to 'None'
[0.555s] Level 5:colcon.colcon_core.verb:set package 'shell_visualization' build argument 'cmake_target' from command line to 'None'
[0.555s] Level 5:colcon.colcon_core.verb:set package 'shell_visualization' build argument 'cmake_target_skip_unavailable' from command line to 'False'
[0.555s] Level 5:colcon.colcon_core.verb:set package 'shell_visualization' build argument 'cmake_clean_cache' from command line to 'False'
[0.555s] Level 5:colcon.colcon_core.verb:set package 'shell_visualization' build argument 'cmake_clean_first' from command line to 'False'
[0.555s] Level 5:colcon.colcon_core.verb:set package 'shell_visualization' build argument 'cmake_force_configure' from command line to 'False'
[0.555s] Level 5:colcon.colcon_core.verb:set package 'shell_visualization' build argument 'ament_cmake_args' from command line to 'None'
[0.555s] Level 5:colcon.colcon_core.verb:set package 'shell_visualization' build argument 'catkin_cmake_args' from command line to 'None'
[0.555s] Level 5:colcon.colcon_core.verb:set package 'shell_visualization' build argument 'catkin_skip_building_tests' from command line to 'False'
[0.555s] DEBUG:colcon.colcon_core.verb:Building package 'shell_visualization' with the following arguments: {'ament_cmake_args': None, 'build_base': '/home/esraamustafa/Path_Planning_Shell_AI/ros2_sim/build/shell_visualization', 'catkin_cmake_args': None, 'catkin_skip_building_tests': False, 'cmake_args': None, 'cmake_clean_cache': False, 'cmake_clean_first': False, 'cmake_force_configure': False, 'cmake_target': None, 'cmake_target_skip_unavailable': False, 'install_base': '/home/esraamustafa/Path_Planning_Shell_AI/ros2_sim/install/shell_visualization', 'merge_install': False, 'path': '/home/esraamustafa/Path_Planning_Shell_AI/ros2_sim/src/shell_visualization', 'symlink_install': False, 'test_result_base': None}
[0.556s] INFO:colcon.colcon_core.executor:Executing jobs using 'parallel' executor
[0.557s] DEBUG:colcon.colcon_parallel_executor.executor.parallel:run_until_complete
[0.558s] INFO:colcon.colcon_ros.task.ament_cmake.build:Building ROS package in '/home/esraamustafa/Path_Planning_Shell_AI/ros2_sim/src/shell_interfaces' with build type 'ament_cmake'
[0.558s] INFO:colcon.colcon_cmake.task.cmake.build:Building CMake package in '/home/esraamustafa/Path_Planning_Shell_AI/ros2_sim/src/shell_interfaces'
[0.563s] INFO:colcon.colcon_core.plugin_system:Skipping extension 'colcon_core.shell.bat': Not used on non-Windows systems
[0.563s] INFO:colcon.colcon_core.shell:Skip shell extension 'powershell' for command environment: Not usable outside of PowerShell
[0.563s] DEBUG:colcon.colcon_core.shell:Skip shell extension 'dsv' for command environment
[0.569s] INFO:colcon.colcon_ros.task.ament_python.build:Building ROS package in '/home/esraamustafa/Path_Planning_Shell_AI/ros2_sim/src/shell_planning' with build type 'ament_python'
[0.570s] Level 1:colcon.colcon_core.shell:create_environment_hook('shell_planning', 'ament_prefix_path')
[0.571s] INFO:colcon.colcon_core.shell:Creating environment hook '/home/esraamustafa/Path_Planning_Shell_AI/ros2_sim/install/shell_planning/share/shell_planning/hook/ament_prefix_path.ps1'
[0.573s] INFO:colcon.colcon_core.shell:Creating environment descriptor '/home/esraamustafa/Path_Planning_Shell_AI/ros2_sim/install/shell_planning/share/shell_planning/hook/ament_prefix_path.dsv'
[0.574s] INFO:colcon.colcon_core.shell:Creating environment hook '/home/esraamustafa/Path_Planning_Shell_AI/ros2_sim/install/shell_planning/share/shell_planning/hook/ament_prefix_path.sh'
[0.575s] INFO:colcon.colcon_core.shell:Skip shell extension 'powershell' for command environment: Not usable outside of PowerShell
[0.575s] DEBUG:colcon.colcon_core.shell:Skip shell extension 'dsv' for command environment
[0.593s] DEBUG:colcon.colcon_core.event_handler.log_command:Invoking command in '/home/esraamustafa/Path_Planning_Shell_AI/ros2_sim/build/shell_interfaces': CMAKE_PREFIX_PATH=${CMAKE_PREFIX_PATH}:/home/esraamustafa/Path_Planning_Shell_AI/ros2_sim/install/shell_visualization:/home/esraamustafa/Path_Planning_Shell_AI/ros2_sim/install/shell_test_nodes:/home/esraamustafa/Path_Planning_Shell_AI/ros2_sim/install/shell_planning:/opt/ros/humble /usr/bin/cmake /home/esraamustafa/Path_Planning_Shell_AI/ros2_sim/src/shell_interfaces -DCMAKE_INSTALL_PREFIX=/home/esraamustafa/Path_Planning_Shell_AI/ros2_sim/install/shell_interfaces
[1.069s] INFO:colcon.colcon_core.task.python.build:Building Python package in '/home/esraamustafa/Path_Planning_Shell_AI/ros2_sim/src/shell_planning'
[1.070s] INFO:colcon.colcon_core.shell:Skip shell extension 'powershell' for command environment: Not usable outside of PowerShell
[1.070s] DEBUG:colcon.colcon_core.shell:Skip shell extension 'dsv' for command environment
[1.777s] DEBUG:colcon.colcon_core.event_handler.log_command:Invoking command in '/home/esraamustafa/Path_Planning_Shell_AI/ros2_sim/src/shell_planning': PYTHONPATH=/home/esraamustafa/Path_Planning_Shell_AI/ros2_sim/build/shell_planning/prefix_override:/usr/lib/python3/dist-packages/colcon_core/task/python/colcon_distutils_commands:/home/esraamustafa/Path_Planning_Shell_AI/ros2_sim/install/shell_planning/lib/python3.10/site-packages:${PYTHONPATH} /usr/bin/python3 -W ignore:setup.py install is deprecated -W ignore:easy_install command is deprecated setup.py egg_info --egg-base ../../build/shell_planning build --build-base /home/esraamustafa/Path_Planning_Shell_AI/ros2_sim/build/shell_planning/build install --record /home/esraamustafa/Path_Planning_Shell_AI/ros2_sim/build/shell_planning/install.log --single-version-externally-managed install_data
[2.449s] DEBUG:colcon.colcon_core.event_handler.log_command:Invoked command in '/home/esraamustafa/Path_Planning_Shell_AI/ros2_sim/src/shell_planning' returned '0': PYTHONPATH=/home/esraamustafa/Path_Planning_Shell_AI/ros2_sim/build/shell_planning/prefix_override:/usr/lib/python3/dist-packages/colcon_core/task/python/colcon_distutils_commands:/home/esraamustafa/Path_Planning_Shell_AI/ros2_sim/install/shell_planning/lib/python3.10/site-packages:${PYTHONPATH} /usr/bin/python3 -W ignore:setup.py install is deprecated -W ignore:easy_install command is deprecated setup.py egg_info --egg-base ../../build/shell_planning build --build-base /home/esraamustafa/Path_Planning_Shell_AI/ros2_sim/build/shell_planning/build install --record /home/esraamustafa/Path_Planning_Shell_AI/ros2_sim/build/shell_planning/install.log --single-version-externally-managed install_data
[2.453s] Level 1:colcon.colcon_core.environment:checking '/home/esraamustafa/Path_Planning_Shell_AI/ros2_sim/install/shell_planning' for CMake module files
[2.454s] Level 1:colcon.colcon_core.environment:checking '/home/esraamustafa/Path_Planning_Shell_AI/ros2_sim/install/shell_planning' for CMake config files
[2.455s] Level 1:colcon.colcon_core.environment:checking '/home/esraamustafa/Path_Planning_Shell_AI/ros2_sim/install/shell_planning/lib'
[2.456s] Level 1:colcon.colcon_core.environment:checking '/home/esraamustafa/Path_Planning_Shell_AI/ros2_sim/install/shell_planning/bin'
[2.456s] Level 1:colcon.colcon_core.environment:checking '/home/esraamustafa/Path_Planning_Shell_AI/ros2_sim/install/shell_planning/lib/pkgconfig/shell_planning.pc'
[2.456s] Level 1:colcon.colcon_core.environment:checking '/home/esraamustafa/Path_Planning_Shell_AI/ros2_sim/install/shell_planning/lib/python3.10/site-packages'
[2.456s] Level 1:colcon.colcon_core.shell:create_environment_hook('shell_planning', 'pythonpath')
[2.457s] INFO:colcon.colcon_core.shell:Creating environment hook '/home/esraamustafa/Path_Planning_Shell_AI/ros2_sim/install/shell_planning/share/shell_planning/hook/pythonpath.ps1'
[2.458s] INFO:colcon.colcon_core.shell:Creating environment descriptor '/home/esraamustafa/Path_Planning_Shell_AI/ros2_sim/install/shell_planning/share/shell_planning/hook/pythonpath.dsv'
[2.459s] INFO:colcon.colcon_core.shell:Creating environment hook '/home/esraamustafa/Path_Planning_Shell_AI/ros2_sim/install/shell_planning/share/shell_planning/hook/pythonpath.sh'
[2.462s] Level 1:colcon.colcon_core.environment:checking '/home/esraamustafa/Path_Planning_Shell_AI/ros2_sim/install/shell_planning/bin'
[2.462s] Level 1:colcon.colcon_core.environment:create_environment_scripts_only(shell_planning)
[2.463s] INFO:colcon.colcon_core.shell:Creating package script '/home/esraamustafa/Path_Planning_Shell_AI/ros2_sim/install/shell_planning/share/shell_planning/package.ps1'
[2.465s] INFO:colcon.colcon_core.shell:Creating package descriptor '/home/esraamustafa/Path_Planning_Shell_AI/ros2_sim/install/shell_planning/share/shell_planning/package.dsv'
[2.467s] INFO:colcon.colcon_core.shell:Creating package script '/home/esraamustafa/Path_Planning_Shell_AI/ros2_sim/install/shell_planning/share/shell_planning/package.sh'
[2.468s] INFO:colcon.colcon_core.shell:Creating package script '/home/esraamustafa/Path_Planning_Shell_AI/ros2_sim/install/shell_planning/share/shell_planning/package.bash'
[2.471s] INFO:colcon.colcon_core.shell:Creating package script '/home/esraamustafa/Path_Planning_Shell_AI/ros2_sim/install/shell_planning/share/shell_planning/package.zsh'
[2.473s] Level 1:colcon.colcon_core.environment:create_file_with_runtime_dependencies(/home/esraamustafa/Path_Planning_Shell_AI/ros2_sim/install/shell_planning/share/colcon-core/packages/shell_planning)
[14.031s] DEBUG:colcon.colcon_core.event_handler.log_command:Invoked command in '/home/esraamustafa/Path_Planning_Shell_AI/ros2_sim/build/shell_interfaces' returned '0': CMAKE_PREFIX_PATH=${CMAKE_PREFIX_PATH}:/home/esraamustafa/Path_Planning_Shell_AI/ros2_sim/install/shell_visualization:/home/esraamustafa/Path_Planning_Shell_AI/ros2_sim/install/shell_test_nodes:/home/esraamustafa/Path_Planning_Shell_AI/ros2_sim/install/shell_planning:/opt/ros/humble /usr/bin/cmake /home/esraamustafa/Path_Planning_Shell_AI/ros2_sim/src/shell_interfaces -DCMAKE_INSTALL_PREFIX=/home/esraamustafa/Path_Planning_Shell_AI/ros2_sim/install/shell_interfaces
[14.036s] DEBUG:colcon.colcon_core.event_handler.log_command:Invoking command in '/home/esraamustafa/Path_Planning_Shell_AI/ros2_sim/build/shell_interfaces': CMAKE_PREFIX_PATH=${CMAKE_PREFIX_PATH}:/home/esraamustafa/Path_Planning_Shell_AI/ros2_sim/install/shell_visualization:/home/esraamustafa/Path_Planning_Shell_AI/ros2_sim/install/shell_test_nodes:/home/esraamustafa/Path_Planning_Shell_AI/ros2_sim/install/shell_planning:/opt/ros/humble /usr/bin/cmake --build /home/esraamustafa/Path_Planning_Shell_AI/ros2_sim/build/shell_interfaces -- -j12 -l12
[22.529s] DEBUG:colcon.colcon_core.event_handler.log_command:Invoked command in '/home/esraamustafa/Path_Planning_Shell_AI/ros2_sim/build/shell_interfaces' returned '0': CMAKE_PREFIX_PATH=${CMAKE_PREFIX_PATH}:/home/esraamustafa/Path_Planning_Shell_AI/ros2_sim/install/shell_visualization:/home/esraamustafa/Path_Planning_Shell_AI/ros2_sim/install/shell_test_nodes:/home/esraamustafa/Path_Planning_Shell_AI/ros2_sim/install/shell_planning:/opt/ros/humble /usr/bin/cmake --build /home/esraamustafa/Path_Planning_Shell_AI/ros2_sim/build/shell_interfaces -- -j12 -l12
[22.563s] DEBUG:colcon.colcon_core.event_handler.log_command:Invoking command in '/home/esraamustafa/Path_Planning_Shell_AI/ros2_sim/build/shell_interfaces': CMAKE_PREFIX_PATH=${CMAKE_PREFIX_PATH}:/home/esraamustafa/Path_Planning_Shell_AI/ros2_sim/install/shell_visualization:/home/esraamustafa/Path_Planning_Shell_AI/ros2_sim/install/shell_test_nodes:/home/esraamustafa/Path_Planning_Shell_AI/ros2_sim/install/shell_planning:/opt/ros/humble /usr/bin/cmake --install /home/esraamustafa/Path_Planning_Shell_AI/ros2_sim/build/shell_interfaces
[22.855s] Level 1:colcon.colcon_core.environment:create_environment_scripts_only(shell_interfaces)
[22.856s] Level 1:colcon.colcon_core.environment:checking '/home/esraamustafa/Path_Planning_Shell_AI/ros2_sim/install/shell_interfaces' for CMake module files
[22.859s] DEBUG:colcon.colcon_core.event_handler.log_command:Invoked command in '/home/esraamustafa/Path_Planning_Shell_AI/ros2_sim/build/shell_interfaces' returned '0': CMAKE_PREFIX_PATH=${CMAKE_PREFIX_PATH}:/home/esraamustafa/Path_Planning_Shell_AI/ros2_sim/install/shell_visualization:/home/esraamustafa/Path_Planning_Shell_AI/ros2_sim/install/shell_test_nodes:/home/esraamustafa/Path_Planning_Shell_AI/ros2_sim/install/shell_planning:/opt/ros/humble /usr/bin/cmake --install /home/esraamustafa/Path_Planning_Shell_AI/ros2_sim/build/shell_interfaces
[22.861s] Level 1:colcon.colcon_core.environment:checking '/home/esraamustafa/Path_Planning_Shell_AI/ros2_sim/install/shell_interfaces' for CMake config files
[22.863s] Level 1:colcon.colcon_core.shell:create_environment_hook('shell_interfaces', 'cmake_prefix_path')
[22.864s] INFO:colcon.colcon_core.shell:Creating environment hook '/home/esraamustafa/Path_Planning_Shell_AI/ros2_sim/install/shell_interfaces/share/shell_interfaces/hook/cmake_prefix_path.ps1'
[22.867s] INFO:colcon.colcon_core.shell:Creating environment descriptor '/home/esraamustafa/Path_Planning_Shell_AI/ros2_sim/install/shell_interfaces/share/shell_interfaces/hook/cmake_prefix_path.dsv'
[22.869s] INFO:colcon.colcon_core.shell:Creating environment hook '/home/esraamustafa/Path_Planning_Shell_AI/ros2_sim/install/shell_interfaces/share/shell_interfaces/hook/cmake_prefix_path.sh'
[22.874s] Level 1:colcon.colcon_core.environment:checking '/home/esraamustafa/Path_Planning_Shell_AI/ros2_sim/install/shell_interfaces/lib'
[22.874s] Level 1:colcon.colcon_core.shell:create_environment_hook('shell_interfaces', 'ld_library_path_lib')
[22.876s] INFO:colcon.colcon_core.shell:Creating environment hook '/home/esraamustafa/Path_Planning_Shell_AI/ros2_sim/install/shell_interfaces/share/shell_interfaces/hook/ld_library_path_lib.ps1'
[22.878s] INFO:colcon.colcon_core.shell:Creating environment descriptor '/home/esraamustafa/Path_Planning_Shell_AI/ros2_sim/install/shell_interfaces/share/shell_interfaces/hook/ld_library_path_lib.dsv'
[22.879s] INFO:colcon.colcon_core.shell:Creating environment hook '/home/esraamustafa/Path_Planning_Shell_AI/ros2_sim/install/shell_interfaces/share/shell_interfaces/hook/ld_library_path_lib.sh'
[22.881s] Level 1:colcon.colcon_core.environment:checking '/home/esraamustafa/Path_Planning_Shell_AI/ros2_sim/install/shell_interfaces/bin'
[22.881s] Level 1:colcon.colcon_core.environment:checking '/home/esraamustafa/Path_Planning_Shell_AI/ros2_sim/install/shell_interfaces/lib/pkgconfig/shell_interfaces.pc'
[22.882s] Level 1:colcon.colcon_core.environment:checking '/home/esraamustafa/Path_Planning_Shell_AI/ros2_sim/install/shell_interfaces/lib/python3.10/site-packages'
[22.883s] Level 1:colcon.colcon_core.environment:checking '/home/esraamustafa/Path_Planning_Shell_AI/ros2_sim/install/shell_interfaces/bin'
[22.884s] INFO:colcon.colcon_core.shell:Creating package script '/home/esraamustafa/Path_Planning_Shell_AI/ros2_sim/install/shell_interfaces/share/shell_interfaces/package.ps1'
[22.886s] INFO:colcon.colcon_core.shell:Creating package descriptor '/home/esraamustafa/Path_Planning_Shell_AI/ros2_sim/install/shell_interfaces/share/shell_interfaces/package.dsv'
[22.888s] INFO:colcon.colcon_core.shell:Creating package script '/home/esraamustafa/Path_Planning_Shell_AI/ros2_sim/install/shell_interfaces/share/shell_interfaces/package.sh'
[22.891s] INFO:colcon.colcon_core.shell:Creating package script '/home/esraamustafa/Path_Planning_Shell_AI/ros2_sim/install/shell_interfaces/share/shell_interfaces/package.bash'
[22.892s] INFO:colcon.colcon_core.shell:Creating package script '/home/esraamustafa/Path_Planning_Shell_AI/ros2_sim/install/shell_interfaces/share/shell_interfaces/package.zsh'
[22.893s] Level 1:colcon.colcon_core.environment:create_file_with_runtime_dependencies(/home/esraamustafa/Path_Planning_Shell_AI/ros2_sim/install/shell_interfaces/share/colcon-core/packages/shell_interfaces)
[22.896s] Level 1:colcon.colcon_core.environment:create_environment_scripts_only(shell_interfaces)
[22.897s] Level 1:colcon.colcon_core.environment:checking '/home/esraamustafa/Path_Planning_Shell_AI/ros2_sim/install/shell_interfaces' for CMake module files
[22.898s] Level 1:colcon.colcon_core.environment:checking '/home/esraamustafa/Path_Planning_Shell_AI/ros2_sim/install/shell_interfaces' for CMake config files
[22.900s] Level 1:colcon.colcon_core.shell:create_environment_hook('shell_interfaces', 'cmake_prefix_path')
[22.900s] INFO:colcon.colcon_core.shell:Creating environment hook '/home/esraamustafa/Path_Planning_Shell_AI/ros2_sim/install/shell_interfaces/share/shell_interfaces/hook/cmake_prefix_path.ps1'
[22.902s] INFO:colcon.colcon_core.shell:Creating environment descriptor '/home/esraamustafa/Path_Planning_Shell_AI/ros2_sim/install/shell_interfaces/share/shell_interfaces/hook/cmake_prefix_path.dsv'
[22.903s] INFO:colcon.colcon_core.shell:Creating environment hook '/home/esraamustafa/Path_Planning_Shell_AI/ros2_sim/install/shell_interfaces/share/shell_interfaces/hook/cmake_prefix_path.sh'
[22.905s] Level 1:colcon.colcon_core.environment:checking '/home/esraamustafa/Path_Planning_Shell_AI/ros2_sim/install/shell_interfaces/lib'
[22.905s] Level 1:colcon.colcon_core.shell:create_environment_hook('shell_interfaces', 'ld_library_path_lib')
[22.907s] INFO:colcon.colcon_core.shell:Creating environment hook '/home/esraamustafa/Path_Planning_Shell_AI/ros2_sim/install/shell_interfaces/share/shell_interfaces/hook/ld_library_path_lib.ps1'
[22.909s] INFO:colcon.colcon_core.shell:Creating environment descriptor '/home/esraamustafa/Path_Planning_Shell_AI/ros2_sim/install/shell_interfaces/share/shell_interfaces/hook/ld_library_path_lib.dsv'
[22.911s] INFO:colcon.colcon_core.shell:Creating environment hook '/home/esraamustafa/Path_Planning_Shell_AI/ros2_sim/install/shell_interfaces/share/shell_interfaces/hook/ld_library_path_lib.sh'
[22.913s] Level 1:colcon.colcon_core.environment:checking '/home/esraamustafa/Path_Planning_Shell_AI/ros2_sim/install/shell_interfaces/bin'
[22.913s] Level 1:colcon.colcon_core.environment:checking '/home/esraamustafa/Path_Planning_Shell_AI/ros2_sim/install/shell_interfaces/lib/pkgconfig/shell_interfaces.pc'
[22.914s] Level 1:colcon.colcon_core.environment:checking '/home/esraamustafa/Path_Planning_Shell_AI/ros2_sim/install/shell_interfaces/lib/python3.10/site-packages'
[22.915s] Level 1:colcon.colcon_core.environment:checking '/home/esraamustafa/Path_Planning_Shell_AI/ros2_sim/install/shell_interfaces/bin'
[22.916s] INFO:colcon.colcon_core.shell:Creating package script '/home/esraamustafa/Path_Planning_Shell_AI/ros2_sim/install/shell_interfaces/share/shell_interfaces/package.ps1'
[22.917s] INFO:colcon.colcon_core.shell:Creating package descriptor '/home/esraamustafa/Path_Planning_Shell_AI/ros2_sim/install/shell_interfaces/share/shell_interfaces/package.dsv'
[22.919s] INFO:colcon.colcon_core.shell:Creating package script '/home/esraamustafa/Path_Planning_Shell_AI/ros2_sim/install/shell_interfaces/share/shell_interfaces/package.sh'
[22.920s] INFO:colcon.colcon_core.shell:Creating package script '/home/esraamustafa/Path_Planning_Shell_AI/ros2_sim/install/shell_interfaces/share/shell_interfaces/package.bash'
[22.921s] INFO:colcon.colcon_core.shell:Creating package script '/home/esraamustafa/Path_Planning_Shell_AI/ros2_sim/install/shell_interfaces/share/shell_interfaces/package.zsh'
[22.922s] Level 1:colcon.colcon_core.environment:create_file_with_runtime_dependencies(/home/esraamustafa/Path_Planning_Shell_AI/ros2_sim/install/shell_interfaces/share/colcon-core/packages/shell_interfaces)
[22.923s] INFO:colcon.colcon_ros.task.ament_python.build:Building ROS package in '/home/esraamustafa/Path_Planning_Shell_AI/ros2_sim/src/shell_test_nodes' with build type 'ament_python'
[22.926s] Level 1:colcon.colcon_core.shell:create_environment_hook('shell_test_nodes', 'ament_prefix_path')
[22.927s] INFO:colcon.colcon_core.shell:Creating environment hook '/home/esraamustafa/Path_Planning_Shell_AI/ros2_sim/install/shell_test_nodes/share/shell_test_nodes/hook/ament_prefix_path.ps1'
[22.932s] INFO:colcon.colcon_core.shell:Creating environment descriptor '/home/esraamustafa/Path_Planning_Shell_AI/ros2_sim/install/shell_test_nodes/share/shell_test_nodes/hook/ament_prefix_path.dsv'
[22.933s] INFO:colcon.colcon_core.shell:Creating environment hook '/home/esraamustafa/Path_Planning_Shell_AI/ros2_sim/install/shell_test_nodes/share/shell_test_nodes/hook/ament_prefix_path.sh'
[22.936s] INFO:colcon.colcon_core.shell:Skip shell extension 'powershell' for command environment: Not usable outside of PowerShell
[22.936s] DEBUG:colcon.colcon_core.shell:Skip shell extension 'dsv' for command environment
[22.946s] INFO:colcon.colcon_ros.task.ament_python.build:Building ROS package in '/home/esraamustafa/Path_Planning_Shell_AI/ros2_sim/src/shell_visualization' with build type 'ament_python'
[22.947s] Level 1:colcon.colcon_core.shell:create_environment_hook('shell_visualization', 'ament_prefix_path')
[22.950s] INFO:colcon.colcon_core.shell:Creating environment hook '/home/esraamustafa/Path_Planning_Shell_AI/ros2_sim/install/shell_visualization/share/shell_visualization/hook/ament_prefix_path.ps1'
[22.958s] INFO:colcon.colcon_core.shell:Creating environment descriptor '/home/esraamustafa/Path_Planning_Shell_AI/ros2_sim/install/shell_visualization/share/shell_visualization/hook/ament_prefix_path.dsv'
[22.960s] INFO:colcon.colcon_core.shell:Creating environment hook '/home/esraamustafa/Path_Planning_Shell_AI/ros2_sim/install/shell_visualization/share/shell_visualization/hook/ament_prefix_path.sh'
[22.967s] INFO:colcon.colcon_core.shell:Skip shell extension 'powershell' for command environment: Not usable outside of PowerShell
[22.969s] DEBUG:colcon.colcon_core.shell:Skip shell extension 'dsv' for command environment
[24.282s] WARNING:colcon.colcon_ros.task.ament_python.build:Package 'shell_test_nodes' doesn't explicitly install a marker in the package index (colcon-ros currently does it implicitly but that fallback will be removed in the future)
[24.283s] WARNING:colcon.colcon_ros.task.ament_python.build:Package 'shell_test_nodes' doesn't explicitly install the 'package.xml' file (colcon-ros currently does it implicitly but that fallback will be removed in the future)
[24.284s] INFO:colcon.colcon_core.task.python.build:Building Python package in '/home/esraamustafa/Path_Planning_Shell_AI/ros2_sim/src/shell_test_nodes'
[24.284s] INFO:colcon.colcon_core.shell:Skip shell extension 'powershell' for command environment: Not usable outside of PowerShell
[24.284s] DEBUG:colcon.colcon_core.shell:Skip shell extension 'dsv' for command environment
[24.730s] INFO:colcon.colcon_core.task.python.build:Building Python package in '/home/esraamustafa/Path_Planning_Shell_AI/ros2_sim/src/shell_visualization'
[24.730s] INFO:colcon.colcon_core.shell:Skip shell extension 'powershell' for command environment: Not usable outside of PowerShell
[24.730s] DEBUG:colcon.colcon_core.shell:Skip shell extension 'dsv' for command environment
[25.366s] DEBUG:colcon.colcon_core.event_handler.log_command:Invoking command in '/home/esraamustafa/Path_Planning_Shell_AI/ros2_sim/src/shell_test_nodes': PYTHONPATH=/home/esraamustafa/Path_Planning_Shell_AI/ros2_sim/build/shell_test_nodes/prefix_override:/usr/lib/python3/dist-packages/colcon_core/task/python/colcon_distutils_commands:/home/esraamustafa/Path_Planning_Shell_AI/ros2_sim/install/shell_test_nodes/lib/python3.10/site-packages:${PYTHONPATH} /usr/bin/python3 -W ignore:setup.py install is deprecated -W ignore:easy_install command is deprecated setup.py egg_info --egg-base ../../build/shell_test_nodes build --build-base /home/esraamustafa/Path_Planning_Shell_AI/ros2_sim/build/shell_test_nodes/build install --record /home/esraamustafa/Path_Planning_Shell_AI/ros2_sim/build/shell_test_nodes/install.log --single-version-externally-managed
[25.843s] DEBUG:colcon.colcon_core.event_handler.log_command:Invoking command in '/home/esraamustafa/Path_Planning_Shell_AI/ros2_sim/src/shell_visualization': PYTHONPATH=/home/esraamustafa/Path_Planning_Shell_AI/ros2_sim/build/shell_visualization/prefix_override:/usr/lib/python3/dist-packages/colcon_core/task/python/colcon_distutils_commands:/home/esraamustafa/Path_Planning_Shell_AI/ros2_sim/install/shell_visualization/lib/python3.10/site-packages:${PYTHONPATH} /usr/bin/python3 -W ignore:setup.py install is deprecated -W ignore:easy_install command is deprecated setup.py egg_info --egg-base ../../build/shell_visualization build --build-base /home/esraamustafa/Path_Planning_Shell_AI/ros2_sim/build/shell_visualization/build install --record /home/esraamustafa/Path_Planning_Shell_AI/ros2_sim/build/shell_visualization/install.log --single-version-externally-managed install_data
[25.949s] Level 1:colcon.colcon_core.environment:checking '/home/esraamustafa/Path_Planning_Shell_AI/ros2_sim/install/shell_test_nodes' for CMake module files
[25.951s] DEBUG:colcon.colcon_core.event_handler.log_command:Invoked command in '/home/esraamustafa/Path_Planning_Shell_AI/ros2_sim/src/shell_test_nodes' returned '0': PYTHONPATH=/home/esraamustafa/Path_Planning_Shell_AI/ros2_sim/build/shell_test_nodes/prefix_override:/usr/lib/python3/dist-packages/colcon_core/task/python/colcon_distutils_commands:/home/esraamustafa/Path_Planning_Shell_AI/ros2_sim/install/shell_test_nodes/lib/python3.10/site-packages:${PYTHONPATH} /usr/bin/python3 -W ignore:setup.py install is deprecated -W ignore:easy_install command is deprecated setup.py egg_info --egg-base ../../build/shell_test_nodes build --build-base /home/esraamustafa/Path_Planning_Shell_AI/ros2_sim/build/shell_test_nodes/build install --record /home/esraamustafa/Path_Planning_Shell_AI/ros2_sim/build/shell_test_nodes/install.log --single-version-externally-managed
[25.951s] Level 1:colcon.colcon_core.environment:checking '/home/esraamustafa/Path_Planning_Shell_AI/ros2_sim/install/shell_test_nodes' for CMake config files
[25.953s] Level 1:colcon.colcon_core.environment:checking '/home/esraamustafa/Path_Planning_Shell_AI/ros2_sim/install/shell_test_nodes/lib'
[25.953s] Level 1:colcon.colcon_core.environment:checking '/home/esraamustafa/Path_Planning_Shell_AI/ros2_sim/install/shell_test_nodes/bin'
[25.953s] Level 1:colcon.colcon_core.environment:checking '/home/esraamustafa/Path_Planning_Shell_AI/ros2_sim/install/shell_test_nodes/lib/pkgconfig/shell_test_nodes.pc'
[25.954s] Level 1:colcon.colcon_core.environment:checking '/home/esraamustafa/Path_Planning_Shell_AI/ros2_sim/install/shell_test_nodes/lib/python3.10/site-packages'
[25.954s] Level 1:colcon.colcon_core.shell:create_environment_hook('shell_test_nodes', 'pythonpath')
[25.954s] INFO:colcon.colcon_core.shell:Creating environment hook '/home/esraamustafa/Path_Planning_Shell_AI/ros2_sim/install/shell_test_nodes/share/shell_test_nodes/hook/pythonpath.ps1'
[25.955s] INFO:colcon.colcon_core.shell:Creating environment descriptor '/home/esraamustafa/Path_Planning_Shell_AI/ros2_sim/install/shell_test_nodes/share/shell_test_nodes/hook/pythonpath.dsv'
[25.956s] INFO:colcon.colcon_core.shell:Creating environment hook '/home/esraamustafa/Path_Planning_Shell_AI/ros2_sim/install/shell_test_nodes/share/shell_test_nodes/hook/pythonpath.sh'
[25.957s] Level 1:colcon.colcon_core.environment:checking '/home/esraamustafa/Path_Planning_Shell_AI/ros2_sim/install/shell_test_nodes/bin'
[25.957s] Level 1:colcon.colcon_core.environment:create_environment_scripts_only(shell_test_nodes)
[25.958s] INFO:colcon.colcon_core.shell:Creating package script '/home/esraamustafa/Path_Planning_Shell_AI/ros2_sim/install/shell_test_nodes/share/shell_test_nodes/package.ps1'
[25.959s] INFO:colcon.colcon_core.shell:Creating package descriptor '/home/esraamustafa/Path_Planning_Shell_AI/ros2_sim/install/shell_test_nodes/share/shell_test_nodes/package.dsv'
[25.959s] INFO:colcon.colcon_core.shell:Creating package script '/home/esraamustafa/Path_Planning_Shell_AI/ros2_sim/install/shell_test_nodes/share/shell_test_nodes/package.sh'
[25.960s] INFO:colcon.colcon_core.shell:Creating package script '/home/esraamustafa/Path_Planning_Shell_AI/ros2_sim/install/shell_test_nodes/share/shell_test_nodes/package.bash'
[25.960s] INFO:colcon.colcon_core.shell:Creating package script '/home/esraamustafa/Path_Planning_Shell_AI/ros2_sim/install/shell_test_nodes/share/shell_test_nodes/package.zsh'
[25.961s] Level 1:colcon.colcon_core.environment:create_file_with_runtime_dependencies(/home/esraamustafa/Path_Planning_Shell_AI/ros2_sim/install/shell_test_nodes/share/colcon-core/packages/shell_test_nodes)
[26.338s] Level 1:colcon.colcon_core.environment:checking '/home/esraamustafa/Path_Planning_Shell_AI/ros2_sim/install/shell_visualization' for CMake module files
[26.339s] DEBUG:colcon.colcon_core.event_handler.log_command:Invoked command in '/home/esraamustafa/Path_Planning_Shell_AI/ros2_sim/src/shell_visualization' returned '0': PYTHONPATH=/home/esraamustafa/Path_Planning_Shell_AI/ros2_sim/build/shell_visualization/prefix_override:/usr/lib/python3/dist-packages/colcon_core/task/python/colcon_distutils_commands:/home/esraamustafa/Path_Planning_Shell_AI/ros2_sim/install/shell_visualization/lib/python3.10/site-packages:${PYTHONPATH} /usr/bin/python3 -W ignore:setup.py install is deprecated -W ignore:easy_install command is deprecated setup.py egg_info --egg-base ../../build/shell_visualization build --build-base /home/esraamustafa/Path_Planning_Shell_AI/ros2_sim/build/shell_visualization/build install --record /home/esraamustafa/Path_Planning_Shell_AI/ros2_sim/build/shell_visualization/install.log --single-version-externally-managed install_data
[26.340s] Level 1:colcon.colcon_core.environment:checking '/home/esraamustafa/Path_Planning_Shell_AI/ros2_sim/install/shell_visualization' for CMake config files
[26.341s] Level 1:colcon.colcon_core.environment:checking '/home/esraamustafa/Path_Planning_Shell_AI/ros2_sim/install/shell_visualization/lib'
[26.341s] Level 1:colcon.colcon_core.environment:checking '/home/esraamustafa/Path_Planning_Shell_AI/ros2_sim/install/shell_visualization/bin'
[26.341s] Level 1:colcon.colcon_core.environment:checking '/home/esraamustafa/Path_Planning_Shell_AI/ros2_sim/install/shell_visualization/lib/pkgconfig/shell_visualization.pc'
[26.341s] Level 1:colcon.colcon_core.environment:checking '/home/esraamustafa/Path_Planning_Shell_AI/ros2_sim/install/shell_visualization/lib/python3.10/site-packages'
[26.341s] Level 1:colcon.colcon_core.shell:create_environment_hook('shell_visualization', 'pythonpath')
[26.342s] INFO:colcon.colcon_core.shell:Creating environment hook '/home/esraamustafa/Path_Planning_Shell_AI/ros2_sim/install/shell_visualization/share/shell_visualization/hook/pythonpath.ps1'
[26.342s] INFO:colcon.colcon_core.shell:Creating environment descriptor '/home/esraamustafa/Path_Planning_Shell_AI/ros2_sim/install/shell_visualization/share/shell_visualization/hook/pythonpath.dsv'
[26.343s] INFO:colcon.colcon_core.shell:Creating environment hook '/home/esraamustafa/Path_Planning_Shell_AI/ros2_sim/install/shell_visualization/share/shell_visualization/hook/pythonpath.sh'
[26.346s] Level 1:colcon.colcon_core.environment:checking '/home/esraamustafa/Path_Planning_Shell_AI/ros2_sim/install/shell_visualization/bin'
[26.346s] Level 1:colcon.colcon_core.environment:create_environment_scripts_only(shell_visualization)
[26.347s] INFO:colcon.colcon_core.shell:Creating package script '/home/esraamustafa/Path_Planning_Shell_AI/ros2_sim/install/shell_visualization/share/shell_visualization/package.ps1'
[26.348s] INFO:colcon.colcon_core.shell:Creating package descriptor '/home/esraamustafa/Path_Planning_Shell_AI/ros2_sim/install/shell_visualization/share/shell_visualization/package.dsv'
[26.349s] INFO:colcon.colcon_core.shell:Creating package script '/home/esraamustafa/Path_Planning_Shell_AI/ros2_sim/install/shell_visualization/share/shell_visualization/package.sh'
[26.351s] INFO:colcon.colcon_core.shell:Creating package script '/home/esraamustafa/Path_Planning_Shell_AI/ros2_sim/install/shell_visualization/share/shell_visualization/package.bash'
[26.352s] INFO:colcon.colcon_core.shell:Creating package script '/home/esraamustafa/Path_Planning_Shell_AI/ros2_sim/install/shell_visualization/share/shell_visualization/package.zsh'
[26.353s] Level 1:colcon.colcon_core.environment:create_file_with_runtime_dependencies(/home/esraamustafa/Path_Planning_Shell_AI/ros2_sim/install/shell_visualization/share/colcon-core/packages/shell_visualization)
[26.354s] DEBUG:colcon.colcon_parallel_executor.executor.parallel:closing loop
[26.356s] DEBUG:colcon.colcon_parallel_executor.executor.parallel:loop closed
[26.356s] DEBUG:colcon.colcon_parallel_executor.executor.parallel:run_until_complete finished with '0'
[26.356s] DEBUG:colcon.colcon_core.event_reactor:joining thread
[26.586s] INFO:colcon.colcon_core.plugin_system:Skipping extension 'colcon_notification.desktop_notification.notify_send': Could not find 'notify-send'
[26.586s] INFO:colcon.colcon_core.plugin_system:Skipping extension 'colcon_notification.desktop_notification.terminal_notifier': Not used on non-Darwin systems
[26.586s] INFO:colcon.colcon_core.plugin_system:Skipping extension 'colcon_notification.desktop_notification.win32': Not used on non-Windows systems
[26.587s] INFO:colcon.colcon_notification.desktop_notification:Sending desktop notification using 'notify2'
[26.587s] DEBUG:colcon.colcon_notification.desktop_notification.notify2:Failed to initialize notify2: org.freedesktop.DBus.Error.FileNotFound: Failed to connect to socket /run/user/1000/bus: No such file or directory
[26.588s] DEBUG:colcon.colcon_core.event_reactor:joined thread
[26.588s] INFO:colcon.colcon_core.shell:Creating prefix script '/home/esraamustafa/Path_Planning_Shell_AI/ros2_sim/install/local_setup.ps1'
[26.590s] INFO:colcon.colcon_core.shell:Creating prefix util module '/home/esraamustafa/Path_Planning_Shell_AI/ros2_sim/install/_local_setup_util_ps1.py'
[26.592s] INFO:colcon.colcon_core.shell:Creating prefix chain script '/home/esraamustafa/Path_Planning_Shell_AI/ros2_sim/install/setup.ps1'
[26.594s] INFO:colcon.colcon_core.shell:Creating prefix script '/home/esraamustafa/Path_Planning_Shell_AI/ros2_sim/install/local_setup.sh'
[26.595s] INFO:colcon.colcon_core.shell:Creating prefix util module '/home/esraamustafa/Path_Planning_Shell_AI/ros2_sim/install/_local_setup_util_sh.py'
[26.596s] INFO:colcon.colcon_core.shell:Creating prefix chain script '/home/esraamustafa/Path_Planning_Shell_AI/ros2_sim/install/setup.sh'
[26.598s] INFO:colcon.colcon_core.shell:Creating prefix script '/home/esraamustafa/Path_Planning_Shell_AI/ros2_sim/install/local_setup.bash'
[26.599s] INFO:colcon.colcon_core.shell:Creating prefix chain script '/home/esraamustafa/Path_Planning_Shell_AI/ros2_sim/install/setup.bash'
[26.601s] INFO:colcon.colcon_core.shell:Creating prefix script '/home/esraamustafa/Path_Planning_Shell_AI/ros2_sim/install/local_setup.zsh'
[26.602s] INFO:colcon.colcon_core.shell:Creating prefix chain script '/home/esraamustafa/Path_Planning_Shell_AI/ros2_sim/install/setup.zsh'
