running egg_info
writing ../../build/shell_planning/shell_planning.egg-info/PKG-INFO
writing dependency_links to ../../build/shell_planning/shell_planning.egg-info/dependency_links.txt
writing entry points to ../../build/shell_planning/shell_planning.egg-info/entry_points.txt
writing requirements to ../../build/shell_planning/shell_planning.egg-info/requires.txt
writing top-level names to ../../build/shell_planning/shell_planning.egg-info/top_level.txt
reading manifest file '../../build/shell_planning/shell_planning.egg-info/SOURCES.txt'
writing manifest file '../../build/shell_planning/shell_planning.egg-info/SOURCES.txt'
running build
running build_py
copying shell_planning/global_planner_node.py -> /home/esraamustafa/Path_Planning_Shell_AI/ros2_sim/build/shell_planning/build/lib/shell_planning
running install
running install_lib
copying /home/esraamustafa/Path_Planning_Shell_AI/ros2_sim/build/shell_planning/build/lib/shell_planning/global_planner_node.py -> /home/esraamustafa/Path_Planning_Shell_AI/ros2_sim/install/shell_planning/lib/python3.10/site-packages/shell_planning
byte-compiling /home/esraamustafa/Path_Planning_Shell_AI/ros2_sim/install/shell_planning/lib/python3.10/site-packages/shell_planning/global_planner_node.py to global_planner_node.cpython-310.pyc
running install_data
running install_egg_info
removing '/home/esraamustafa/Path_Planning_Shell_AI/ros2_sim/install/shell_planning/lib/python3.10/site-packages/shell_planning-0.0.0-py3.10.egg-info' (and everything under it)
Copying ../../build/shell_planning/shell_planning.egg-info to /home/esraamustafa/Path_Planning_Shell_AI/ros2_sim/install/shell_planning/lib/python3.10/site-packages/shell_planning-0.0.0-py3.10.egg-info
running install_scripts
Installing global_planner script to /home/esraamustafa/Path_Planning_Shell_AI/ros2_sim/install/shell_planning/lib/shell_planning
writing list of installed files to '/home/esraamustafa/Path_Planning_Shell_AI/ros2_sim/build/shell_planning/install.log'
