[1.848s] Invoking command in '/home/esraamustafa/Path_Planning_Shell_AI/ros2_sim/src/shell_planning': PYTHONPATH=/home/esraamustafa/Path_Planning_Shell_AI/ros2_sim/build/shell_planning/prefix_override:/usr/lib/python3/dist-packages/colcon_core/task/python/colcon_distutils_commands:/home/esraamustafa/Path_Planning_Shell_AI/ros2_sim/install/shell_planning/lib/python3.10/site-packages:${PYTHONPATH} /usr/bin/python3 -W ignore:setup.py install is deprecated -W ignore:easy_install command is deprecated setup.py egg_info --egg-base ../../build/shell_planning build --build-base /home/esraamustafa/Path_Planning_Shell_AI/ros2_sim/build/shell_planning/build install --record /home/esraamustafa/Path_Planning_Shell_AI/ros2_sim/build/shell_planning/install.log --single-version-externally-managed install_data
[3.255s] running egg_info
[3.255s] writing ../../build/shell_planning/shell_planning.egg-info/PKG-INFO
[3.256s] writing dependency_links to ../../build/shell_planning/shell_planning.egg-info/dependency_links.txt
[3.259s] writing entry points to ../../build/shell_planning/shell_planning.egg-info/entry_points.txt
[3.260s] writing requirements to ../../build/shell_planning/shell_planning.egg-info/requires.txt
[3.261s] writing top-level names to ../../build/shell_planning/shell_planning.egg-info/top_level.txt
[3.261s] reading manifest file '../../build/shell_planning/shell_planning.egg-info/SOURCES.txt'
[3.261s] writing manifest file '../../build/shell_planning/shell_planning.egg-info/SOURCES.txt'
[3.262s] running build
[3.262s] running build_py
[3.263s] copying shell_planning/global_planner_node.py -> /home/esraamustafa/Path_Planning_Shell_AI/ros2_sim/build/shell_planning/build/lib/shell_planning
[3.263s] running install
[3.263s] running install_lib
[3.264s] copying /home/esraamustafa/Path_Planning_Shell_AI/ros2_sim/build/shell_planning/build/lib/shell_planning/global_planner_node.py -> /home/esraamustafa/Path_Planning_Shell_AI/ros2_sim/install/shell_planning/lib/python3.10/site-packages/shell_planning
[3.264s] byte-compiling /home/esraamustafa/Path_Planning_Shell_AI/ros2_sim/install/shell_planning/lib/python3.10/site-packages/shell_planning/global_planner_node.py to global_planner_node.cpython-310.pyc
[3.266s] running install_data
[3.267s] running install_egg_info
[3.267s] removing '/home/esraamustafa/Path_Planning_Shell_AI/ros2_sim/install/shell_planning/lib/python3.10/site-packages/shell_planning-0.0.0-py3.10.egg-info' (and everything under it)
[3.268s] Copying ../../build/shell_planning/shell_planning.egg-info to /home/esraamustafa/Path_Planning_Shell_AI/ros2_sim/install/shell_planning/lib/python3.10/site-packages/shell_planning-0.0.0-py3.10.egg-info
[3.270s] running install_scripts
[3.270s] Installing global_planner script to /home/esraamustafa/Path_Planning_Shell_AI/ros2_sim/install/shell_planning/lib/shell_planning
[3.270s] writing list of installed files to '/home/esraamustafa/Path_Planning_Shell_AI/ros2_sim/build/shell_planning/install.log'
[3.290s] Invoked command in '/home/esraamustafa/Path_Planning_Shell_AI/ros2_sim/src/shell_planning' returned '0': PYTHONPATH=/home/esraamustafa/Path_Planning_Shell_AI/ros2_sim/build/shell_planning/prefix_override:/usr/lib/python3/dist-packages/colcon_core/task/python/colcon_distutils_commands:/home/esraamustafa/Path_Planning_Shell_AI/ros2_sim/install/shell_planning/lib/python3.10/site-packages:${PYTHONPATH} /usr/bin/python3 -W ignore:setup.py install is deprecated -W ignore:easy_install command is deprecated setup.py egg_info --egg-base ../../build/shell_planning build --build-base /home/esraamustafa/Path_Planning_Shell_AI/ros2_sim/build/shell_planning/build install --record /home/esraamustafa/Path_Planning_Shell_AI/ros2_sim/build/shell_planning/install.log --single-version-externally-managed install_data
