[0.660s] DEBUG:colcon:Command line arguments: ['/usr/bin/colcon', 'build', '--symlink-install']
[0.660s] DEBUG:colcon:Parsed command line arguments: Namespace(log_base=None, log_level=None, verb_name='build', build_base='build', install_base='install', merge_install=False, symlink_install=True, test_result_base=None, continue_on_error=False, executor='parallel', parallel_workers=12, event_handlers=None, ignore_user_meta=False, metas=['./colcon.meta'], base_paths=['.'], packages_ignore=None, packages_ignore_regex=None, paths=None, packages_up_to=None, packages_up_to_regex=None, packages_above=None, packages_above_and_dependencies=None, packages_above_depth=None, packages_select_by_dep=None, packages_skip_by_dep=None, packages_skip_up_to=None, packages_select_build_failed=False, packages_skip_build_finished=False, packages_select_test_failures=False, packages_skip_test_passed=False, packages_select=None, packages_skip=None, packages_select_regex=None, packages_skip_regex=None, packages_start=None, packages_end=None, allow_overriding=[], cmake_args=None, cmake_target=None, cmake_target_skip_unavailable=False, cmake_clean_cache=False, cmake_clean_first=False, cmake_force_configure=False, ament_cmake_args=None, catkin_cmake_args=None, catkin_skip_building_tests=False, verb_parser=<colcon_defaults.argument_parser.defaults.DefaultArgumentsDecorator object at 0x798033140e80>, verb_extension=<colcon_core.verb.build.BuildVerb object at 0x798033140970>, main=<bound method BuildVerb.main of <colcon_core.verb.build.BuildVerb object at 0x798033140970>>)
[0.914s] Level 1:colcon.colcon_core.package_discovery:discover_packages(colcon_meta) check parameters
[0.914s] Level 1:colcon.colcon_core.package_discovery:discover_packages(recursive) check parameters
[0.914s] Level 1:colcon.colcon_core.package_discovery:discover_packages(ignore) check parameters
[0.914s] Level 1:colcon.colcon_core.package_discovery:discover_packages(path) check parameters
[0.914s] Level 1:colcon.colcon_core.package_discovery:discover_packages(colcon_meta) discover
[0.914s] Level 1:colcon.colcon_core.package_discovery:discover_packages(recursive) discover
[0.914s] INFO:colcon.colcon_core.package_discovery:Crawling recursively for packages in '/home/esraamustafa/path_planning/Path_Planning_Shell_AI/ros2_sim'
[0.914s] Level 1:colcon.colcon_core.package_identification:_identify(.) by extensions ['ignore', 'ignore_ament_install']
[0.914s] Level 1:colcon.colcon_core.package_identification:_identify(.) by extension 'ignore'
[0.915s] Level 1:colcon.colcon_core.package_identification:_identify(.) by extension 'ignore_ament_install'
[0.915s] Level 1:colcon.colcon_core.package_identification:_identify(.) by extensions ['colcon_pkg']
[0.915s] Level 1:colcon.colcon_core.package_identification:_identify(.) by extension 'colcon_pkg'
[0.915s] Level 1:colcon.colcon_core.package_identification:_identify(.) by extensions ['colcon_meta']
[0.915s] Level 1:colcon.colcon_core.package_identification:_identify(.) by extension 'colcon_meta'
[0.915s] Level 1:colcon.colcon_core.package_identification:_identify(.) by extensions ['ros']
[0.915s] Level 1:colcon.colcon_core.package_identification:_identify(.) by extension 'ros'
[0.931s] Level 1:colcon.colcon_core.package_identification:_identify(.) by extensions ['cmake', 'python']
[0.931s] Level 1:colcon.colcon_core.package_identification:_identify(.) by extension 'cmake'
[0.931s] Level 1:colcon.colcon_core.package_identification:_identify(.) by extension 'python'
[0.931s] Level 1:colcon.colcon_core.package_identification:_identify(.) by extensions ['python_setup_py']
[0.931s] Level 1:colcon.colcon_core.package_identification:_identify(.) by extension 'python_setup_py'
[0.931s] Level 1:colcon.colcon_core.package_identification:_identify(build) by extensions ['ignore', 'ignore_ament_install']
[0.931s] Level 1:colcon.colcon_core.package_identification:_identify(build) by extension 'ignore'
[0.931s] Level 1:colcon.colcon_core.package_identification:_identify(build) ignored
[0.932s] Level 1:colcon.colcon_core.package_identification:_identify(install) by extensions ['ignore', 'ignore_ament_install']
[0.932s] Level 1:colcon.colcon_core.package_identification:_identify(install) by extension 'ignore'
[0.932s] Level 1:colcon.colcon_core.package_identification:_identify(install) ignored
[0.932s] Level 1:colcon.colcon_core.package_identification:_identify(log) by extensions ['ignore', 'ignore_ament_install']
[0.932s] Level 1:colcon.colcon_core.package_identification:_identify(log) by extension 'ignore'
[0.932s] Level 1:colcon.colcon_core.package_identification:_identify(log) ignored
[0.932s] Level 1:colcon.colcon_core.package_identification:_identify(src) by extensions ['ignore', 'ignore_ament_install']
[0.932s] Level 1:colcon.colcon_core.package_identification:_identify(src) by extension 'ignore'
[0.932s] Level 1:colcon.colcon_core.package_identification:_identify(src) by extension 'ignore_ament_install'
[0.932s] Level 1:colcon.colcon_core.package_identification:_identify(src) by extensions ['colcon_pkg']
[0.932s] Level 1:colcon.colcon_core.package_identification:_identify(src) by extension 'colcon_pkg'
[0.932s] Level 1:colcon.colcon_core.package_identification:_identify(src) by extensions ['colcon_meta']
[0.933s] Level 1:colcon.colcon_core.package_identification:_identify(src) by extension 'colcon_meta'
[0.933s] Level 1:colcon.colcon_core.package_identification:_identify(src) by extensions ['ros']
[0.933s] Level 1:colcon.colcon_core.package_identification:_identify(src) by extension 'ros'
[0.933s] Level 1:colcon.colcon_core.package_identification:_identify(src) by extensions ['cmake', 'python']
[0.933s] Level 1:colcon.colcon_core.package_identification:_identify(src) by extension 'cmake'
[0.933s] Level 1:colcon.colcon_core.package_identification:_identify(src) by extension 'python'
[0.933s] Level 1:colcon.colcon_core.package_identification:_identify(src) by extensions ['python_setup_py']
[0.933s] Level 1:colcon.colcon_core.package_identification:_identify(src) by extension 'python_setup_py'
[0.933s] Level 1:colcon.colcon_core.package_identification:_identify(src/shell_interfaces) by extensions ['ignore', 'ignore_ament_install']
[0.933s] Level 1:colcon.colcon_core.package_identification:_identify(src/shell_interfaces) by extension 'ignore'
[0.933s] Level 1:colcon.colcon_core.package_identification:_identify(src/shell_interfaces) by extension 'ignore_ament_install'
[0.933s] Level 1:colcon.colcon_core.package_identification:_identify(src/shell_interfaces) by extensions ['colcon_pkg']
[0.933s] Level 1:colcon.colcon_core.package_identification:_identify(src/shell_interfaces) by extension 'colcon_pkg'
[0.933s] Level 1:colcon.colcon_core.package_identification:_identify(src/shell_interfaces) by extensions ['colcon_meta']
[0.933s] Level 1:colcon.colcon_core.package_identification:_identify(src/shell_interfaces) by extension 'colcon_meta'
[0.933s] Level 1:colcon.colcon_core.package_identification:_identify(src/shell_interfaces) by extensions ['ros']
[0.933s] Level 1:colcon.colcon_core.package_identification:_identify(src/shell_interfaces) by extension 'ros'
[0.939s] DEBUG:colcon.colcon_core.package_identification:Package 'src/shell_interfaces' with type 'ros.ament_cmake' and name 'shell_interfaces'
[0.939s] Level 1:colcon.colcon_core.package_identification:_identify(src/shell_planning) by extensions ['ignore', 'ignore_ament_install']
[0.939s] Level 1:colcon.colcon_core.package_identification:_identify(src/shell_planning) by extension 'ignore'
[0.939s] Level 1:colcon.colcon_core.package_identification:_identify(src/shell_planning) by extension 'ignore_ament_install'
[0.939s] Level 1:colcon.colcon_core.package_identification:_identify(src/shell_planning) by extensions ['colcon_pkg']
[0.939s] Level 1:colcon.colcon_core.package_identification:_identify(src/shell_planning) by extension 'colcon_pkg'
[0.939s] Level 1:colcon.colcon_core.package_identification:_identify(src/shell_planning) by extensions ['colcon_meta']
[0.939s] Level 1:colcon.colcon_core.package_identification:_identify(src/shell_planning) by extension 'colcon_meta'
[0.939s] Level 1:colcon.colcon_core.package_identification:_identify(src/shell_planning) by extensions ['ros']
[0.939s] Level 1:colcon.colcon_core.package_identification:_identify(src/shell_planning) by extension 'ros'
[0.940s] DEBUG:colcon.colcon_core.package_identification:Package 'src/shell_planning' with type 'ros.ament_python' and name 'shell_planning'
[0.941s] Level 1:colcon.colcon_core.package_identification:_identify(src/shell_test_nodes) by extensions ['ignore', 'ignore_ament_install']
[0.941s] Level 1:colcon.colcon_core.package_identification:_identify(src/shell_test_nodes) by extension 'ignore'
[0.941s] Level 1:colcon.colcon_core.package_identification:_identify(src/shell_test_nodes) by extension 'ignore_ament_install'
[0.941s] Level 1:colcon.colcon_core.package_identification:_identify(src/shell_test_nodes) by extensions ['colcon_pkg']
[0.941s] Level 1:colcon.colcon_core.package_identification:_identify(src/shell_test_nodes) by extension 'colcon_pkg'
[0.941s] Level 1:colcon.colcon_core.package_identification:_identify(src/shell_test_nodes) by extensions ['colcon_meta']
[0.941s] Level 1:colcon.colcon_core.package_identification:_identify(src/shell_test_nodes) by extension 'colcon_meta'
[0.941s] Level 1:colcon.colcon_core.package_identification:_identify(src/shell_test_nodes) by extensions ['ros']
[0.941s] Level 1:colcon.colcon_core.package_identification:_identify(src/shell_test_nodes) by extension 'ros'
[0.943s] DEBUG:colcon.colcon_core.package_identification:Package 'src/shell_test_nodes' with type 'ros.ament_python' and name 'shell_test_nodes'
[0.943s] Level 1:colcon.colcon_core.package_identification:_identify(src/shell_visualization) by extensions ['ignore', 'ignore_ament_install']
[0.943s] Level 1:colcon.colcon_core.package_identification:_identify(src/shell_visualization) by extension 'ignore'
[0.943s] Level 1:colcon.colcon_core.package_identification:_identify(src/shell_visualization) by extension 'ignore_ament_install'
[0.943s] Level 1:colcon.colcon_core.package_identification:_identify(src/shell_visualization) by extensions ['colcon_pkg']
[0.943s] Level 1:colcon.colcon_core.package_identification:_identify(src/shell_visualization) by extension 'colcon_pkg'
[0.943s] Level 1:colcon.colcon_core.package_identification:_identify(src/shell_visualization) by extensions ['colcon_meta']
[0.943s] Level 1:colcon.colcon_core.package_identification:_identify(src/shell_visualization) by extension 'colcon_meta'
[0.944s] Level 1:colcon.colcon_core.package_identification:_identify(src/shell_visualization) by extensions ['ros']
[0.944s] Level 1:colcon.colcon_core.package_identification:_identify(src/shell_visualization) by extension 'ros'
[0.945s] DEBUG:colcon.colcon_core.package_identification:Package 'src/shell_visualization' with type 'ros.ament_python' and name 'shell_visualization'
[0.945s] Level 1:colcon.colcon_core.package_discovery:discover_packages(recursive) using defaults
[0.945s] Level 1:colcon.colcon_core.package_discovery:discover_packages(ignore) discover
[0.945s] Level 1:colcon.colcon_core.package_discovery:discover_packages(ignore) using defaults
[0.945s] Level 1:colcon.colcon_core.package_discovery:discover_packages(path) discover
[0.945s] Level 1:colcon.colcon_core.package_discovery:discover_packages(path) using defaults
[0.990s] Level 1:colcon.colcon_core.package_discovery:discover_packages(prefix_path) check parameters
[0.990s] Level 1:colcon.colcon_core.package_discovery:discover_packages(prefix_path) discover
[0.993s] DEBUG:colcon.colcon_installed_package_information.package_discovery:Found 4 installed packages in /home/esraamustafa/path_planning/Path_Planning_Shell_AI/ros2_sim/install
[0.995s] DEBUG:colcon.colcon_installed_package_information.package_discovery:Found 271 installed packages in /opt/ros/humble
[0.997s] Level 1:colcon.colcon_core.package_discovery:discover_packages(prefix_path) using defaults
[1.047s] Level 5:colcon.colcon_core.verb:set package 'shell_interfaces' build argument 'cmake_args' from command line to 'None'
[1.047s] Level 5:colcon.colcon_core.verb:set package 'shell_interfaces' build argument 'cmake_target' from command line to 'None'
[1.047s] Level 5:colcon.colcon_core.verb:set package 'shell_interfaces' build argument 'cmake_target_skip_unavailable' from command line to 'False'
[1.047s] Level 5:colcon.colcon_core.verb:set package 'shell_interfaces' build argument 'cmake_clean_cache' from command line to 'False'
[1.047s] Level 5:colcon.colcon_core.verb:set package 'shell_interfaces' build argument 'cmake_clean_first' from command line to 'False'
[1.047s] Level 5:colcon.colcon_core.verb:set package 'shell_interfaces' build argument 'cmake_force_configure' from command line to 'False'
[1.047s] Level 5:colcon.colcon_core.verb:set package 'shell_interfaces' build argument 'ament_cmake_args' from command line to 'None'
[1.047s] Level 5:colcon.colcon_core.verb:set package 'shell_interfaces' build argument 'catkin_cmake_args' from command line to 'None'
[1.047s] Level 5:colcon.colcon_core.verb:set package 'shell_interfaces' build argument 'catkin_skip_building_tests' from command line to 'False'
[1.047s] DEBUG:colcon.colcon_core.verb:Building package 'shell_interfaces' with the following arguments: {'ament_cmake_args': None, 'build_base': '/home/esraamustafa/path_planning/Path_Planning_Shell_AI/ros2_sim/build/shell_interfaces', 'catkin_cmake_args': None, 'catkin_skip_building_tests': False, 'cmake_args': None, 'cmake_clean_cache': False, 'cmake_clean_first': False, 'cmake_force_configure': False, 'cmake_target': None, 'cmake_target_skip_unavailable': False, 'install_base': '/home/esraamustafa/path_planning/Path_Planning_Shell_AI/ros2_sim/install/shell_interfaces', 'merge_install': False, 'path': '/home/esraamustafa/path_planning/Path_Planning_Shell_AI/ros2_sim/src/shell_interfaces', 'symlink_install': True, 'test_result_base': None}
[1.048s] Level 5:colcon.colcon_core.verb:set package 'shell_planning' build argument 'cmake_args' from command line to 'None'
[1.048s] Level 5:colcon.colcon_core.verb:set package 'shell_planning' build argument 'cmake_target' from command line to 'None'
[1.048s] Level 5:colcon.colcon_core.verb:set package 'shell_planning' build argument 'cmake_target_skip_unavailable' from command line to 'False'
[1.048s] Level 5:colcon.colcon_core.verb:set package 'shell_planning' build argument 'cmake_clean_cache' from command line to 'False'
[1.048s] Level 5:colcon.colcon_core.verb:set package 'shell_planning' build argument 'cmake_clean_first' from command line to 'False'
[1.048s] Level 5:colcon.colcon_core.verb:set package 'shell_planning' build argument 'cmake_force_configure' from command line to 'False'
[1.048s] Level 5:colcon.colcon_core.verb:set package 'shell_planning' build argument 'ament_cmake_args' from command line to 'None'
[1.048s] Level 5:colcon.colcon_core.verb:set package 'shell_planning' build argument 'catkin_cmake_args' from command line to 'None'
[1.048s] Level 5:colcon.colcon_core.verb:set package 'shell_planning' build argument 'catkin_skip_building_tests' from command line to 'False'
[1.048s] DEBUG:colcon.colcon_core.verb:Building package 'shell_planning' with the following arguments: {'ament_cmake_args': None, 'build_base': '/home/esraamustafa/path_planning/Path_Planning_Shell_AI/ros2_sim/build/shell_planning', 'catkin_cmake_args': None, 'catkin_skip_building_tests': False, 'cmake_args': None, 'cmake_clean_cache': False, 'cmake_clean_first': False, 'cmake_force_configure': False, 'cmake_target': None, 'cmake_target_skip_unavailable': False, 'install_base': '/home/esraamustafa/path_planning/Path_Planning_Shell_AI/ros2_sim/install/shell_planning', 'merge_install': False, 'path': '/home/esraamustafa/path_planning/Path_Planning_Shell_AI/ros2_sim/src/shell_planning', 'symlink_install': True, 'test_result_base': None}
[1.048s] Level 5:colcon.colcon_core.verb:set package 'shell_test_nodes' build argument 'cmake_args' from command line to 'None'
[1.048s] Level 5:colcon.colcon_core.verb:set package 'shell_test_nodes' build argument 'cmake_target' from command line to 'None'
[1.048s] Level 5:colcon.colcon_core.verb:set package 'shell_test_nodes' build argument 'cmake_target_skip_unavailable' from command line to 'False'
[1.049s] Level 5:colcon.colcon_core.verb:set package 'shell_test_nodes' build argument 'cmake_clean_cache' from command line to 'False'
[1.049s] Level 5:colcon.colcon_core.verb:set package 'shell_test_nodes' build argument 'cmake_clean_first' from command line to 'False'
[1.049s] Level 5:colcon.colcon_core.verb:set package 'shell_test_nodes' build argument 'cmake_force_configure' from command line to 'False'
[1.049s] Level 5:colcon.colcon_core.verb:set package 'shell_test_nodes' build argument 'ament_cmake_args' from command line to 'None'
[1.049s] Level 5:colcon.colcon_core.verb:set package 'shell_test_nodes' build argument 'catkin_cmake_args' from command line to 'None'
[1.049s] Level 5:colcon.colcon_core.verb:set package 'shell_test_nodes' build argument 'catkin_skip_building_tests' from command line to 'False'
[1.049s] DEBUG:colcon.colcon_core.verb:Building package 'shell_test_nodes' with the following arguments: {'ament_cmake_args': None, 'build_base': '/home/esraamustafa/path_planning/Path_Planning_Shell_AI/ros2_sim/build/shell_test_nodes', 'catkin_cmake_args': None, 'catkin_skip_building_tests': False, 'cmake_args': None, 'cmake_clean_cache': False, 'cmake_clean_first': False, 'cmake_force_configure': False, 'cmake_target': None, 'cmake_target_skip_unavailable': False, 'install_base': '/home/esraamustafa/path_planning/Path_Planning_Shell_AI/ros2_sim/install/shell_test_nodes', 'merge_install': False, 'path': '/home/esraamustafa/path_planning/Path_Planning_Shell_AI/ros2_sim/src/shell_test_nodes', 'symlink_install': True, 'test_result_base': None}
[1.049s] Level 5:colcon.colcon_core.verb:set package 'shell_visualization' build argument 'cmake_args' from command line to 'None'
[1.049s] Level 5:colcon.colcon_core.verb:set package 'shell_visualization' build argument 'cmake_target' from command line to 'None'
[1.049s] Level 5:colcon.colcon_core.verb:set package 'shell_visualization' build argument 'cmake_target_skip_unavailable' from command line to 'False'
[1.049s] Level 5:colcon.colcon_core.verb:set package 'shell_visualization' build argument 'cmake_clean_cache' from command line to 'False'
[1.049s] Level 5:colcon.colcon_core.verb:set package 'shell_visualization' build argument 'cmake_clean_first' from command line to 'False'
[1.049s] Level 5:colcon.colcon_core.verb:set package 'shell_visualization' build argument 'cmake_force_configure' from command line to 'False'
[1.049s] Level 5:colcon.colcon_core.verb:set package 'shell_visualization' build argument 'ament_cmake_args' from command line to 'None'
[1.049s] Level 5:colcon.colcon_core.verb:set package 'shell_visualization' build argument 'catkin_cmake_args' from command line to 'None'
[1.049s] Level 5:colcon.colcon_core.verb:set package 'shell_visualization' build argument 'catkin_skip_building_tests' from command line to 'False'
[1.049s] DEBUG:colcon.colcon_core.verb:Building package 'shell_visualization' with the following arguments: {'ament_cmake_args': None, 'build_base': '/home/esraamustafa/path_planning/Path_Planning_Shell_AI/ros2_sim/build/shell_visualization', 'catkin_cmake_args': None, 'catkin_skip_building_tests': False, 'cmake_args': None, 'cmake_clean_cache': False, 'cmake_clean_first': False, 'cmake_force_configure': False, 'cmake_target': None, 'cmake_target_skip_unavailable': False, 'install_base': '/home/esraamustafa/path_planning/Path_Planning_Shell_AI/ros2_sim/install/shell_visualization', 'merge_install': False, 'path': '/home/esraamustafa/path_planning/Path_Planning_Shell_AI/ros2_sim/src/shell_visualization', 'symlink_install': True, 'test_result_base': None}
[1.049s] INFO:colcon.colcon_core.executor:Executing jobs using 'parallel' executor
[1.051s] DEBUG:colcon.colcon_parallel_executor.executor.parallel:run_until_complete
[1.052s] INFO:colcon.colcon_ros.task.ament_cmake.build:Building ROS package in '/home/esraamustafa/path_planning/Path_Planning_Shell_AI/ros2_sim/src/shell_interfaces' with build type 'ament_cmake'
[1.052s] INFO:colcon.colcon_cmake.task.cmake.build:Building CMake package in '/home/esraamustafa/path_planning/Path_Planning_Shell_AI/ros2_sim/src/shell_interfaces'
[1.056s] INFO:colcon.colcon_core.plugin_system:Skipping extension 'colcon_core.shell.bat': Not used on non-Windows systems
[1.056s] INFO:colcon.colcon_core.shell:Skip shell extension 'powershell' for command environment: Not usable outside of PowerShell
[1.056s] DEBUG:colcon.colcon_core.shell:Skip shell extension 'dsv' for command environment
[1.062s] INFO:colcon.colcon_ros.task.ament_python.build:Building ROS package in '/home/esraamustafa/path_planning/Path_Planning_Shell_AI/ros2_sim/src/shell_planning' with build type 'ament_python'
[1.063s] Level 1:colcon.colcon_core.shell:create_environment_hook('shell_planning', 'ament_prefix_path')
[1.063s] INFO:colcon.colcon_core.shell:Creating environment hook '/home/esraamustafa/path_planning/Path_Planning_Shell_AI/ros2_sim/install/shell_planning/share/shell_planning/hook/ament_prefix_path.ps1'
[1.065s] INFO:colcon.colcon_core.shell:Creating environment descriptor '/home/esraamustafa/path_planning/Path_Planning_Shell_AI/ros2_sim/install/shell_planning/share/shell_planning/hook/ament_prefix_path.dsv'
[1.066s] INFO:colcon.colcon_core.shell:Creating environment hook '/home/esraamustafa/path_planning/Path_Planning_Shell_AI/ros2_sim/install/shell_planning/share/shell_planning/hook/ament_prefix_path.sh'
[1.067s] INFO:colcon.colcon_core.shell:Skip shell extension 'powershell' for command environment: Not usable outside of PowerShell
[1.068s] DEBUG:colcon.colcon_core.shell:Skip shell extension 'dsv' for command environment
[1.097s] DEBUG:colcon.colcon_core.event_handler.log_command:Invoking command in '/home/esraamustafa/path_planning/Path_Planning_Shell_AI/ros2_sim/build/shell_interfaces': CMAKE_PREFIX_PATH=${CMAKE_PREFIX_PATH}:/home/esraamustafa/path_planning/Path_Planning_Shell_AI/ros2_sim/install/shell_visualization:/home/esraamustafa/path_planning/Path_Planning_Shell_AI/ros2_sim/install/shell_test_nodes:/home/esraamustafa/path_planning/Path_Planning_Shell_AI/ros2_sim/install/shell_planning:/opt/ros/humble /usr/bin/cmake --build /home/esraamustafa/path_planning/Path_Planning_Shell_AI/ros2_sim/build/shell_interfaces -- -j12 -l12
[2.230s] INFO:colcon.colcon_core.task.python.build:Building Python package in '/home/esraamustafa/path_planning/Path_Planning_Shell_AI/ros2_sim/src/shell_planning'
[2.231s] INFO:colcon.colcon_core.shell:Skip shell extension 'powershell' for command environment: Not usable outside of PowerShell
[2.231s] DEBUG:colcon.colcon_core.shell:Skip shell extension 'dsv' for command environment
[2.341s] DEBUG:colcon.colcon_core.event_handler.log_command:Invoked command in '/home/esraamustafa/path_planning/Path_Planning_Shell_AI/ros2_sim/build/shell_interfaces' returned '0': CMAKE_PREFIX_PATH=${CMAKE_PREFIX_PATH}:/home/esraamustafa/path_planning/Path_Planning_Shell_AI/ros2_sim/install/shell_visualization:/home/esraamustafa/path_planning/Path_Planning_Shell_AI/ros2_sim/install/shell_test_nodes:/home/esraamustafa/path_planning/Path_Planning_Shell_AI/ros2_sim/install/shell_planning:/opt/ros/humble /usr/bin/cmake --build /home/esraamustafa/path_planning/Path_Planning_Shell_AI/ros2_sim/build/shell_interfaces -- -j12 -l12
[2.365s] DEBUG:colcon.colcon_core.event_handler.log_command:Invoking command in '/home/esraamustafa/path_planning/Path_Planning_Shell_AI/ros2_sim/build/shell_interfaces': CMAKE_PREFIX_PATH=${CMAKE_PREFIX_PATH}:/home/esraamustafa/path_planning/Path_Planning_Shell_AI/ros2_sim/install/shell_visualization:/home/esraamustafa/path_planning/Path_Planning_Shell_AI/ros2_sim/install/shell_test_nodes:/home/esraamustafa/path_planning/Path_Planning_Shell_AI/ros2_sim/install/shell_planning:/opt/ros/humble /usr/bin/cmake --install /home/esraamustafa/path_planning/Path_Planning_Shell_AI/ros2_sim/build/shell_interfaces
[2.636s] Level 1:colcon.colcon_core.environment:create_environment_scripts_only(shell_interfaces)
[2.638s] DEBUG:colcon.colcon_core.event_handler.log_command:Invoked command in '/home/esraamustafa/path_planning/Path_Planning_Shell_AI/ros2_sim/build/shell_interfaces' returned '0': CMAKE_PREFIX_PATH=${CMAKE_PREFIX_PATH}:/home/esraamustafa/path_planning/Path_Planning_Shell_AI/ros2_sim/install/shell_visualization:/home/esraamustafa/path_planning/Path_Planning_Shell_AI/ros2_sim/install/shell_test_nodes:/home/esraamustafa/path_planning/Path_Planning_Shell_AI/ros2_sim/install/shell_planning:/opt/ros/humble /usr/bin/cmake --install /home/esraamustafa/path_planning/Path_Planning_Shell_AI/ros2_sim/build/shell_interfaces
[2.646s] Level 1:colcon.colcon_core.environment:checking '/home/esraamustafa/path_planning/Path_Planning_Shell_AI/ros2_sim/install/shell_interfaces' for CMake module files
[2.647s] Level 1:colcon.colcon_core.environment:checking '/home/esraamustafa/path_planning/Path_Planning_Shell_AI/ros2_sim/install/shell_interfaces' for CMake config files
[2.649s] Level 1:colcon.colcon_core.shell:create_environment_hook('shell_interfaces', 'cmake_prefix_path')
[2.650s] INFO:colcon.colcon_core.shell:Creating environment hook '/home/esraamustafa/path_planning/Path_Planning_Shell_AI/ros2_sim/install/shell_interfaces/share/shell_interfaces/hook/cmake_prefix_path.ps1'
[2.651s] INFO:colcon.colcon_core.shell:Creating environment descriptor '/home/esraamustafa/path_planning/Path_Planning_Shell_AI/ros2_sim/install/shell_interfaces/share/shell_interfaces/hook/cmake_prefix_path.dsv'
[2.652s] INFO:colcon.colcon_core.shell:Creating environment hook '/home/esraamustafa/path_planning/Path_Planning_Shell_AI/ros2_sim/install/shell_interfaces/share/shell_interfaces/hook/cmake_prefix_path.sh'
[2.653s] Level 1:colcon.colcon_core.environment:checking '/home/esraamustafa/path_planning/Path_Planning_Shell_AI/ros2_sim/install/shell_interfaces/lib'
[2.653s] Level 1:colcon.colcon_core.shell:create_environment_hook('shell_interfaces', 'ld_library_path_lib')
[2.654s] INFO:colcon.colcon_core.shell:Creating environment hook '/home/esraamustafa/path_planning/Path_Planning_Shell_AI/ros2_sim/install/shell_interfaces/share/shell_interfaces/hook/ld_library_path_lib.ps1'
[2.655s] INFO:colcon.colcon_core.shell:Creating environment descriptor '/home/esraamustafa/path_planning/Path_Planning_Shell_AI/ros2_sim/install/shell_interfaces/share/shell_interfaces/hook/ld_library_path_lib.dsv'
[2.656s] INFO:colcon.colcon_core.shell:Creating environment hook '/home/esraamustafa/path_planning/Path_Planning_Shell_AI/ros2_sim/install/shell_interfaces/share/shell_interfaces/hook/ld_library_path_lib.sh'
[2.657s] Level 1:colcon.colcon_core.environment:checking '/home/esraamustafa/path_planning/Path_Planning_Shell_AI/ros2_sim/install/shell_interfaces/bin'
[2.657s] Level 1:colcon.colcon_core.environment:checking '/home/esraamustafa/path_planning/Path_Planning_Shell_AI/ros2_sim/install/shell_interfaces/lib/pkgconfig/shell_interfaces.pc'
[2.658s] Level 1:colcon.colcon_core.environment:checking '/home/esraamustafa/path_planning/Path_Planning_Shell_AI/ros2_sim/install/shell_interfaces/lib/python3.10/site-packages'
[2.658s] Level 1:colcon.colcon_core.environment:checking '/home/esraamustafa/path_planning/Path_Planning_Shell_AI/ros2_sim/install/shell_interfaces/bin'
[2.659s] INFO:colcon.colcon_core.shell:Creating package script '/home/esraamustafa/path_planning/Path_Planning_Shell_AI/ros2_sim/install/shell_interfaces/share/shell_interfaces/package.ps1'
[2.661s] INFO:colcon.colcon_core.shell:Creating package descriptor '/home/esraamustafa/path_planning/Path_Planning_Shell_AI/ros2_sim/install/shell_interfaces/share/shell_interfaces/package.dsv'
[2.662s] INFO:colcon.colcon_core.shell:Creating package script '/home/esraamustafa/path_planning/Path_Planning_Shell_AI/ros2_sim/install/shell_interfaces/share/shell_interfaces/package.sh'
[2.664s] INFO:colcon.colcon_core.shell:Creating package script '/home/esraamustafa/path_planning/Path_Planning_Shell_AI/ros2_sim/install/shell_interfaces/share/shell_interfaces/package.bash'
[2.665s] INFO:colcon.colcon_core.shell:Creating package script '/home/esraamustafa/path_planning/Path_Planning_Shell_AI/ros2_sim/install/shell_interfaces/share/shell_interfaces/package.zsh'
[2.666s] Level 1:colcon.colcon_core.environment:create_file_with_runtime_dependencies(/home/esraamustafa/path_planning/Path_Planning_Shell_AI/ros2_sim/install/shell_interfaces/share/colcon-core/packages/shell_interfaces)
[2.667s] Level 1:colcon.colcon_core.environment:create_environment_scripts_only(shell_interfaces)
[2.668s] Level 1:colcon.colcon_core.environment:checking '/home/esraamustafa/path_planning/Path_Planning_Shell_AI/ros2_sim/install/shell_interfaces' for CMake module files
[2.670s] Level 1:colcon.colcon_core.environment:checking '/home/esraamustafa/path_planning/Path_Planning_Shell_AI/ros2_sim/install/shell_interfaces' for CMake config files
[2.673s] Level 1:colcon.colcon_core.shell:create_environment_hook('shell_interfaces', 'cmake_prefix_path')
[2.673s] INFO:colcon.colcon_core.shell:Creating environment hook '/home/esraamustafa/path_planning/Path_Planning_Shell_AI/ros2_sim/install/shell_interfaces/share/shell_interfaces/hook/cmake_prefix_path.ps1'
[2.676s] INFO:colcon.colcon_core.shell:Creating environment descriptor '/home/esraamustafa/path_planning/Path_Planning_Shell_AI/ros2_sim/install/shell_interfaces/share/shell_interfaces/hook/cmake_prefix_path.dsv'
[2.677s] INFO:colcon.colcon_core.shell:Creating environment hook '/home/esraamustafa/path_planning/Path_Planning_Shell_AI/ros2_sim/install/shell_interfaces/share/shell_interfaces/hook/cmake_prefix_path.sh'
[2.678s] Level 1:colcon.colcon_core.environment:checking '/home/esraamustafa/path_planning/Path_Planning_Shell_AI/ros2_sim/install/shell_interfaces/lib'
[2.679s] Level 1:colcon.colcon_core.shell:create_environment_hook('shell_interfaces', 'ld_library_path_lib')
[2.679s] INFO:colcon.colcon_core.shell:Creating environment hook '/home/esraamustafa/path_planning/Path_Planning_Shell_AI/ros2_sim/install/shell_interfaces/share/shell_interfaces/hook/ld_library_path_lib.ps1'
[2.680s] INFO:colcon.colcon_core.shell:Creating environment descriptor '/home/esraamustafa/path_planning/Path_Planning_Shell_AI/ros2_sim/install/shell_interfaces/share/shell_interfaces/hook/ld_library_path_lib.dsv'
[2.681s] INFO:colcon.colcon_core.shell:Creating environment hook '/home/esraamustafa/path_planning/Path_Planning_Shell_AI/ros2_sim/install/shell_interfaces/share/shell_interfaces/hook/ld_library_path_lib.sh'
[2.681s] Level 1:colcon.colcon_core.environment:checking '/home/esraamustafa/path_planning/Path_Planning_Shell_AI/ros2_sim/install/shell_interfaces/bin'
[2.682s] Level 1:colcon.colcon_core.environment:checking '/home/esraamustafa/path_planning/Path_Planning_Shell_AI/ros2_sim/install/shell_interfaces/lib/pkgconfig/shell_interfaces.pc'
[2.682s] Level 1:colcon.colcon_core.environment:checking '/home/esraamustafa/path_planning/Path_Planning_Shell_AI/ros2_sim/install/shell_interfaces/lib/python3.10/site-packages'
[2.683s] Level 1:colcon.colcon_core.environment:checking '/home/esraamustafa/path_planning/Path_Planning_Shell_AI/ros2_sim/install/shell_interfaces/bin'
[2.684s] INFO:colcon.colcon_core.shell:Creating package script '/home/esraamustafa/path_planning/Path_Planning_Shell_AI/ros2_sim/install/shell_interfaces/share/shell_interfaces/package.ps1'
[2.685s] INFO:colcon.colcon_core.shell:Creating package descriptor '/home/esraamustafa/path_planning/Path_Planning_Shell_AI/ros2_sim/install/shell_interfaces/share/shell_interfaces/package.dsv'
[2.686s] INFO:colcon.colcon_core.shell:Creating package script '/home/esraamustafa/path_planning/Path_Planning_Shell_AI/ros2_sim/install/shell_interfaces/share/shell_interfaces/package.sh'
[2.687s] INFO:colcon.colcon_core.shell:Creating package script '/home/esraamustafa/path_planning/Path_Planning_Shell_AI/ros2_sim/install/shell_interfaces/share/shell_interfaces/package.bash'
[2.687s] INFO:colcon.colcon_core.shell:Creating package script '/home/esraamustafa/path_planning/Path_Planning_Shell_AI/ros2_sim/install/shell_interfaces/share/shell_interfaces/package.zsh'
[2.688s] Level 1:colcon.colcon_core.environment:create_file_with_runtime_dependencies(/home/esraamustafa/path_planning/Path_Planning_Shell_AI/ros2_sim/install/shell_interfaces/share/colcon-core/packages/shell_interfaces)
[2.689s] INFO:colcon.colcon_ros.task.ament_python.build:Building ROS package in '/home/esraamustafa/path_planning/Path_Planning_Shell_AI/ros2_sim/src/shell_test_nodes' with build type 'ament_python'
[2.689s] Level 1:colcon.colcon_core.shell:create_environment_hook('shell_test_nodes', 'ament_prefix_path')
[2.689s] INFO:colcon.colcon_core.shell:Creating environment hook '/home/esraamustafa/path_planning/Path_Planning_Shell_AI/ros2_sim/install/shell_test_nodes/share/shell_test_nodes/hook/ament_prefix_path.ps1'
[2.692s] INFO:colcon.colcon_core.shell:Creating environment descriptor '/home/esraamustafa/path_planning/Path_Planning_Shell_AI/ros2_sim/install/shell_test_nodes/share/shell_test_nodes/hook/ament_prefix_path.dsv'
[2.693s] INFO:colcon.colcon_core.shell:Creating environment hook '/home/esraamustafa/path_planning/Path_Planning_Shell_AI/ros2_sim/install/shell_test_nodes/share/shell_test_nodes/hook/ament_prefix_path.sh'
[2.696s] INFO:colcon.colcon_core.shell:Skip shell extension 'powershell' for command environment: Not usable outside of PowerShell
[2.696s] DEBUG:colcon.colcon_core.shell:Skip shell extension 'dsv' for command environment
[2.710s] INFO:colcon.colcon_ros.task.ament_python.build:Building ROS package in '/home/esraamustafa/path_planning/Path_Planning_Shell_AI/ros2_sim/src/shell_visualization' with build type 'ament_python'
[2.711s] Level 1:colcon.colcon_core.shell:create_environment_hook('shell_visualization', 'ament_prefix_path')
[2.711s] INFO:colcon.colcon_core.shell:Creating environment hook '/home/esraamustafa/path_planning/Path_Planning_Shell_AI/ros2_sim/install/shell_visualization/share/shell_visualization/hook/ament_prefix_path.ps1'
[2.713s] INFO:colcon.colcon_core.shell:Creating environment descriptor '/home/esraamustafa/path_planning/Path_Planning_Shell_AI/ros2_sim/install/shell_visualization/share/shell_visualization/hook/ament_prefix_path.dsv'
[2.714s] INFO:colcon.colcon_core.shell:Creating environment hook '/home/esraamustafa/path_planning/Path_Planning_Shell_AI/ros2_sim/install/shell_visualization/share/shell_visualization/hook/ament_prefix_path.sh'
[2.717s] INFO:colcon.colcon_core.shell:Skip shell extension 'powershell' for command environment: Not usable outside of PowerShell
[2.717s] DEBUG:colcon.colcon_core.shell:Skip shell extension 'dsv' for command environment
[3.727s] WARNING:colcon.colcon_ros.task.ament_python.build:Package 'shell_test_nodes' doesn't explicitly install a marker in the package index (colcon-ros currently does it implicitly but that fallback will be removed in the future)
[3.728s] WARNING:colcon.colcon_ros.task.ament_python.build:Package 'shell_test_nodes' doesn't explicitly install the 'package.xml' file (colcon-ros currently does it implicitly but that fallback will be removed in the future)
[3.728s] INFO:colcon.colcon_core.task.python.build:Building Python package in '/home/esraamustafa/path_planning/Path_Planning_Shell_AI/ros2_sim/src/shell_test_nodes'
[3.729s] INFO:colcon.colcon_core.shell:Skip shell extension 'powershell' for command environment: Not usable outside of PowerShell
[3.729s] DEBUG:colcon.colcon_core.shell:Skip shell extension 'dsv' for command environment
[4.459s] INFO:colcon.colcon_core.task.python.build:Building Python package in '/home/esraamustafa/path_planning/Path_Planning_Shell_AI/ros2_sim/src/shell_visualization'
[4.459s] INFO:colcon.colcon_core.shell:Skip shell extension 'powershell' for command environment: Not usable outside of PowerShell
[4.459s] DEBUG:colcon.colcon_core.shell:Skip shell extension 'dsv' for command environment
[4.482s] DEBUG:colcon.colcon_core.event_handler.log_command:Invoking command in '/home/esraamustafa/path_planning/Path_Planning_Shell_AI/ros2_sim/build/shell_planning': PYTHONPATH=/home/esraamustafa/path_planning/Path_Planning_Shell_AI/ros2_sim/build/shell_planning/prefix_override:/usr/lib/python3/dist-packages/colcon_core/task/python/colcon_distutils_commands:/home/esraamustafa/path_planning/Path_Planning_Shell_AI/ros2_sim/install/shell_planning/lib/python3.10/site-packages:${PYTHONPATH} /usr/bin/python3 -W ignore:setup.py install is deprecated -W ignore:easy_install command is deprecated setup.py develop --editable --build-directory /home/esraamustafa/path_planning/Path_Planning_Shell_AI/ros2_sim/build/shell_planning/build --no-deps symlink_data
[5.700s] DEBUG:colcon.colcon_core.event_handler.log_command:Invoking command in '/home/esraamustafa/path_planning/Path_Planning_Shell_AI/ros2_sim/build/shell_test_nodes': PYTHONPATH=/home/esraamustafa/path_planning/Path_Planning_Shell_AI/ros2_sim/build/shell_test_nodes/prefix_override:/usr/lib/python3/dist-packages/colcon_core/task/python/colcon_distutils_commands:/home/esraamustafa/path_planning/Path_Planning_Shell_AI/ros2_sim/install/shell_test_nodes/lib/python3.10/site-packages:${PYTHONPATH} /usr/bin/python3 -W ignore:setup.py install is deprecated -W ignore:easy_install command is deprecated setup.py develop --editable --build-directory /home/esraamustafa/path_planning/Path_Planning_Shell_AI/ros2_sim/build/shell_test_nodes/build --no-deps
[6.072s] Level 1:colcon.colcon_core.shell:create_environment_hook('shell_planning', 'pythonpath_develop')
[6.073s] INFO:colcon.colcon_core.shell:Creating environment hook '/home/esraamustafa/path_planning/Path_Planning_Shell_AI/ros2_sim/build/shell_planning/share/shell_planning/hook/pythonpath_develop.ps1'
[6.074s] DEBUG:colcon.colcon_core.event_handler.log_command:Invoked command in '/home/esraamustafa/path_planning/Path_Planning_Shell_AI/ros2_sim/build/shell_planning' returned '0': PYTHONPATH=/home/esraamustafa/path_planning/Path_Planning_Shell_AI/ros2_sim/build/shell_planning/prefix_override:/usr/lib/python3/dist-packages/colcon_core/task/python/colcon_distutils_commands:/home/esraamustafa/path_planning/Path_Planning_Shell_AI/ros2_sim/install/shell_planning/lib/python3.10/site-packages:${PYTHONPATH} /usr/bin/python3 -W ignore:setup.py install is deprecated -W ignore:easy_install command is deprecated setup.py develop --editable --build-directory /home/esraamustafa/path_planning/Path_Planning_Shell_AI/ros2_sim/build/shell_planning/build --no-deps symlink_data
[6.076s] INFO:colcon.colcon_core.shell:Creating environment descriptor '/home/esraamustafa/path_planning/Path_Planning_Shell_AI/ros2_sim/build/shell_planning/share/shell_planning/hook/pythonpath_develop.dsv'
[6.078s] INFO:colcon.colcon_core.shell:Creating environment hook '/home/esraamustafa/path_planning/Path_Planning_Shell_AI/ros2_sim/build/shell_planning/share/shell_planning/hook/pythonpath_develop.sh'
[6.080s] Level 1:colcon.colcon_core.environment:checking '/home/esraamustafa/path_planning/Path_Planning_Shell_AI/ros2_sim/install/shell_planning' for CMake module files
[6.081s] Level 1:colcon.colcon_core.environment:checking '/home/esraamustafa/path_planning/Path_Planning_Shell_AI/ros2_sim/install/shell_planning' for CMake config files
[6.083s] Level 1:colcon.colcon_core.environment:checking '/home/esraamustafa/path_planning/Path_Planning_Shell_AI/ros2_sim/install/shell_planning/lib'
[6.083s] Level 1:colcon.colcon_core.environment:checking '/home/esraamustafa/path_planning/Path_Planning_Shell_AI/ros2_sim/install/shell_planning/bin'
[6.083s] Level 1:colcon.colcon_core.environment:checking '/home/esraamustafa/path_planning/Path_Planning_Shell_AI/ros2_sim/install/shell_planning/lib/pkgconfig/shell_planning.pc'
[6.084s] Level 1:colcon.colcon_core.environment:checking '/home/esraamustafa/path_planning/Path_Planning_Shell_AI/ros2_sim/install/shell_planning/lib/python3.10/site-packages'
[6.085s] Level 1:colcon.colcon_core.shell:create_environment_hook('shell_planning', 'pythonpath')
[6.085s] INFO:colcon.colcon_core.shell:Creating environment hook '/home/esraamustafa/path_planning/Path_Planning_Shell_AI/ros2_sim/install/shell_planning/share/shell_planning/hook/pythonpath.ps1'
[6.087s] INFO:colcon.colcon_core.shell:Creating environment descriptor '/home/esraamustafa/path_planning/Path_Planning_Shell_AI/ros2_sim/install/shell_planning/share/shell_planning/hook/pythonpath.dsv'
[6.089s] INFO:colcon.colcon_core.shell:Creating environment hook '/home/esraamustafa/path_planning/Path_Planning_Shell_AI/ros2_sim/install/shell_planning/share/shell_planning/hook/pythonpath.sh'
[6.091s] Level 1:colcon.colcon_core.environment:checking '/home/esraamustafa/path_planning/Path_Planning_Shell_AI/ros2_sim/install/shell_planning/bin'
[6.092s] Level 1:colcon.colcon_core.environment:create_environment_scripts_only(shell_planning)
[6.093s] INFO:colcon.colcon_core.shell:Creating package script '/home/esraamustafa/path_planning/Path_Planning_Shell_AI/ros2_sim/install/shell_planning/share/shell_planning/package.ps1'
[6.095s] INFO:colcon.colcon_core.shell:Creating package descriptor '/home/esraamustafa/path_planning/Path_Planning_Shell_AI/ros2_sim/install/shell_planning/share/shell_planning/package.dsv'
[6.096s] INFO:colcon.colcon_core.shell:Creating package script '/home/esraamustafa/path_planning/Path_Planning_Shell_AI/ros2_sim/install/shell_planning/share/shell_planning/package.sh'
[6.098s] INFO:colcon.colcon_core.shell:Creating package script '/home/esraamustafa/path_planning/Path_Planning_Shell_AI/ros2_sim/install/shell_planning/share/shell_planning/package.bash'
[6.100s] INFO:colcon.colcon_core.shell:Creating package script '/home/esraamustafa/path_planning/Path_Planning_Shell_AI/ros2_sim/install/shell_planning/share/shell_planning/package.zsh'
[6.101s] Level 1:colcon.colcon_core.environment:create_file_with_runtime_dependencies(/home/esraamustafa/path_planning/Path_Planning_Shell_AI/ros2_sim/install/shell_planning/share/colcon-core/packages/shell_planning)
[6.417s] DEBUG:colcon.colcon_core.event_handler.log_command:Invoking command in '/home/esraamustafa/path_planning/Path_Planning_Shell_AI/ros2_sim/build/shell_visualization': PYTHONPATH=/home/esraamustafa/path_planning/Path_Planning_Shell_AI/ros2_sim/build/shell_visualization/prefix_override:/usr/lib/python3/dist-packages/colcon_core/task/python/colcon_distutils_commands:/home/esraamustafa/path_planning/Path_Planning_Shell_AI/ros2_sim/install/shell_visualization/lib/python3.10/site-packages:${PYTHONPATH} /usr/bin/python3 -W ignore:setup.py install is deprecated -W ignore:easy_install command is deprecated setup.py develop --editable --build-directory /home/esraamustafa/path_planning/Path_Planning_Shell_AI/ros2_sim/build/shell_visualization/build --no-deps symlink_data
[7.474s] Level 1:colcon.colcon_core.shell:create_environment_hook('shell_test_nodes', 'pythonpath_develop')
[7.476s] INFO:colcon.colcon_core.shell:Creating environment hook '/home/esraamustafa/path_planning/Path_Planning_Shell_AI/ros2_sim/build/shell_test_nodes/share/shell_test_nodes/hook/pythonpath_develop.ps1'
[7.477s] DEBUG:colcon.colcon_core.event_handler.log_command:Invoked command in '/home/esraamustafa/path_planning/Path_Planning_Shell_AI/ros2_sim/build/shell_test_nodes' returned '0': PYTHONPATH=/home/esraamustafa/path_planning/Path_Planning_Shell_AI/ros2_sim/build/shell_test_nodes/prefix_override:/usr/lib/python3/dist-packages/colcon_core/task/python/colcon_distutils_commands:/home/esraamustafa/path_planning/Path_Planning_Shell_AI/ros2_sim/install/shell_test_nodes/lib/python3.10/site-packages:${PYTHONPATH} /usr/bin/python3 -W ignore:setup.py install is deprecated -W ignore:easy_install command is deprecated setup.py develop --editable --build-directory /home/esraamustafa/path_planning/Path_Planning_Shell_AI/ros2_sim/build/shell_test_nodes/build --no-deps
[7.479s] INFO:colcon.colcon_core.shell:Creating environment descriptor '/home/esraamustafa/path_planning/Path_Planning_Shell_AI/ros2_sim/build/shell_test_nodes/share/shell_test_nodes/hook/pythonpath_develop.dsv'
[7.481s] INFO:colcon.colcon_core.shell:Creating environment hook '/home/esraamustafa/path_planning/Path_Planning_Shell_AI/ros2_sim/build/shell_test_nodes/share/shell_test_nodes/hook/pythonpath_develop.sh'
[7.484s] Level 1:colcon.colcon_core.environment:checking '/home/esraamustafa/path_planning/Path_Planning_Shell_AI/ros2_sim/install/shell_test_nodes' for CMake module files
[7.485s] Level 1:colcon.colcon_core.environment:checking '/home/esraamustafa/path_planning/Path_Planning_Shell_AI/ros2_sim/install/shell_test_nodes' for CMake config files
[7.486s] Level 1:colcon.colcon_core.environment:checking '/home/esraamustafa/path_planning/Path_Planning_Shell_AI/ros2_sim/install/shell_test_nodes/lib'
[7.487s] Level 1:colcon.colcon_core.environment:checking '/home/esraamustafa/path_planning/Path_Planning_Shell_AI/ros2_sim/install/shell_test_nodes/bin'
[7.487s] Level 1:colcon.colcon_core.environment:checking '/home/esraamustafa/path_planning/Path_Planning_Shell_AI/ros2_sim/install/shell_test_nodes/lib/pkgconfig/shell_test_nodes.pc'
[7.487s] Level 1:colcon.colcon_core.environment:checking '/home/esraamustafa/path_planning/Path_Planning_Shell_AI/ros2_sim/install/shell_test_nodes/lib/python3.10/site-packages'
[7.488s] Level 1:colcon.colcon_core.shell:create_environment_hook('shell_test_nodes', 'pythonpath')
[7.489s] INFO:colcon.colcon_core.shell:Creating environment hook '/home/esraamustafa/path_planning/Path_Planning_Shell_AI/ros2_sim/install/shell_test_nodes/share/shell_test_nodes/hook/pythonpath.ps1'
[7.491s] INFO:colcon.colcon_core.shell:Creating environment descriptor '/home/esraamustafa/path_planning/Path_Planning_Shell_AI/ros2_sim/install/shell_test_nodes/share/shell_test_nodes/hook/pythonpath.dsv'
[7.492s] INFO:colcon.colcon_core.shell:Creating environment hook '/home/esraamustafa/path_planning/Path_Planning_Shell_AI/ros2_sim/install/shell_test_nodes/share/shell_test_nodes/hook/pythonpath.sh'
[7.494s] Level 1:colcon.colcon_core.environment:checking '/home/esraamustafa/path_planning/Path_Planning_Shell_AI/ros2_sim/install/shell_test_nodes/bin'
[7.494s] Level 1:colcon.colcon_core.environment:create_environment_scripts_only(shell_test_nodes)
[7.495s] INFO:colcon.colcon_core.shell:Creating package script '/home/esraamustafa/path_planning/Path_Planning_Shell_AI/ros2_sim/install/shell_test_nodes/share/shell_test_nodes/package.ps1'
[7.497s] INFO:colcon.colcon_core.shell:Creating package descriptor '/home/esraamustafa/path_planning/Path_Planning_Shell_AI/ros2_sim/install/shell_test_nodes/share/shell_test_nodes/package.dsv'
[7.498s] INFO:colcon.colcon_core.shell:Creating package script '/home/esraamustafa/path_planning/Path_Planning_Shell_AI/ros2_sim/install/shell_test_nodes/share/shell_test_nodes/package.sh'
[7.500s] INFO:colcon.colcon_core.shell:Creating package script '/home/esraamustafa/path_planning/Path_Planning_Shell_AI/ros2_sim/install/shell_test_nodes/share/shell_test_nodes/package.bash'
[7.501s] INFO:colcon.colcon_core.shell:Creating package script '/home/esraamustafa/path_planning/Path_Planning_Shell_AI/ros2_sim/install/shell_test_nodes/share/shell_test_nodes/package.zsh'
[7.503s] Level 1:colcon.colcon_core.environment:create_file_with_runtime_dependencies(/home/esraamustafa/path_planning/Path_Planning_Shell_AI/ros2_sim/install/shell_test_nodes/share/colcon-core/packages/shell_test_nodes)
[7.972s] Level 1:colcon.colcon_core.shell:create_environment_hook('shell_visualization', 'pythonpath_develop')
[7.973s] INFO:colcon.colcon_core.shell:Creating environment hook '/home/esraamustafa/path_planning/Path_Planning_Shell_AI/ros2_sim/build/shell_visualization/share/shell_visualization/hook/pythonpath_develop.ps1'
[7.975s] DEBUG:colcon.colcon_core.event_handler.log_command:Invoked command in '/home/esraamustafa/path_planning/Path_Planning_Shell_AI/ros2_sim/build/shell_visualization' returned '0': PYTHONPATH=/home/esraamustafa/path_planning/Path_Planning_Shell_AI/ros2_sim/build/shell_visualization/prefix_override:/usr/lib/python3/dist-packages/colcon_core/task/python/colcon_distutils_commands:/home/esraamustafa/path_planning/Path_Planning_Shell_AI/ros2_sim/install/shell_visualization/lib/python3.10/site-packages:${PYTHONPATH} /usr/bin/python3 -W ignore:setup.py install is deprecated -W ignore:easy_install command is deprecated setup.py develop --editable --build-directory /home/esraamustafa/path_planning/Path_Planning_Shell_AI/ros2_sim/build/shell_visualization/build --no-deps symlink_data
[7.976s] INFO:colcon.colcon_core.shell:Creating environment descriptor '/home/esraamustafa/path_planning/Path_Planning_Shell_AI/ros2_sim/build/shell_visualization/share/shell_visualization/hook/pythonpath_develop.dsv'
[7.978s] INFO:colcon.colcon_core.shell:Creating environment hook '/home/esraamustafa/path_planning/Path_Planning_Shell_AI/ros2_sim/build/shell_visualization/share/shell_visualization/hook/pythonpath_develop.sh'
[7.979s] Level 1:colcon.colcon_core.environment:checking '/home/esraamustafa/path_planning/Path_Planning_Shell_AI/ros2_sim/install/shell_visualization' for CMake module files
[7.980s] Level 1:colcon.colcon_core.environment:checking '/home/esraamustafa/path_planning/Path_Planning_Shell_AI/ros2_sim/install/shell_visualization' for CMake config files
[7.981s] Level 1:colcon.colcon_core.environment:checking '/home/esraamustafa/path_planning/Path_Planning_Shell_AI/ros2_sim/install/shell_visualization/lib'
[7.981s] Level 1:colcon.colcon_core.environment:checking '/home/esraamustafa/path_planning/Path_Planning_Shell_AI/ros2_sim/install/shell_visualization/bin'
[7.981s] Level 1:colcon.colcon_core.environment:checking '/home/esraamustafa/path_planning/Path_Planning_Shell_AI/ros2_sim/install/shell_visualization/lib/pkgconfig/shell_visualization.pc'
[7.982s] Level 1:colcon.colcon_core.environment:checking '/home/esraamustafa/path_planning/Path_Planning_Shell_AI/ros2_sim/install/shell_visualization/lib/python3.10/site-packages'
[7.982s] Level 1:colcon.colcon_core.shell:create_environment_hook('shell_visualization', 'pythonpath')
[7.983s] INFO:colcon.colcon_core.shell:Creating environment hook '/home/esraamustafa/path_planning/Path_Planning_Shell_AI/ros2_sim/install/shell_visualization/share/shell_visualization/hook/pythonpath.ps1'
[7.984s] INFO:colcon.colcon_core.shell:Creating environment descriptor '/home/esraamustafa/path_planning/Path_Planning_Shell_AI/ros2_sim/install/shell_visualization/share/shell_visualization/hook/pythonpath.dsv'
[7.986s] INFO:colcon.colcon_core.shell:Creating environment hook '/home/esraamustafa/path_planning/Path_Planning_Shell_AI/ros2_sim/install/shell_visualization/share/shell_visualization/hook/pythonpath.sh'
[7.988s] Level 1:colcon.colcon_core.environment:checking '/home/esraamustafa/path_planning/Path_Planning_Shell_AI/ros2_sim/install/shell_visualization/bin'
[7.988s] Level 1:colcon.colcon_core.environment:create_environment_scripts_only(shell_visualization)
[7.989s] INFO:colcon.colcon_core.shell:Creating package script '/home/esraamustafa/path_planning/Path_Planning_Shell_AI/ros2_sim/install/shell_visualization/share/shell_visualization/package.ps1'
[7.990s] INFO:colcon.colcon_core.shell:Creating package descriptor '/home/esraamustafa/path_planning/Path_Planning_Shell_AI/ros2_sim/install/shell_visualization/share/shell_visualization/package.dsv'
[7.991s] INFO:colcon.colcon_core.shell:Creating package script '/home/esraamustafa/path_planning/Path_Planning_Shell_AI/ros2_sim/install/shell_visualization/share/shell_visualization/package.sh'
[7.992s] INFO:colcon.colcon_core.shell:Creating package script '/home/esraamustafa/path_planning/Path_Planning_Shell_AI/ros2_sim/install/shell_visualization/share/shell_visualization/package.bash'
[7.993s] INFO:colcon.colcon_core.shell:Creating package script '/home/esraamustafa/path_planning/Path_Planning_Shell_AI/ros2_sim/install/shell_visualization/share/shell_visualization/package.zsh'
[7.994s] Level 1:colcon.colcon_core.environment:create_file_with_runtime_dependencies(/home/esraamustafa/path_planning/Path_Planning_Shell_AI/ros2_sim/install/shell_visualization/share/colcon-core/packages/shell_visualization)
[7.995s] DEBUG:colcon.colcon_parallel_executor.executor.parallel:closing loop
[7.996s] DEBUG:colcon.colcon_parallel_executor.executor.parallel:loop closed
[7.997s] DEBUG:colcon.colcon_parallel_executor.executor.parallel:run_until_complete finished with '0'
[7.997s] DEBUG:colcon.colcon_core.event_reactor:joining thread
[8.231s] INFO:colcon.colcon_core.plugin_system:Skipping extension 'colcon_notification.desktop_notification.notify_send': Could not find 'notify-send'
[8.231s] INFO:colcon.colcon_core.plugin_system:Skipping extension 'colcon_notification.desktop_notification.terminal_notifier': Not used on non-Darwin systems
[8.231s] INFO:colcon.colcon_core.plugin_system:Skipping extension 'colcon_notification.desktop_notification.win32': Not used on non-Windows systems
[8.231s] INFO:colcon.colcon_notification.desktop_notification:Sending desktop notification using 'notify2'
[8.231s] DEBUG:colcon.colcon_notification.desktop_notification.notify2:Failed to initialize notify2: org.freedesktop.DBus.Error.FileNotFound: Failed to connect to socket /run/user/1000/bus: No such file or directory
[8.232s] DEBUG:colcon.colcon_core.event_reactor:joined thread
[8.232s] INFO:colcon.colcon_core.shell:Creating prefix script '/home/esraamustafa/path_planning/Path_Planning_Shell_AI/ros2_sim/install/local_setup.ps1'
[8.234s] INFO:colcon.colcon_core.shell:Creating prefix util module '/home/esraamustafa/path_planning/Path_Planning_Shell_AI/ros2_sim/install/_local_setup_util_ps1.py'
[8.235s] INFO:colcon.colcon_core.shell:Creating prefix chain script '/home/esraamustafa/path_planning/Path_Planning_Shell_AI/ros2_sim/install/setup.ps1'
[8.237s] INFO:colcon.colcon_core.shell:Creating prefix script '/home/esraamustafa/path_planning/Path_Planning_Shell_AI/ros2_sim/install/local_setup.sh'
[8.238s] INFO:colcon.colcon_core.shell:Creating prefix util module '/home/esraamustafa/path_planning/Path_Planning_Shell_AI/ros2_sim/install/_local_setup_util_sh.py'
[8.238s] INFO:colcon.colcon_core.shell:Creating prefix chain script '/home/esraamustafa/path_planning/Path_Planning_Shell_AI/ros2_sim/install/setup.sh'
[8.240s] INFO:colcon.colcon_core.shell:Creating prefix script '/home/esraamustafa/path_planning/Path_Planning_Shell_AI/ros2_sim/install/local_setup.bash'
[8.241s] INFO:colcon.colcon_core.shell:Creating prefix chain script '/home/esraamustafa/path_planning/Path_Planning_Shell_AI/ros2_sim/install/setup.bash'
[8.243s] INFO:colcon.colcon_core.shell:Creating prefix script '/home/esraamustafa/path_planning/Path_Planning_Shell_AI/ros2_sim/install/local_setup.zsh'
[8.244s] INFO:colcon.colcon_core.shell:Creating prefix chain script '/home/esraamustafa/path_planning/Path_Planning_Shell_AI/ros2_sim/install/setup.zsh'
