[1.272s] Invoking command in '/home/esraamustafa/Path_Planning_Shell_AI/ros2_sim/src/shell_visualization': PYTHONPATH=/home/esraamustafa/Path_Planning_Shell_AI/ros2_sim/build/shell_visualization/prefix_override:/usr/lib/python3/dist-packages/colcon_core/task/python/colcon_distutils_commands:/home/esraamustafa/Path_Planning_Shell_AI/ros2_sim/install/shell_visualization/lib/python3.10/site-packages:${PYTHONPATH} /usr/bin/python3 -W ignore:setup.py install is deprecated -W ignore:easy_install command is deprecated setup.py egg_info --egg-base ../../build/shell_visualization build --build-base /home/esraamustafa/Path_Planning_Shell_AI/ros2_sim/build/shell_visualization/build install --record /home/esraamustafa/Path_Planning_Shell_AI/ros2_sim/build/shell_visualization/install.log --single-version-externally-managed install_data
[1.516s] running egg_info
[1.517s] writing ../../build/shell_visualization/shell_visualization.egg-info/PKG-INFO
[1.517s] writing dependency_links to ../../build/shell_visualization/shell_visualization.egg-info/dependency_links.txt
[1.518s] writing entry points to ../../build/shell_visualization/shell_visualization.egg-info/entry_points.txt
[1.518s] writing requirements to ../../build/shell_visualization/shell_visualization.egg-info/requires.txt
[1.518s] writing top-level names to ../../build/shell_visualization/shell_visualization.egg-info/top_level.txt
[1.520s] reading manifest file '../../build/shell_visualization/shell_visualization.egg-info/SOURCES.txt'
[1.521s] writing manifest file '../../build/shell_visualization/shell_visualization.egg-info/SOURCES.txt'
[1.521s] running build
[1.521s] running build_py
[1.522s] copying shell_visualization/planner_visualizer.py -> /home/esraamustafa/Path_Planning_Shell_AI/ros2_sim/build/shell_visualization/build/lib/shell_visualization
[1.522s] running install
[1.522s] running install_lib
[1.523s] copying /home/esraamustafa/Path_Planning_Shell_AI/ros2_sim/build/shell_visualization/build/lib/shell_visualization/planner_visualizer.py -> /home/esraamustafa/Path_Planning_Shell_AI/ros2_sim/install/shell_visualization/lib/python3.10/site-packages/shell_visualization
[1.524s] byte-compiling /home/esraamustafa/Path_Planning_Shell_AI/ros2_sim/install/shell_visualization/lib/python3.10/site-packages/shell_visualization/planner_visualizer.py to planner_visualizer.cpython-310.pyc
[1.525s] running install_data
[1.525s] running install_egg_info
[1.527s] removing '/home/esraamustafa/Path_Planning_Shell_AI/ros2_sim/install/shell_visualization/lib/python3.10/site-packages/shell_visualization-0.0.0-py3.10.egg-info' (and everything under it)
[1.528s] Copying ../../build/shell_visualization/shell_visualization.egg-info to /home/esraamustafa/Path_Planning_Shell_AI/ros2_sim/install/shell_visualization/lib/python3.10/site-packages/shell_visualization-0.0.0-py3.10.egg-info
[1.531s] running install_scripts
[1.558s] Installing planner_visualizer script to /home/esraamustafa/Path_Planning_Shell_AI/ros2_sim/install/shell_visualization/lib/shell_visualization
[1.558s] writing list of installed files to '/home/esraamustafa/Path_Planning_Shell_AI/ros2_sim/build/shell_visualization/install.log'
[1.587s] Invoked command in '/home/esraamustafa/Path_Planning_Shell_AI/ros2_sim/src/shell_visualization' returned '0': PYTHONPATH=/home/esraamustafa/Path_Planning_Shell_AI/ros2_sim/build/shell_visualization/prefix_override:/usr/lib/python3/dist-packages/colcon_core/task/python/colcon_distutils_commands:/home/esraamustafa/Path_Planning_Shell_AI/ros2_sim/install/shell_visualization/lib/python3.10/site-packages:${PYTHONPATH} /usr/bin/python3 -W ignore:setup.py install is deprecated -W ignore:easy_install command is deprecated setup.py egg_info --egg-base ../../build/shell_visualization build --build-base /home/esraamustafa/Path_Planning_Shell_AI/ros2_sim/build/shell_visualization/build install --record /home/esraamustafa/Path_Planning_Shell_AI/ros2_sim/build/shell_visualization/install.log --single-version-externally-managed install_data
