running egg_info
creating ../../build/shell_visualization/shell_visualization.egg-info
writing ../../build/shell_visualization/shell_visualization.egg-info/PKG-INFO
writing dependency_links to ../../build/shell_visualization/shell_visualization.egg-info/dependency_links.txt
writing entry points to ../../build/shell_visualization/shell_visualization.egg-info/entry_points.txt
writing requirements to ../../build/shell_visualization/shell_visualization.egg-info/requires.txt
writing top-level names to ../../build/shell_visualization/shell_visualization.egg-info/top_level.txt
writing manifest file '../../build/shell_visualization/shell_visualization.egg-info/SOURCES.txt'
reading manifest file '../../build/shell_visualization/shell_visualization.egg-info/SOURCES.txt'
writing manifest file '../../build/shell_visualization/shell_visualization.egg-info/SOURCES.txt'
running build
running build_py
creating /home/esraamustafa/Path_Planning_Shell_AI/ros2_sim/build/shell_visualization/build
creating /home/esraamustafa/Path_Planning_Shell_AI/ros2_sim/build/shell_visualization/build/lib
creating /home/esraamustafa/Path_Planning_Shell_AI/ros2_sim/build/shell_visualization/build/lib/shell_visualization
copying shell_visualization/__init__.py -> /home/esraamustafa/Path_Planning_Shell_AI/ros2_sim/build/shell_visualization/build/lib/shell_visualization
copying shell_visualization/planner_visualizer.py -> /home/esraamustafa/Path_Planning_Shell_AI/ros2_sim/build/shell_visualization/build/lib/shell_visualization
running install
running install_lib
creating /home/esraamustafa/Path_Planning_Shell_AI/ros2_sim/install/shell_visualization/lib/python3.10/site-packages/shell_visualization
copying /home/esraamustafa/Path_Planning_Shell_AI/ros2_sim/build/shell_visualization/build/lib/shell_visualization/__init__.py -> /home/esraamustafa/Path_Planning_Shell_AI/ros2_sim/install/shell_visualization/lib/python3.10/site-packages/shell_visualization
copying /home/esraamustafa/Path_Planning_Shell_AI/ros2_sim/build/shell_visualization/build/lib/shell_visualization/planner_visualizer.py -> /home/esraamustafa/Path_Planning_Shell_AI/ros2_sim/install/shell_visualization/lib/python3.10/site-packages/shell_visualization
byte-compiling /home/esraamustafa/Path_Planning_Shell_AI/ros2_sim/install/shell_visualization/lib/python3.10/site-packages/shell_visualization/__init__.py to __init__.cpython-310.pyc
byte-compiling /home/esraamustafa/Path_Planning_Shell_AI/ros2_sim/install/shell_visualization/lib/python3.10/site-packages/shell_visualization/planner_visualizer.py to planner_visualizer.cpython-310.pyc
running install_data
creating /home/esraamustafa/Path_Planning_Shell_AI/ros2_sim/install/shell_visualization/share/ament_index
creating /home/esraamustafa/Path_Planning_Shell_AI/ros2_sim/install/shell_visualization/share/ament_index/resource_index
creating /home/esraamustafa/Path_Planning_Shell_AI/ros2_sim/install/shell_visualization/share/ament_index/resource_index/packages
copying resource/shell_visualization -> /home/esraamustafa/Path_Planning_Shell_AI/ros2_sim/install/shell_visualization/share/ament_index/resource_index/packages
copying package.xml -> /home/esraamustafa/Path_Planning_Shell_AI/ros2_sim/install/shell_visualization/share/shell_visualization
running install_egg_info
Copying ../../build/shell_visualization/shell_visualization.egg-info to /home/esraamustafa/Path_Planning_Shell_AI/ros2_sim/install/shell_visualization/lib/python3.10/site-packages/shell_visualization-0.0.0-py3.10.egg-info
running install_scripts
writing list of installed files to '/home/esraamustafa/Path_Planning_Shell_AI/ros2_sim/build/shell_visualization/install.log'
