[2.892s] Invoking command in '/home/esraamustafa/Path_Planning_Shell_AI/ros2_sim/src/shell_visualization': PYTHONPATH=/home/esraamustafa/Path_Planning_Shell_AI/ros2_sim/build/shell_visualization/prefix_override:/usr/lib/python3/dist-packages/colcon_core/task/python/colcon_distutils_commands:/home/esraamustafa/Path_Planning_Shell_AI/ros2_sim/install/shell_visualization/lib/python3.10/site-packages:${PYTHONPATH} /usr/bin/python3 -W ignore:setup.py install is deprecated -W ignore:easy_install command is deprecated setup.py egg_info --egg-base ../../build/shell_visualization build --build-base /home/esraamustafa/Path_Planning_Shell_AI/ros2_sim/build/shell_visualization/build install --record /home/esraamustafa/Path_Planning_Shell_AI/ros2_sim/build/shell_visualization/install.log --single-version-externally-managed install_data
[3.274s] running egg_info
[3.275s] creating ../../build/shell_visualization/shell_visualization.egg-info
[3.276s] writing ../../build/shell_visualization/shell_visualization.egg-info/PKG-INFO
[3.277s] writing dependency_links to ../../build/shell_visualization/shell_visualization.egg-info/dependency_links.txt
[3.277s] writing entry points to ../../build/shell_visualization/shell_visualization.egg-info/entry_points.txt
[3.277s] writing requirements to ../../build/shell_visualization/shell_visualization.egg-info/requires.txt
[3.277s] writing top-level names to ../../build/shell_visualization/shell_visualization.egg-info/top_level.txt
[3.277s] writing manifest file '../../build/shell_visualization/shell_visualization.egg-info/SOURCES.txt'
[3.280s] reading manifest file '../../build/shell_visualization/shell_visualization.egg-info/SOURCES.txt'
[3.281s] writing manifest file '../../build/shell_visualization/shell_visualization.egg-info/SOURCES.txt'
[3.281s] running build
[3.282s] running build_py
[3.282s] creating /home/esraamustafa/Path_Planning_Shell_AI/ros2_sim/build/shell_visualization/build
[3.283s] creating /home/esraamustafa/Path_Planning_Shell_AI/ros2_sim/build/shell_visualization/build/lib
[3.283s] creating /home/esraamustafa/Path_Planning_Shell_AI/ros2_sim/build/shell_visualization/build/lib/shell_visualization
[3.284s] copying shell_visualization/__init__.py -> /home/esraamustafa/Path_Planning_Shell_AI/ros2_sim/build/shell_visualization/build/lib/shell_visualization
[3.284s] copying shell_visualization/planner_visualizer.py -> /home/esraamustafa/Path_Planning_Shell_AI/ros2_sim/build/shell_visualization/build/lib/shell_visualization
[3.284s] running install
[3.284s] running install_lib
[3.285s] creating /home/esraamustafa/Path_Planning_Shell_AI/ros2_sim/install/shell_visualization/lib/python3.10/site-packages/shell_visualization
[3.285s] copying /home/esraamustafa/Path_Planning_Shell_AI/ros2_sim/build/shell_visualization/build/lib/shell_visualization/__init__.py -> /home/esraamustafa/Path_Planning_Shell_AI/ros2_sim/install/shell_visualization/lib/python3.10/site-packages/shell_visualization
[3.285s] copying /home/esraamustafa/Path_Planning_Shell_AI/ros2_sim/build/shell_visualization/build/lib/shell_visualization/planner_visualizer.py -> /home/esraamustafa/Path_Planning_Shell_AI/ros2_sim/install/shell_visualization/lib/python3.10/site-packages/shell_visualization
[3.287s] byte-compiling /home/esraamustafa/Path_Planning_Shell_AI/ros2_sim/install/shell_visualization/lib/python3.10/site-packages/shell_visualization/__init__.py to __init__.cpython-310.pyc
[3.288s] byte-compiling /home/esraamustafa/Path_Planning_Shell_AI/ros2_sim/install/shell_visualization/lib/python3.10/site-packages/shell_visualization/planner_visualizer.py to planner_visualizer.cpython-310.pyc
[3.288s] running install_data
[3.289s] creating /home/esraamustafa/Path_Planning_Shell_AI/ros2_sim/install/shell_visualization/share/ament_index
[3.289s] creating /home/esraamustafa/Path_Planning_Shell_AI/ros2_sim/install/shell_visualization/share/ament_index/resource_index
[3.290s] creating /home/esraamustafa/Path_Planning_Shell_AI/ros2_sim/install/shell_visualization/share/ament_index/resource_index/packages
[3.291s] copying resource/shell_visualization -> /home/esraamustafa/Path_Planning_Shell_AI/ros2_sim/install/shell_visualization/share/ament_index/resource_index/packages
[3.291s] copying package.xml -> /home/esraamustafa/Path_Planning_Shell_AI/ros2_sim/install/shell_visualization/share/shell_visualization
[3.291s] running install_egg_info
[3.294s] Copying ../../build/shell_visualization/shell_visualization.egg-info to /home/esraamustafa/Path_Planning_Shell_AI/ros2_sim/install/shell_visualization/lib/python3.10/site-packages/shell_visualization-0.0.0-py3.10.egg-info
[3.296s] running install_scripts
[3.332s] writing list of installed files to '/home/esraamustafa/Path_Planning_Shell_AI/ros2_sim/build/shell_visualization/install.log'
[3.388s] Invoked command in '/home/esraamustafa/Path_Planning_Shell_AI/ros2_sim/src/shell_visualization' returned '0': PYTHONPATH=/home/esraamustafa/Path_Planning_Shell_AI/ros2_sim/build/shell_visualization/prefix_override:/usr/lib/python3/dist-packages/colcon_core/task/python/colcon_distutils_commands:/home/esraamustafa/Path_Planning_Shell_AI/ros2_sim/install/shell_visualization/lib/python3.10/site-packages:${PYTHONPATH} /usr/bin/python3 -W ignore:setup.py install is deprecated -W ignore:easy_install command is deprecated setup.py egg_info --egg-base ../../build/shell_visualization build --build-base /home/esraamustafa/Path_Planning_Shell_AI/ros2_sim/build/shell_visualization/build install --record /home/esraamustafa/Path_Planning_Shell_AI/ros2_sim/build/shell_visualization/install.log --single-version-externally-managed install_data
