[0.048s] Invoking command in '/home/esraamustafa/path_planning/Path_Planning_Shell_AI/ros2_sim/build/shell_interfaces': CMAKE_PREFIX_PATH=${CMAKE_PREFIX_PATH}:/home/esraamustafa/path_planning/Path_Planning_Shell_AI/ros2_sim/install/shell_visualization:/home/esraamustafa/path_planning/Path_Planning_Shell_AI/ros2_sim/install/shell_test_nodes:/home/esraamustafa/path_planning/Path_Planning_Shell_AI/ros2_sim/install/shell_planning:/opt/ros/humble /usr/bin/cmake --build /home/esraamustafa/path_planning/Path_Planning_Shell_AI/ros2_sim/build/shell_interfaces -- -j12 -l12
[0.200s] [ 11%] Built target shell_interfaces__rosidl_generator_c
[0.201s] [ 12%] Built target shell_interfaces__cpp
[0.259s] [ 12%] Built target ament_cmake_python_symlink_shell_interfaces
[0.281s] [ 23%] Built target shell_interfaces__rosidl_typesupport_c
[0.289s] [ 34%] Built target shell_interfaces__rosidl_typesupport_cpp
[0.293s] [ 46%] Built target shell_interfaces__rosidl_typesupport_introspection_c
[0.298s] [ 57%] Built target shell_interfaces__rosidl_typesupport_introspection_cpp
[0.313s] [ 68%] Built target shell_interfaces__rosidl_typesupport_fastrtps_cpp
[0.330s] [ 79%] Built target shell_interfaces__rosidl_typesupport_fastrtps_c
[0.442s] [ 79%] Built target shell_interfaces
[0.515s] [ 80%] Built target shell_interfaces__py
[0.597s] [ 90%] Built target shell_interfaces__rosidl_generator_py
[0.682s] [ 93%] Built target shell_interfaces__rosidl_typesupport_introspection_c__pyext
[0.705s] [ 98%] Built target shell_interfaces__rosidl_typesupport_fastrtps_c__pyext
[0.705s] [100%] Built target shell_interfaces__rosidl_typesupport_c__pyext
[1.017s] running egg_info
[1.019s] writing shell_interfaces.egg-info/PKG-INFO
[1.019s] writing dependency_links to shell_interfaces.egg-info/dependency_links.txt
[1.019s] writing top-level names to shell_interfaces.egg-info/top_level.txt
[1.023s] reading manifest file 'shell_interfaces.egg-info/SOURCES.txt'
[1.024s] writing manifest file 'shell_interfaces.egg-info/SOURCES.txt'
[1.085s] [100%] Built target ament_cmake_python_build_shell_interfaces_egg
[1.142s] Invoked command in '/home/esraamustafa/path_planning/Path_Planning_Shell_AI/ros2_sim/build/shell_interfaces' returned '0': CMAKE_PREFIX_PATH=${CMAKE_PREFIX_PATH}:/home/esraamustafa/path_planning/Path_Planning_Shell_AI/ros2_sim/install/shell_visualization:/home/esraamustafa/path_planning/Path_Planning_Shell_AI/ros2_sim/install/shell_test_nodes:/home/esraamustafa/path_planning/Path_Planning_Shell_AI/ros2_sim/install/shell_planning:/opt/ros/humble /usr/bin/cmake --build /home/esraamustafa/path_planning/Path_Planning_Shell_AI/ros2_sim/build/shell_interfaces -- -j12 -l12
[1.167s] Invoking command in '/home/esraamustafa/path_planning/Path_Planning_Shell_AI/ros2_sim/build/shell_interfaces': CMAKE_PREFIX_PATH=${CMAKE_PREFIX_PATH}:/home/esraamustafa/path_planning/Path_Planning_Shell_AI/ros2_sim/install/shell_visualization:/home/esraamustafa/path_planning/Path_Planning_Shell_AI/ros2_sim/install/shell_test_nodes:/home/esraamustafa/path_planning/Path_Planning_Shell_AI/ros2_sim/install/shell_planning:/opt/ros/humble /usr/bin/cmake --install /home/esraamustafa/path_planning/Path_Planning_Shell_AI/ros2_sim/build/shell_interfaces
[1.185s] -- Install configuration: ""
[1.187s] -- Execute custom install script
[1.187s] -- Up-to-date symlink: /home/esraamustafa/path_planning/Path_Planning_Shell_AI/ros2_sim/install/shell_interfaces/share/ament_index/resource_index/rosidl_interfaces/shell_interfaces
[1.189s] -- Up-to-date symlink: /home/esraamustafa/path_planning/Path_Planning_Shell_AI/ros2_sim/install/shell_interfaces/include/shell_interfaces/shell_interfaces/msg/boundary.h
[1.189s] -- Up-to-date symlink: /home/esraamustafa/path_planning/Path_Planning_Shell_AI/ros2_sim/install/shell_interfaces/include/shell_interfaces/shell_interfaces/msg/detail/boundary__functions.h
[1.190s] -- Up-to-date symlink: /home/esraamustafa/path_planning/Path_Planning_Shell_AI/ros2_sim/install/shell_interfaces/include/shell_interfaces/shell_interfaces/msg/detail/boundary__struct.h
[1.192s] -- Up-to-date symlink: /home/esraamustafa/path_planning/Path_Planning_Shell_AI/ros2_sim/install/shell_interfaces/include/shell_interfaces/shell_interfaces/msg/detail/boundary__type_support.h
[1.193s] -- Up-to-date symlink: /home/esraamustafa/path_planning/Path_Planning_Shell_AI/ros2_sim/install/shell_interfaces/include/shell_interfaces/shell_interfaces/msg/detail/obstacle__functions.h
[1.195s] -- Up-to-date symlink: /home/esraamustafa/path_planning/Path_Planning_Shell_AI/ros2_sim/install/shell_interfaces/include/shell_interfaces/shell_interfaces/msg/detail/obstacle__struct.h
[1.195s] -- Up-to-date symlink: /home/esraamustafa/path_planning/Path_Planning_Shell_AI/ros2_sim/install/shell_interfaces/include/shell_interfaces/shell_interfaces/msg/detail/obstacle__type_support.h
[1.196s] -- Up-to-date symlink: /home/esraamustafa/path_planning/Path_Planning_Shell_AI/ros2_sim/install/shell_interfaces/include/shell_interfaces/shell_interfaces/msg/detail/obstacle_array__functions.h
[1.197s] -- Up-to-date symlink: /home/esraamustafa/path_planning/Path_Planning_Shell_AI/ros2_sim/install/shell_interfaces/include/shell_interfaces/shell_interfaces/msg/detail/obstacle_array__struct.h
[1.197s] -- Up-to-date symlink: /home/esraamustafa/path_planning/Path_Planning_Shell_AI/ros2_sim/install/shell_interfaces/include/shell_interfaces/shell_interfaces/msg/detail/obstacle_array__type_support.h
[1.198s] -- Up-to-date symlink: /home/esraamustafa/path_planning/Path_Planning_Shell_AI/ros2_sim/install/shell_interfaces/include/shell_interfaces/shell_interfaces/msg/detail/trajectory__functions.h
[1.199s] -- Up-to-date symlink: /home/esraamustafa/path_planning/Path_Planning_Shell_AI/ros2_sim/install/shell_interfaces/include/shell_interfaces/shell_interfaces/msg/detail/trajectory__struct.h
[1.200s] -- Up-to-date symlink: /home/esraamustafa/path_planning/Path_Planning_Shell_AI/ros2_sim/install/shell_interfaces/include/shell_interfaces/shell_interfaces/msg/detail/trajectory__type_support.h
[1.201s] -- Up-to-date symlink: /home/esraamustafa/path_planning/Path_Planning_Shell_AI/ros2_sim/install/shell_interfaces/include/shell_interfaces/shell_interfaces/msg/detail/trajectory_point__functions.h
[1.202s] -- Up-to-date symlink: /home/esraamustafa/path_planning/Path_Planning_Shell_AI/ros2_sim/install/shell_interfaces/include/shell_interfaces/shell_interfaces/msg/detail/trajectory_point__struct.h
[1.203s] -- Up-to-date symlink: /home/esraamustafa/path_planning/Path_Planning_Shell_AI/ros2_sim/install/shell_interfaces/include/shell_interfaces/shell_interfaces/msg/detail/trajectory_point__type_support.h
[1.204s] -- Up-to-date symlink: /home/esraamustafa/path_planning/Path_Planning_Shell_AI/ros2_sim/install/shell_interfaces/include/shell_interfaces/shell_interfaces/msg/obstacle.h
[1.204s] -- Up-to-date symlink: /home/esraamustafa/path_planning/Path_Planning_Shell_AI/ros2_sim/install/shell_interfaces/include/shell_interfaces/shell_interfaces/msg/obstacle_array.h
[1.205s] -- Up-to-date symlink: /home/esraamustafa/path_planning/Path_Planning_Shell_AI/ros2_sim/install/shell_interfaces/include/shell_interfaces/shell_interfaces/msg/rosidl_generator_c__visibility_control.h
[1.206s] -- Up-to-date symlink: /home/esraamustafa/path_planning/Path_Planning_Shell_AI/ros2_sim/install/shell_interfaces/include/shell_interfaces/shell_interfaces/msg/trajectory.h
[1.208s] -- Up-to-date symlink: /home/esraamustafa/path_planning/Path_Planning_Shell_AI/ros2_sim/install/shell_interfaces/include/shell_interfaces/shell_interfaces/msg/trajectory_point.h
[1.209s] -- Up-to-date symlink: /home/esraamustafa/path_planning/Path_Planning_Shell_AI/ros2_sim/install/shell_interfaces/share/shell_interfaces/environment/library_path.sh
[1.210s] -- Up-to-date symlink: /home/esraamustafa/path_planning/Path_Planning_Shell_AI/ros2_sim/install/shell_interfaces/share/shell_interfaces/environment/library_path.dsv
[1.210s] -- Up-to-date symlink: /home/esraamustafa/path_planning/Path_Planning_Shell_AI/ros2_sim/install/shell_interfaces/include/shell_interfaces/shell_interfaces/msg/detail/boundary__rosidl_typesupport_fastrtps_c.h
[1.211s] -- Up-to-date symlink: /home/esraamustafa/path_planning/Path_Planning_Shell_AI/ros2_sim/install/shell_interfaces/include/shell_interfaces/shell_interfaces/msg/detail/obstacle__rosidl_typesupport_fastrtps_c.h
[1.212s] -- Up-to-date symlink: /home/esraamustafa/path_planning/Path_Planning_Shell_AI/ros2_sim/install/shell_interfaces/include/shell_interfaces/shell_interfaces/msg/detail/obstacle_array__rosidl_typesupport_fastrtps_c.h
[1.212s] -- Up-to-date symlink: /home/esraamustafa/path_planning/Path_Planning_Shell_AI/ros2_sim/install/shell_interfaces/include/shell_interfaces/shell_interfaces/msg/detail/trajectory__rosidl_typesupport_fastrtps_c.h
[1.214s] -- Up-to-date symlink: /home/esraamustafa/path_planning/Path_Planning_Shell_AI/ros2_sim/install/shell_interfaces/include/shell_interfaces/shell_interfaces/msg/detail/trajectory_point__rosidl_typesupport_fastrtps_c.h
[1.214s] -- Up-to-date symlink: /home/esraamustafa/path_planning/Path_Planning_Shell_AI/ros2_sim/install/shell_interfaces/include/shell_interfaces/shell_interfaces/msg/rosidl_typesupport_fastrtps_c__visibility_control.h
[1.215s] -- Up-to-date symlink: /home/esraamustafa/path_planning/Path_Planning_Shell_AI/ros2_sim/install/shell_interfaces/include/shell_interfaces/shell_interfaces/msg/detail/boundary__rosidl_typesupport_introspection_c.h
[1.216s] -- Up-to-date symlink: /home/esraamustafa/path_planning/Path_Planning_Shell_AI/ros2_sim/install/shell_interfaces/include/shell_interfaces/shell_interfaces/msg/detail/obstacle__rosidl_typesupport_introspection_c.h
[1.216s] -- Up-to-date symlink: /home/esraamustafa/path_planning/Path_Planning_Shell_AI/ros2_sim/install/shell_interfaces/include/shell_interfaces/shell_interfaces/msg/detail/obstacle_array__rosidl_typesupport_introspection_c.h
[1.217s] -- Up-to-date symlink: /home/esraamustafa/path_planning/Path_Planning_Shell_AI/ros2_sim/install/shell_interfaces/include/shell_interfaces/shell_interfaces/msg/detail/trajectory__rosidl_typesupport_introspection_c.h
[1.218s] -- Up-to-date symlink: /home/esraamustafa/path_planning/Path_Planning_Shell_AI/ros2_sim/install/shell_interfaces/include/shell_interfaces/shell_interfaces/msg/detail/trajectory_point__rosidl_typesupport_introspection_c.h
[1.218s] -- Up-to-date symlink: /home/esraamustafa/path_planning/Path_Planning_Shell_AI/ros2_sim/install/shell_interfaces/include/shell_interfaces/shell_interfaces/msg/rosidl_typesupport_introspection_c__visibility_control.h
[1.219s] -- Up-to-date symlink: /home/esraamustafa/path_planning/Path_Planning_Shell_AI/ros2_sim/install/shell_interfaces/include/shell_interfaces/shell_interfaces/msg/boundary.hpp
[1.219s] -- Up-to-date symlink: /home/esraamustafa/path_planning/Path_Planning_Shell_AI/ros2_sim/install/shell_interfaces/include/shell_interfaces/shell_interfaces/msg/detail/boundary__builder.hpp
[1.220s] -- Up-to-date symlink: /home/esraamustafa/path_planning/Path_Planning_Shell_AI/ros2_sim/install/shell_interfaces/include/shell_interfaces/shell_interfaces/msg/detail/boundary__struct.hpp
[1.220s] -- Up-to-date symlink: /home/esraamustafa/path_planning/Path_Planning_Shell_AI/ros2_sim/install/shell_interfaces/include/shell_interfaces/shell_interfaces/msg/detail/boundary__traits.hpp
[1.221s] -- Up-to-date symlink: /home/esraamustafa/path_planning/Path_Planning_Shell_AI/ros2_sim/install/shell_interfaces/include/shell_interfaces/shell_interfaces/msg/detail/boundary__type_support.hpp
[1.222s] -- Up-to-date symlink: /home/esraamustafa/path_planning/Path_Planning_Shell_AI/ros2_sim/install/shell_interfaces/include/shell_interfaces/shell_interfaces/msg/detail/obstacle__builder.hpp
[1.222s] -- Up-to-date symlink: /home/esraamustafa/path_planning/Path_Planning_Shell_AI/ros2_sim/install/shell_interfaces/include/shell_interfaces/shell_interfaces/msg/detail/obstacle__struct.hpp
[1.223s] -- Up-to-date symlink: /home/esraamustafa/path_planning/Path_Planning_Shell_AI/ros2_sim/install/shell_interfaces/include/shell_interfaces/shell_interfaces/msg/detail/obstacle__traits.hpp
[1.223s] -- Up-to-date symlink: /home/esraamustafa/path_planning/Path_Planning_Shell_AI/ros2_sim/install/shell_interfaces/include/shell_interfaces/shell_interfaces/msg/detail/obstacle__type_support.hpp
[1.224s] -- Up-to-date symlink: /home/esraamustafa/path_planning/Path_Planning_Shell_AI/ros2_sim/install/shell_interfaces/include/shell_interfaces/shell_interfaces/msg/detail/obstacle_array__builder.hpp
[1.224s] -- Up-to-date symlink: /home/esraamustafa/path_planning/Path_Planning_Shell_AI/ros2_sim/install/shell_interfaces/include/shell_interfaces/shell_interfaces/msg/detail/obstacle_array__struct.hpp
[1.224s] -- Up-to-date symlink: /home/esraamustafa/path_planning/Path_Planning_Shell_AI/ros2_sim/install/shell_interfaces/include/shell_interfaces/shell_interfaces/msg/detail/obstacle_array__traits.hpp
[1.224s] -- Up-to-date symlink: /home/esraamustafa/path_planning/Path_Planning_Shell_AI/ros2_sim/install/shell_interfaces/include/shell_interfaces/shell_interfaces/msg/detail/obstacle_array__type_support.hpp
[1.224s] -- Up-to-date symlink: /home/esraamustafa/path_planning/Path_Planning_Shell_AI/ros2_sim/install/shell_interfaces/include/shell_interfaces/shell_interfaces/msg/detail/trajectory__builder.hpp
[1.225s] -- Up-to-date symlink: /home/esraamustafa/path_planning/Path_Planning_Shell_AI/ros2_sim/install/shell_interfaces/include/shell_interfaces/shell_interfaces/msg/detail/trajectory__struct.hpp
[1.225s] -- Up-to-date symlink: /home/esraamustafa/path_planning/Path_Planning_Shell_AI/ros2_sim/install/shell_interfaces/include/shell_interfaces/shell_interfaces/msg/detail/trajectory__traits.hpp
[1.225s] -- Up-to-date symlink: /home/esraamustafa/path_planning/Path_Planning_Shell_AI/ros2_sim/install/shell_interfaces/include/shell_interfaces/shell_interfaces/msg/detail/trajectory__type_support.hpp
[1.226s] -- Up-to-date symlink: /home/esraamustafa/path_planning/Path_Planning_Shell_AI/ros2_sim/install/shell_interfaces/include/shell_interfaces/shell_interfaces/msg/detail/trajectory_point__builder.hpp
[1.226s] -- Up-to-date symlink: /home/esraamustafa/path_planning/Path_Planning_Shell_AI/ros2_sim/install/shell_interfaces/include/shell_interfaces/shell_interfaces/msg/detail/trajectory_point__struct.hpp
[1.226s] -- Up-to-date symlink: /home/esraamustafa/path_planning/Path_Planning_Shell_AI/ros2_sim/install/shell_interfaces/include/shell_interfaces/shell_interfaces/msg/detail/trajectory_point__traits.hpp
[1.226s] -- Up-to-date symlink: /home/esraamustafa/path_planning/Path_Planning_Shell_AI/ros2_sim/install/shell_interfaces/include/shell_interfaces/shell_interfaces/msg/detail/trajectory_point__type_support.hpp
[1.226s] -- Up-to-date symlink: /home/esraamustafa/path_planning/Path_Planning_Shell_AI/ros2_sim/install/shell_interfaces/include/shell_interfaces/shell_interfaces/msg/obstacle.hpp
[1.227s] -- Up-to-date symlink: /home/esraamustafa/path_planning/Path_Planning_Shell_AI/ros2_sim/install/shell_interfaces/include/shell_interfaces/shell_interfaces/msg/obstacle_array.hpp
[1.227s] -- Up-to-date symlink: /home/esraamustafa/path_planning/Path_Planning_Shell_AI/ros2_sim/install/shell_interfaces/include/shell_interfaces/shell_interfaces/msg/rosidl_generator_cpp__visibility_control.hpp
[1.227s] -- Up-to-date symlink: /home/esraamustafa/path_planning/Path_Planning_Shell_AI/ros2_sim/install/shell_interfaces/include/shell_interfaces/shell_interfaces/msg/trajectory.hpp
[1.227s] -- Up-to-date symlink: /home/esraamustafa/path_planning/Path_Planning_Shell_AI/ros2_sim/install/shell_interfaces/include/shell_interfaces/shell_interfaces/msg/trajectory_point.hpp
[1.227s] -- Up-to-date symlink: /home/esraamustafa/path_planning/Path_Planning_Shell_AI/ros2_sim/install/shell_interfaces/include/shell_interfaces/shell_interfaces/msg/detail/boundary__rosidl_typesupport_fastrtps_cpp.hpp
[1.228s] -- Up-to-date symlink: /home/esraamustafa/path_planning/Path_Planning_Shell_AI/ros2_sim/install/shell_interfaces/include/shell_interfaces/shell_interfaces/msg/detail/obstacle__rosidl_typesupport_fastrtps_cpp.hpp
[1.228s] -- Up-to-date symlink: /home/esraamustafa/path_planning/Path_Planning_Shell_AI/ros2_sim/install/shell_interfaces/include/shell_interfaces/shell_interfaces/msg/detail/obstacle_array__rosidl_typesupport_fastrtps_cpp.hpp
[1.228s] -- Up-to-date symlink: /home/esraamustafa/path_planning/Path_Planning_Shell_AI/ros2_sim/install/shell_interfaces/include/shell_interfaces/shell_interfaces/msg/detail/trajectory__rosidl_typesupport_fastrtps_cpp.hpp
[1.228s] -- Up-to-date symlink: /home/esraamustafa/path_planning/Path_Planning_Shell_AI/ros2_sim/install/shell_interfaces/include/shell_interfaces/shell_interfaces/msg/detail/trajectory_point__rosidl_typesupport_fastrtps_cpp.hpp
[1.228s] -- Up-to-date symlink: /home/esraamustafa/path_planning/Path_Planning_Shell_AI/ros2_sim/install/shell_interfaces/include/shell_interfaces/shell_interfaces/msg/rosidl_typesupport_fastrtps_cpp__visibility_control.h
[1.229s] -- Up-to-date symlink: /home/esraamustafa/path_planning/Path_Planning_Shell_AI/ros2_sim/install/shell_interfaces/include/shell_interfaces/shell_interfaces/msg/detail/boundary__rosidl_typesupport_introspection_cpp.hpp
[1.229s] -- Up-to-date symlink: /home/esraamustafa/path_planning/Path_Planning_Shell_AI/ros2_sim/install/shell_interfaces/include/shell_interfaces/shell_interfaces/msg/detail/obstacle__rosidl_typesupport_introspection_cpp.hpp
[1.229s] -- Up-to-date symlink: /home/esraamustafa/path_planning/Path_Planning_Shell_AI/ros2_sim/install/shell_interfaces/include/shell_interfaces/shell_interfaces/msg/detail/obstacle_array__rosidl_typesupport_introspection_cpp.hpp
[1.229s] -- Up-to-date symlink: /home/esraamustafa/path_planning/Path_Planning_Shell_AI/ros2_sim/install/shell_interfaces/include/shell_interfaces/shell_interfaces/msg/detail/trajectory__rosidl_typesupport_introspection_cpp.hpp
[1.229s] -- Up-to-date symlink: /home/esraamustafa/path_planning/Path_Planning_Shell_AI/ros2_sim/install/shell_interfaces/include/shell_interfaces/shell_interfaces/msg/detail/trajectory_point__rosidl_typesupport_introspection_cpp.hpp
[1.230s] -- Up-to-date symlink: /home/esraamustafa/path_planning/Path_Planning_Shell_AI/ros2_sim/install/shell_interfaces/share/shell_interfaces/environment/pythonpath.sh
[1.230s] -- Up-to-date symlink: /home/esraamustafa/path_planning/Path_Planning_Shell_AI/ros2_sim/install/shell_interfaces/share/shell_interfaces/environment/pythonpath.dsv
[1.230s] -- Up-to-date symlink: /home/esraamustafa/path_planning/Path_Planning_Shell_AI/ros2_sim/install/shell_interfaces/local/lib/python3.10/dist-packages/shell_interfaces-0.0.0-py3.10.egg-info/PKG-INFO
[1.230s] -- Up-to-date symlink: /home/esraamustafa/path_planning/Path_Planning_Shell_AI/ros2_sim/install/shell_interfaces/local/lib/python3.10/dist-packages/shell_interfaces-0.0.0-py3.10.egg-info/SOURCES.txt
[1.230s] -- Up-to-date symlink: /home/esraamustafa/path_planning/Path_Planning_Shell_AI/ros2_sim/install/shell_interfaces/local/lib/python3.10/dist-packages/shell_interfaces-0.0.0-py3.10.egg-info/dependency_links.txt
[1.231s] -- Up-to-date symlink: /home/esraamustafa/path_planning/Path_Planning_Shell_AI/ros2_sim/install/shell_interfaces/local/lib/python3.10/dist-packages/shell_interfaces-0.0.0-py3.10.egg-info/top_level.txt
[1.231s] -- Up-to-date symlink: /home/esraamustafa/path_planning/Path_Planning_Shell_AI/ros2_sim/install/shell_interfaces/local/lib/python3.10/dist-packages/shell_interfaces/__init__.py
[1.231s] -- Up-to-date symlink: /home/esraamustafa/path_planning/Path_Planning_Shell_AI/ros2_sim/install/shell_interfaces/local/lib/python3.10/dist-packages/shell_interfaces/_shell_interfaces_s.ep.rosidl_typesupport_c.c
[1.231s] -- Up-to-date symlink: /home/esraamustafa/path_planning/Path_Planning_Shell_AI/ros2_sim/install/shell_interfaces/local/lib/python3.10/dist-packages/shell_interfaces/_shell_interfaces_s.ep.rosidl_typesupport_fastrtps_c.c
[1.231s] -- Up-to-date symlink: /home/esraamustafa/path_planning/Path_Planning_Shell_AI/ros2_sim/install/shell_interfaces/local/lib/python3.10/dist-packages/shell_interfaces/_shell_interfaces_s.ep.rosidl_typesupport_introspection_c.c
[1.232s] -- Up-to-date symlink: /home/esraamustafa/path_planning/Path_Planning_Shell_AI/ros2_sim/install/shell_interfaces/local/lib/python3.10/dist-packages/shell_interfaces/libshell_interfaces__rosidl_generator_py.so
[1.232s] -- Up-to-date symlink: /home/esraamustafa/path_planning/Path_Planning_Shell_AI/ros2_sim/install/shell_interfaces/local/lib/python3.10/dist-packages/shell_interfaces/msg/__init__.py
[1.232s] -- Up-to-date symlink: /home/esraamustafa/path_planning/Path_Planning_Shell_AI/ros2_sim/install/shell_interfaces/local/lib/python3.10/dist-packages/shell_interfaces/msg/_boundary.py
[1.232s] -- Up-to-date symlink: /home/esraamustafa/path_planning/Path_Planning_Shell_AI/ros2_sim/install/shell_interfaces/local/lib/python3.10/dist-packages/shell_interfaces/msg/_boundary_s.c
[1.232s] -- Up-to-date symlink: /home/esraamustafa/path_planning/Path_Planning_Shell_AI/ros2_sim/install/shell_interfaces/local/lib/python3.10/dist-packages/shell_interfaces/msg/_obstacle.py
[1.232s] -- Up-to-date symlink: /home/esraamustafa/path_planning/Path_Planning_Shell_AI/ros2_sim/install/shell_interfaces/local/lib/python3.10/dist-packages/shell_interfaces/msg/_obstacle_array.py
[1.232s] -- Up-to-date symlink: /home/esraamustafa/path_planning/Path_Planning_Shell_AI/ros2_sim/install/shell_interfaces/local/lib/python3.10/dist-packages/shell_interfaces/msg/_obstacle_array_s.c
[1.233s] -- Up-to-date symlink: /home/esraamustafa/path_planning/Path_Planning_Shell_AI/ros2_sim/install/shell_interfaces/local/lib/python3.10/dist-packages/shell_interfaces/msg/_obstacle_s.c
[1.233s] -- Up-to-date symlink: /home/esraamustafa/path_planning/Path_Planning_Shell_AI/ros2_sim/install/shell_interfaces/local/lib/python3.10/dist-packages/shell_interfaces/msg/_trajectory.py
[1.233s] -- Up-to-date symlink: /home/esraamustafa/path_planning/Path_Planning_Shell_AI/ros2_sim/install/shell_interfaces/local/lib/python3.10/dist-packages/shell_interfaces/msg/_trajectory_point.py
[1.233s] -- Up-to-date symlink: /home/esraamustafa/path_planning/Path_Planning_Shell_AI/ros2_sim/install/shell_interfaces/local/lib/python3.10/dist-packages/shell_interfaces/msg/_trajectory_point_s.c
[1.233s] -- Up-to-date symlink: /home/esraamustafa/path_planning/Path_Planning_Shell_AI/ros2_sim/install/shell_interfaces/local/lib/python3.10/dist-packages/shell_interfaces/msg/_trajectory_s.c
[1.233s] -- Up-to-date symlink: /home/esraamustafa/path_planning/Path_Planning_Shell_AI/ros2_sim/install/shell_interfaces/local/lib/python3.10/dist-packages/shell_interfaces/shell_interfaces_s__rosidl_typesupport_c.cpython-310-x86_64-linux-gnu.so
[1.233s] -- Up-to-date symlink: /home/esraamustafa/path_planning/Path_Planning_Shell_AI/ros2_sim/install/shell_interfaces/local/lib/python3.10/dist-packages/shell_interfaces/shell_interfaces_s__rosidl_typesupport_fastrtps_c.cpython-310-x86_64-linux-gnu.so
[1.233s] -- Up-to-date symlink: /home/esraamustafa/path_planning/Path_Planning_Shell_AI/ros2_sim/install/shell_interfaces/local/lib/python3.10/dist-packages/shell_interfaces/shell_interfaces_s__rosidl_typesupport_introspection_c.cpython-310-x86_64-linux-gnu.so
[1.233s] -- Up-to-date symlink: /home/esraamustafa/path_planning/Path_Planning_Shell_AI/ros2_sim/install/shell_interfaces/local/lib/python3.10/dist-packages/shell_interfaces/shell_interfaces_s__rosidl_typesupport_fastrtps_c.cpython-310-x86_64-linux-gnu.so
[1.233s] -- Up-to-date symlink: /home/esraamustafa/path_planning/Path_Planning_Shell_AI/ros2_sim/install/shell_interfaces/local/lib/python3.10/dist-packages/shell_interfaces/shell_interfaces_s__rosidl_typesupport_introspection_c.cpython-310-x86_64-linux-gnu.so
[1.233s] -- Up-to-date symlink: /home/esraamustafa/path_planning/Path_Planning_Shell_AI/ros2_sim/install/shell_interfaces/local/lib/python3.10/dist-packages/shell_interfaces/shell_interfaces_s__rosidl_typesupport_c.cpython-310-x86_64-linux-gnu.so
[1.233s] -- Up-to-date symlink: /home/esraamustafa/path_planning/Path_Planning_Shell_AI/ros2_sim/install/shell_interfaces/share/shell_interfaces/msg/Trajectory.idl
[1.234s] -- Up-to-date symlink: /home/esraamustafa/path_planning/Path_Planning_Shell_AI/ros2_sim/install/shell_interfaces/share/shell_interfaces/msg/TrajectoryPoint.idl
[1.234s] -- Up-to-date symlink: /home/esraamustafa/path_planning/Path_Planning_Shell_AI/ros2_sim/install/shell_interfaces/share/shell_interfaces/msg/Boundary.idl
[1.234s] -- Up-to-date symlink: /home/esraamustafa/path_planning/Path_Planning_Shell_AI/ros2_sim/install/shell_interfaces/share/shell_interfaces/msg/Obstacle.idl
[1.234s] -- Up-to-date symlink: /home/esraamustafa/path_planning/Path_Planning_Shell_AI/ros2_sim/install/shell_interfaces/share/shell_interfaces/msg/ObstacleArray.idl
[1.234s] -- Up-to-date symlink: /home/esraamustafa/path_planning/Path_Planning_Shell_AI/ros2_sim/install/shell_interfaces/share/shell_interfaces/msg/Trajectory.msg
[1.234s] -- Up-to-date symlink: /home/esraamustafa/path_planning/Path_Planning_Shell_AI/ros2_sim/install/shell_interfaces/share/shell_interfaces/msg/TrajectoryPoint.msg
[1.234s] -- Up-to-date symlink: /home/esraamustafa/path_planning/Path_Planning_Shell_AI/ros2_sim/install/shell_interfaces/share/shell_interfaces/msg/Boundary.msg
[1.234s] -- Up-to-date symlink: /home/esraamustafa/path_planning/Path_Planning_Shell_AI/ros2_sim/install/shell_interfaces/share/shell_interfaces/msg/Obstacle.msg
[1.234s] -- Up-to-date symlink: /home/esraamustafa/path_planning/Path_Planning_Shell_AI/ros2_sim/install/shell_interfaces/share/shell_interfaces/msg/ObstacleArray.msg
[1.234s] -- Up-to-date symlink: /home/esraamustafa/path_planning/Path_Planning_Shell_AI/ros2_sim/install/shell_interfaces/share/ament_index/resource_index/package_run_dependencies/shell_interfaces
[1.234s] -- Up-to-date symlink: /home/esraamustafa/path_planning/Path_Planning_Shell_AI/ros2_sim/install/shell_interfaces/share/ament_index/resource_index/parent_prefix_path/shell_interfaces
[1.234s] -- Up-to-date symlink: /home/esraamustafa/path_planning/Path_Planning_Shell_AI/ros2_sim/install/shell_interfaces/share/shell_interfaces/environment/ament_prefix_path.sh
[1.234s] -- Up-to-date symlink: /home/esraamustafa/path_planning/Path_Planning_Shell_AI/ros2_sim/install/shell_interfaces/share/shell_interfaces/environment/ament_prefix_path.dsv
[1.234s] -- Up-to-date symlink: /home/esraamustafa/path_planning/Path_Planning_Shell_AI/ros2_sim/install/shell_interfaces/share/shell_interfaces/environment/path.sh
[1.234s] -- Up-to-date symlink: /home/esraamustafa/path_planning/Path_Planning_Shell_AI/ros2_sim/install/shell_interfaces/share/shell_interfaces/environment/path.dsv
[1.234s] -- Up-to-date symlink: /home/esraamustafa/path_planning/Path_Planning_Shell_AI/ros2_sim/install/shell_interfaces/share/shell_interfaces/local_setup.bash
[1.234s] -- Up-to-date symlink: /home/esraamustafa/path_planning/Path_Planning_Shell_AI/ros2_sim/install/shell_interfaces/share/shell_interfaces/local_setup.sh
[1.235s] -- Up-to-date symlink: /home/esraamustafa/path_planning/Path_Planning_Shell_AI/ros2_sim/install/shell_interfaces/share/shell_interfaces/local_setup.zsh
[1.235s] -- Up-to-date symlink: /home/esraamustafa/path_planning/Path_Planning_Shell_AI/ros2_sim/install/shell_interfaces/share/shell_interfaces/local_setup.dsv
[1.235s] -- Symlinking: /home/esraamustafa/path_planning/Path_Planning_Shell_AI/ros2_sim/install/shell_interfaces/share/shell_interfaces/package.dsv
[1.237s] -- Up-to-date symlink: /home/esraamustafa/path_planning/Path_Planning_Shell_AI/ros2_sim/install/shell_interfaces/share/ament_index/resource_index/packages/shell_interfaces
[1.238s] -- Up-to-date symlink: /home/esraamustafa/path_planning/Path_Planning_Shell_AI/ros2_sim/install/shell_interfaces/share/shell_interfaces/cmake/rosidl_cmake-extras.cmake
[1.238s] -- Up-to-date symlink: /home/esraamustafa/path_planning/Path_Planning_Shell_AI/ros2_sim/install/shell_interfaces/share/shell_interfaces/cmake/ament_cmake_export_dependencies-extras.cmake
[1.239s] -- Up-to-date symlink: /home/esraamustafa/path_planning/Path_Planning_Shell_AI/ros2_sim/install/shell_interfaces/share/shell_interfaces/cmake/ament_cmake_export_include_directories-extras.cmake
[1.239s] -- Up-to-date symlink: /home/esraamustafa/path_planning/Path_Planning_Shell_AI/ros2_sim/install/shell_interfaces/share/shell_interfaces/cmake/ament_cmake_export_libraries-extras.cmake
[1.240s] -- Up-to-date symlink: /home/esraamustafa/path_planning/Path_Planning_Shell_AI/ros2_sim/install/shell_interfaces/share/shell_interfaces/cmake/ament_cmake_export_targets-extras.cmake
[1.240s] -- Up-to-date symlink: /home/esraamustafa/path_planning/Path_Planning_Shell_AI/ros2_sim/install/shell_interfaces/share/shell_interfaces/cmake/rosidl_cmake_export_typesupport_targets-extras.cmake
[1.241s] -- Up-to-date symlink: /home/esraamustafa/path_planning/Path_Planning_Shell_AI/ros2_sim/install/shell_interfaces/share/shell_interfaces/cmake/rosidl_cmake_export_typesupport_libraries-extras.cmake
[1.242s] -- Up-to-date symlink: /home/esraamustafa/path_planning/Path_Planning_Shell_AI/ros2_sim/install/shell_interfaces/share/shell_interfaces/cmake/shell_interfacesConfig.cmake
[1.242s] -- Up-to-date symlink: /home/esraamustafa/path_planning/Path_Planning_Shell_AI/ros2_sim/install/shell_interfaces/share/shell_interfaces/cmake/shell_interfacesConfig-version.cmake
[1.243s] -- Up-to-date symlink: /home/esraamustafa/path_planning/Path_Planning_Shell_AI/ros2_sim/install/shell_interfaces/share/shell_interfaces/package.xml
[1.243s] -- Up-to-date: /home/esraamustafa/path_planning/Path_Planning_Shell_AI/ros2_sim/install/shell_interfaces/lib/libshell_interfaces__rosidl_generator_c.so
[1.244s] -- Up-to-date: /home/esraamustafa/path_planning/Path_Planning_Shell_AI/ros2_sim/install/shell_interfaces/lib/libshell_interfaces__rosidl_typesupport_fastrtps_c.so
[1.245s] -- Up-to-date: /home/esraamustafa/path_planning/Path_Planning_Shell_AI/ros2_sim/install/shell_interfaces/lib/libshell_interfaces__rosidl_typesupport_introspection_c.so
[1.246s] -- Up-to-date: /home/esraamustafa/path_planning/Path_Planning_Shell_AI/ros2_sim/install/shell_interfaces/lib/libshell_interfaces__rosidl_typesupport_c.so
[1.246s] -- Up-to-date: /home/esraamustafa/path_planning/Path_Planning_Shell_AI/ros2_sim/install/shell_interfaces/lib/libshell_interfaces__rosidl_typesupport_fastrtps_cpp.so
[1.246s] -- Up-to-date: /home/esraamustafa/path_planning/Path_Planning_Shell_AI/ros2_sim/install/shell_interfaces/lib/libshell_interfaces__rosidl_typesupport_introspection_cpp.so
[1.246s] -- Up-to-date: /home/esraamustafa/path_planning/Path_Planning_Shell_AI/ros2_sim/install/shell_interfaces/lib/libshell_interfaces__rosidl_typesupport_cpp.so
[1.308s] Listing '/home/esraamustafa/path_planning/Path_Planning_Shell_AI/ros2_sim/install/shell_interfaces/local/lib/python3.10/dist-packages/shell_interfaces'...
[1.308s] Listing '/home/esraamustafa/path_planning/Path_Planning_Shell_AI/ros2_sim/install/shell_interfaces/local/lib/python3.10/dist-packages/shell_interfaces/msg'...
[1.316s] -- Up-to-date: /home/esraamustafa/path_planning/Path_Planning_Shell_AI/ros2_sim/install/shell_interfaces/lib/libshell_interfaces__rosidl_generator_py.so
[1.317s] -- Up-to-date: /home/esraamustafa/path_planning/Path_Planning_Shell_AI/ros2_sim/install/shell_interfaces/share/shell_interfaces/cmake/export_shell_interfaces__rosidl_generator_cExport.cmake
[1.319s] -- Up-to-date: /home/esraamustafa/path_planning/Path_Planning_Shell_AI/ros2_sim/install/shell_interfaces/share/shell_interfaces/cmake/export_shell_interfaces__rosidl_generator_cExport-noconfig.cmake
[1.319s] -- Up-to-date: /home/esraamustafa/path_planning/Path_Planning_Shell_AI/ros2_sim/install/shell_interfaces/share/shell_interfaces/cmake/export_shell_interfaces__rosidl_typesupport_fastrtps_cExport.cmake
[1.319s] -- Up-to-date: /home/esraamustafa/path_planning/Path_Planning_Shell_AI/ros2_sim/install/shell_interfaces/share/shell_interfaces/cmake/export_shell_interfaces__rosidl_typesupport_fastrtps_cExport-noconfig.cmake
[1.320s] -- Up-to-date: /home/esraamustafa/path_planning/Path_Planning_Shell_AI/ros2_sim/install/shell_interfaces/share/shell_interfaces/cmake/shell_interfaces__rosidl_typesupport_introspection_cExport.cmake
[1.320s] -- Up-to-date: /home/esraamustafa/path_planning/Path_Planning_Shell_AI/ros2_sim/install/shell_interfaces/share/shell_interfaces/cmake/shell_interfaces__rosidl_typesupport_introspection_cExport-noconfig.cmake
[1.320s] -- Up-to-date: /home/esraamustafa/path_planning/Path_Planning_Shell_AI/ros2_sim/install/shell_interfaces/share/shell_interfaces/cmake/shell_interfaces__rosidl_typesupport_cExport.cmake
[1.320s] -- Up-to-date: /home/esraamustafa/path_planning/Path_Planning_Shell_AI/ros2_sim/install/shell_interfaces/share/shell_interfaces/cmake/shell_interfaces__rosidl_typesupport_cExport-noconfig.cmake
[1.321s] -- Up-to-date: /home/esraamustafa/path_planning/Path_Planning_Shell_AI/ros2_sim/install/shell_interfaces/share/shell_interfaces/cmake/export_shell_interfaces__rosidl_generator_cppExport.cmake
[1.322s] -- Up-to-date: /home/esraamustafa/path_planning/Path_Planning_Shell_AI/ros2_sim/install/shell_interfaces/share/shell_interfaces/cmake/export_shell_interfaces__rosidl_typesupport_fastrtps_cppExport.cmake
[1.323s] -- Up-to-date: /home/esraamustafa/path_planning/Path_Planning_Shell_AI/ros2_sim/install/shell_interfaces/share/shell_interfaces/cmake/export_shell_interfaces__rosidl_typesupport_fastrtps_cppExport-noconfig.cmake
[1.323s] -- Up-to-date: /home/esraamustafa/path_planning/Path_Planning_Shell_AI/ros2_sim/install/shell_interfaces/share/shell_interfaces/cmake/shell_interfaces__rosidl_typesupport_introspection_cppExport.cmake
[1.323s] -- Up-to-date: /home/esraamustafa/path_planning/Path_Planning_Shell_AI/ros2_sim/install/shell_interfaces/share/shell_interfaces/cmake/shell_interfaces__rosidl_typesupport_introspection_cppExport-noconfig.cmake
[1.328s] -- Up-to-date: /home/esraamustafa/path_planning/Path_Planning_Shell_AI/ros2_sim/install/shell_interfaces/share/shell_interfaces/cmake/shell_interfaces__rosidl_typesupport_cppExport.cmake
[1.330s] -- Up-to-date: /home/esraamustafa/path_planning/Path_Planning_Shell_AI/ros2_sim/install/shell_interfaces/share/shell_interfaces/cmake/shell_interfaces__rosidl_typesupport_cppExport-noconfig.cmake
[1.330s] -- Up-to-date: /home/esraamustafa/path_planning/Path_Planning_Shell_AI/ros2_sim/install/shell_interfaces/share/shell_interfaces/cmake/export_shell_interfaces__rosidl_generator_pyExport.cmake
[1.330s] -- Up-to-date: /home/esraamustafa/path_planning/Path_Planning_Shell_AI/ros2_sim/install/shell_interfaces/share/shell_interfaces/cmake/export_shell_interfaces__rosidl_generator_pyExport-noconfig.cmake
[1.330s] Invoked command in '/home/esraamustafa/path_planning/Path_Planning_Shell_AI/ros2_sim/build/shell_interfaces' returned '0': CMAKE_PREFIX_PATH=${CMAKE_PREFIX_PATH}:/home/esraamustafa/path_planning/Path_Planning_Shell_AI/ros2_sim/install/shell_visualization:/home/esraamustafa/path_planning/Path_Planning_Shell_AI/ros2_sim/install/shell_test_nodes:/home/esraamustafa/path_planning/Path_Planning_Shell_AI/ros2_sim/install/shell_planning:/opt/ros/humble /usr/bin/cmake --install /home/esraamustafa/path_planning/Path_Planning_Shell_AI/ros2_sim/build/shell_interfaces
